============================= test session starts ==============================
platform linux -- Python 3.13.5, pytest-8.3.5, pluggy-1.5.0 -- /workspaces/CyberDeltaEngine/worktrees/integration-unit-tests/.venv/bin/python3
cachedir: .pytest_cache
rootdir: /workspaces/CyberDeltaEngine/worktrees/integration-unit-tests
configfile: pyproject.toml
plugins: pytest_freezer-0.4.9, mock-3.14.0, recording-0.13.4, timeout-2.4.0, cov-6.1.1, asyncio-0.26.0, logfire-3.16.1, dash-3.0.4
asyncio: mode=Mode.STRICT, asyncio_default_fixture_loop_scope=function, asyncio_default_test_loop_scope=function
collecting ... collected 3510 items

tests/unit/apis/backpack/mappers/test_bp_account_data_mapper_account_operations.py::TestTransferTransformation::test_transform_raw_transfer_to_internal_happy_path PASSED [  0%]
tests/unit/apis/backpack/mappers/test_bp_account_data_mapper_account_operations.py::TestTransferTransformation::test_transform_raw_transfer_different_statuses PASSED [  0%]
tests/unit/apis/backpack/mappers/test_bp_account_data_mapper_account_operations.py::TestTransferTransformation::test_transform_raw_transfer_missing_id_raises_error PASSED [  0%]
tests/unit/apis/backpack/mappers/test_bp_account_data_mapper_account_operations.py::TestTransferTransformation::test_transform_raw_transfer_invalid_response_type_raises_error PASSED [  0%]
tests/unit/apis/backpack/mappers/test_bp_account_data_mapper_account_operations.py::TestTransferTransformation::test_transform_raw_transfer_none_status_handled_gracefully PASSED [  0%]
tests/unit/apis/backpack/mappers/test_bp_account_data_mapper_account_operations.py::TestTransferTransformation::test_transform_raw_transfer_invalid_timestamp_handled_gracefully PASSED [  0%]
tests/unit/apis/backpack/mappers/test_bp_account_data_mapper_account_operations.py::TestTransferTransformation::test_transform_raw_transfer_large_values PASSED [  0%]
tests/unit/apis/backpack/mappers/test_bp_account_data_mapper_account_operations.py::TestWithdrawalTransformation::test_transform_raw_withdrawal_response_to_internal_happy_path PASSED [  0%]
tests/unit/apis/backpack/mappers/test_bp_account_data_mapper_account_operations.py::TestWithdrawalTransformation::test_transform_raw_withdrawal_different_statuses PASSED [  0%]
tests/unit/apis/backpack/mappers/test_bp_account_data_mapper_account_operations.py::TestWithdrawalTransformation::test_transform_raw_withdrawal_with_tag PASSED [  0%]
tests/unit/apis/backpack/mappers/test_bp_account_data_mapper_account_operations.py::TestWithdrawalTransformation::test_transform_raw_withdrawal_internal_transfer PASSED [  0%]
tests/unit/apis/backpack/mappers/test_bp_account_data_mapper_account_operations.py::TestWithdrawalTransformation::test_transform_raw_withdrawal_invalid_timestamp_handled_gracefully PASSED [  0%]
tests/unit/apis/backpack/mappers/test_bp_account_data_mapper_account_operations.py::TestWithdrawalTransformation::test_transform_raw_withdrawal_none_fee_handled_gracefully PASSED [  0%]
tests/unit/apis/backpack/mappers/test_bp_account_data_mapper_account_operations.py::TestWithdrawalTransformation::test_transform_raw_withdrawal_large_amounts PASSED [  0%]
tests/unit/apis/backpack/mappers/test_bp_account_data_mapper_account_operations.py::TestWebSocketFillTransformation::test_transform_ws_fill_event_to_internal_trade_happy_path PASSED [  0%]
tests/unit/apis/backpack/mappers/test_bp_account_data_mapper_account_operations.py::TestWebSocketFillTransformation::test_transform_ws_fill_event_ask_side PASSED [  0%]
tests/unit/apis/backpack/mappers/test_bp_account_data_mapper_account_operations.py::TestWebSocketFillTransformation::test_transform_ws_fill_event_zero_price_returns_none PASSED [  0%]
tests/unit/apis/backpack/mappers/test_bp_account_data_mapper_account_operations.py::TestWebSocketFillTransformation::test_transform_ws_fill_event_zero_quantity_returns_none PASSED [  0%]
tests/unit/apis/backpack/mappers/test_bp_account_data_mapper_account_operations.py::TestWebSocketFillTransformation::test_transform_ws_fill_event_none_client_id_handled_gracefully PASSED [  0%]
tests/unit/apis/backpack/mappers/test_bp_account_data_mapper_account_operations.py::TestWebSocketFillTransformation::test_transform_ws_fill_event_transformation_error PASSED [  0%]
tests/unit/apis/backpack/mappers/test_bp_account_data_mapper_account_operations.py::TestWebSocketFillTransformation::test_transform_ws_fill_event_high_precision_values PASSED [  0%]
tests/unit/apis/backpack/mappers/test_bp_account_data_mapper_account_operations.py::TestWebSocketPositionUpdateTransformation::test_transform_ws_position_update_to_internal_position_happy_path PASSED [  0%]
tests/unit/apis/backpack/mappers/test_bp_account_data_mapper_account_operations.py::TestWebSocketPositionUpdateTransformation::test_transform_ws_position_update_short_position PASSED [  0%]
tests/unit/apis/backpack/mappers/test_bp_account_data_mapper_account_operations.py::TestWebSocketPositionUpdateTransformation::test_transform_ws_position_update_none_optional_fields_handled_gracefully PASSED [  0%]
tests/unit/apis/backpack/mappers/test_bp_account_data_mapper_account_operations.py::TestWebSocketPositionUpdateTransformation::test_transform_ws_position_update_zero_quantity_handled_gracefully PASSED [  0%]
tests/unit/apis/backpack/mappers/test_bp_account_data_mapper_account_operations.py::TestWebSocketPositionUpdateTransformation::test_transform_ws_position_update_missing_net_quantity_handled_gracefully PASSED [  0%]
tests/unit/apis/backpack/mappers/test_bp_account_data_mapper_account_operations.py::TestWebSocketPositionUpdateTransformation::test_transform_ws_position_update_transformation_error PASSED [  0%]
tests/unit/apis/backpack/mappers/test_bp_account_data_mapper_account_operations.py::TestWebSocketPositionUpdateTransformation::test_transform_ws_position_update_high_precision_values PASSED [  0%]
tests/unit/apis/backpack/mappers/test_bp_account_data_mapper_account_operations.py::TestErrorHandling::test_edge_case_unicode_asset_names PASSED [  0%]
tests/unit/apis/backpack/mappers/test_bp_account_data_mapper_account_operations.py::TestErrorHandling::test_edge_case_very_long_client_ids PASSED [  0%]
tests/unit/apis/backpack/mappers/test_bp_account_data_mapper_account_operations.py::TestErrorHandling::test_edge_case_very_large_withdrawal_ids PASSED [  0%]
tests/unit/apis/backpack/mappers/test_bp_account_data_mapper_balances_positions.py::TestBalanceTransformation::test_transform_balance_data_to_spot_balance_happy_path PASSED [  0%]
tests/unit/apis/backpack/mappers/test_bp_account_data_mapper_balances_positions.py::TestBalanceTransformation::test_transform_balance_data_zero_values PASSED [  0%]
tests/unit/apis/backpack/mappers/test_bp_account_data_mapper_balances_positions.py::TestBalanceTransformation::test_transform_balance_data_transformation_error PASSED [  0%]
tests/unit/apis/backpack/mappers/test_bp_account_data_mapper_balances_positions.py::TestBalanceTransformation::test_transform_raw_balance_to_internal_happy_path PASSED [  0%]
tests/unit/apis/backpack/mappers/test_bp_account_data_mapper_balances_positions.py::TestBalanceTransformation::test_transform_raw_balance_different_assets PASSED [  1%]
tests/unit/apis/backpack/mappers/test_bp_account_data_mapper_balances_positions.py::TestBalanceTransformation::test_transform_raw_balance_missing_locked_raises_error PASSED [  1%]
tests/unit/apis/backpack/mappers/test_bp_account_data_mapper_balances_positions.py::TestBalanceTransformation::test_transform_raw_balance_missing_available_raises_error PASSED [  1%]
tests/unit/apis/backpack/mappers/test_bp_account_data_mapper_balances_positions.py::TestBalanceTransformation::test_transform_raw_balance_missing_staked_raises_error PASSED [  1%]
tests/unit/apis/backpack/mappers/test_bp_account_data_mapper_balances_positions.py::TestBalanceTransformation::test_transform_raw_balance_boundary_values PASSED [  1%]
tests/unit/apis/backpack/mappers/test_bp_account_data_mapper_balances_positions.py::TestBalanceTransformation::test_transform_raw_balance_high_precision_decimals PASSED [  1%]
tests/unit/apis/backpack/mappers/test_bp_account_data_mapper_balances_positions.py::TestPositionTransformation::test_transform_raw_position_to_internal_happy_path PASSED [  1%]
tests/unit/apis/backpack/mappers/test_bp_account_data_mapper_balances_positions.py::TestPositionTransformation::test_transform_raw_position_short_position PASSED [  1%]
tests/unit/apis/backpack/mappers/test_bp_account_data_mapper_balances_positions.py::TestPositionTransformation::test_transform_raw_position_zero_size_no_entry_price PASSED [  1%]
tests/unit/apis/backpack/mappers/test_bp_account_data_mapper_balances_positions.py::TestPositionTransformation::test_transform_raw_position_missing_net_quantity_raises_error PASSED [  1%]
tests/unit/apis/backpack/mappers/test_bp_account_data_mapper_balances_positions.py::TestPositionTransformation::test_transform_raw_position_transformation_error PASSED [  1%]
tests/unit/apis/backpack/mappers/test_bp_account_data_mapper_balances_positions.py::TestPositionTransformation::test_transform_raw_position_negative_values PASSED [  1%]
tests/unit/apis/backpack/mappers/test_bp_account_data_mapper_balances_positions.py::TestPositionTransformation::test_transform_raw_position_large_values PASSED [  1%]
tests/unit/apis/backpack/mappers/test_bp_account_data_mapper_balances_positions.py::TestPositionTransformation::test_transform_raw_position_high_precision_decimals PASSED [  1%]
tests/unit/apis/backpack/mappers/test_bp_account_data_mapper_balances_positions.py::TestPositionTransformation::test_transform_raw_position_optional_fields_none PASSED [  1%]
tests/unit/apis/backpack/mappers/test_bp_account_data_mapper_balances_positions.py::TestPositionTransformation::test_edge_case_very_long_position_ids PASSED [  1%]
tests/unit/apis/backpack/mappers/test_bp_account_data_mapper_balances_positions.py::TestAccountSummaryTransformation::test_transform_raw_account_summary_to_internal_happy_path PASSED [  1%]
tests/unit/apis/backpack/mappers/test_bp_account_data_mapper_balances_positions.py::TestAccountSummaryTransformation::test_transform_raw_account_summary_empty_collections PASSED [  1%]
tests/unit/apis/backpack/mappers/test_bp_account_data_mapper_balances_positions.py::TestAccountSummaryTransformation::test_transform_raw_account_summary_multiple_balances PASSED [  1%]
tests/unit/apis/backpack/mappers/test_bp_account_data_mapper_balances_positions.py::TestAccountSummaryTransformation::test_transform_raw_account_summary_multiple_positions PASSED [  1%]
tests/unit/apis/backpack/mappers/test_bp_account_data_mapper_balances_positions.py::TestAccountSummaryTransformation::test_transform_raw_account_summary_none_unrealized_pnl_handled PASSED [  1%]
tests/unit/apis/backpack/mappers/test_bp_account_data_mapper_balances_positions.py::TestAccountSummaryTransformation::test_transform_raw_account_summary_none_entry_price_handled PASSED [  1%]
tests/unit/apis/backpack/mappers/test_bp_account_data_mapper_balances_positions.py::TestErrorHandling::test_edge_case_unicode_asset_names PASSED [  1%]
tests/unit/apis/backpack/mappers/test_bp_account_data_mapper_balances_positions.py::TestErrorHandling::test_edge_case_high_user_ids PASSED [  1%]
tests/unit/apis/backpack/mappers/test_bp_account_data_mapper_balances_positions.py::TestErrorHandling::test_balance_data_none_total_raises_error PASSED [  1%]
tests/unit/apis/backpack/mappers/test_bp_account_data_mapper_balances_positions.py::TestErrorHandling::test_balance_data_none_available_raises_error PASSED [  1%]
tests/unit/apis/backpack/mappers/test_bp_account_data_mapper_edge_cases.py::TestEdgeCasesAndRobustness::test_boundary_decimal_values PASSED [  1%]
tests/unit/apis/backpack/mappers/test_bp_account_data_mapper_edge_cases.py::TestEdgeCasesAndRobustness::test_zero_values PASSED [  1%]
tests/unit/apis/backpack/mappers/test_bp_account_data_mapper_edge_cases.py::TestEdgeCasesAndRobustness::test_zero_price_non_zero_quantity PASSED [  1%]
tests/unit/apis/backpack/mappers/test_bp_account_data_mapper_edge_cases.py::TestEdgeCasesAndRobustness::test_zero_quantity_non_zero_price PASSED [  1%]
tests/unit/apis/backpack/mappers/test_bp_account_data_mapper_edge_cases.py::TestEdgeCasesAndRobustness::test_unicode_symbol_handling PASSED [  1%]
tests/unit/apis/backpack/mappers/test_bp_account_data_mapper_edge_cases.py::TestEdgeCasesAndRobustness::test_unicode_fee_symbol_handling PASSED [  1%]
tests/unit/apis/backpack/mappers/test_bp_account_data_mapper_edge_cases.py::TestEdgeCasesAndRobustness::test_very_long_ids PASSED [  1%]
tests/unit/apis/backpack/mappers/test_bp_account_data_mapper_edge_cases.py::TestEdgeCasesAndRobustness::test_maximum_decimal_precision PASSED [  1%]
tests/unit/apis/backpack/mappers/test_bp_account_data_mapper_edge_cases.py::TestEdgeCasesAndRobustness::test_scientific_notation_handling PASSED [  1%]
tests/unit/apis/backpack/mappers/test_bp_account_data_mapper_edge_cases.py::TestEdgeCasesAndRobustness::test_negative_values_handling PASSED [  2%]
tests/unit/apis/backpack/mappers/test_bp_account_data_mapper_edge_cases.py::TestEdgeCasesAndRobustness::test_whitespace_in_values PASSED [  2%]
tests/unit/apis/backpack/mappers/test_bp_account_data_mapper_edge_cases.py::TestEdgeCasesAndRobustness::test_special_characters_in_symbols PASSED [  2%]
tests/unit/apis/backpack/mappers/test_bp_account_data_mapper_edge_cases.py::TestEdgeCasesAndRobustness::test_transformation_error_context_preservation PASSED [  2%]
tests/unit/apis/backpack/mappers/test_bp_account_data_mapper_edge_cases.py::TestEdgeCasesAndRobustness::test_malformed_timestamp_handling PASSED [  2%]
tests/unit/apis/backpack/mappers/test_bp_account_data_mapper_edge_cases.py::TestEdgeCasesAndRobustness::test_extremely_large_trade_ids PASSED [  2%]
tests/unit/apis/backpack/mappers/test_bp_account_data_mapper_edge_cases.py::TestEdgeCasesAndRobustness::test_edge_case_fee_values PASSED [  2%]
tests/unit/apis/backpack/mappers/test_bp_account_data_mapper_edge_cases.py::TestEdgeCasesAndRobustness::test_mixed_case_side_values PASSED [  2%]
tests/unit/apis/backpack/mappers/test_bp_account_data_mapper_fills.py::TestFillTransformation::test_transform_raw_fill_to_internal_happy_path PASSED [  2%]
tests/unit/apis/backpack/mappers/test_bp_account_data_mapper_fills.py::TestFillTransformation::test_transform_raw_fill_sell_side PASSED [  2%]
tests/unit/apis/backpack/mappers/test_bp_account_data_mapper_fills.py::TestFillTransformation::test_transform_raw_fill_with_client_id PASSED [  2%]
tests/unit/apis/backpack/mappers/test_bp_account_data_mapper_fills.py::TestFillTransformation::test_transform_raw_fill_zero_price_returns_none PASSED [  2%]
tests/unit/apis/backpack/mappers/test_bp_account_data_mapper_fills.py::TestFillTransformation::test_transform_raw_fill_zero_quantity_returns_none PASSED [  2%]
tests/unit/apis/backpack/mappers/test_bp_account_data_mapper_fills.py::TestFillTransformation::test_transform_raw_fill_negative_values PASSED [  2%]
tests/unit/apis/backpack/mappers/test_bp_account_data_mapper_fills.py::TestFillTransformation::test_transform_raw_fill_transformation_error PASSED [  2%]
tests/unit/apis/backpack/mappers/test_bp_account_data_mapper_fills.py::TestFillTransformation::test_transform_raw_fill_boundary_values PASSED [  2%]
tests/unit/apis/backpack/mappers/test_bp_account_data_mapper_fills.py::TestFillTransformation::test_transform_raw_fill_side_mapping[Bid-OrderSide.BUY] PASSED [  2%]
tests/unit/apis/backpack/mappers/test_bp_account_data_mapper_fills.py::TestFillTransformation::test_transform_raw_fill_side_mapping[Ask-OrderSide.SELL] PASSED [  2%]
tests/unit/apis/backpack/mappers/test_bp_account_data_mapper_fills.py::TestTradeTransformation::test_transform_raw_trade_to_internal_returns_none PASSED [  2%]
tests/unit/apis/backpack/mappers/test_bp_account_data_mapper_fills.py::TestTradeTransformation::test_transform_raw_trade_missing_price_raises_error PASSED [  2%]
tests/unit/apis/backpack/mappers/test_bp_account_data_mapper_fills.py::TestTradeTransformation::test_transform_raw_trade_missing_quantity_raises_error PASSED [  2%]
tests/unit/apis/backpack/mappers/test_bp_account_data_mapper_fills.py::TestWebSocketFillTransformation::test_transform_ws_fill_event_to_internal_trade_happy_path PASSED [  2%]
tests/unit/apis/backpack/mappers/test_bp_account_data_mapper_fills.py::TestWebSocketFillTransformation::test_transform_ws_fill_event_zero_values_returns_none PASSED [  2%]
tests/unit/apis/backpack/mappers/test_bp_account_data_mapper_fills.py::TestWebSocketPositionUpdateTransformation::test_transform_ws_position_update_to_internal_position_happy_path PASSED [  2%]
tests/unit/apis/backpack/mappers/test_bp_account_data_mapper_fills.py::TestWebSocketPositionUpdateTransformation::test_transform_ws_position_update_short_position PASSED [  2%]
tests/unit/apis/backpack/mappers/test_bp_account_data_mapper_fills.py::TestWebSocketPositionUpdateTransformation::test_transform_ws_position_update_transformation_error PASSED [  2%]
tests/unit/apis/backpack/mappers/test_bp_account_data_mapper_fills.py::TestErrorHandling::test_invalid_side_raises_transformation_error PASSED [  2%]
tests/unit/apis/backpack/mappers/test_bp_account_data_mapper_fills.py::TestErrorHandling::test_malformed_timestamp_handled_gracefully PASSED [  2%]
tests/unit/apis/backpack/mappers/test_bp_account_data_mapper_fills.py::TestErrorHandling::test_edge_case_unicode_symbols PASSED [  2%]
tests/unit/apis/backpack/mappers/test_bp_account_data_mapper_fills.py::TestErrorHandling::test_very_long_trade_ids PASSED [  2%]
tests/unit/apis/backpack/mappers/test_bp_account_data_mapper_fills_orders.py::TestFillTransformation::test_transform_raw_fill_to_internal_happy_path PASSED [  2%]
tests/unit/apis/backpack/mappers/test_bp_account_data_mapper_fills_orders.py::TestFillTransformation::test_transform_raw_fill_sell_side PASSED [  2%]
tests/unit/apis/backpack/mappers/test_bp_account_data_mapper_fills_orders.py::TestFillTransformation::test_transform_raw_fill_transformation_error PASSED [  2%]
tests/unit/apis/backpack/mappers/test_bp_account_data_mapper_fills_orders.py::TestFillTransformation::test_transform_raw_fill_zero_price_returns_none PASSED [  2%]
tests/unit/apis/backpack/mappers/test_bp_account_data_mapper_fills_orders.py::TestFillTransformation::test_transform_raw_fill_zero_quantity_returns_none PASSED [  2%]
tests/unit/apis/backpack/mappers/test_bp_account_data_mapper_fills_orders.py::TestFillTransformation::test_transform_raw_fill_with_client_id PASSED [  3%]
tests/unit/apis/backpack/mappers/test_bp_account_data_mapper_fills_orders.py::TestFillTransformation::test_transform_raw_fill_high_precision_values PASSED [  3%]
tests/unit/apis/backpack/mappers/test_bp_account_data_mapper_fills_orders.py::TestOrderTransformation::test_transform_raw_order_to_internal_happy_path PASSED [  3%]
tests/unit/apis/backpack/mappers/test_bp_account_data_mapper_fills_orders.py::TestOrderTransformation::test_transform_raw_order_side_mapping[Buy-OrderSide.BUY] PASSED [  3%]
tests/unit/apis/backpack/mappers/test_bp_account_data_mapper_fills_orders.py::TestOrderTransformation::test_transform_raw_order_side_mapping[Sell-OrderSide.SELL] PASSED [  3%]
tests/unit/apis/backpack/mappers/test_bp_account_data_mapper_fills_orders.py::TestOrderTransformation::test_transform_raw_order_side_mapping[Bid-OrderSide.BUY] PASSED [  3%]
tests/unit/apis/backpack/mappers/test_bp_account_data_mapper_fills_orders.py::TestOrderTransformation::test_transform_raw_order_side_mapping[Ask-OrderSide.SELL] PASSED [  3%]
tests/unit/apis/backpack/mappers/test_bp_account_data_mapper_fills_orders.py::TestOrderTransformation::test_transform_raw_order_status_mapping[NEW-OrderStatus.NEW] PASSED [  3%]
tests/unit/apis/backpack/mappers/test_bp_account_data_mapper_fills_orders.py::TestOrderTransformation::test_transform_raw_order_status_mapping[FILLED-OrderStatus.FILLED] PASSED [  3%]
tests/unit/apis/backpack/mappers/test_bp_account_data_mapper_fills_orders.py::TestOrderTransformation::test_transform_raw_order_status_mapping[CANCELLED-OrderStatus.CANCELED] PASSED [  3%]
tests/unit/apis/backpack/mappers/test_bp_account_data_mapper_fills_orders.py::TestOrderTransformation::test_transform_raw_order_status_mapping[PARTIALLY_FILLED-OrderStatus.PARTIALLY_FILLED] PASSED [  3%]
tests/unit/apis/backpack/mappers/test_bp_account_data_mapper_fills_orders.py::TestOrderTransformation::test_transform_raw_order_status_mapping[REJECTED-OrderStatus.REJECTED] PASSED [  3%]
tests/unit/apis/backpack/mappers/test_bp_account_data_mapper_fills_orders.py::TestOrderTransformation::test_transform_raw_order_status_mapping[EXPIRED-OrderStatus.EXPIRED] PASSED [  3%]
tests/unit/apis/backpack/mappers/test_bp_account_data_mapper_fills_orders.py::TestOrderTransformation::test_transform_raw_order_type_mapping[LIMIT-OrderType.LIMIT] PASSED [  3%]
tests/unit/apis/backpack/mappers/test_bp_account_data_mapper_fills_orders.py::TestOrderTransformation::test_transform_raw_order_type_mapping[MARKET-OrderType.MARKET] PASSED [  3%]
tests/unit/apis/backpack/mappers/test_bp_account_data_mapper_fills_orders.py::TestOrderTransformation::test_transform_raw_order_type_mapping[STOP-OrderType.STOP_MARKET] PASSED [  3%]
tests/unit/apis/backpack/mappers/test_bp_account_data_mapper_fills_orders.py::TestOrderTransformation::test_transform_raw_order_type_mapping[TAKE_PROFIT-OrderType.TAKE_PROFIT_MARKET] PASSED [  3%]
tests/unit/apis/backpack/mappers/test_bp_account_data_mapper_fills_orders.py::TestOrderTransformation::test_transform_raw_order_tif_mapping[GTC-TimeInForce.GTC] PASSED [  3%]
tests/unit/apis/backpack/mappers/test_bp_account_data_mapper_fills_orders.py::TestOrderTransformation::test_transform_raw_order_tif_mapping[IOC-TimeInForce.IOC] PASSED [  3%]
tests/unit/apis/backpack/mappers/test_bp_account_data_mapper_fills_orders.py::TestOrderTransformation::test_transform_raw_order_tif_mapping[FOK-TimeInForce.FOK] PASSED [  3%]
tests/unit/apis/backpack/mappers/test_bp_account_data_mapper_fills_orders.py::TestOrderTransformation::test_transform_raw_order_with_executed_quantity PASSED [  3%]
tests/unit/apis/backpack/mappers/test_bp_account_data_mapper_fills_orders.py::TestOrderTransformation::test_transform_raw_order_with_trigger_price PASSED [  3%]
tests/unit/apis/backpack/mappers/test_bp_account_data_mapper_fills_orders.py::TestOrderTransformation::test_transform_raw_order_high_precision_values PASSED [  3%]
tests/unit/apis/backpack/mappers/test_bp_account_data_mapper_fills_orders.py::TestTradeTransformation::test_transform_raw_trade_to_internal_happy_path PASSED [  3%]
tests/unit/apis/backpack/mappers/test_bp_account_data_mapper_fills_orders.py::TestTradeTransformation::test_transform_raw_trade_missing_price PASSED [  3%]
tests/unit/apis/backpack/mappers/test_bp_account_data_mapper_fills_orders.py::TestTradeTransformation::test_transform_raw_trade_missing_quantity PASSED [  3%]
tests/unit/apis/backpack/mappers/test_bp_account_data_mapper_fills_orders.py::TestTradeTransformation::test_transform_raw_trade_high_precision_values PASSED [  3%]
tests/unit/apis/backpack/mappers/test_bp_account_data_mapper_fills_orders.py::TestTradeTransformation::test_transform_raw_trade_with_very_long_id PASSED [  3%]
tests/unit/apis/backpack/mappers/test_bp_market_data_mapper_core.py::TestMarketTransformation::test_transform_raw_market_to_internal_happy_path PASSED [  3%]
tests/unit/apis/backpack/mappers/test_bp_market_data_mapper_core.py::TestMarketTransformation::test_transform_raw_market_with_all_optional_fields PASSED [  3%]
tests/unit/apis/backpack/mappers/test_bp_market_data_mapper_core.py::TestMarketTransformation::test_transform_raw_market_with_extreme_values PASSED [  3%]
tests/unit/apis/backpack/mappers/test_bp_market_data_mapper_core.py::TestMarketTransformation::test_transform_raw_market_with_none_optional_fields PASSED [  3%]
tests/unit/apis/backpack/mappers/test_bp_market_data_mapper_core.py::TestMarketTransformation::test_transform_raw_market_backpack_details PASSED [  3%]
tests/unit/apis/backpack/mappers/test_bp_market_data_mapper_core.py::TestMarketTransformation::test_transform_raw_market_perp_type PASSED [  3%]
tests/unit/apis/backpack/mappers/test_bp_market_data_mapper_core.py::TestMarketTransformation::test_transform_raw_market_transformation_error PASSED [  3%]
tests/unit/apis/backpack/mappers/test_bp_market_data_mapper_core.py::TestMarketTransformation::test_transform_raw_market_invalid_timestamp PASSED [  4%]
tests/unit/apis/backpack/mappers/test_bp_market_data_mapper_core.py::TestMarketTransformation::test_transform_raw_market_symbol_consistency PASSED [  4%]
tests/unit/apis/backpack/mappers/test_bp_market_data_mapper_core.py::TestTickerTransformation::test_transform_raw_ticker_to_internal_happy_path PASSED [  4%]
tests/unit/apis/backpack/mappers/test_bp_market_data_mapper_core.py::TestTickerTransformation::test_transform_raw_ticker_with_symbol_override PASSED [  4%]
tests/unit/apis/backpack/mappers/test_bp_market_data_mapper_core.py::TestTickerTransformation::test_transform_raw_ticker_with_none_values PASSED [  4%]
tests/unit/apis/backpack/mappers/test_bp_market_data_mapper_core.py::TestTickerTransformation::test_transform_raw_ticker_with_none_timestamp PASSED [  4%]
tests/unit/apis/backpack/mappers/test_bp_market_data_mapper_core.py::TestTickerTransformation::test_transform_raw_ticker_transformation_error PASSED [  4%]
tests/unit/apis/backpack/mappers/test_bp_market_data_mapper_core.py::TestTickerTransformation::test_transform_raw_ticker_with_extreme_values PASSED [  4%]
tests/unit/apis/backpack/mappers/test_bp_market_data_mapper_core.py::TestTickerTransformation::test_transform_raw_ticker_with_zero_values PASSED [  4%]
tests/unit/apis/backpack/mappers/test_bp_market_data_mapper_core.py::TestOrderBookTransformation::test_transform_raw_order_book_to_internal_happy_path PASSED [  4%]
tests/unit/apis/backpack/mappers/test_bp_market_data_mapper_core.py::TestOrderBookTransformation::test_transform_raw_order_book_empty_levels PASSED [  4%]
tests/unit/apis/backpack/mappers/test_bp_market_data_mapper_core.py::TestOrderBookTransformation::test_transform_raw_order_book_large_number_of_levels PASSED [  4%]
tests/unit/apis/backpack/mappers/test_bp_market_data_mapper_core.py::TestOrderBookTransformation::test_transform_raw_order_book_with_none_timestamp PASSED [  4%]
tests/unit/apis/backpack/mappers/test_bp_market_data_mapper_core.py::TestOrderBookTransformation::test_transform_raw_order_book_transformation_error PASSED [  4%]
tests/unit/apis/backpack/mappers/test_bp_market_data_mapper_core.py::TestOrderBookTransformation::test_transform_raw_order_book_with_extreme_values PASSED [  4%]
tests/unit/apis/backpack/mappers/test_bp_market_data_mapper_core.py::TestOrderBookTransformation::test_transform_raw_order_book_with_unicode_symbol PASSED [  4%]
tests/unit/apis/backpack/mappers/test_bp_market_data_mapper_core.py::TestTradeTransformation::test_transform_raw_trade_to_internal_happy_path PASSED [  4%]
tests/unit/apis/backpack/mappers/test_bp_market_data_mapper_core.py::TestTradeTransformation::test_transform_raw_trade_missing_price PASSED [  4%]
tests/unit/apis/backpack/mappers/test_bp_market_data_mapper_core.py::TestTradeTransformation::test_transform_raw_trade_missing_quantity PASSED [  4%]
tests/unit/apis/backpack/mappers/test_bp_market_data_mapper_core.py::TestTradeTransformation::test_transform_raw_trade_with_none_timestamp PASSED [  4%]
tests/unit/apis/backpack/mappers/test_bp_market_data_mapper_core.py::TestTradeTransformation::test_transform_raw_trade_transformation_error PASSED [  4%]
tests/unit/apis/backpack/mappers/test_bp_market_data_mapper_core.py::TestTradeTransformation::test_transform_raw_trade_with_extreme_values PASSED [  4%]
tests/unit/apis/backpack/mappers/test_bp_market_data_mapper_core.py::TestTradeTransformation::test_transform_raw_trade_with_very_long_id PASSED [  4%]
tests/unit/apis/backpack/mappers/test_bp_market_data_mapper_core.py::TestFundingRateTransformation::test_transform_raw_funding_rate_to_internal_happy_path PASSED [  4%]
tests/unit/apis/backpack/mappers/test_bp_market_data_mapper_core.py::TestFundingRateTransformation::test_transform_raw_funding_interval_rate_to_internal_happy_path PASSED [  4%]
tests/unit/apis/backpack/mappers/test_bp_market_data_mapper_core.py::TestFundingRateTransformation::test_transform_raw_funding_rate_with_extreme_rates PASSED [  4%]
tests/unit/apis/backpack/mappers/test_bp_market_data_mapper_core.py::TestFundingRateTransformation::test_transform_raw_funding_rate_transformation_error PASSED [  4%]
tests/unit/apis/backpack/mappers/test_bp_market_data_mapper_core.py::TestKlineTransformation::test_transform_raw_kline_to_internal_happy_path PASSED [  4%]
tests/unit/apis/backpack/mappers/test_bp_market_data_mapper_core.py::TestKlineTransformation::test_transform_raw_kline_to_internal_transformation_error PASSED [  4%]
tests/unit/apis/backpack/mappers/test_bp_market_data_mapper_core.py::TestKlineTransformation::test_transform_raw_kline_with_extreme_values PASSED [  4%]
tests/unit/apis/backpack/mappers/test_bp_market_data_mapper_core.py::TestKlineTransformation::test_transform_raw_kline_with_different_intervals PASSED [  4%]
tests/unit/apis/backpack/mappers/test_bp_market_data_mapper_robustness.py::TestBoundaryValueHandling::test_decimal_precision_boundaries PASSED [  4%]
tests/unit/apis/backpack/mappers/test_bp_market_data_mapper_robustness.py::TestBoundaryValueHandling::test_very_large_numeric_values PASSED [  4%]
tests/unit/apis/backpack/mappers/test_bp_market_data_mapper_robustness.py::TestBoundaryValueHandling::test_very_small_numeric_values PASSED [  4%]
tests/unit/apis/backpack/mappers/test_bp_market_data_mapper_robustness.py::TestBoundaryValueHandling::test_zero_and_negative_value_handling PASSED [  4%]
tests/unit/apis/backpack/mappers/test_bp_market_data_mapper_robustness.py::TestBoundaryValueHandling::test_massive_order_book_levels PASSED [  5%]
tests/unit/apis/backpack/mappers/test_bp_market_data_mapper_robustness.py::TestBoundaryValueHandling::test_maximum_string_length_handling PASSED [  5%]
tests/unit/apis/backpack/mappers/test_bp_market_data_mapper_robustness.py::TestUnicodeAndEncodingSupport::test_unicode_symbols_comprehensive PASSED [  5%]
tests/unit/apis/backpack/mappers/test_bp_market_data_mapper_robustness.py::TestUnicodeAndEncodingSupport::test_unicode_in_trade_ids PASSED [  5%]
tests/unit/apis/backpack/mappers/test_bp_market_data_mapper_robustness.py::TestUnicodeAndEncodingSupport::test_mixed_unicode_ascii_handling PASSED [  5%]
tests/unit/apis/backpack/mappers/test_bp_market_data_mapper_robustness.py::TestUnicodeAndEncodingSupport::test_special_characters_in_values PASSED [  5%]
tests/unit/apis/backpack/mappers/test_bp_market_data_mapper_robustness.py::TestErrorHandlingAndRecovery::test_malformed_decimal_recovery PASSED [  5%]
tests/unit/apis/backpack/mappers/test_bp_market_data_mapper_robustness.py::TestErrorHandlingAndRecovery::test_timestamp_parsing_fallback PASSED [  5%]
tests/unit/apis/backpack/mappers/test_bp_market_data_mapper_robustness.py::TestErrorHandlingAndRecovery::test_partial_data_handling PASSED [  5%]
tests/unit/apis/backpack/mappers/test_bp_market_data_mapper_robustness.py::TestErrorHandlingAndRecovery::test_empty_order_book_handling PASSED [  5%]
tests/unit/apis/backpack/mappers/test_bp_market_data_mapper_robustness.py::TestErrorHandlingAndRecovery::test_transformation_error_context_preservation PASSED [  5%]
tests/unit/apis/backpack/mappers/test_bp_market_data_mapper_robustness.py::TestPerformanceAndMemoryConsiderations::test_large_dataset_transformation PASSED [  5%]
tests/unit/apis/backpack/mappers/test_bp_market_data_mapper_robustness.py::TestPerformanceAndMemoryConsiderations::test_memory_efficient_order_book_processing PASSED [  5%]
tests/unit/apis/backpack/mappers/test_bp_market_data_mapper_robustness.py::TestPerformanceAndMemoryConsiderations::test_concurrent_transformation_safety PASSED [  5%]
tests/unit/apis/backpack/mappers/test_bp_market_data_mapper_robustness.py::TestDataConsistencyAndValidation::test_cross_field_consistency_validation PASSED [  5%]
tests/unit/apis/backpack/mappers/test_bp_market_data_mapper_robustness.py::TestDataConsistencyAndValidation::test_timestamp_consistency PASSED [  5%]
tests/unit/apis/backpack/mappers/test_bp_market_data_mapper_robustness.py::TestDataConsistencyAndValidation::test_decimal_precision_consistency PASSED [  5%]
tests/unit/apis/backpack/mappers/test_bp_market_data_mapper_websocket.py::TestSideMapping::test_side_mapping_buyer_is_maker PASSED [  5%]
tests/unit/apis/backpack/mappers/test_bp_market_data_mapper_websocket.py::TestSideMapping::test_side_mapping_buyer_is_not_maker PASSED [  5%]
tests/unit/apis/backpack/mappers/test_bp_market_data_mapper_websocket.py::TestSideMapping::test_side_mapping_consistency_across_multiple_trades PASSED [  5%]
tests/unit/apis/backpack/mappers/test_bp_market_data_mapper_websocket.py::TestSideMapping::test_side_mapping_with_different_symbols PASSED [  5%]
tests/unit/apis/backpack/mappers/test_bp_market_data_mapper_websocket.py::TestWebSocketTickerEventTransformation::test_transform_ws_ticker_event_to_internal_happy_path PASSED [  5%]
tests/unit/apis/backpack/mappers/test_bp_market_data_mapper_websocket.py::TestWebSocketTickerEventTransformation::test_transform_ws_ticker_event_with_different_symbols PASSED [  5%]
tests/unit/apis/backpack/mappers/test_bp_market_data_mapper_websocket.py::TestWebSocketTickerEventTransformation::test_transform_ws_ticker_event_with_extreme_values PASSED [  5%]
tests/unit/apis/backpack/mappers/test_bp_market_data_mapper_websocket.py::TestWebSocketTickerEventTransformation::test_transform_ws_ticker_event_with_zero_values PASSED [  5%]
tests/unit/apis/backpack/mappers/test_bp_market_data_mapper_websocket.py::TestWebSocketTickerEventTransformation::test_transform_ws_ticker_event_transformation_error PASSED [  5%]
tests/unit/apis/backpack/mappers/test_bp_market_data_mapper_websocket.py::TestWebSocketTickerEventTransformation::test_transform_ws_ticker_event_with_unicode_symbol PASSED [  5%]
tests/unit/apis/backpack/mappers/test_bp_market_data_mapper_websocket.py::TestWebSocketDepthEventTransformation::test_transform_ws_depth_event_to_internal_happy_path PASSED [  5%]
tests/unit/apis/backpack/mappers/test_bp_market_data_mapper_websocket.py::TestWebSocketDepthEventTransformation::test_transform_ws_depth_event_with_empty_levels PASSED [  5%]
tests/unit/apis/backpack/mappers/test_bp_market_data_mapper_websocket.py::TestWebSocketDepthEventTransformation::test_transform_ws_depth_event_with_single_level PASSED [  5%]
tests/unit/apis/backpack/mappers/test_bp_market_data_mapper_websocket.py::TestWebSocketDepthEventTransformation::test_transform_ws_depth_event_with_multiple_levels PASSED [  5%]
tests/unit/apis/backpack/mappers/test_bp_market_data_mapper_websocket.py::TestWebSocketDepthEventTransformation::test_transform_ws_depth_event_with_extreme_values PASSED [  5%]
tests/unit/apis/backpack/mappers/test_bp_market_data_mapper_websocket.py::TestWebSocketDepthEventTransformation::test_transform_ws_depth_event_transformation_error PASSED [  5%]
tests/unit/apis/backpack/mappers/test_bp_market_data_mapper_websocket.py::TestWebSocketDepthEventTransformation::test_transform_ws_depth_event_with_different_symbols PASSED [  5%]
tests/unit/apis/backpack/mappers/test_bp_market_data_mapper_websocket.py::TestWebSocketTradeEventTransformation::test_transform_ws_trade_event_to_internal_happy_path PASSED [  5%]
tests/unit/apis/backpack/mappers/test_bp_market_data_mapper_websocket.py::TestWebSocketTradeEventTransformation::test_transform_ws_trade_event_buyer_side PASSED [  6%]
tests/unit/apis/backpack/mappers/test_bp_market_data_mapper_websocket.py::TestWebSocketTradeEventTransformation::test_transform_ws_trade_event_seller_side PASSED [  6%]
tests/unit/apis/backpack/mappers/test_bp_market_data_mapper_websocket.py::TestWebSocketTradeEventTransformation::test_transform_ws_trade_event_with_extreme_values PASSED [  6%]
tests/unit/apis/backpack/mappers/test_bp_market_data_mapper_websocket.py::TestWebSocketTradeEventTransformation::test_transform_ws_trade_event_with_zero_values PASSED [  6%]
tests/unit/apis/backpack/mappers/test_bp_market_data_mapper_websocket.py::TestWebSocketTradeEventTransformation::test_transform_ws_trade_event_with_very_long_id PASSED [  6%]
tests/unit/apis/backpack/mappers/test_bp_market_data_mapper_websocket.py::TestWebSocketTradeEventTransformation::test_transform_ws_trade_event_transformation_error PASSED [  6%]
tests/unit/apis/backpack/mappers/test_bp_market_data_mapper_websocket.py::TestWebSocketTradeEventTransformation::test_transform_ws_trade_event_with_different_symbols PASSED [  6%]
tests/unit/apis/backpack/mappers/test_bp_market_data_mapper_websocket.py::TestWebSocketTradeEventTransformation::test_transform_ws_trade_event_missing_required_fields PASSED [  6%]
tests/unit/apis/backpack/mappers/test_bp_market_data_mapper_websocket.py::TestWebSocketTradeEventTransformation::test_transform_ws_trade_event_real_time_scenarios PASSED [  6%]
tests/unit/apis/backpack/mappers/test_bp_trading_data_mapper_core.py::TestOrderSideMapping::test_raw_order_side_mapping[Buy-OrderSide.BUY] PASSED [  6%]
tests/unit/apis/backpack/mappers/test_bp_trading_data_mapper_core.py::TestOrderSideMapping::test_raw_order_side_mapping[Sell-OrderSide.SELL] PASSED [  6%]
tests/unit/apis/backpack/mappers/test_bp_trading_data_mapper_core.py::TestOrderSideMapping::test_raw_order_side_mapping[buy-OrderSide.BUY] PASSED [  6%]
tests/unit/apis/backpack/mappers/test_bp_trading_data_mapper_core.py::TestOrderSideMapping::test_raw_order_side_mapping[sell-OrderSide.SELL] PASSED [  6%]
tests/unit/apis/backpack/mappers/test_bp_trading_data_mapper_core.py::TestOrderSideMapping::test_raw_order_side_mapping[Bid-OrderSide.BUY] PASSED [  6%]
tests/unit/apis/backpack/mappers/test_bp_trading_data_mapper_core.py::TestOrderSideMapping::test_raw_order_side_mapping[Ask-OrderSide.SELL] PASSED [  6%]
tests/unit/apis/backpack/mappers/test_bp_trading_data_mapper_core.py::TestOrderSideMapping::test_order_data_side_mapping[Buy-OrderSide.BUY] PASSED [  6%]
tests/unit/apis/backpack/mappers/test_bp_trading_data_mapper_core.py::TestOrderSideMapping::test_order_data_side_mapping[Sell-OrderSide.SELL] PASSED [  6%]
tests/unit/apis/backpack/mappers/test_bp_trading_data_mapper_core.py::TestOrderSideMapping::test_order_data_side_mapping[buy-OrderSide.BUY] PASSED [  6%]
tests/unit/apis/backpack/mappers/test_bp_trading_data_mapper_core.py::TestOrderSideMapping::test_order_data_side_mapping[sell-OrderSide.SELL] PASSED [  6%]
tests/unit/apis/backpack/mappers/test_bp_trading_data_mapper_core.py::TestOrderSideMapping::test_order_data_side_mapping[Bid-OrderSide.BUY] PASSED [  6%]
tests/unit/apis/backpack/mappers/test_bp_trading_data_mapper_core.py::TestOrderSideMapping::test_order_data_side_mapping[Ask-OrderSide.SELL] PASSED [  6%]
tests/unit/apis/backpack/mappers/test_bp_trading_data_mapper_core.py::test_invalid_order_side_raises_error[X] PASSED [  6%]
tests/unit/apis/backpack/mappers/test_bp_trading_data_mapper_core.py::test_invalid_order_side_raises_error[] PASSED [  6%]
tests/unit/apis/backpack/mappers/test_bp_trading_data_mapper_core.py::test_invalid_order_side_raises_error[b] PASSED [  6%]
tests/unit/apis/backpack/mappers/test_bp_trading_data_mapper_core.py::test_invalid_order_side_raises_error[s] PASSED [  6%]
tests/unit/apis/backpack/mappers/test_bp_trading_data_mapper_core.py::test_invalid_order_side_raises_error[invalid] PASSED [  6%]
tests/unit/apis/backpack/mappers/test_bp_trading_data_mapper_core.py::test_invalid_order_side_raises_error[Long] PASSED [  6%]
tests/unit/apis/backpack/mappers/test_bp_trading_data_mapper_core.py::test_invalid_order_side_raises_error[Short] PASSED [  6%]
tests/unit/apis/backpack/mappers/test_bp_trading_data_mapper_core.py::test_invalid_order_side_raises_error[UP] PASSED [  6%]
tests/unit/apis/backpack/mappers/test_bp_trading_data_mapper_core.py::test_invalid_order_side_raises_error[DOWN] PASSED [  6%]
tests/unit/apis/backpack/mappers/test_bp_trading_data_mapper_core.py::test_order_status_mapping[NEW-OrderStatus.OPEN] PASSED [  6%]
tests/unit/apis/backpack/mappers/test_bp_trading_data_mapper_core.py::test_order_status_mapping[FILLED-OrderStatus.FILLED] PASSED [  6%]
tests/unit/apis/backpack/mappers/test_bp_trading_data_mapper_core.py::test_order_status_mapping[CANCELLED-OrderStatus.CANCELED] PASSED [  6%]
tests/unit/apis/backpack/mappers/test_bp_trading_data_mapper_core.py::test_order_status_mapping[REJECTED-OrderStatus.REJECTED] PASSED [  6%]
tests/unit/apis/backpack/mappers/test_bp_trading_data_mapper_core.py::test_order_status_mapping[PARTIALLY_FILLED-OrderStatus.PARTIALLY_FILLED] PASSED [  6%]
tests/unit/apis/backpack/mappers/test_bp_trading_data_mapper_core.py::test_order_status_mapping[EXPIRED-OrderStatus.UNKNOWN] PASSED [  7%]
tests/unit/apis/backpack/mappers/test_bp_trading_data_mapper_core.py::test_unsupported_order_status_via_data_method PASSED [  7%]
tests/unit/apis/backpack/mappers/test_bp_trading_data_mapper_core.py::test_invalid_order_status_defaults_to_unknown[UNKNOWN_STATUS] PASSED [  7%]
tests/unit/apis/backpack/mappers/test_bp_trading_data_mapper_core.py::test_invalid_order_status_defaults_to_unknown[INVALID] PASSED [  7%]
tests/unit/apis/backpack/mappers/test_bp_trading_data_mapper_core.py::test_invalid_order_status_defaults_to_unknown[] PASSED [  7%]
tests/unit/apis/backpack/mappers/test_bp_trading_data_mapper_core.py::test_invalid_order_status_defaults_to_unknown[xyz] PASSED [  7%]
tests/unit/apis/backpack/mappers/test_bp_trading_data_mapper_core.py::test_invalid_order_status_defaults_to_unknown[123] PASSED [  7%]
tests/unit/apis/backpack/mappers/test_bp_trading_data_mapper_core.py::test_order_type_mapping[LIMIT-OrderType.LIMIT] PASSED [  7%]
tests/unit/apis/backpack/mappers/test_bp_trading_data_mapper_core.py::test_order_type_mapping[MARKET-OrderType.MARKET] PASSED [  7%]
tests/unit/apis/backpack/mappers/test_bp_trading_data_mapper_core.py::test_order_type_mapping[TAKE_PROFIT-OrderType.LIMIT] PASSED [  7%]
tests/unit/apis/backpack/mappers/test_bp_trading_data_mapper_core.py::test_stop_order_type_mapping[STOP-OrderType.STOP_MARKET] PASSED [  7%]
tests/unit/apis/backpack/mappers/test_bp_trading_data_mapper_core.py::test_stop_order_type_mapping[TRAILING_STOP-OrderType.STOP_MARKET] PASSED [  7%]
tests/unit/apis/backpack/mappers/test_bp_trading_data_mapper_core.py::test_time_in_force_mapping[GTC-TimeInForce.GTC] PASSED [  7%]
tests/unit/apis/backpack/mappers/test_bp_trading_data_mapper_core.py::test_time_in_force_mapping[IOC-TimeInForce.IOC] PASSED [  7%]
tests/unit/apis/backpack/mappers/test_bp_trading_data_mapper_core.py::test_time_in_force_mapping[FOK-TimeInForce.FOK] PASSED [  7%]
tests/unit/apis/backpack/mappers/test_bp_trading_data_mapper_core.py::test_time_in_force_mapping[gtc-TimeInForce.GTC] PASSED [  7%]
tests/unit/apis/backpack/mappers/test_bp_trading_data_mapper_core.py::test_time_in_force_mapping[ioc-TimeInForce.IOC] PASSED [  7%]
tests/unit/apis/backpack/mappers/test_bp_trading_data_mapper_core.py::test_time_in_force_mapping[fok-TimeInForce.FOK] PASSED [  7%]
tests/unit/apis/backpack/mappers/test_bp_trading_data_mapper_core.py::test_time_in_force_mapping[unknown-TimeInForce.GTC] PASSED [  7%]
tests/unit/apis/backpack/mappers/test_bp_trading_data_mapper_core.py::test_time_in_force_mapping[None-TimeInForce.GTC] PASSED [  7%]
tests/unit/apis/backpack/mappers/test_bp_trading_data_mapper_core.py::test_empty_time_in_force_mapping PASSED [  7%]
tests/unit/apis/backpack/mappers/test_bp_trading_data_mapper_core.py::TestTransformRawOrderToInternal::test_transform_raw_order_buy_limit_happy_path PASSED [  7%]
tests/unit/apis/backpack/mappers/test_bp_trading_data_mapper_core.py::TestTransformRawOrderToInternal::test_transform_raw_order_sell_market_happy_path PASSED [  7%]
tests/unit/apis/backpack/mappers/test_bp_trading_data_mapper_core.py::TestTransformRawOrderToInternal::test_transform_raw_order_with_stop_price PASSED [  7%]
tests/unit/apis/backpack/mappers/test_bp_trading_data_mapper_core.py::TestTransformRawOrderToInternal::test_transform_raw_order_with_average_fill_price PASSED [  7%]
tests/unit/apis/backpack/mappers/test_bp_trading_data_mapper_core.py::TestTransformRawOrderToInternal::test_transform_raw_order_missing_quantity_raises_error PASSED [  7%]
tests/unit/apis/backpack/mappers/test_bp_trading_data_mapper_core.py::TestTransformRawOrderToInternal::test_transform_raw_order_missing_created_at_raises_error PASSED [  7%]
tests/unit/apis/backpack/mappers/test_bp_trading_data_mapper_core.py::TestTransformRawOrderToInternal::test_transform_raw_order_parsing_exception_raises_transformation_error PASSED [  7%]
tests/unit/apis/backpack/mappers/test_bp_trading_data_mapper_core.py::TestTransformRawOrderToInternal::test_transform_raw_order_with_triggered_at PASSED [  7%]
tests/unit/apis/backpack/mappers/test_bp_trading_data_mapper_core.py::TestTransformRawOrderToInternal::test_transform_raw_order_reduce_only_and_post_only PASSED [  7%]
tests/unit/apis/backpack/mappers/test_bp_trading_data_mapper_core.py::TestTransformRawOrderToInternal::test_transform_raw_order_high_precision_values PASSED [  7%]
tests/unit/apis/backpack/mappers/test_bp_trading_data_mapper_core.py::TestTransformRawOrderToInternal::test_transform_raw_order_zero_values_handled PASSED [  7%]
tests/unit/apis/backpack/mappers/test_bp_trading_data_mapper_core.py::TestTransformOrderDataToInternal::test_transform_order_data_happy_path PASSED [  7%]
tests/unit/apis/backpack/mappers/test_bp_trading_data_mapper_core.py::TestTransformOrderDataToInternal::test_transform_order_data_minimal_params PASSED [  7%]
tests/unit/apis/backpack/mappers/test_bp_trading_data_mapper_core.py::TestTransformOrderDataToInternal::test_transform_order_data_with_price PASSED [  7%]
tests/unit/apis/backpack/mappers/test_bp_trading_data_mapper_core.py::TestTransformOrderDataToInternal::test_transform_order_data_missing_quantity_raises_error PASSED [  8%]
tests/unit/apis/backpack/mappers/test_bp_trading_data_mapper_core.py::TestTransformOrderDataToInternal::test_transform_order_data_exception_wrapping PASSED [  8%]
tests/unit/apis/backpack/mappers/test_bp_trading_data_mapper_core.py::TestTransformOrderDataToInternal::test_transform_order_data_case_insensitive_mappings PASSED [  8%]
tests/unit/apis/backpack/mappers/test_bp_trading_data_mapper_core.py::TestTransformOrderDataToInternal::test_transform_order_data_with_optional_fields PASSED [  8%]
tests/unit/apis/backpack/mappers/test_bp_trading_data_mapper_robustness.py::TestBoundaryValueHandling::test_minimal_order_data PASSED [  8%]
tests/unit/apis/backpack/mappers/test_bp_trading_data_mapper_robustness.py::TestBoundaryValueHandling::test_boundary_values PASSED [  8%]
tests/unit/apis/backpack/mappers/test_bp_trading_data_mapper_robustness.py::TestBoundaryValueHandling::test_extremely_large_values PASSED [  8%]
tests/unit/apis/backpack/mappers/test_bp_trading_data_mapper_robustness.py::TestBoundaryValueHandling::test_extremely_small_values PASSED [  8%]
tests/unit/apis/backpack/mappers/test_bp_trading_data_mapper_robustness.py::TestBoundaryValueHandling::test_zero_values_handling PASSED [  8%]
tests/unit/apis/backpack/mappers/test_bp_trading_data_mapper_robustness.py::TestBoundaryValueHandling::test_maximum_precision_decimals PASSED [  8%]
tests/unit/apis/backpack/mappers/test_bp_trading_data_mapper_robustness.py::TestUnicodeAndEncodingSupport::test_unicode_symbols_in_symbol_field PASSED [  8%]
tests/unit/apis/backpack/mappers/test_bp_trading_data_mapper_robustness.py::TestUnicodeAndEncodingSupport::test_unicode_in_client_order_id PASSED [  8%]
tests/unit/apis/backpack/mappers/test_bp_trading_data_mapper_robustness.py::TestUnicodeAndEncodingSupport::test_mixed_encoding_scenarios PASSED [  8%]
tests/unit/apis/backpack/mappers/test_bp_trading_data_mapper_robustness.py::TestUnicodeAndEncodingSupport::test_empty_string_handling PASSED [  8%]
tests/unit/apis/backpack/mappers/test_bp_trading_data_mapper_robustness.py::TestErrorHandlingAndRecovery::test_invalid_decimal_conversion_handling PASSED [  8%]
tests/unit/apis/backpack/mappers/test_bp_trading_data_mapper_robustness.py::TestErrorHandlingAndRecovery::test_invalid_datetime_conversion_handling PASSED [  8%]
tests/unit/apis/backpack/mappers/test_bp_trading_data_mapper_robustness.py::TestErrorHandlingAndRecovery::test_multiple_parsing_errors_aggregation PASSED [  8%]
tests/unit/apis/backpack/mappers/test_bp_trading_data_mapper_robustness.py::TestErrorHandlingAndRecovery::test_graceful_degradation_with_partial_data PASSED [  8%]
tests/unit/apis/backpack/mappers/test_bp_trading_data_mapper_robustness.py::TestErrorHandlingAndRecovery::test_transformation_error_message_clarity PASSED [  8%]
tests/unit/apis/backpack/mappers/test_bp_trading_data_mapper_robustness.py::TestPerformanceAndMemoryConsiderations::test_large_batch_transformation_efficiency PASSED [  8%]
tests/unit/apis/backpack/mappers/test_bp_trading_data_mapper_robustness.py::TestPerformanceAndMemoryConsiderations::test_memory_efficiency_with_large_objects PASSED [  8%]
tests/unit/apis/backpack/mappers/test_bp_trading_data_mapper_robustness.py::TestPerformanceAndMemoryConsiderations::test_concurrent_transformation_safety PASSED [  8%]
tests/unit/apis/backpack/mappers/test_bp_trading_data_mapper_robustness.py::TestDataConsistencyAndValidation::test_status_mapping_consistency[NEW-OrderStatus.OPEN] PASSED [  8%]
tests/unit/apis/backpack/mappers/test_bp_trading_data_mapper_robustness.py::TestDataConsistencyAndValidation::test_status_mapping_consistency[FILLED-OrderStatus.FILLED] PASSED [  8%]
tests/unit/apis/backpack/mappers/test_bp_trading_data_mapper_robustness.py::TestDataConsistencyAndValidation::test_status_mapping_consistency[CANCELLED-OrderStatus.CANCELED] PASSED [  8%]
tests/unit/apis/backpack/mappers/test_bp_trading_data_mapper_robustness.py::TestDataConsistencyAndValidation::test_status_mapping_consistency[REJECTED-OrderStatus.REJECTED] PASSED [  8%]
tests/unit/apis/backpack/mappers/test_bp_trading_data_mapper_robustness.py::TestDataConsistencyAndValidation::test_status_mapping_consistency[PARTIALLY_FILLED-OrderStatus.PARTIALLY_FILLED] PASSED [  8%]
tests/unit/apis/backpack/mappers/test_bp_trading_data_mapper_robustness.py::TestDataConsistencyAndValidation::test_status_mapping_consistency[EXPIRED-OrderStatus.UNKNOWN] PASSED [  8%]
tests/unit/apis/backpack/mappers/test_bp_trading_data_mapper_robustness.py::TestDataConsistencyAndValidation::test_status_mapping_consistency[new-OrderStatus.OPEN] PASSED [  8%]
tests/unit/apis/backpack/mappers/test_bp_trading_data_mapper_robustness.py::TestDataConsistencyAndValidation::test_status_mapping_consistency[filled-OrderStatus.FILLED] PASSED [  8%]
tests/unit/apis/backpack/mappers/test_bp_trading_data_mapper_robustness.py::TestDataConsistencyAndValidation::test_status_mapping_consistency[cancelled-OrderStatus.CANCELED] PASSED [  8%]
tests/unit/apis/backpack/mappers/test_bp_trading_data_mapper_robustness.py::TestDataConsistencyAndValidation::test_case_insensitive_mappings_comprehensive PASSED [  8%]
tests/unit/apis/backpack/mappers/test_bp_trading_data_mapper_robustness.py::TestDataConsistencyAndValidation::test_decimal_precision_consistency PASSED [  8%]
tests/unit/apis/backpack/mappers/test_bp_trading_data_mapper_robustness.py::TestDataConsistencyAndValidation::test_none_value_handling_consistency PASSED [  8%]
tests/unit/apis/backpack/models/test_bp_raw_account.py::test_BackpackRawAccount_happy_path PASSED [  8%]
tests/unit/apis/backpack/models/test_bp_raw_account.py::test_BackpackRawAccount_missing_required_fields[id] PASSED [  9%]
tests/unit/apis/backpack/models/test_bp_raw_account.py::test_BackpackRawAccount_missing_required_fields[email] PASSED [  9%]
tests/unit/apis/backpack/models/test_bp_raw_account.py::test_BackpackRawAccount_missing_required_fields[status] PASSED [  9%]
tests/unit/apis/backpack/models/test_bp_raw_account.py::test_BackpackRawAccount_status_enum_valid[active] PASSED [  9%]
tests/unit/apis/backpack/models/test_bp_raw_account.py::test_BackpackRawAccount_status_enum_valid[suspended] PASSED [  9%]
tests/unit/apis/backpack/models/test_bp_raw_account.py::test_BackpackRawAccount_status_enum_valid[pending] PASSED [  9%]
tests/unit/apis/backpack/models/test_bp_raw_account.py::test_BackpackRawAccount_status_enum_invalid[Active] PASSED [  9%]
tests/unit/apis/backpack/models/test_bp_raw_account.py::test_BackpackRawAccount_status_enum_invalid[ACTIVE] PASSED [  9%]
tests/unit/apis/backpack/models/test_bp_raw_account.py::test_BackpackRawAccount_status_enum_invalid[pending ] PASSED [  9%]
tests/unit/apis/backpack/models/test_bp_raw_account.py::test_BackpackRawAccount_status_enum_invalid[] PASSED [  9%]
tests/unit/apis/backpack/models/test_bp_raw_account.py::test_BackpackRawAccount_status_enum_invalid[notastatus] PASSED [  9%]
tests/unit/apis/backpack/models/test_bp_raw_account.py::test_BackpackRawAccount_status_enum_invalid[\U0001f600] PASSED [  9%]
tests/unit/apis/backpack/models/test_bp_raw_account.py::test_BackpackRawAccount_status_enum_invalid[<script>] PASSED [  9%]
tests/unit/apis/backpack/models/test_bp_raw_account.py::test_BackpackRawAccount_status_enum_invalid[active; DROP TABLE users;] PASSED [  9%]
tests/unit/apis/backpack/models/test_bp_raw_account.py::test_BackpackRawAccount_wrong_type_fields[id-123] PASSED [  9%]
tests/unit/apis/backpack/models/test_bp_raw_account.py::test_BackpackRawAccount_wrong_type_fields[email-value1] PASSED [  9%]
tests/unit/apis/backpack/models/test_bp_raw_account.py::test_BackpackRawAccount_wrong_type_fields[status-value2] PASSED [  9%]
tests/unit/apis/backpack/models/test_bp_raw_account.py::test_BackpackRawAccount_adversarial_strings[id-] PASSED [  9%]
tests/unit/apis/backpack/models/test_bp_raw_account.py::test_BackpackRawAccount_adversarial_strings[id-   ] PASSED [  9%]
tests/unit/apis/backpack/models/test_bp_raw_account.py::test_BackpackRawAccount_adversarial_strings[id-user_\U0001f600] PASSED [  9%]
tests/unit/apis/backpack/models/test_bp_raw_account.py::test_BackpackRawAccount_adversarial_strings[id-user_123; DROP TABLE users;] PASSED [  9%]
tests/unit/apis/backpack/models/test_bp_raw_account.py::test_BackpackRawAccount_adversarial_strings[email-<script>alert(1)</script>@example.com] PASSED [  9%]
tests/unit/apis/backpack/models/test_bp_raw_account.py::test_BackpackRawAccount_adversarial_strings[email-user\x00@example.com] PASSED [  9%]
tests/unit/apis/backpack/models/test_bp_raw_account.py::test_BackpackRawAccount_adversarial_strings[email-aaaaaaaaaaaaaaaaaaaaaaaaaaaaaaaaaaaaaaaaaaaaaaaaaaaaaaaaaaaaaaaaaaaaaaaaaaaaaaaaaaaaaaaaaaaaaaaaaaaaaaaaaaaaaaaaaaaaaaaaaaaaaaaaaaaaaaaaaaaaaaaaaaaaaaaaaaaaaaaaaaaaaaaaaaaaaaaaaaaaaaaaaaaaaaaaaaaaaaaaaaaaaaaaaaaaaaaaaaaaaaaaaaaaaaaaaaaaaaaaaaaaaaaaaaaaaaaaaaaaaaaaaaaaaaaaaaaaaaaaaaaaaaaaaaaaaaaaaaaaaaaaaaaaaaaaaaaaaaaaaaaaaaaaaaaaaaaaaaaaaaaaaaaaaaaaaaaaaaaaaaaaaaaaaaaaaaaaaaaaaaaaaaaaaaaaaaaaaaaaaaaaaaaaaaaaaaaaaaaaaaaaaaaaaaaaaaaaaaaaaaaaaaaaaaaaaaaaaaaaaaaaaaaaaaaaaaaaaaaaaaaaaaaaaaaaaaaaaaaaaaaaaaaaaaaaaaaaaaaaaaaaaaaaaaaaaaaaaaaaaaaaaaaaaaaaaaaaaaaaaaaaaaaaaaaaaaaaaaaaaaaaaaaaaaaaaaaaaaaaaaaaaaaaaaaaaaaaaaaaaaaaaaaaaaaaaaaaaaaaaaaaaaaaaaaaaaaaaaaaaaaaaaaaaaaaaaaaaaaaaaaaaaaaaaaaaaaaaaaaaaaaaaaaaaaaaaaaaaaaaaaaaaaaaaaaaaaaaaaaaaaaaaaaaaaaaaaaaaaaaaaaaaaaaaaaaaaaaaaaaaaaaaaaaaaaaaaaaaaaaaaaaaaaaaaaaaaaaaaaaaaaaaaaaaaaaaaaaaaaaaaaaaaaaaaaaaaaaaaaaaaaaaaaaaaaaaaaaaaaaaaaaaaaaaaaaaaaaaaaaaaaaaaaaaaaaaaaaaaaaaaaaaaaaaaaaaaaaaaaaaaaaaaaaaaaaaaaaaaaaaaaaaaaaaaaaaaaaaaaaaaaaaaaaaaaaaaaaaaaaaaaaaaaaaaaaaaaaaaaaaaaaaaaaaaaaaaaaaaaaaaaaaaaaaaaaaaaaaaaaaaaaaaaaaaaaaaaaaaaaaaaaaaaaaaaaaaaaaaaaaaaaaaaaaaaaaaaaaaaaaaaaaaaaaaaaaaaaaaaaaaaaaaaaaaaaaaaaaaaaaaaaaaaaaaaaaaaaaaaaaaaaaaaaaaaaaaaaaaaaaaaaaaaaaaaaaaaaaaaaaaaaaaaaaaaaaaaaaaaaaaaaaaaaaaaaaaaaaaaaaaaaaaaaaaaaaaaaaaaaaaaaaaaaaaaaaaaaaaaaaaaaaaaaaaaaaaaaaaaaaaaaaaaaaaaaaaaaaaaaaaaaaaaaaaaaaaaaaaaaaaaaaaaaaaaaaaaaaaaaaaaaaaaaaaaaaaaaaaaaaaaaaaaaaaaaaaaaaaaaaaaaaaaaaaaaaaaaaaaaaaaaaaaaaaaaaaaaaaaaaaaaaaaaaaaaaaaaaaaaaaaaaaaaaaaaaaaaaaaaaaaaaaaaaaaaaaaaaaaaaaaaaaaaaaaaaaaaaaaaaaaaaaaaaaaaaaaaaaaaaaaaaaaaaaaaaaaaaaaaaaaaaaaaaaaaaaaaaaaaaaaaaaaaaaaaaaaaaaaaaaaaaaaaaaaaaaaaaaaaaaaaaaaaaaaaaaaaaaaaaaaaaaaaaaaaaaaaaaaaaaaaaaaaaaaaaaaaaaaaaaaaaaaaaaaaaaaaaaaaaaaaaaaaaaaaaaaaaaaaaaaaaaaaaaaaaaaaaaaaaaaaaaaaaaaaaaaaaaaaaaaaaaaaaaaaaaaaaaaaaaaaaaaaaaaaaaaaaaaaaaaaaaaaaaaaaaaaaaaaaaaaaaaaaaaaaaaaaaaaaaaaaaaaaaaaaaaaaaaaaaaaaaaaaaaaaaaaaaaaaaaaaaaaaaaaaaaaaaaaaaaaaaaaaaaaaaaaaaaaaaaaaaaaaaaaaaaaaaaaaaaaaaaaaaaaaaaaaaaaaaaaaaaaaaaaaaaaaaaaaaaaaaaaaaaaaaaaaaaaaaaaaaaaaaaaaaaaaaaaaaaaaaaaaaaaaaaaaaaaaaaaaaaaaaaaaaaaaaaaaaaaaaaaaaaaaaaaaaaaaaaaaaaaaaaaaaaaaaaaaaaaaaaaaaaaaaaaaaaaaaaaaaaaaaaaaaaaaaaaaaaaaaaaaaaaaaaaaaaaaaaaaaaaaaaaaaaaaaaaaaaaaaaaaaaaaaaaaaaaaaaaaaaaaaaaaaaaaaaaaaaaaaaaaaaaaaaaaaaaaaaaaaaaaaaaaaaaaaaaaaaaaaaaaaaaaaaaaaaaaaaaaaaaaaaaaaaaaaaaaaaaaaaaaaaaaaaaaaaaaaaaaaaaaaaaaaaaaaaaaaaaaaaaaaaaaaaaaaaaaaaaaaaaaaaaaaaaaaaaaaaaaaaaaaaaaaaaaaaaaaaaaaaaaaaaaaaaaaaaaaaaaaaaaaaaaaaaaaaaaaaaaaaaaaaaaaaaaaaaaaaaaaaaaaaaaaaaaaaaaaaaaaaaaaaaaaaaaaaaaaaaaaaaaaaaaaaaaaaaaaaaaaaaaaaaaaaaaaaaaaaaaaaaaaaaaaaaaaaaaaaaaaaaaaaaaaaaaaaaaaaaaaaaaaaaaaaaaaaaaaaaaaaaaaaaaaaaaaaaaaaaaaaaaaaaaaaaaaaaaaaaaaaaaaaaaaaaaaaaaaaaaaaaaaaaaaaaaaaaaaaaaaaaaaaaaaaaaaaaaaaaaaaaaaaaaaaaaaaaaaaaaaaaaaaaaaaaaaaaaaaaaaaaaaaaaaaaaaaaaaaaaaaaaaaaaaaaaaaaaaaaaaaaaaaaaaaaaaaaaaaaaaaaaaaaaaaaaaaaaaaaaaaaaaaaaaaaaaaaaaaaaaaaaaaaaaaaaaaaaaaaaaaaaaaaaaaaaaaaaaaaaaaaaaaaaaaaaaaaaaaaaaaaaaaaaaaaaaaaaaaaaaaaaaaaaaaaaaaaaaaaaaaaaaaaaaaaaaaaaaaaaaaaaaaaaaaaaaaaaaaaaaaaaaaaaaaaaaaaaaaaaaaaaaaaaaaaaaaaaaaaaaaaaaaaaaaaaaaaaaaaaaaaaaaaaaaaaaaaaaaaaaaaaaaaaaaaaaaaaaaaaaaaaaaaaaaaaaaaaaaaaaaaaaaaaaaaaaaaaaaaaaaaaaaaaaaaaaaaaaaaaaaaaaaaaaaaaaaaaaaaaaaaaaaaaaaaaaaaaaaaaaaaaaaaaaaaaaaaaaaaaaaaaaaaaaaaaaaaaaaaaaaaaaaaaaaaaaaaaaaaaaaaaaaaaaaaaaaaaaaaaaaaaaaaaaaaaaaaaaaaaaaaaaaaaaaaaaaaaaaaaaaaaaaaaaaaaaaaaaaaaaaaaaaaaaaaaaaaaaaaaaaaaaaaaaaaaaaaaaaaaaaaaaaaaaaaaaaaaaaaaaaaaaaaaaaaaaaaaaaaaaaaaaaaaaaaaaaaaaaaaaaaaaaaaaaaaaaaaaaaaaaaaaaaaaaaaaaaaaaaaaaaaaaaaaaaaaaaaaaaaaaaaaaaaaaaaaaaaaaaaaaaaaaaaaaaaaaaaaaaaaaaaaaaaaaaaaaaaaaaaaaaaaaaaaaaaaaaaaaaaaaaaaaaaaaaaaaaaaaaaaaaaaaaaaaaaaaaaaaaaaaaaaaaaaaaaaaaaaaaaaaaaaaaaaaaaaaaaaaaaaaaaaaaaaaaaaaaaaaaaaaaaaaaaaaaaaaaaaaaaaaaaaaaaaaaaaaaaaaaaaaaaaaaaaaaaaaaaaaaaaaaaaaaaaaaaaaaaaaaaaaaaaaaaaaaaaaaaaaaaaaaaaaaaaaaaaaaaaaaaaaaaaaaaaaaaaaaaaaaaaaaaaaaaaaaaaaaaaaaaaaaaaaaaaaaaaaaaaaaaaaaaaaaaaaaaaaaaaaaaaaaaaaaaaaaaaaaaaaaaaaaaaaaaaaaaaaaaaaaaaaaaaaaaaaaaaaaaaaaaaaaaaaaaaaaaaaaaaaaaaaaaaaaaaaaaaaaaaaaaaaaaaaaaaaaaaaaaaaaaaaaaaaaaaaaaaaaaaaaaaaaaaaaaaaaaaaaaaaaaaaaaaaaaaaaaaaaaaaaaaaaaaaaaaaaaaaaaaaaaaaaaaaaaaaaaaaaaaaaaaaaaaaaaaaaaaaaaaaaaaaaaaaaaaaaaaaaaaaaaaaaaaaaaaaaaaaaaaaaaaaaaaaaaaaaaaaaaaaaaaaaaaaaaaaaaaaaaaaaaaaaaaaaaaaaaaaaaaaaaaaaaaaaaaaaaaaaaaaaaaaaaaaaaaaaaaaaaaaaaaaaaaaaaaaaaaaaaaaaaaaaaaaaaaaaaaaaaaaaaaaaaaaaaaaaaaaaaaaaaaaaaaaaaaaaaaaaaaaaaaaaaaaaaaaaaaaaaaaaaaaaaaaaaaaaaaaaaaaaaaaaaaaaaaaaaaaaaaaaaaaaaaaaaaaaaaaaaaaaaaaaaaaaaaaaaaaaaaaaaaaaaaaaaaaaaaaaaaaaaaaaaaaaaaaaaaaaaaaaaaaaaaaaaaaaaaaaaaaaaaaaaaaaaaaaaaaaaaaaaaaaaaaaaaaaaaaaaaaaaaaaaaaaaaaaaaaaaaaaaaaaaaaaaaaaaaaaaaaaaaaaaaaaaaaaaaaaaaaaaaaaaaaaaaaaaaaaaaaaaaaaaaaaaaaaaaaaaaaaaaaaaaaaaaaaaaaaaaaaaaaaaaaaaaaaaaaaaaaaaaaaaaaaaaaaaaaaaaaaaaaaaaaaaaaaaaaaaaaaaaaaaaaaaaaaaaaaaaaaaaaaaaaaaaaaaaaaaaaaaaaaaaaaaaaaaaaaaaaaaaaaaaaaaaaaaaaaaaaaaaaaaaaaaaaaaaaaaaaaaaaaaaaaaaaaaaaaaaaaaaaaaaaaaaaaaaaaaaaaaaaaaaaaaaaaaaaaaaaaaaaaaaaaaaaaaaaaaaaaaaaaaaaaaaaaaaaaaaaaaaaaaaaaaaaaaaaaaaaaaaaaaaaaaaaaaaaaaaaaaaaaaaaaaaaaaaaaaaaaaaaaaaaaaaaaaaaaaaaaaaaaaaaaaaaaaaaaaaaaaaaaaaaaaaaaaaaaaaaaaaaaaaaaaaaaaaaaaaaaaaaaaaaaaaaaaaaaaaaaaaaaaaaaaaaaaaaaaaaaaaaaaaaaaaaaaaaaaaaaaaaaaaaaaaaaaaaaaaaaaaaaaaaaaaaaaaaaaaaaaaaaaaaaaaaaaaaaaaaaaaaaaaaaaaaaaaaaaaaaaaaaaaaaaaaaaaaaaaaaaaaaaaaaaaaaaaaaaaaaaaaaaaaaaaaaaaaaaaaaaaaaaaaaaaaaaaaaaaaaaaaaaaaaaaaaaaaaaaaaaaaaaaaaaaaaaaaaaaaaaaaaaaaaaaaaaaaaaaaaaaaaaaaaaaaaaaaaaaaaaaaaaaaaaaaaaaaaaaaaaaaaaaaaaaaaaaaaaaaaaaaaaaaaaaaaaaaaaaaaaaaaaaaaaaaaaaaaaaaaaaaaaaaaaaaaaaaaaaaaaaaaaaaaaaaaaaaaaaaaaaaaaaaaaaaaaaaaaaaaaaaaaaaaaaaaaaaaaaaaaaaaaaaaaaaaaaaaaaaaaaaaaaaaaaaaaaaaaaaaaaaaaaaaaaaaaaaaaaaaaaaaaaaaaaaaaaaaaaaaaaaaaaaaaaaaaaaaaaaaaaaaaaaaaaaaaaaaaaaaaaaaaaaaaaaaaaaaaaaaaaaaaaaaaaaaaaaaaaaaaaaaaaaaaaaaaaaaaaaaaaaaaaaaaaaaaaaaaaaaaaaaaaaaaaaaaaaaaaaaaaaaaaaaaaaaaaaaaaaaaaaaaaaaaaaaaaaaaaaaaaaaaaaaaaaaaaaaaaaaaaaaaaaaaaaaaaaaaaaaaaaaaaaaaaaaaaaaaaaaaaaaaaaaaaaaaaaaaaaaaaaaaaaaaaaaaaaaaaaaaaaaaaaaaaaaaaaaaaaaaaaaaaaaaaaaaaaaaaaaaaaaaaaaaaaaaaaaaaaaaaaaaaaaaaaaaaaaaaaaaaaaaaaaaaaaaaaaaaaaaaaaaaaaaaaaaaaaaaaaaaaaaaaaaaaaaaaaaaaaaaaaaaaaaaaaaaaaaaaaaaaaaaaaaaaaaaaaaaaaaaaaaaaaaaaaaaaaaaaaaaaaaaaaaaaaaaaaaaaaaaaaaaaaaaaaaaaaaaaaaaaaaaaaaaaaaaaaaaaaaaaaaaaaaaaaaaaaaaaaaaaaaaaaaaaaaaaaaaaaaaaaaaaaaaaaaaaaaaaaaaaaaaaaaaaaaaaaaaaaaaaaaaaaaaaaaaaaaaaaaaaaaaaaaaaaaaaaaaaaaaaaaaaaaaaaaaaaaaaaaaaaaaaaaaaaaaaaaaaaaaaaaaaaaaaaaaaaaaaaaaaaaaaaaaaaaaaaaaaaaaaaaaaaaaaaaaaaaaaaaaaaaaaaaaaaaaaaaaaaaaaaaaaaaaaaaaaaaaaaaaaaaaaaaaaaaaaaaaaaaaaaaaaaaaaaaaaaaaaaaaaaaaaaaaaaaaaaaaaaaaaaaaaaaaaaaaaaaaaaaaaaaaaaaaaaaaaaaaaaaaaaaaaaaaaaaaaaaaaaaaaaaaaaaaaaaaaaaaaaaaaaaaaaaaaaaaaaaaaaaaaaaaaaaaaaaaaaaaaaaaaaaaaaaaaaaaaaaaaaaaaaaaaaaaaaaaaaaaaaaaaaaaaaaaaaaaaaaaaaaaaaaaaaaaaaaaaaaaaaaaaaaaaaaaaaaaaaaaaaaaaaaaaaaaaaaaaaaaaaaaaaaaaaaaaaaaaaaaaaaaaaaaaaaaaaaaaaaaaaaaaaaaaaaaaaaaaaaaaaaaaaaaaaaaaaaaaaaaaaaaaaaaaaaaaaaaaaaaaaaaaaaaaaaaaaaaaaaaaaaaaaaaaaaaaaaaaaaaaaaaaaaaaaaaaaaaaaaaaaaaaaaaaaaaaaaaaaaaaaaaaaaaaaaaaaaaaaaaaaaaaaaaaaaaaaaaaaaaaaaaaaaaaaaaaaaaaaaaaaaaaaaaaaaaaaaaaaaaaaaaaaaaaaaaaaaaaaaaaaaaaaaaaaaaaaaaaaaaaaaaaaaaaaaaaaaaaaaaaaaaaaaaaaaaaaaaaaaaaaaaaaaaaaaaaaaaaaaaaaaaaaaaaaaaaaaaaaaaaaaaaaaaaaaaaaaaaaaaaaaaaaaaaaaaaaaaaaaaaaaaaaaaaaaaaaaaaaaaaaaaaaaaaaaaaaaaaaaaaaaaaaaaaaaaaaaaaaaaaaaaaaaaaaaaaaaaaaaaaaaaaaaaaaaaaaaaaaaaaaaaaaaaaaaaaaaaaaaaaaaaaaaaaaaaaaaaaaaaaaaaaaaaaaaaaaaaaaaaaaaaaaaaaaaaaaaaaaaaaaaaaaaaaaaaaaaaaaaaaaaaaaaaaaaaaaaaaaaaaaaaaaaaaaaaaaaaaaaaaaaaaaaaaaaaaaaaaaaaaaaaaaaaaaaaaaaaaaaaaaaaaaaaaaaaaaaaaaaaaaaaaaaaaaaaaaaaaaaaaaaaaaaaaaaaaaaaaaaaaaaaaaaaaaaaaaaaaaaaaaaaaaaaaaaaaaaaaaaaaaaaaaaaaaaaaaaaaaaaaaaaaaaaaaaaaaaaaaaaaaaaaaaaaaaaaaaaaaaaaaaaaaaaaaaaaaaaaaaaaaaaaaaaaaaaaaaaaaaaaaaaaaaaaaaaaaaaaaaaaaaaaaaaaaaaaaaaaaaaaaaaaaaaaaaaaaaaaaaaaaaaaaaaaaaaaaaaaaaaaaaaaaaaaaaaaaaaaaaaaaaaaaaaaaaaaaaaaaaaaaaaaaaaaaaaaaaaaaaaaaaaaaaaaaaaaaaaaaaaaaaaaaaaaaaaaaaaaaaaaaaaaaaaaaaaaaaaaaaaaaaaaaaaaaaaaaaaaaaaaaaaaaaaaaaaaaaaaaaaaaaaaaaaaaaaaaaaaaaaaaaaaaaaaaaaaaaaaaaaaaaaaaaaaaaaaaaaaaaaaaaaaaaaaaaaaaaaaaaaaaaaaaaaaaaaaaaaaaaaaaaaaaaaaaaaaaaaaaaaaaaaaaaaaaaaaaaaaaaaaaaaaaaaaaaaaaaaaaaaaaaaaaaaaaaaaaaaaaaaaaaaaaaaaaaaaaaaaaaaaaaaaaaaaaaaaaaaaaaaaaaaaaaaaaaaaaaaaaaaaaaaaaaaaaaaaaaaaaaaaaaaaaaaaaaaaaaaaaaaaaaaaaaaaaaaaaaaaaaaaaaaaaaaaaaaaaaaaaaaaaaaaaaaaaaaaaaaaaaaaaaaaaaaaaaaaaaaaaaaaaaaaaaaaaaaaaaaaaaaaaaaaaaaaaaaaaaaaaaaaaaaaaaaaaaaaaaaaaaaaaaaaaaaaaaaaaaaaaaaaaaaaaaaaaaaaaaaaaaaaaaaaaaaaaaaaaaaaaaaaaaaaaaaaaaaaaaaaaaaaaaaaaaaaaaaaaaaaaaaaaaaaaaaaaaaaaaaaaaaaaaaaaaaaaaaaaaaaaaaaaaaaaaaaaaaaaaaaaaaaaaaaaaaaaaaaaaaaaaaaaaaaaaaaaaaaaaaaaaaaaaaaaaaaaaaaaaaaaaaaaaaaaaaaaaaaaaaaaaaaaaaaaaaaaaaaaaaaaaaaaaaaaaaaaaaaaaaaaaaaaaaaaaaaaaaaaaaaaaaaaaaaaaaaaaaaaaaaaaaaaaaaaaaaaaaaaaaaaaaaaaaaaaaaaaaaaaaaaaaaaaaaaaaaaaaaaaaaaaaaaaaaaaaaaaaaaaaaaaaaaaaaaaaaaaaaaaaaaaaaaaaaaaaaaaaaaaaaaaaaaaaaaaaaaaaaaaaaaaaaaaaaaaaaaaaaaaaaaaaaaaaaaaaaaaaaaaaaaaaaaaaaaaaaaaaaaaaaaaaaaaaaaaaaaaaaaaaaaaaaaaaaaaaaaaaaaaaaaaaaaaaaaaaaaaaaaaaaaaaaaaaaaaaaaaaaaaaaaaaaaaaaaaaaaaaaaaaaaaaaaaaaaaaaaaaaaaaaaaaaaaaaaaaaaaaaaaaaaaaaaaaaaaaaaaaaaaaaaaaaaaaaaaaaaaaaaaaaaaaaaaaaaaaaaaaaaaaaaaaaaaaaaaaaaaaaaaaaaaaaaaaaaaaaaaaaaaaaaaaaaaaaaaaaaaaaaaaaaaaaaaaaaaaaaaaaaaaaaaaaaaaaaaaaaaaaaaaaaaaaaaaaaaaaaaaaaaaaaaaaaaaaaaaaaaaaaaaaaaaaaaaaaaaaaaaaaaaaaaaaaaaaaaaaaaaaaaaaaaaaaaaaaaaaaaaaaaaaaaaaaaaaaaaaaaaaaaaaaaaaaaaaaaaaaaaaaaaaaaaaaaaaaaaaaaaaaaaaaaaaaaaaaaaaaaaaaaaaaaaaaaaaaaaaaaaaaaaaaaaaaaaaaaaaaaaaaaaaaaaaaaaaaaaaaaaaaaaaaaaaaaaaaaaaaaaaaaaaaaaaaaaaaaaaaaaaaaaaaaaaaaaaaaaaaaaaaaaaaaaaaaaaaaaaaaaaaaaaaaaaaaaaaaaaaaaaaaaaaaaaaaaaaaaaaaaaaaaaaaaaaaaaaaaaaaaaaaaaaaaaaaaaaaaaaaaaaaaaaaaaaaaaaaaaaaaaaaaaaaaaaaaaaaaaaaaaaaaaaaaaaaaaaaaaaaaaaaaaaaaaaaaaaaaaaaaaaaaaaaaaaaaaaaaaaaaaaaaaaaaaaaaaaaaaaaaaaaaaaaaaaaaaaaaaaaaaaaaaaaaaaaaaaaaaaaaaaaaaaaaaaaaaaaaaaaaaaaaaaaaaaaaaaaaaaaaaaaaaaaaaaaaaaaaaaaaaaaaaaaaaaaaaaaaaaaaaaaaaaaaaaaaaaaaaaaaaaaaaaaaaaaaaaaaaaaaaaaaaaaaaaaaaaaaaaaaaaaaaaaaaaaaaaaaaaaaaaaaaaaaaaaaaaaaaaaaaaaaaaaaaaaaaaaaaaaaaaaaaaaaaaaaaaaaaaaaaaaaaaaaaaaaaaaaaaaaaaaaaaaaaaaaaaaaaaaaaaaaaaaaaaaaaaaaaaaaaaaaaaaaaaaaaaaaaaaaaaaaaaaaaaaaaaaaaaaaaaaaaaaaaaaaaaaaaaaaaaaaaaaaaaaaaaaaaaaaaaaaa@example.com] PASSED [  9%]
tests/unit/apis/backpack/models/test_bp_raw_account.py::test_BackpackRawAccount_extra_field PASSED [  9%]
tests/unit/apis/backpack/models/test_bp_raw_account.py::test_BackpackRawBalance_happy_path PASSED [  9%]
tests/unit/apis/backpack/models/test_bp_raw_account.py::test_BackpackRawBalance_missing_required_fields[available] PASSED [  9%]
tests/unit/apis/backpack/models/test_bp_raw_account.py::test_BackpackRawBalance_missing_required_fields[locked] PASSED [  9%]
tests/unit/apis/backpack/models/test_bp_raw_account.py::test_BackpackRawBalance_missing_required_fields[staked] PASSED [  9%]
tests/unit/apis/backpack/models/test_bp_raw_account.py::test_BackpackRawBalance_decimal_edge_cases[available-0-True] PASSED [  9%]
tests/unit/apis/backpack/models/test_bp_raw_account.py::test_BackpackRawBalance_decimal_edge_cases[available--1.0-True] PASSED [  9%]
tests/unit/apis/backpack/models/test_bp_raw_account.py::test_BackpackRawBalance_decimal_edge_cases[available-NaN-False] PASSED [  9%]
tests/unit/apis/backpack/models/test_bp_raw_account.py::test_BackpackRawBalance_decimal_edge_cases[available-inf-False] PASSED [  9%]
tests/unit/apis/backpack/models/test_bp_raw_account.py::test_BackpackRawBalance_decimal_edge_cases[available-1e6-True] PASSED [  9%]
tests/unit/apis/backpack/models/test_bp_raw_account.py::test_BackpackRawBalance_decimal_edge_cases[available-1..0-False] PASSED [  9%]
tests/unit/apis/backpack/models/test_bp_raw_account.py::test_BackpackRawBalance_adversarial_strings[available-] PASSED [ 10%]
tests/unit/apis/backpack/models/test_bp_raw_account.py::test_BackpackRawBalance_adversarial_strings[available-   ] PASSED [ 10%]
tests/unit/apis/backpack/models/test_bp_raw_account.py::test_BackpackRawBalance_adversarial_strings[available-1000\U0001f600] PASSED [ 10%]
tests/unit/apis/backpack/models/test_bp_raw_account.py::test_BackpackRawBalance_adversarial_strings[available-1000; DROP TABLE balances;] PASSED [ 10%]
tests/unit/apis/backpack/models/test_bp_raw_account.py::test_BackpackRawBalance_adversarial_strings[available-<img src=x onerror=alert(1)>] PASSED [ 10%]
tests/unit/apis/backpack/models/test_bp_raw_account.py::test_BackpackRawBalance_extra_field PASSED [ 10%]
tests/unit/apis/backpack/models/test_bp_raw_account.py::test_BackpackRawBalance_corruption_cases PASSED [ 10%]
tests/unit/apis/backpack/models/test_bp_raw_account.py::test_BackpackRawAccount_real_json_example PASSED [ 10%]
tests/unit/apis/backpack/models/test_bp_raw_account.py::test_BackpackRawAccount_corruption_null_id PASSED [ 10%]
tests/unit/apis/backpack/models/test_bp_raw_account.py::test_BackpackRawAccount_corruption_binary_email PASSED [ 10%]
tests/unit/apis/backpack/models/test_bp_raw_account.py::test_BackpackRawAccount_corruption_nested_status PASSED [ 10%]
tests/unit/apis/backpack/models/test_bp_raw_account.py::test_BackpackRawAccount_corruption_list_id PASSED [ 10%]
tests/unit/apis/backpack/models/test_bp_raw_account.py::test_BackpackRawAccount_corruption_garbled_unicode_email PASSED [ 10%]
tests/unit/apis/backpack/models/test_bp_raw_account.py::test_BackpackRawBalance_real_json_example PASSED [ 10%]
tests/unit/apis/backpack/models/test_bp_raw_account.py::test_BackpackRawBalance_corruption_null_available PASSED [ 10%]
tests/unit/apis/backpack/models/test_bp_raw_account.py::test_BackpackRawBalance_corruption_binary_available PASSED [ 10%]
tests/unit/apis/backpack/models/test_bp_raw_account.py::test_BackpackRawBalance_corruption_nested_locked PASSED [ 10%]
tests/unit/apis/backpack/models/test_bp_raw_account.py::test_BackpackRawBalance_corruption_list_available PASSED [ 10%]
tests/unit/apis/backpack/models/test_bp_raw_account.py::test_BackpackRawBalance_corruption_garbled_unicode_available PASSED [ 10%]
tests/unit/apis/backpack/models/test_bp_raw_api_request_payloads.py::TestBackpackRawOrderExecuteRequest::test_valid_minimal_limit_order PASSED [ 10%]
tests/unit/apis/backpack/models/test_bp_raw_api_request_payloads.py::TestBackpackRawOrderExecuteRequest::test_valid_minimal_market_order PASSED [ 10%]
tests/unit/apis/backpack/models/test_bp_raw_api_request_payloads.py::TestBackpackRawOrderExecuteRequest::test_valid_full_order_with_all_fields PASSED [ 10%]
tests/unit/apis/backpack/models/test_bp_raw_api_request_payloads.py::TestBackpackRawOrderExecuteRequest::test_aliases_work_correctly PASSED [ 10%]
tests/unit/apis/backpack/models/test_bp_raw_api_request_payloads.py::TestBackpackRawOrderExecuteRequest::test_invalid_order_type_literal PASSED [ 10%]
tests/unit/apis/backpack/models/test_bp_raw_api_request_payloads.py::TestBackpackRawOrderExecuteRequest::test_invalid_side_literal PASSED [ 10%]
tests/unit/apis/backpack/models/test_bp_raw_api_request_payloads.py::TestBackpackRawOrderExecuteRequest::test_invalid_time_in_force_literal PASSED [ 10%]
tests/unit/apis/backpack/models/test_bp_raw_api_request_payloads.py::TestBackpackRawOrderExecuteRequest::test_invalid_self_trade_prevention_literal PASSED [ 10%]
tests/unit/apis/backpack/models/test_bp_raw_api_request_payloads.py::TestBackpackRawOrderExecuteRequest::test_invalid_trigger_by_literal PASSED [ 10%]
tests/unit/apis/backpack/models/test_bp_raw_api_request_payloads.py::TestBackpackRawOrderExecuteRequest::test_invalid_client_id_type PASSED [ 10%]
tests/unit/apis/backpack/models/test_bp_raw_api_request_payloads.py::TestBackpackRawOrderExecuteRequest::test_invalid_price_format PASSED [ 10%]
tests/unit/apis/backpack/models/test_bp_raw_api_request_payloads.py::TestBackpackRawOrderExecuteRequest::test_invalid_boolean_type PASSED [ 10%]
tests/unit/apis/backpack/models/test_bp_raw_api_request_payloads.py::TestBackpackRawOrderExecuteRequest::test_extra_fields_forbidden PASSED [ 10%]
tests/unit/apis/backpack/models/test_bp_raw_api_request_payloads.py::TestBackpackRawOrderExecuteRequest::test_model_is_frozen PASSED [ 10%]
tests/unit/apis/backpack/models/test_bp_raw_api_request_payloads.py::TestBackpackRawOrderCancelRequest::test_valid_with_order_id PASSED [ 10%]
tests/unit/apis/backpack/models/test_bp_raw_api_request_payloads.py::TestBackpackRawOrderCancelRequest::test_valid_with_client_id PASSED [ 10%]
tests/unit/apis/backpack/models/test_bp_raw_api_request_payloads.py::TestBackpackRawOrderCancelRequest::test_valid_with_neither_id PASSED [ 10%]
tests/unit/apis/backpack/models/test_bp_raw_api_request_payloads.py::TestBackpackRawOrderCancelRequest::test_invalid_client_id_type PASSED [ 11%]
tests/unit/apis/backpack/models/test_bp_raw_api_request_payloads.py::TestBackpackRawOrderCancelRequest::test_empty_symbol_validation PASSED [ 11%]
tests/unit/apis/backpack/models/test_bp_raw_api_request_payloads.py::TestBackpackRawOrderCancelRequest::test_model_is_frozen PASSED [ 11%]
tests/unit/apis/backpack/models/test_bp_raw_api_request_payloads.py::TestBackpackRawOrderCancelAllRequest::test_valid_minimal PASSED [ 11%]
tests/unit/apis/backpack/models/test_bp_raw_api_request_payloads.py::TestBackpackRawOrderCancelAllRequest::test_valid_with_order_type_filter PASSED [ 11%]
tests/unit/apis/backpack/models/test_bp_raw_api_request_payloads.py::TestBackpackRawOrderCancelAllRequest::test_invalid_order_type_literal PASSED [ 11%]
tests/unit/apis/backpack/models/test_bp_raw_api_request_payloads.py::TestBackpackRawOrderCancelAllRequest::test_conditional_order_type_valid PASSED [ 11%]
tests/unit/apis/backpack/models/test_bp_raw_api_request_payloads.py::TestBackpackRawAccountWithdrawalRequest::test_valid_minimal_withdrawal PASSED [ 11%]
tests/unit/apis/backpack/models/test_bp_raw_api_request_payloads.py::TestBackpackRawAccountWithdrawalRequest::test_valid_with_optional_fields PASSED [ 11%]
tests/unit/apis/backpack/models/test_bp_raw_api_request_payloads.py::TestBackpackRawAccountWithdrawalRequest::test_invalid_blockchain_literal PASSED [ 11%]
tests/unit/apis/backpack/models/test_bp_raw_api_request_payloads.py::TestBackpackRawAccountWithdrawalRequest::test_invalid_symbol_literal PASSED [ 11%]
tests/unit/apis/backpack/models/test_bp_raw_api_request_payloads.py::TestBackpackRawAccountWithdrawalRequest::test_valid_various_blockchains[Arbitrum] PASSED [ 11%]
tests/unit/apis/backpack/models/test_bp_raw_api_request_payloads.py::TestBackpackRawAccountWithdrawalRequest::test_valid_various_blockchains[Base] PASSED [ 11%]
tests/unit/apis/backpack/models/test_bp_raw_api_request_payloads.py::TestBackpackRawAccountWithdrawalRequest::test_valid_various_blockchains[Bitcoin] PASSED [ 11%]
tests/unit/apis/backpack/models/test_bp_raw_api_request_payloads.py::TestBackpackRawAccountWithdrawalRequest::test_valid_various_blockchains[Solana] PASSED [ 11%]
tests/unit/apis/backpack/models/test_bp_raw_api_request_payloads.py::TestBackpackRawAccountWithdrawalRequest::test_valid_various_blockchains[XRP] PASSED [ 11%]
tests/unit/apis/backpack/models/test_bp_raw_api_request_payloads.py::TestBackpackRawAccountWithdrawalRequest::test_valid_various_symbols[BTC] PASSED [ 11%]
tests/unit/apis/backpack/models/test_bp_raw_api_request_payloads.py::TestBackpackRawAccountWithdrawalRequest::test_valid_various_symbols[ETH] PASSED [ 11%]
tests/unit/apis/backpack/models/test_bp_raw_api_request_payloads.py::TestBackpackRawAccountWithdrawalRequest::test_valid_various_symbols[SOL] PASSED [ 11%]
tests/unit/apis/backpack/models/test_bp_raw_api_request_payloads.py::TestBackpackRawAccountWithdrawalRequest::test_valid_various_symbols[USDT] PASSED [ 11%]
tests/unit/apis/backpack/models/test_bp_raw_api_request_payloads.py::TestBackpackRawAccountWithdrawalRequest::test_valid_various_symbols[DOGE] PASSED [ 11%]
tests/unit/apis/backpack/models/test_bp_raw_api_request_payloads.py::TestBackpackRawAccountWithdrawalRequest::test_valid_various_symbols[ADA] PASSED [ 11%]
tests/unit/apis/backpack/models/test_bp_raw_api_request_payloads.py::TestBackpackRawUpdateAccountSettingsRequest::test_valid_empty_settings PASSED [ 11%]
tests/unit/apis/backpack/models/test_bp_raw_api_request_payloads.py::TestBackpackRawUpdateAccountSettingsRequest::test_valid_partial_settings PASSED [ 11%]
tests/unit/apis/backpack/models/test_bp_raw_api_request_payloads.py::TestBackpackRawUpdateAccountSettingsRequest::test_valid_all_settings PASSED [ 11%]
tests/unit/apis/backpack/models/test_bp_raw_api_request_payloads.py::TestBackpackRawUpdateAccountSettingsRequest::test_invalid_boolean_type PASSED [ 11%]
tests/unit/apis/backpack/models/test_bp_raw_api_request_payloads.py::TestBackpackRawAccountConvertDustRequest::test_valid_dust_conversion PASSED [ 11%]
tests/unit/apis/backpack/models/test_bp_raw_api_request_payloads.py::TestBackpackRawAccountConvertDustRequest::test_invalid_symbol_literal PASSED [ 11%]
tests/unit/apis/backpack/models/test_bp_raw_api_request_payloads.py::TestBackpackRawAccountConvertDustRequest::test_valid_various_symbols[BTC] PASSED [ 11%]
tests/unit/apis/backpack/models/test_bp_raw_api_request_payloads.py::TestBackpackRawAccountConvertDustRequest::test_valid_various_symbols[ETH] PASSED [ 11%]
tests/unit/apis/backpack/models/test_bp_raw_api_request_payloads.py::TestBackpackRawAccountConvertDustRequest::test_valid_various_symbols[SOL] PASSED [ 11%]
tests/unit/apis/backpack/models/test_bp_raw_api_request_payloads.py::TestBackpackRawAccountConvertDustRequest::test_valid_various_symbols[USDT] PASSED [ 11%]
tests/unit/apis/backpack/models/test_bp_raw_api_request_payloads.py::TestBackpackRawAccountConvertDustRequest::test_valid_various_symbols[DOGE] PASSED [ 11%]
tests/unit/apis/backpack/models/test_bp_raw_api_request_payloads.py::TestBackpackRawAccountConvertDustRequest::test_valid_various_symbols[ADA] PASSED [ 11%]
tests/unit/apis/backpack/models/test_bp_raw_api_request_payloads.py::TestBackpackRawBorrowLendExecuteRequest::test_valid_borrow_request PASSED [ 11%]
tests/unit/apis/backpack/models/test_bp_raw_api_request_payloads.py::TestBackpackRawBorrowLendExecuteRequest::test_valid_all_sides[Borrow] PASSED [ 12%]
tests/unit/apis/backpack/models/test_bp_raw_api_request_payloads.py::TestBackpackRawBorrowLendExecuteRequest::test_valid_all_sides[Lend] PASSED [ 12%]
tests/unit/apis/backpack/models/test_bp_raw_api_request_payloads.py::TestBackpackRawBorrowLendExecuteRequest::test_valid_all_sides[Repay] PASSED [ 12%]
tests/unit/apis/backpack/models/test_bp_raw_api_request_payloads.py::TestBackpackRawBorrowLendExecuteRequest::test_valid_all_sides[Redeem] PASSED [ 12%]
tests/unit/apis/backpack/models/test_bp_raw_api_request_payloads.py::TestBackpackRawBorrowLendExecuteRequest::test_invalid_side_literal PASSED [ 12%]
tests/unit/apis/backpack/models/test_bp_raw_api_request_payloads.py::TestBackpackRawBorrowLendExecuteRequest::test_invalid_symbol_literal PASSED [ 12%]
tests/unit/apis/backpack/models/test_bp_raw_api_request_payloads.py::TestBackpackRawRequestForQuoteRequest::test_valid_minimal_rfq PASSED [ 12%]
tests/unit/apis/backpack/models/test_bp_raw_api_request_payloads.py::TestBackpackRawRequestForQuoteRequest::test_valid_with_quantity PASSED [ 12%]
tests/unit/apis/backpack/models/test_bp_raw_api_request_payloads.py::TestBackpackRawRequestForQuoteRequest::test_valid_with_quote_quantity PASSED [ 12%]
tests/unit/apis/backpack/models/test_bp_raw_api_request_payloads.py::TestBackpackRawRequestForQuoteRequest::test_invalid_quantity_format PASSED [ 12%]
tests/unit/apis/backpack/models/test_bp_raw_api_request_payloads.py::TestBackpackRawRequestForQuoteRequest::test_invalid_timestamp_type PASSED [ 12%]
tests/unit/apis/backpack/models/test_bp_raw_api_request_payloads.py::TestBackpackRawQuoteSubmitRequest::test_valid_quote_submission PASSED [ 12%]
tests/unit/apis/backpack/models/test_bp_raw_api_request_payloads.py::TestBackpackRawQuoteSubmitRequest::test_valid_with_client_quote_id PASSED [ 12%]
tests/unit/apis/backpack/models/test_bp_raw_api_request_payloads.py::TestBackpackRawQuoteSubmitRequest::test_invalid_side_literal PASSED [ 12%]
tests/unit/apis/backpack/models/test_bp_raw_api_request_payloads.py::TestBackpackRawQuoteSubmitRequest::test_both_sides_valid[Bid] PASSED [ 12%]
tests/unit/apis/backpack/models/test_bp_raw_api_request_payloads.py::TestBackpackRawQuoteSubmitRequest::test_both_sides_valid[Ask] PASSED [ 12%]
tests/unit/apis/backpack/models/test_bp_raw_api_request_payloads.py::TestBackpackRawQuoteAcceptRequest::test_valid_quote_acceptance PASSED [ 12%]
tests/unit/apis/backpack/models/test_bp_raw_api_request_payloads.py::TestBackpackRawQuoteAcceptRequest::test_empty_strings_fail_validation PASSED [ 12%]
tests/unit/apis/backpack/models/test_bp_raw_api_request_payloads.py::TestBackpackRawRequestForQuoteCancelRequest::test_valid_rfq_cancellation PASSED [ 12%]
tests/unit/apis/backpack/models/test_bp_raw_api_request_payloads.py::TestBackpackRawRequestForQuoteCancelRequest::test_empty_rfq_id_fails PASSED [ 12%]
tests/unit/apis/backpack/models/test_bp_raw_api_request_payloads.py::TestBackpackRawRequestForQuoteRefreshRequest::test_valid_minimal_refresh PASSED [ 12%]
tests/unit/apis/backpack/models/test_bp_raw_api_request_payloads.py::TestBackpackRawRequestForQuoteRefreshRequest::test_valid_with_timestamps PASSED [ 12%]
tests/unit/apis/backpack/models/test_bp_raw_api_request_payloads.py::TestBackpackRawRequestForQuoteRefreshRequest::test_invalid_timestamp_type PASSED [ 12%]
tests/unit/apis/backpack/models/test_bp_raw_api_request_payloads.py::TestBackpackRawInternalTransferRequest::test_valid_minimal_transfer PASSED [ 12%]
tests/unit/apis/backpack/models/test_bp_raw_api_request_payloads.py::TestBackpackRawInternalTransferRequest::test_valid_with_client_id PASSED [ 12%]
tests/unit/apis/backpack/models/test_bp_raw_api_request_payloads.py::TestBackpackRawInternalTransferRequest::test_valid_all_account_combinations[SPOT-MARGIN] PASSED [ 12%]
tests/unit/apis/backpack/models/test_bp_raw_api_request_payloads.py::TestBackpackRawInternalTransferRequest::test_valid_all_account_combinations[SPOT-FUTURES] PASSED [ 12%]
tests/unit/apis/backpack/models/test_bp_raw_api_request_payloads.py::TestBackpackRawInternalTransferRequest::test_valid_all_account_combinations[MARGIN-SPOT] PASSED [ 12%]
tests/unit/apis/backpack/models/test_bp_raw_api_request_payloads.py::TestBackpackRawInternalTransferRequest::test_valid_all_account_combinations[MARGIN-FUTURES] PASSED [ 12%]
tests/unit/apis/backpack/models/test_bp_raw_api_request_payloads.py::TestBackpackRawInternalTransferRequest::test_valid_all_account_combinations[FUTURES-SPOT] PASSED [ 12%]
tests/unit/apis/backpack/models/test_bp_raw_api_request_payloads.py::TestBackpackRawInternalTransferRequest::test_valid_all_account_combinations[FUTURES-MARGIN] PASSED [ 12%]
tests/unit/apis/backpack/models/test_bp_raw_api_request_payloads.py::TestBackpackRawInternalTransferRequest::test_invalid_from_account_literal PASSED [ 12%]
tests/unit/apis/backpack/models/test_bp_raw_api_request_payloads.py::TestBackpackRawInternalTransferRequest::test_invalid_to_account_literal PASSED [ 12%]
tests/unit/apis/backpack/models/test_bp_raw_api_request_payloads.py::TestBackpackRawInternalTransferRequest::test_same_accounts_allowed_by_model PASSED [ 12%]
tests/unit/apis/backpack/models/test_bp_raw_error.py::test_BackpackRawApiError_happy_path PASSED [ 12%]
tests/unit/apis/backpack/models/test_bp_raw_error.py::test_BackpackRawApiError_missing_required_fields PASSED [ 13%]
tests/unit/apis/backpack/models/test_bp_raw_error.py::test_BackpackRawApiError_wrong_type_fields PASSED [ 13%]
tests/unit/apis/backpack/models/test_bp_raw_error.py::test_BackpackRawApiError_invalid_format_fields PASSED [ 13%]
tests/unit/apis/backpack/models/test_bp_raw_error.py::test_BackpackRawApiError_extra_field PASSED [ 13%]
tests/unit/apis/backpack/models/test_bp_raw_error.py::test_BackpackRawApiError_corruption_cases PASSED [ 13%]
tests/unit/apis/backpack/models/test_bp_raw_error.py::test_BackpackRawApiError_real_json_example PASSED [ 13%]
tests/unit/apis/backpack/models/test_bp_raw_error.py::test_BackpackRawApiError_corruption_null_code PASSED [ 13%]
tests/unit/apis/backpack/models/test_bp_raw_error.py::test_BackpackRawApiError_corruption_binary_message PASSED [ 13%]
tests/unit/apis/backpack/models/test_bp_raw_error.py::test_BackpackRawApiError_corruption_nested_code PASSED [ 13%]
tests/unit/apis/backpack/models/test_bp_raw_error.py::test_BackpackRawApiError_corruption_list_message PASSED [ 13%]
tests/unit/apis/backpack/models/test_bp_raw_error.py::test_BackpackRawApiError_corruption_garbled_unicode_code PASSED [ 13%]
tests/unit/apis/backpack/models/test_bp_raw_fills.py::test_backpack_raw_fill_valid PASSED [ 13%]
tests/unit/apis/backpack/models/test_bp_raw_fills.py::test_backpack_raw_fill_optional_client_id_none PASSED [ 13%]
tests/unit/apis/backpack/models/test_bp_raw_fills.py::test_backpack_raw_fill_optional_client_id_missing PASSED [ 13%]
tests/unit/apis/backpack/models/test_bp_raw_fills.py::test_backpack_raw_fill_invalid_types[fee-0.1] PASSED [ 13%]
tests/unit/apis/backpack/models/test_bp_raw_fills.py::test_backpack_raw_fill_invalid_types[feeSymbol-123] PASSED [ 13%]
tests/unit/apis/backpack/models/test_bp_raw_fills.py::test_backpack_raw_fill_invalid_types[isMaker-true] PASSED [ 13%]
tests/unit/apis/backpack/models/test_bp_raw_fills.py::test_backpack_raw_fill_invalid_types[orderId-1234567890] PASSED [ 13%]
tests/unit/apis/backpack/models/test_bp_raw_fills.py::test_backpack_raw_fill_invalid_types[price-3000.5] PASSED [ 13%]
tests/unit/apis/backpack/models/test_bp_raw_fills.py::test_backpack_raw_fill_invalid_types[quantity-0.01] PASSED [ 13%]
tests/unit/apis/backpack/models/test_bp_raw_fills.py::test_backpack_raw_fill_invalid_types[side-invalid_value6] PASSED [ 13%]
tests/unit/apis/backpack/models/test_bp_raw_fills.py::test_backpack_raw_fill_invalid_types[symbol-invalid_value7] PASSED [ 13%]
tests/unit/apis/backpack/models/test_bp_raw_fills.py::test_backpack_raw_fill_invalid_types[timestamp-1673788200123] PASSED [ 13%]
tests/unit/apis/backpack/models/test_bp_raw_fills.py::test_backpack_raw_fill_invalid_formats_and_values[fee--String cannot be empty] PASSED [ 13%]
tests/unit/apis/backpack/models/test_bp_raw_fills.py::test_backpack_raw_fill_invalid_formats_and_values[fee-not_a_number-Cannot convert to Decimal] PASSED [ 13%]
tests/unit/apis/backpack/models/test_bp_raw_fills.py::test_backpack_raw_fill_invalid_formats_and_values[fee-NaN-Value must be a finite decimal] PASSED [ 13%]
tests/unit/apis/backpack/models/test_bp_raw_fills.py::test_backpack_raw_fill_invalid_formats_and_values[fee-inf-Value must be a finite decimal] PASSED [ 13%]
tests/unit/apis/backpack/models/test_bp_raw_fills.py::test_backpack_raw_fill_invalid_formats_and_values[feeSymbol--String cannot be empty] PASSED [ 13%]
tests/unit/apis/backpack/models/test_bp_raw_fills.py::test_backpack_raw_fill_invalid_formats_and_values[feeSymbol-AAAAAAAAAAAAAAAAAAAAAAAAAAAAAAAAA-must be string with max length 32] PASSED [ 13%]
tests/unit/apis/backpack/models/test_bp_raw_fills.py::test_backpack_raw_fill_invalid_formats_and_values[orderId--String cannot be empty] PASSED [ 13%]
tests/unit/apis/backpack/models/test_bp_raw_fills.py::test_backpack_raw_fill_invalid_formats_and_values[orderId-BBBBBBBBBBBBBBBBBBBBBBBBBBBBBBBBBBBBBBBBBBBBBBBBBBBBBBBBBBBBBBBBBBBBBBBBBBBBBBBBBBBBBBBBBBBBBBBBBBBBBBBBBBBBBBBBBBBBBBBBBBBBBBBBB-must be string with max length 128] PASSED [ 13%]
tests/unit/apis/backpack/models/test_bp_raw_fills.py::test_backpack_raw_fill_invalid_formats_and_values[side-Buy-must be one of ['Ask', 'Bid'], got 'Buy'] PASSED [ 13%]
tests/unit/apis/backpack/models/test_bp_raw_fills.py::test_backpack_raw_fill_invalid_formats_and_values[timestamp-not-a-valid-iso-date-Cannot parse as ISO datetime] PASSED [ 13%]
tests/unit/apis/backpack/models/test_bp_raw_fills.py::test_backpack_raw_fill_invalid_formats_and_values[timestamp--timestamp: String cannot be empty] PASSED [ 13%]
tests/unit/apis/backpack/models/test_bp_raw_fills.py::test_backpack_raw_fill_invalid_formats_and_values[tradeId--1-Must be >= 0] PASSED [ 13%]
tests/unit/apis/backpack/models/test_bp_raw_fills.py::test_backpack_raw_fill_invalid_formats_and_values[clientId--clientId cannot be an empty or whitespace-only string if provided] PASSED [ 14%]
tests/unit/apis/backpack/models/test_bp_raw_fills.py::test_backpack_raw_fill_invalid_formats_and_values[clientId-CCCCCCCCCCCCCCCCCCCCCCCCCCCCCCCCCCCCCCCCCCCCCCCCCCCCCCCCCCCCCCCCCCCCCCCCCCCCCCCCCCCCCCCCCCCCCCCCCCCCCCCCCCCCCCCCCCCCCCCCCCCCCCCCC-must be string with max length 128] PASSED [ 14%]
tests/unit/apis/backpack/models/test_bp_raw_fills.py::test_backpack_raw_fill_missing_required[fee] PASSED [ 14%]
tests/unit/apis/backpack/models/test_bp_raw_fills.py::test_backpack_raw_fill_missing_required[feeSymbol] PASSED [ 14%]
tests/unit/apis/backpack/models/test_bp_raw_fills.py::test_backpack_raw_fill_missing_required[isMaker] PASSED [ 14%]
tests/unit/apis/backpack/models/test_bp_raw_fills.py::test_backpack_raw_fill_missing_required[orderId] PASSED [ 14%]
tests/unit/apis/backpack/models/test_bp_raw_fills.py::test_backpack_raw_fill_missing_required[price] PASSED [ 14%]
tests/unit/apis/backpack/models/test_bp_raw_fills.py::test_backpack_raw_fill_missing_required[quantity] PASSED [ 14%]
tests/unit/apis/backpack/models/test_bp_raw_fills.py::test_backpack_raw_fill_missing_required[side] PASSED [ 14%]
tests/unit/apis/backpack/models/test_bp_raw_fills.py::test_backpack_raw_fill_missing_required[symbol] PASSED [ 14%]
tests/unit/apis/backpack/models/test_bp_raw_fills.py::test_backpack_raw_fill_missing_required[timestamp] PASSED [ 14%]
tests/unit/apis/backpack/models/test_bp_raw_fills.py::test_backpack_raw_fill_missing_required[tradeId] PASSED [ 14%]
tests/unit/apis/backpack/models/test_bp_raw_fills.py::test_backpack_raw_fill_extra_field PASSED [ 14%]
tests/unit/apis/backpack/models/test_bp_raw_funding.py::test_BackpackRawFundingRate_happy_path PASSED [ 14%]
tests/unit/apis/backpack/models/test_bp_raw_funding.py::test_BackpackRawFundingRate_missing_required_fields PASSED [ 14%]
tests/unit/apis/backpack/models/test_bp_raw_funding.py::test_BackpackRawFundingRate_wrong_type_fields PASSED [ 14%]
tests/unit/apis/backpack/models/test_bp_raw_funding.py::test_BackpackRawFundingRate_invalid_format_fields PASSED [ 14%]
tests/unit/apis/backpack/models/test_bp_raw_funding.py::test_BackpackRawFundingRate_extra_field PASSED [ 14%]
tests/unit/apis/backpack/models/test_bp_raw_funding.py::test_BackpackRawFundingRate_corruption_cases PASSED [ 14%]
tests/unit/apis/backpack/models/test_bp_raw_funding.py::test_BackpackRawFundingRate_real_json_example PASSED [ 14%]
tests/unit/apis/backpack/models/test_bp_raw_funding.py::test_BackpackRawFundingRate_corruption_null_symbol PASSED [ 14%]
tests/unit/apis/backpack/models/test_bp_raw_funding.py::test_BackpackRawFundingRate_corruption_binary_rate PASSED [ 14%]
tests/unit/apis/backpack/models/test_bp_raw_funding.py::test_BackpackRawFundingRate_corruption_nested_markPrice PASSED [ 14%]
tests/unit/apis/backpack/models/test_bp_raw_funding.py::test_BackpackRawFundingRate_corruption_list_indexPrice PASSED [ 14%]
tests/unit/apis/backpack/models/test_bp_raw_funding.py::test_BackpackRawFundingRate_corruption_garbled_unicode_symbol PASSED [ 14%]
tests/unit/apis/backpack/models/test_bp_raw_funding.py::test_BackpackRawMarkPrice_happy_path PASSED [ 14%]
tests/unit/apis/backpack/models/test_bp_raw_funding.py::test_BackpackRawMarkPrice_missing_required_fields PASSED [ 14%]
tests/unit/apis/backpack/models/test_bp_raw_funding.py::test_BackpackRawMarkPrice_wrong_type_fields PASSED [ 14%]
tests/unit/apis/backpack/models/test_bp_raw_funding.py::test_BackpackRawMarkPrice_invalid_format_fields PASSED [ 14%]
tests/unit/apis/backpack/models/test_bp_raw_funding.py::test_BackpackRawMarkPrice_extra_field PASSED [ 14%]
tests/unit/apis/backpack/models/test_bp_raw_funding.py::test_BackpackRawMarkPrice_corruption_cases PASSED [ 14%]
tests/unit/apis/backpack/models/test_bp_raw_funding.py::test_BackpackRawMarkPrice_real_json_example PASSED [ 14%]
tests/unit/apis/backpack/models/test_bp_raw_funding.py::test_BackpackRawMarkPrice_corruption_null_symbol PASSED [ 14%]
tests/unit/apis/backpack/models/test_bp_raw_funding.py::test_BackpackRawMarkPrice_corruption_binary_markPrice PASSED [ 14%]
tests/unit/apis/backpack/models/test_bp_raw_funding.py::test_BackpackRawMarkPrice_corruption_nested_fundingRate PASSED [ 14%]
tests/unit/apis/backpack/models/test_bp_raw_funding.py::test_BackpackRawMarkPrice_corruption_list_markPrice PASSED [ 15%]
tests/unit/apis/backpack/models/test_bp_raw_funding.py::test_BackpackRawMarkPrice_corruption_garbled_unicode_symbol PASSED [ 15%]
tests/unit/apis/backpack/models/test_bp_raw_kline.py::test_valid_kline_list_parsing PASSED [ 15%]
tests/unit/apis/backpack/models/test_bp_raw_kline.py::test_invalid_structure_input_type PASSED [ 15%]
tests/unit/apis/backpack/models/test_bp_raw_kline.py::test_invalid_structure_list_length PASSED [ 15%]
tests/unit/apis/backpack/models/test_bp_raw_kline.py::test_field_validation_failures[0-start_time_ms-1700000000000-TypeFieldError-must be integer, got string] PASSED [ 15%]
tests/unit/apis/backpack/models/test_bp_raw_kline.py::test_field_validation_failures[0-start_time_ms-1700000000000.5-TypeFieldError-must be integer, got float] PASSED [ 15%]
tests/unit/apis/backpack/models/test_bp_raw_kline.py::test_field_validation_failures[0-start_time_ms--1-ValidationError-Value must be non-negative] PASSED [ 15%]
tests/unit/apis/backpack/models/test_bp_raw_kline.py::test_field_validation_failures[1-open_price-100.0-KlineTypeError-Raw value must be a string] PASSED [ 15%]
tests/unit/apis/backpack/models/test_bp_raw_kline.py::test_field_validation_failures[1-open_price-100-KlineTypeError-Raw value must be a string] PASSED [ 15%]
tests/unit/apis/backpack/models/test_bp_raw_kline.py::test_field_validation_failures[1-open_price-True-KlineTypeError-Raw value must be a string] PASSED [ 15%]
tests/unit/apis/backpack/models/test_bp_raw_kline.py::test_field_validation_failures[1-open_price--EmptyStringError-String cannot be empty] PASSED [ 15%]
tests/unit/apis/backpack/models/test_bp_raw_kline.py::test_field_validation_failures[1-open_price- -EmptyStringError-String cannot be empty] PASSED [ 15%]
tests/unit/apis/backpack/models/test_bp_raw_kline.py::test_field_validation_failures[1-open_price-NaN-ValidationError-must represent a finite decimal] PASSED [ 15%]
tests/unit/apis/backpack/models/test_bp_raw_kline.py::test_field_validation_failures[1-open_price-Infinity-ValidationError-must represent a finite decimal] PASSED [ 15%]
tests/unit/apis/backpack/models/test_bp_raw_kline.py::test_field_validation_failures[1-open_price--inf-ValidationError-must represent a finite decimal] PASSED [ 15%]
tests/unit/apis/backpack/models/test_bp_raw_kline.py::test_field_validation_failures[1-open_price-not_a_decimal-ValidationError-Cannot convert 'not_a_decimal' to Decimal] PASSED [ 15%]
tests/unit/apis/backpack/models/test_bp_raw_kline.py::test_field_validation_failures[1-open_price-11111111111111111111111111111111111111111111111111111111111111111-TypeFieldError-must be string with max length 64] PASSED [ 15%]
tests/unit/apis/backpack/models/test_bp_raw_kline.py::test_field_validation_failures[2-high_price-None-KlineTypeError-Raw value must be a string, got NoneType] PASSED [ 15%]
tests/unit/apis/backpack/models/test_bp_raw_kline.py::test_field_validation_failures[2-high_price-102.5-KlineTypeError-Raw value must be a string] PASSED [ 15%]
tests/unit/apis/backpack/models/test_bp_raw_kline.py::test_field_validation_failures[2-high_price-inf-ValidationError-must represent a finite decimal] PASSED [ 15%]
tests/unit/apis/backpack/models/test_bp_raw_kline.py::test_field_validation_failures[3-low_price-invalid_value16-KlineTypeError-Raw value must be a string] PASSED [ 15%]
tests/unit/apis/backpack/models/test_bp_raw_kline.py::test_field_validation_failures[3-low_price--Infinity-ValidationError-must represent a finite decimal] PASSED [ 15%]
tests/unit/apis/backpack/models/test_bp_raw_kline.py::test_field_validation_failures[4-close_price-101-KlineTypeError-Raw value must be a string] PASSED [ 15%]
tests/unit/apis/backpack/models/test_bp_raw_kline.py::test_field_validation_failures[4-close_price--EmptyStringError-String cannot be empty] PASSED [ 15%]
tests/unit/apis/backpack/models/test_bp_raw_kline.py::test_field_validation_failures[5-volume-1000.123-KlineTypeError-Raw value must be a string] PASSED [ 15%]
tests/unit/apis/backpack/models/test_bp_raw_kline.py::test_field_validation_failures[5-volume-NaN-ValidationError-must represent a finite decimal] PASSED [ 15%]
tests/unit/apis/backpack/models/test_bp_raw_kline.py::test_field_validation_failures[6-end_time_ms-1700000059999-TypeFieldError-must be integer, got string] PASSED [ 15%]
tests/unit/apis/backpack/models/test_bp_raw_kline.py::test_field_validation_failures[6-end_time_ms--1700000059999-ValidationError-Value must be non-negative] PASSED [ 15%]
tests/unit/apis/backpack/models/test_bp_raw_kline.py::test_field_validation_failures[7-quote_volume-101000.456-KlineTypeError-Raw value must be a string] PASSED [ 15%]
tests/unit/apis/backpack/models/test_bp_raw_kline.py::test_field_validation_failures[7-quote_volume-101000.456x-ValidationError-Cannot convert '101000.456x' to Decimal] PASSED [ 15%]
tests/unit/apis/backpack/models/test_bp_raw_kline.py::test_field_validation_failures[8-trade_count-50-TypeFieldError-must be integer, got string] PASSED [ 15%]
tests/unit/apis/backpack/models/test_bp_raw_kline.py::test_field_validation_failures[8-trade_count--10-ValidationError-Value must be non-negative] PASSED [ 15%]
tests/unit/apis/backpack/models/test_bp_raw_kline.py::test_field_validation_failures[9-taker_buy_base_volume-500.1-KlineTypeError-Raw value must be a string] PASSED [ 15%]
tests/unit/apis/backpack/models/test_bp_raw_kline.py::test_field_validation_failures[9-taker_buy_base_volume-Infinity-ValidationError-must represent a finite decimal] PASSED [ 15%]
tests/unit/apis/backpack/models/test_bp_raw_kline.py::test_field_validation_failures[10-taker_buy_quote_volume-50500.2-KlineTypeError-Raw value must be a string] PASSED [ 16%]
tests/unit/apis/backpack/models/test_bp_raw_kline.py::test_field_validation_failures[10-taker_buy_quote_volume-NaN-ValidationError-must represent a finite decimal] PASSED [ 16%]
tests/unit/apis/backpack/models/test_bp_raw_kline.py::test_field_validation_failures[11-ignored-0-KlineTypeError-Raw value must be a string] PASSED [ 16%]
tests/unit/apis/backpack/models/test_bp_raw_kline.py::test_field_validation_failures[11-ignored--EmptyStringError-String cannot be empty] PASSED [ 16%]
tests/unit/apis/backpack/models/test_bp_raw_kline.py::test_field_validation_failures[11-ignored-aaaaaaaaaaaaaaaaaaaaaaaaaaaaaaaaaaaaaaaaaaaaaaaaaaaaaaaaaaaaaaaaa-TypeFieldError-must be string with max length 64] PASSED [ 16%]
tests/unit/apis/backpack/models/test_bp_raw_margin_functions.py::test_bp_raw_imf_function_valid PASSED [ 16%]
tests/unit/apis/backpack/models/test_bp_raw_margin_functions.py::test_bp_raw_imf_function_valid_aliases PASSED [ 16%]
tests/unit/apis/backpack/models/test_bp_raw_margin_functions.py::test_bp_raw_imf_function_missing_field PASSED [ 16%]
tests/unit/apis/backpack/models/test_bp_raw_margin_functions.py::test_bp_raw_imf_function_invalid_type PASSED [ 16%]
tests/unit/apis/backpack/models/test_bp_raw_margin_functions.py::test_bp_raw_imf_function_invalid_decimal_format PASSED [ 16%]
tests/unit/apis/backpack/models/test_bp_raw_margin_functions.py::test_bp_raw_imf_function_empty_string PASSED [ 16%]
tests/unit/apis/backpack/models/test_bp_raw_margin_functions.py::test_bp_raw_imf_function_extra_fields PASSED [ 16%]
tests/unit/apis/backpack/models/test_bp_raw_margin_functions.py::test_bp_raw_mmf_function_valid PASSED [ 16%]
tests/unit/apis/backpack/models/test_bp_raw_margin_functions.py::test_bp_raw_mmf_function_missing_field PASSED [ 16%]
tests/unit/apis/backpack/models/test_bp_raw_margin_functions.py::test_bp_raw_mmf_function_invalid_type PASSED [ 16%]
tests/unit/apis/backpack/models/test_bp_raw_margin_functions.py::test_bp_raw_mmf_function_invalid_decimal_format PASSED [ 16%]
tests/unit/apis/backpack/models/test_bp_raw_margin_functions.py::test_bp_raw_mmf_function_empty_string PASSED [ 16%]
tests/unit/apis/backpack/models/test_bp_raw_margin_functions.py::test_bp_raw_mmf_function_extra_fields PASSED [ 16%]
tests/unit/apis/backpack/models/test_bp_raw_market.py::test_BackpackRawMarket_happy_path PASSED [ 16%]
tests/unit/apis/backpack/models/test_bp_raw_market.py::test_BackpackRawMarket_missing_required_fields PASSED [ 16%]
tests/unit/apis/backpack/models/test_bp_raw_market.py::test_BackpackRawMarket_wrong_type_fields PASSED [ 16%]
tests/unit/apis/backpack/models/test_bp_raw_market.py::test_BackpackRawMarket_invalid_format_fields PASSED [ 16%]
tests/unit/apis/backpack/models/test_bp_raw_market.py::test_BackpackRawMarket_extra_field PASSED [ 16%]
tests/unit/apis/backpack/models/test_bp_raw_market.py::test_BackpackRawMarket_corruption_cases PASSED [ 16%]
tests/unit/apis/backpack/models/test_bp_raw_market.py::test_BackpackRawMarket_real_json_example PASSED [ 16%]
tests/unit/apis/backpack/models/test_bp_raw_market.py::test_BackpackRawMarket_corruption_null_symbol PASSED [ 16%]
tests/unit/apis/backpack/models/test_bp_raw_market.py::test_BackpackRawMarket_corruption_binary_baseSymbol PASSED [ 16%]
tests/unit/apis/backpack/models/test_bp_raw_market.py::test_BackpackRawMarket_corruption_nested_quoteAsset PASSED [ 16%]
tests/unit/apis/backpack/models/test_bp_raw_market.py::test_BackpackRawMarket_corruption_list_symbol PASSED [ 16%]
tests/unit/apis/backpack/models/test_bp_raw_market.py::test_BackpackRawMarket_corruption_garbled_unicode_symbol PASSED [ 16%]
tests/unit/apis/backpack/models/test_bp_raw_market.py::test_BackpackRawTicker_happy_path PASSED [ 16%]
tests/unit/apis/backpack/models/test_bp_raw_market.py::test_BackpackRawTicker_missing_required_fields PASSED [ 16%]
tests/unit/apis/backpack/models/test_bp_raw_market.py::test_BackpackRawTicker_wrong_type_fields PASSED [ 16%]
tests/unit/apis/backpack/models/test_bp_raw_market.py::test_BackpackRawTicker_invalid_format_fields PASSED [ 16%]
tests/unit/apis/backpack/models/test_bp_raw_market.py::test_BackpackRawTicker_extra_field PASSED [ 16%]
tests/unit/apis/backpack/models/test_bp_raw_market.py::test_BackpackRawTicker_optional_fields_all_none PASSED [ 17%]
tests/unit/apis/backpack/models/test_bp_raw_market.py::test_BackpackRawTicker_optional_fields_omitted PASSED [ 17%]
tests/unit/apis/backpack/models/test_bp_raw_market.py::test_BackpackRawTicker_corruption_cases PASSED [ 17%]
tests/unit/apis/backpack/models/test_bp_raw_market.py::test_BackpackRawTicker_real_json_example PASSED [ 17%]
tests/unit/apis/backpack/models/test_bp_raw_market.py::test_BackpackRawTicker_corruption_null_symbol PASSED [ 17%]
tests/unit/apis/backpack/models/test_bp_raw_market.py::test_BackpackRawTicker_corruption_binary_price PASSED [ 17%]
tests/unit/apis/backpack/models/test_bp_raw_market.py::test_BackpackRawTicker_corruption_nested_high PASSED [ 17%]
tests/unit/apis/backpack/models/test_bp_raw_market.py::test_BackpackRawTicker_corruption_list_low PASSED [ 17%]
tests/unit/apis/backpack/models/test_bp_raw_market.py::test_BackpackRawTicker_corruption_garbled_unicode_symbol PASSED [ 17%]
tests/unit/apis/backpack/models/test_bp_raw_market.py::test_BackpackRawOpenInterest_happy_path PASSED [ 17%]
tests/unit/apis/backpack/models/test_bp_raw_market.py::test_BackpackRawOpenInterest_missing_required_fields PASSED [ 17%]
tests/unit/apis/backpack/models/test_bp_raw_market.py::test_BackpackRawOpenInterest_wrong_type_fields PASSED [ 17%]
tests/unit/apis/backpack/models/test_bp_raw_market.py::test_BackpackRawOpenInterest_invalid_format_fields PASSED [ 17%]
tests/unit/apis/backpack/models/test_bp_raw_market.py::test_BackpackRawOpenInterest_extra_field PASSED [ 17%]
tests/unit/apis/backpack/models/test_bp_raw_market.py::test_BackpackRawOpenInterest_corruption_cases PASSED [ 17%]
tests/unit/apis/backpack/models/test_bp_raw_market.py::test_BackpackRawOpenInterest_real_json_example PASSED [ 17%]
tests/unit/apis/backpack/models/test_bp_raw_market.py::test_BackpackRawOpenInterest_corruption_null_symbol PASSED [ 17%]
tests/unit/apis/backpack/models/test_bp_raw_market.py::test_BackpackRawOpenInterest_corruption_binary_openInterest PASSED [ 17%]
tests/unit/apis/backpack/models/test_bp_raw_market.py::test_BackpackRawOpenInterest_corruption_nested_openInterest PASSED [ 17%]
tests/unit/apis/backpack/models/test_bp_raw_market.py::test_BackpackRawOpenInterest_corruption_list_symbol PASSED [ 17%]
tests/unit/apis/backpack/models/test_bp_raw_market.py::test_BackpackRawOpenInterest_corruption_garbled_unicode_symbol PASSED [ 17%]
tests/unit/apis/backpack/models/test_bp_raw_market.py::test_BackpackRawTickerEvent_valid PASSED [ 17%]
tests/unit/apis/backpack/models/test_bp_raw_market.py::test_BackpackRawTickerEvent_optional_fields_none PASSED [ 17%]
tests/unit/apis/backpack/models/test_bp_raw_market.py::test_BackpackRawTickerEvent_valid_event_time_formats PASSED [ 17%]
tests/unit/apis/backpack/models/test_bp_raw_market.py::test_BackpackRawTickerEvent_invalid_fields[s--String cannot be empty-EmptyStringError] PASSED [ 17%]
tests/unit/apis/backpack/models/test_bp_raw_market.py::test_BackpackRawTickerEvent_invalid_fields[s-None-Expected string-TypeError] PASSED [ 17%]
tests/unit/apis/backpack/models/test_bp_raw_market.py::test_BackpackRawTickerEvent_invalid_fields[lastPrice-inf-finite decimal-ValidationError] PASSED [ 17%]
tests/unit/apis/backpack/models/test_bp_raw_market.py::test_BackpackRawTickerEvent_invalid_fields[high-nan-finite decimal-ValidationError] PASSED [ 17%]
tests/unit/apis/backpack/models/test_bp_raw_market.py::test_BackpackRawTickerEvent_invalid_fields[low--String cannot be empty-EmptyStringError] PASSED [ 17%]
tests/unit/apis/backpack/models/test_bp_raw_market.py::test_BackpackRawTickerEvent_invalid_fields[quoteVolume-True-Expected string-TypeError] PASSED [ 17%]
tests/unit/apis/backpack/models/test_bp_raw_market.py::test_BackpackRawTickerEvent_invalid_fields[priceChangePercent-value6-Expected string-TypeError] PASSED [ 17%]
tests/unit/apis/backpack/models/test_bp_raw_market.py::test_BackpackRawTickerEvent_invalid_fields[e--String cannot be empty-EmptyStringError] PASSED [ 17%]
tests/unit/apis/backpack/models/test_bp_raw_market.py::test_BackpackRawTickerEvent_invalid_fields[e-AAAAAAAAAAAAAAAAAAAAAAAAAAAAAAAAA-String value too long-TypeFieldError] PASSED [ 17%]
tests/unit/apis/backpack/models/test_bp_raw_market.py::test_BackpackRawTickerEvent_invalid_fields[E-not-an-int-Cannot parse as ISO datetime-DateTimeParsingError] PASSED [ 17%]
tests/unit/apis/backpack/models/test_bp_raw_market.py::test_BackpackRawTickerEvent_extra_field_ignored PASSED [ 17%]
tests/unit/apis/backpack/models/test_bp_raw_market.py::test_BackpackRawTickerEvent_frozen PASSED [ 18%]
tests/unit/apis/backpack/models/test_bp_raw_market.py::test_BackpackRawDepthUpdateEvent_valid PASSED [ 18%]
tests/unit/apis/backpack/models/test_bp_raw_market.py::test_BackpackRawDepthUpdateEvent_optional_fields_none PASSED [ 18%]
tests/unit/apis/backpack/models/test_bp_raw_market.py::test_BackpackRawDepthUpdateEvent_empty_levels PASSED [ 18%]
tests/unit/apis/backpack/models/test_bp_raw_market.py::test_BackpackRawDepthUpdateEvent_invalid_fields[lastUpdateId--String cannot be empty] PASSED [ 18%]
tests/unit/apis/backpack/models/test_bp_raw_market.py::test_BackpackRawDepthUpdateEvent_invalid_fields[lastUpdateId-None-must be str, got NoneType] PASSED [ 18%]
tests/unit/apis/backpack/models/test_bp_raw_market.py::test_BackpackRawDepthUpdateEvent_invalid_fields[b-None-Expected sequence] PASSED [ 18%]
tests/unit/apis/backpack/models/test_bp_raw_market.py::test_BackpackRawDepthUpdateEvent_invalid_fields[a-not-a-list-Expected sequence] PASSED [ 18%]
tests/unit/apis/backpack/models/test_bp_raw_market.py::test_BackpackRawDepthUpdateEvent_invalid_fields[b-value4-Expected 2-element list/tuple, got length 0] PASSED [ 18%]
tests/unit/apis/backpack/models/test_bp_raw_market.py::test_BackpackRawDepthUpdateEvent_invalid_fields[a-value5-Expected 2-element list/tuple, got length 1] PASSED [ 18%]
tests/unit/apis/backpack/models/test_bp_raw_market.py::test_BackpackRawDepthUpdateEvent_invalid_fields[b-value6-Expected 2-element list/tuple, got length 3] PASSED [ 18%]
tests/unit/apis/backpack/models/test_bp_raw_market.py::test_BackpackRawDepthUpdateEvent_invalid_fields[a-value7-Expected sequence (list or tuple), got str] PASSED [ 18%]
tests/unit/apis/backpack/models/test_bp_raw_market.py::test_BackpackRawDepthUpdateEvent_invalid_fields[a-value8-must be string, got int] PASSED [ 18%]
tests/unit/apis/backpack/models/test_bp_raw_market.py::test_BackpackRawDepthUpdateEvent_invalid_fields[b-value9-Price must be finite] PASSED [ 18%]
tests/unit/apis/backpack/models/test_bp_raw_market.py::test_BackpackRawDepthUpdateEvent_invalid_fields[a-value10-Quantity must be finite] PASSED [ 18%]
tests/unit/apis/backpack/models/test_bp_raw_market.py::test_BackpackRawDepthUpdateEvent_invalid_fields[b-value11-String cannot be empty] PASSED [ 18%]
tests/unit/apis/backpack/models/test_bp_raw_market.py::test_BackpackRawDepthUpdateEvent_invalid_fields[a-value12-String cannot be empty] PASSED [ 18%]
tests/unit/apis/backpack/models/test_bp_raw_market.py::test_BackpackRawDepthUpdateEvent_invalid_fields[b-value13-Quantity cannot be negative] PASSED [ 18%]
tests/unit/apis/backpack/models/test_bp_raw_market.py::test_BackpackRawDepthUpdateEvent_invalid_fields[e--String cannot be empty] PASSED [ 18%]
tests/unit/apis/backpack/models/test_bp_raw_market.py::test_BackpackRawDepthUpdateEvent_invalid_fields[E-abc-Cannot parse as ISO datetime] PASSED [ 18%]
tests/unit/apis/backpack/models/test_bp_raw_market.py::test_BackpackRawDepthUpdateEvent_extra_field_ignored PASSED [ 18%]
tests/unit/apis/backpack/models/test_bp_raw_market.py::test_BackpackRawDepthUpdateEvent_frozen PASSED [ 18%]
tests/unit/apis/backpack/models/test_bp_raw_order.py::test_BackpackRawOrder_happy_path PASSED [ 18%]
tests/unit/apis/backpack/models/test_bp_raw_order.py::test_BackpackRawOrder_missing_required_id PASSED [ 18%]
tests/unit/apis/backpack/models/test_bp_raw_order.py::test_BackpackRawOrder_missing_required_symbol PASSED [ 18%]
tests/unit/apis/backpack/models/test_bp_raw_order.py::test_BackpackRawOrder_missing_required_side PASSED [ 18%]
tests/unit/apis/backpack/models/test_bp_raw_order.py::test_BackpackRawOrder_missing_required_orderType PASSED [ 18%]
tests/unit/apis/backpack/models/test_bp_raw_order.py::test_BackpackRawOrder_missing_required_status PASSED [ 18%]
tests/unit/apis/backpack/models/test_bp_raw_order.py::test_BackpackRawOrder_missing_required_quantity PASSED [ 18%]
tests/unit/apis/backpack/models/test_bp_raw_order.py::test_BackpackRawOrder_missing_required_createdAt PASSED [ 18%]
tests/unit/apis/backpack/models/test_bp_raw_order.py::test_BackpackRawOrder_wrong_type_quantity PASSED [ 18%]
tests/unit/apis/backpack/models/test_bp_raw_order.py::test_BackpackRawOrder_wrong_type_side PASSED [ 18%]
tests/unit/apis/backpack/models/test_bp_raw_order.py::test_BackpackRawOrder_invalid_decimal_quantity PASSED [ 18%]
tests/unit/apis/backpack/models/test_bp_raw_order.py::test_BackpackRawOrder_invalid_enum_side PASSED [ 18%]
tests/unit/apis/backpack/models/test_bp_raw_order.py::test_BackpackRawOrder_invalid_timestamp_createdAt PASSED [ 18%]
tests/unit/apis/backpack/models/test_bp_raw_order.py::test_BackpackRawOrder_extra_field PASSED [ 19%]
tests/unit/apis/backpack/models/test_bp_raw_order.py::test_BackpackRawOrder_optional_fields_all_none PASSED [ 19%]
tests/unit/apis/backpack/models/test_bp_raw_order.py::test_BackpackRawOrder_optional_fields_omitted PASSED [ 19%]
tests/unit/apis/backpack/models/test_bp_raw_order.py::test_BackpackRawOrder_corruption_garbled_quantity PASSED [ 19%]
tests/unit/apis/backpack/models/test_bp_raw_order.py::test_BackpackRawOrder_corruption_null_required_symbol PASSED [ 19%]
tests/unit/apis/backpack/models/test_bp_raw_order.py::test_BackpackRawOrder_corruption_unicode_symbol PASSED [ 19%]
tests/unit/apis/backpack/models/test_bp_raw_order.py::test_BackpackRawOrder_corruption_nested_bids_in_orderbook PASSED [ 19%]
tests/unit/apis/backpack/models/test_bp_raw_order.py::test_BackpackRawOrder_truncated_json PASSED [ 19%]
tests/unit/apis/backpack/models/test_bp_raw_order.py::test_BackpackRawOrderBook_happy_path PASSED [ 19%]
tests/unit/apis/backpack/models/test_bp_raw_order.py::test_BackpackRawOrderBook_missing_required_fields PASSED [ 19%]
tests/unit/apis/backpack/models/test_bp_raw_order.py::test_BackpackRawOrderBook_wrong_type_fields PASSED [ 19%]
tests/unit/apis/backpack/models/test_bp_raw_order.py::test_BackpackRawOrderBook_invalid_format_validators PASSED [ 19%]
tests/unit/apis/backpack/models/test_bp_raw_order.py::test_BackpackRawOrderBook_extra_field PASSED [ 19%]
tests/unit/apis/backpack/models/test_bp_raw_order.py::test_BackpackRawOrderBook_optional_fields PASSED [ 19%]
tests/unit/apis/backpack/models/test_bp_raw_order.py::test_BackpackRawOrderBook_corruption_cases PASSED [ 19%]
tests/unit/apis/backpack/models/test_bp_raw_order.py::test_BackpackRawOrderUpdate_happy_path PASSED [ 19%]
tests/unit/apis/backpack/models/test_bp_raw_order.py::test_BackpackRawOrderUpdate_missing_required_fields PASSED [ 19%]
tests/unit/apis/backpack/models/test_bp_raw_order.py::test_BackpackRawOrderUpdate_wrong_type_fields PASSED [ 19%]
tests/unit/apis/backpack/models/test_bp_raw_order.py::test_BackpackRawOrderUpdate_invalid_format_validators PASSED [ 19%]
tests/unit/apis/backpack/models/test_bp_raw_order.py::test_BackpackRawOrderUpdate_extra_field PASSED [ 19%]
tests/unit/apis/backpack/models/test_bp_raw_order.py::test_BackpackRawOrderUpdate_optional_fields PASSED [ 19%]
tests/unit/apis/backpack/models/test_bp_raw_order.py::test_BackpackRawOrderUpdate_corruption_cases PASSED [ 19%]
tests/unit/apis/backpack/models/test_bp_raw_order.py::TestBackpackRawOrder::test_placeholder PASSED [ 19%]
tests/unit/apis/backpack/models/test_bp_raw_order.py::TestBackpackRawOrder::test_invalid_market_order_missing_side PASSED [ 19%]
tests/unit/apis/backpack/models/test_bp_raw_order.py::TestBackpackRawOrder::test_invalid_order_bad_status PASSED [ 19%]
tests/unit/apis/backpack/models/test_bp_raw_position.py::test_BackpackRawPosition_valid PASSED [ 19%]
tests/unit/apis/backpack/models/test_bp_raw_position.py::test_BackpackRawPosition_valid_int_user_id_str PASSED [ 19%]
tests/unit/apis/backpack/models/test_bp_raw_position.py::test_BackpackRawPosition_invalid_fields[symbol--String cannot be empty] PASSED [ 19%]
tests/unit/apis/backpack/models/test_bp_raw_position.py::test_BackpackRawPosition_invalid_fields[symbol-AAAAAAAAAAAAAAAAAAAAAAAAAAAAAAAAAAAAAAAAAAAAAAAAAAAAAAAAAAAAAAAAA-must be string with max length 64, got string with length 65] PASSED [ 19%]
tests/unit/apis/backpack/models/test_bp_raw_position.py::test_BackpackRawPosition_invalid_fields[positionId-None-Expected string, got NoneType] PASSED [ 19%]
tests/unit/apis/backpack/models/test_bp_raw_position.py::test_BackpackRawPosition_invalid_fields[userId--1-Must be non-negative] PASSED [ 19%]
tests/unit/apis/backpack/models/test_bp_raw_position.py::test_BackpackRawPosition_invalid_fields[userId-abc-Must be an integer] PASSED [ 19%]
tests/unit/apis/backpack/models/test_bp_raw_position.py::test_BackpackRawPosition_invalid_fields[userId-1.0-Must be an integer] PASSED [ 19%]
tests/unit/apis/backpack/models/test_bp_raw_position.py::test_BackpackRawPosition_invalid_fields[breakEvenPrice-inf-finite decimal] PASSED [ 19%]
tests/unit/apis/backpack/models/test_bp_raw_position.py::test_BackpackRawPosition_invalid_fields[entryPrice-nan-finite decimal] PASSED [ 19%]
tests/unit/apis/backpack/models/test_bp_raw_position.py::test_BackpackRawPosition_invalid_fields[estLiquidationPrice--String cannot be empty] PASSED [ 20%]
tests/unit/apis/backpack/models/test_bp_raw_position.py::test_BackpackRawPosition_invalid_fields[imf-1.2.3-finite decimal] PASSED [ 20%]
tests/unit/apis/backpack/models/test_bp_raw_position.py::test_BackpackRawPosition_invalid_fields[markPrice-None-Field required] PASSED [ 20%]
tests/unit/apis/backpack/models/test_bp_raw_position.py::test_BackpackRawPosition_invalid_fields[mmf-   -String cannot be empty] PASSED [ 20%]
tests/unit/apis/backpack/models/test_bp_raw_position.py::test_BackpackRawPosition_invalid_fields[netCost-infinity-finite decimal] PASSED [ 20%]
tests/unit/apis/backpack/models/test_bp_raw_position.py::test_BackpackRawPosition_invalid_fields[netQuantity--inf-finite decimal] PASSED [ 20%]
tests/unit/apis/backpack/models/test_bp_raw_position.py::test_BackpackRawPosition_invalid_fields[netExposureNotional-True-Expected string] PASSED [ 20%]
tests/unit/apis/backpack/models/test_bp_raw_position.py::test_BackpackRawPosition_invalid_fields[pnlRealized--String cannot be empty] PASSED [ 20%]
tests/unit/apis/backpack/models/test_bp_raw_position.py::test_BackpackRawPosition_invalid_fields[pnlUnrealized-NaN-finite decimal] PASSED [ 20%]
tests/unit/apis/backpack/models/test_bp_raw_position.py::test_BackpackRawPosition_invalid_fields[cumulativeFundingPayment-None-Field required] PASSED [ 20%]
tests/unit/apis/backpack/models/test_bp_raw_position.py::test_BackpackRawPosition_invalid_fields[imfFunction-value18-Field required] PASSED [ 20%]
tests/unit/apis/backpack/models/test_bp_raw_position.py::test_BackpackRawPosition_invalid_fields[imfFunction-value19-finite decimal] PASSED [ 20%]
tests/unit/apis/backpack/models/test_bp_raw_position.py::test_BackpackRawPosition_invalid_fields[imfFunction-None-Field required] PASSED [ 20%]
tests/unit/apis/backpack/models/test_bp_raw_position.py::test_BackpackRawPosition_invalid_fields[imfFunction-notadict-Expected a dictionary] PASSED [ 20%]
tests/unit/apis/backpack/models/test_bp_raw_position.py::test_BackpackRawPosition_invalid_fields[mmfFunction-value22-finite decimal] PASSED [ 20%]
tests/unit/apis/backpack/models/test_bp_raw_position.py::test_BackpackRawPosition_extra_field PASSED [ 20%]
tests/unit/apis/backpack/models/test_bp_raw_position.py::test_BackpackRawPosition_frozen PASSED [ 20%]
tests/unit/apis/backpack/models/test_bp_raw_position.py::test_BackpackRawPositionUpdate_valid PASSED [ 20%]
tests/unit/apis/backpack/models/test_bp_raw_position.py::test_BackpackRawPositionUpdate_valid_optional_fields_none PASSED [ 20%]
tests/unit/apis/backpack/models/test_bp_raw_position.py::test_BackpackRawPositionUpdate_valid_timestamp_formats PASSED [ 20%]
tests/unit/apis/backpack/models/test_bp_raw_position.py::test_BackpackRawPositionUpdate_invalid_fields[e-wrongUpdate-Invalid value] PASSED [ 20%]
tests/unit/apis/backpack/models/test_bp_raw_position.py::test_BackpackRawPositionUpdate_invalid_fields[e--String cannot be empty] PASSED [ 20%]
tests/unit/apis/backpack/models/test_bp_raw_position.py::test_BackpackRawPositionUpdate_invalid_fields[E-not-a-date-Cannot parse as ISO datetime] PASSED [ 20%]
tests/unit/apis/backpack/models/test_bp_raw_position.py::test_BackpackRawPositionUpdate_invalid_fields[E-value3-Invalid int/float/str timestamp value] PASSED [ 20%]
tests/unit/apis/backpack/models/test_bp_raw_position.py::test_BackpackRawPositionUpdate_invalid_fields[s--String cannot be empty] PASSED [ 20%]
tests/unit/apis/backpack/models/test_bp_raw_position.py::test_BackpackRawPositionUpdate_invalid_fields[s-None-Field required] PASSED [ 20%]
tests/unit/apis/backpack/models/test_bp_raw_position.py::test_BackpackRawPositionUpdate_invalid_fields[b-inf-finite decimal] PASSED [ 20%]
tests/unit/apis/backpack/models/test_bp_raw_position.py::test_BackpackRawPositionUpdate_invalid_fields[B-nan-finite decimal] PASSED [ 20%]
tests/unit/apis/backpack/models/test_bp_raw_position.py::test_BackpackRawPositionUpdate_invalid_fields[l--String cannot be empty] PASSED [ 20%]
tests/unit/apis/backpack/models/test_bp_raw_position.py::test_BackpackRawPositionUpdate_invalid_fields[f-  -String cannot be empty] PASSED [ 20%]
tests/unit/apis/backpack/models/test_bp_raw_position.py::test_BackpackRawPositionUpdate_invalid_fields[M-1.2.3-finite decimal] PASSED [ 20%]
tests/unit/apis/backpack/models/test_bp_raw_position.py::test_BackpackRawPositionUpdate_invalid_fields[m-True-Expected string] PASSED [ 20%]
tests/unit/apis/backpack/models/test_bp_raw_position.py::test_BackpackRawPositionUpdate_invalid_fields[q-value12-Expected string] PASSED [ 20%]
tests/unit/apis/backpack/models/test_bp_raw_position.py::test_BackpackRawPositionUpdate_invalid_fields[Q-infinity-finite decimal] PASSED [ 20%]
tests/unit/apis/backpack/models/test_bp_raw_position.py::test_BackpackRawPositionUpdate_invalid_fields[n-NaN-finite decimal] PASSED [ 20%]
tests/unit/apis/backpack/models/test_bp_raw_position.py::test_BackpackRawPositionUpdate_extra_field PASSED [ 20%]
tests/unit/apis/backpack/models/test_bp_raw_position.py::test_BackpackRawPositionUpdate_frozen PASSED [ 21%]
tests/unit/apis/backpack/models/test_bp_raw_position.py::TestBackpackRawPosition::test_invalid_position_bad_side PASSED [ 21%]
tests/unit/apis/backpack/models/test_bp_raw_query_params.py::TestBackpackRawGetTickerParams::test_valid_symbol PASSED [ 21%]
tests/unit/apis/backpack/models/test_bp_raw_query_params.py::TestBackpackRawGetTickerParams::test_alias_support PASSED [ 21%]
tests/unit/apis/backpack/models/test_bp_raw_query_params.py::TestBackpackRawGetTickerParams::test_missing_symbol PASSED [ 21%]
tests/unit/apis/backpack/models/test_bp_raw_query_params.py::TestBackpackRawGetTickerParams::test_empty_symbol PASSED [ 21%]
tests/unit/apis/backpack/models/test_bp_raw_query_params.py::TestBackpackRawGetTickerParams::test_whitespace_symbol PASSED [ 21%]
tests/unit/apis/backpack/models/test_bp_raw_query_params.py::TestBackpackRawGetTickerParams::test_symbol_too_long PASSED [ 21%]
tests/unit/apis/backpack/models/test_bp_raw_query_params.py::TestBackpackRawGetTickerParams::test_symbol_wrong_type PASSED [ 21%]
tests/unit/apis/backpack/models/test_bp_raw_query_params.py::TestBackpackRawGetTickerParams::test_extra_fields_forbidden PASSED [ 21%]
tests/unit/apis/backpack/models/test_bp_raw_query_params.py::TestBackpackRawGetTickerParams::test_immutability PASSED [ 21%]
tests/unit/apis/backpack/models/test_bp_raw_query_params.py::TestBackpackRawGetOrderBookParams::test_valid_params_with_limit PASSED [ 21%]
tests/unit/apis/backpack/models/test_bp_raw_query_params.py::TestBackpackRawGetOrderBookParams::test_valid_params_without_limit PASSED [ 21%]
tests/unit/apis/backpack/models/test_bp_raw_query_params.py::TestBackpackRawGetOrderBookParams::test_limit_zero_allowed PASSED [ 21%]
tests/unit/apis/backpack/models/test_bp_raw_query_params.py::TestBackpackRawGetOrderBookParams::test_negative_limit_rejected PASSED [ 21%]
tests/unit/apis/backpack/models/test_bp_raw_query_params.py::TestBackpackRawGetOrderBookParams::test_limit_wrong_type PASSED [ 21%]
tests/unit/apis/backpack/models/test_bp_raw_query_params.py::TestBackpackRawGetOrderBookParams::test_missing_symbol PASSED [ 21%]
tests/unit/apis/backpack/models/test_bp_raw_query_params.py::TestBackpackRawGetRecentTradesParams::test_valid_params_complete PASSED [ 21%]
tests/unit/apis/backpack/models/test_bp_raw_query_params.py::TestBackpackRawGetRecentTradesParams::test_valid_params_minimal PASSED [ 21%]
tests/unit/apis/backpack/models/test_bp_raw_query_params.py::TestBackpackRawGetBalancesParams::test_empty_params_valid PASSED [ 21%]
tests/unit/apis/backpack/models/test_bp_raw_query_params.py::TestBackpackRawGetBalancesParams::test_dict_creation PASSED [ 21%]
tests/unit/apis/backpack/models/test_bp_raw_query_params.py::TestBackpackRawGetBalancesParams::test_extra_fields_forbidden PASSED [ 21%]
tests/unit/apis/backpack/models/test_bp_raw_query_params.py::TestBackpackRawGetPositionsParams::test_empty_params_valid PASSED [ 21%]
tests/unit/apis/backpack/models/test_bp_raw_query_params.py::TestBackpackRawGetPositionsParams::test_immutability PASSED [ 21%]
tests/unit/apis/backpack/models/test_bp_raw_query_params.py::TestBackpackRawGetOpenOrdersParams::test_with_symbol PASSED [ 21%]
tests/unit/apis/backpack/models/test_bp_raw_query_params.py::TestBackpackRawGetOpenOrdersParams::test_without_symbol PASSED [ 21%]
tests/unit/apis/backpack/models/test_bp_raw_query_params.py::TestBackpackRawGetOpenOrdersParams::test_empty_symbol_rejected PASSED [ 21%]
tests/unit/apis/backpack/models/test_bp_raw_query_params.py::TestBackpackRawGetFundingRateParams::test_valid_symbol PASSED [ 21%]
tests/unit/apis/backpack/models/test_bp_raw_query_params.py::TestBackpackRawGetFundingRateParams::test_missing_symbol PASSED [ 21%]
tests/unit/apis/backpack/models/test_bp_raw_query_params.py::TestBackpackRawGetHistoricalFundingRatesParams::test_valid_complete_params PASSED [ 21%]
tests/unit/apis/backpack/models/test_bp_raw_query_params.py::TestBackpackRawGetHistoricalFundingRatesParams::test_valid_minimal_params PASSED [ 21%]
tests/unit/apis/backpack/models/test_bp_raw_query_params.py::TestBackpackRawGetHistoricalFundingRatesParams::test_negative_timestamps_allowed PASSED [ 21%]
tests/unit/apis/backpack/models/test_bp_raw_query_params.py::TestBackpackRawGetHistoricalFundingRatesParams::test_negative_limit_rejected PASSED [ 21%]
tests/unit/apis/backpack/models/test_bp_raw_query_params.py::TestBackpackRawGetHistoricalFundingRatesParams::test_timestamp_wrong_type PASSED [ 21%]
tests/unit/apis/backpack/models/test_bp_raw_query_params.py::TestBackpackRawGetAccountInfoParams::test_empty_params_valid PASSED [ 21%]
tests/unit/apis/backpack/models/test_bp_raw_query_params.py::TestBackpackRawGetMarketsParams::test_empty_params_valid PASSED [ 22%]
tests/unit/apis/backpack/models/test_bp_raw_query_params.py::TestBackpackRawGetMarketParams::test_valid_symbol PASSED [ 22%]
tests/unit/apis/backpack/models/test_bp_raw_query_params.py::TestBackpackRawGetMarketParams::test_missing_symbol PASSED [ 22%]
tests/unit/apis/backpack/models/test_bp_raw_query_params.py::TestBackpackRawGetOrderHistoryParams::test_valid_complete_params PASSED [ 22%]
tests/unit/apis/backpack/models/test_bp_raw_query_params.py::TestBackpackRawGetOrderHistoryParams::test_valid_minimal_params PASSED [ 22%]
tests/unit/apis/backpack/models/test_bp_raw_query_params.py::TestBackpackRawGetOrderHistoryParams::test_alias_support PASSED [ 22%]
tests/unit/apis/backpack/models/test_bp_raw_query_params.py::TestBackpackRawGetOrderHistoryParams::test_empty_string_fields_rejected PASSED [ 22%]
tests/unit/apis/backpack/models/test_bp_raw_query_params.py::TestBackpackRawGetTradeHistoryParams::test_valid_complete_params PASSED [ 22%]
tests/unit/apis/backpack/models/test_bp_raw_query_params.py::TestBackpackRawGetTradeHistoryParams::test_valid_minimal_params PASSED [ 22%]
tests/unit/apis/backpack/models/test_bp_raw_query_params.py::TestBackpackRawGetTradeHistoryParams::test_alias_support PASSED [ 22%]
tests/unit/apis/backpack/models/test_bp_raw_query_params.py::TestBackpackRawGetMarketDataParams::test_valid_complete_params PASSED [ 22%]
tests/unit/apis/backpack/models/test_bp_raw_query_params.py::TestBackpackRawGetMarketDataParams::test_valid_minimal_params PASSED [ 22%]
tests/unit/apis/backpack/models/test_bp_raw_query_params.py::TestBackpackRawGetMarketDataParams::test_all_valid_intervals PASSED [ 22%]
tests/unit/apis/backpack/models/test_bp_raw_query_params.py::TestBackpackRawGetMarketDataParams::test_invalid_interval PASSED [ 22%]
tests/unit/apis/backpack/models/test_bp_raw_query_params.py::TestBackpackRawGetMarketDataParams::test_missing_required_fields PASSED [ 22%]
tests/unit/apis/backpack/models/test_bp_raw_query_params.py::TestBackpackRawGetHistoricalTradesParams::test_valid_complete_params PASSED [ 22%]
tests/unit/apis/backpack/models/test_bp_raw_query_params.py::TestBackpackRawGetHistoricalTradesParams::test_valid_minimal_params PASSED [ 22%]
tests/unit/apis/backpack/models/test_bp_raw_query_params.py::TestBackpackRawGetHistoricalTradesParams::test_missing_symbol PASSED [ 22%]
tests/unit/apis/backpack/models/test_bp_raw_query_params.py::TestBackpackRawGetOrderParams::test_valid_symbol PASSED [ 22%]
tests/unit/apis/backpack/models/test_bp_raw_query_params.py::TestBackpackRawGetOrderParams::test_missing_symbol PASSED [ 22%]
tests/unit/apis/backpack/models/test_bp_raw_query_params.py::TestGeneralValidationBehavior::test_null_values_in_optional_fields PASSED [ 22%]
tests/unit/apis/backpack/models/test_bp_raw_query_params.py::TestGeneralValidationBehavior::test_populate_by_name_config PASSED [ 22%]
tests/unit/apis/backpack/models/test_bp_raw_query_params.py::TestGeneralValidationBehavior::test_unicode_symbols_allowed PASSED [ 22%]
tests/unit/apis/backpack/models/test_bp_raw_query_params.py::TestGeneralValidationBehavior::test_control_characters_in_symbols PASSED [ 22%]
tests/unit/apis/backpack/models/test_bp_raw_query_params.py::TestGeneralValidationBehavior::test_very_long_symbol_with_unicode PASSED [ 22%]
tests/unit/apis/backpack/models/test_bp_raw_trade.py::test_BackpackRawTrade_happy_path PASSED [ 22%]
tests/unit/apis/backpack/models/test_bp_raw_trade.py::test_BackpackRawTrade_missing_required_fields PASSED [ 22%]
tests/unit/apis/backpack/models/test_bp_raw_trade.py::test_BackpackRawTrade_wrong_type_fields PASSED [ 22%]
tests/unit/apis/backpack/models/test_bp_raw_trade.py::test_BackpackRawTrade_invalid_format_fields PASSED [ 22%]
tests/unit/apis/backpack/models/test_bp_raw_trade.py::test_BackpackRawTrade_extra_field PASSED [ 22%]
tests/unit/apis/backpack/models/test_bp_raw_trade.py::test_BackpackRawTrade_corruption_cases PASSED [ 22%]
tests/unit/apis/backpack/models/test_bp_raw_trade.py::test_BackpackRawTrade_real_json_examples PASSED [ 22%]
tests/unit/apis/backpack/models/test_bp_raw_trade.py::test_BackpackRawTrade_creative_corruption_cases PASSED [ 22%]
tests/unit/apis/backpack/models/test_bp_raw_trade.py::test_BackpackRawTrade_real_json_edge_case PASSED [ 22%]
tests/unit/apis/backpack/models/test_bp_raw_trade.py::test_BackpackRawTrade_corruption_null_id PASSED [ 22%]
tests/unit/apis/backpack/models/test_bp_raw_trade.py::test_BackpackRawTrade_corruption_binary_orderId PASSED [ 23%]
tests/unit/apis/backpack/models/test_bp_raw_trade.py::test_BackpackRawTrade_corruption_nested_symbol PASSED [ 23%]
tests/unit/apis/backpack/models/test_bp_raw_trade.py::test_BackpackRawTrade_corruption_list_price PASSED [ 23%]
tests/unit/apis/backpack/models/test_bp_raw_trade.py::test_BackpackRawTrade_corruption_garbled_unicode_symbol PASSED [ 23%]
tests/unit/apis/backpack/models/test_bp_raw_trade.py::test_BackpackRawTradeEvent_happy_path PASSED [ 23%]
tests/unit/apis/backpack/models/test_bp_raw_trade.py::test_BackpackRawTradeEvent_missing_required_fields PASSED [ 23%]
tests/unit/apis/backpack/models/test_bp_raw_trade.py::test_BackpackRawTradeEvent_wrong_type_fields PASSED [ 23%]
tests/unit/apis/backpack/models/test_bp_raw_trade.py::test_BackpackRawTradeEvent_invalid_format_fields PASSED [ 23%]
tests/unit/apis/backpack/models/test_bp_raw_trade.py::test_BackpackRawTradeEvent_extra_field PASSED [ 23%]
tests/unit/apis/backpack/models/test_bp_raw_trade.py::test_BackpackRawTradeEvent_corruption_cases PASSED [ 23%]
tests/unit/apis/backpack/models/test_bp_raw_trade.py::test_BackpackRawTradeEvent_real_json_edge_case PASSED [ 23%]
tests/unit/apis/backpack/models/test_bp_raw_trade.py::test_BackpackRawTradeEvent_corruption_null_e PASSED [ 23%]
tests/unit/apis/backpack/models/test_bp_raw_trade.py::test_BackpackRawTradeEvent_corruption_binary_s PASSED [ 23%]
tests/unit/apis/backpack/models/test_bp_raw_trade.py::test_BackpackRawTradeEvent_corruption_nested_p PASSED [ 23%]
tests/unit/apis/backpack/models/test_bp_raw_trade.py::test_BackpackRawTradeEvent_corruption_list_q PASSED [ 23%]
tests/unit/apis/backpack/models/test_bp_raw_trade.py::test_BackpackRawTradeEvent_corruption_garbled_unicode_symbol PASSED [ 23%]
tests/unit/apis/backpack/models/test_bp_raw_trade.py::test_BackpackRawFill_happy_path PASSED [ 23%]
tests/unit/apis/backpack/models/test_bp_raw_trade.py::test_BackpackRawFill_optional_client_id_none PASSED [ 23%]
tests/unit/apis/backpack/models/test_bp_raw_trade.py::test_BackpackRawFill_missing_required_fields PASSED [ 23%]
tests/unit/apis/backpack/models/test_bp_raw_trade.py::test_BackpackRawFill_invalid_types PASSED [ 23%]
tests/unit/apis/backpack/models/test_bp_raw_trade.py::test_BackpackRawFill_invalid_formats_and_values PASSED [ 23%]
tests/unit/apis/backpack/models/test_bp_raw_trade.py::test_BackpackRawFill_invalid_client_id_empty_string PASSED [ 23%]
tests/unit/apis/backpack/models/test_bp_raw_trade.py::test_BackpackRawFill_extra_field_forbidden PASSED [ 23%]
tests/unit/apis/backpack/models/test_bp_raw_trade.py::test_BackpackRawFill_frozen PASSED [ 23%]
tests/unit/apis/backpack/models/test_bp_raw_transfer.py::test_BackpackRawWithdrawal_happy_path PASSED [ 23%]
tests/unit/apis/backpack/models/test_bp_raw_transfer.py::test_BackpackRawWithdrawal_missing_required_fields PASSED [ 23%]
tests/unit/apis/backpack/models/test_bp_raw_transfer.py::test_BackpackRawWithdrawal_wrong_type_fields PASSED [ 23%]
tests/unit/apis/backpack/models/test_bp_raw_transfer.py::test_BackpackRawWithdrawal_invalid_format_fields PASSED [ 23%]
tests/unit/apis/backpack/models/test_bp_raw_transfer.py::test_BackpackRawWithdrawal_extra_field PASSED [ 23%]
tests/unit/apis/backpack/models/test_bp_raw_transfer.py::test_BackpackRawWithdrawal_corruption_cases PASSED [ 23%]
tests/unit/apis/backpack/models/test_bp_raw_transfer.py::test_BackpackRawWithdrawal_frozen PASSED [ 23%]
tests/unit/apis/backpack/models/test_bp_raw_transfer.py::test_BackpackRawDeposit_happy_path PASSED [ 23%]
tests/unit/apis/backpack/models/test_bp_raw_transfer.py::test_BackpackRawDeposit_missing_required_fields PASSED [ 23%]
tests/unit/apis/backpack/models/test_bp_raw_transfer.py::test_BackpackRawDeposit_wrong_type_fields PASSED [ 23%]
tests/unit/apis/backpack/models/test_bp_raw_transfer.py::test_BackpackRawDeposit_invalid_format_fields PASSED [ 23%]
tests/unit/apis/backpack/models/test_bp_raw_transfer.py::test_BackpackRawDeposit_extra_field PASSED [ 24%]
tests/unit/apis/backpack/models/test_bp_raw_transfer.py::test_BackpackRawDeposit_corruption_cases PASSED [ 24%]
tests/unit/apis/backpack/models/test_bp_raw_transfer.py::test_BackpackRawDeposit_frozen PASSED [ 24%]
tests/unit/apis/backpack/models/test_bp_raw_transfer.py::test_BackpackRawLiquidation_happy_path PASSED [ 24%]
tests/unit/apis/backpack/models/test_bp_raw_transfer.py::test_BackpackRawLiquidation_missing_required_fields PASSED [ 24%]
tests/unit/apis/backpack/models/test_bp_raw_transfer.py::test_BackpackRawLiquidation_wrong_type_fields PASSED [ 24%]
tests/unit/apis/backpack/models/test_bp_raw_transfer.py::test_BackpackRawLiquidation_invalid_format_fields PASSED [ 24%]
tests/unit/apis/backpack/models/test_bp_raw_transfer.py::test_BackpackRawLiquidation_extra_field PASSED [ 24%]
tests/unit/apis/backpack/models/test_bp_raw_transfer.py::test_BackpackRawLiquidation_corruption_cases PASSED [ 24%]
tests/unit/apis/backpack/models/test_bp_raw_transfer.py::test_BackpackRawLiquidation_frozen PASSED [ 24%]
tests/unit/apis/backpack/models/test_bp_raw_transfer.py::test_BackpackRawWithdrawal_real_json_edge_case PASSED [ 24%]
tests/unit/apis/backpack/models/test_bp_raw_transfer.py::test_BackpackRawWithdrawal_corruption_null_id PASSED [ 24%]
tests/unit/apis/backpack/models/test_bp_raw_transfer.py::test_BackpackRawWithdrawal_corruption_binary_asset PASSED [ 24%]
tests/unit/apis/backpack/models/test_bp_raw_transfer.py::test_BackpackRawWithdrawal_corruption_nested_amount PASSED [ 24%]
tests/unit/apis/backpack/models/test_bp_raw_transfer.py::test_BackpackRawWithdrawal_corruption_list_status PASSED [ 24%]
tests/unit/apis/backpack/models/test_bp_raw_transfer.py::test_BackpackRawWithdrawal_corruption_garbled_unicode_asset PASSED [ 24%]
tests/unit/apis/backpack/models/test_bp_raw_transfer.py::test_BackpackRawDeposit_real_json_edge_case PASSED [ 24%]
tests/unit/apis/backpack/models/test_bp_raw_transfer.py::test_BackpackRawDeposit_corruption_null_id PASSED [ 24%]
tests/unit/apis/backpack/models/test_bp_raw_transfer.py::test_BackpackRawDeposit_corruption_binary_asset PASSED [ 24%]
tests/unit/apis/backpack/models/test_bp_raw_transfer.py::test_BackpackRawDeposit_corruption_nested_amount PASSED [ 24%]
tests/unit/apis/backpack/models/test_bp_raw_transfer.py::test_BackpackRawDeposit_corruption_list_status PASSED [ 24%]
tests/unit/apis/backpack/models/test_bp_raw_transfer.py::test_BackpackRawDeposit_corruption_garbled_unicode_asset PASSED [ 24%]
tests/unit/apis/backpack/models/test_bp_raw_transfer.py::test_BackpackRawLiquidation_real_json_edge_case PASSED [ 24%]
tests/unit/apis/backpack/models/test_bp_raw_transfer.py::test_BackpackRawLiquidation_corruption_null_symbol PASSED [ 24%]
tests/unit/apis/backpack/models/test_bp_raw_transfer.py::test_BackpackRawLiquidation_corruption_binary_price PASSED [ 24%]
tests/unit/apis/backpack/models/test_bp_raw_transfer.py::test_BackpackRawLiquidation_corruption_nested_quantity PASSED [ 24%]
tests/unit/apis/backpack/models/test_bp_raw_transfer.py::test_BackpackRawLiquidation_corruption_list_side PASSED [ 24%]
tests/unit/apis/backpack/models/test_bp_raw_transfer.py::test_BackpackRawLiquidation_corruption_garbled_unicode_symbol PASSED [ 24%]
tests/unit/apis/backpack/models/test_bp_ws_payloads.py::TestBackpackWsPayloads::test_public_stream_subscription PASSED [ 24%]
tests/unit/apis/backpack/models/test_bp_ws_payloads.py::TestBackpackWsPayloads::test_multiple_stream_subscription PASSED [ 24%]
tests/unit/apis/backpack/models/test_bp_ws_payloads.py::TestBackpackWsPayloads::test_private_stream_subscription_with_signature PASSED [ 24%]
tests/unit/apis/backpack/models/test_bp_ws_payloads.py::TestBackpackWsPayloads::test_unsubscribe_request PASSED [ 24%]
tests/unit/apis/backpack/models/test_bp_ws_payloads.py::TestBackpackWsPayloads::test_empty_params_valid PASSED [ 24%]
tests/unit/apis/backpack/models/test_bp_ws_payloads.py::TestBackpackWsPayloads::test_invalid_method PASSED [ 24%]
tests/unit/apis/backpack/models/test_bp_ws_payloads.py::TestBackpackWsPayloads::test_invalid_signature_tuple_length PASSED [ 24%]
tests/unit/apis/backpack/models/test_bp_ws_payloads.py::TestBackpackWsPayloads::test_model_immutability PASSED [ 25%]
tests/unit/apis/backpack/models/test_bp_ws_payloads.py::TestBackpackWsPayloads::test_extra_fields_forbidden PASSED [ 25%]
tests/unit/apis/backpack/models/test_bp_ws_payloads.py::TestBackpackWsPayloads::test_long_stream_names_valid PASSED [ 25%]
tests/unit/apis/backpack/models/test_bp_ws_payloads.py::TestBackpackWsPayloads::test_too_long_stream_name_invalid PASSED [ 25%]
tests/unit/apis/backpack/models/test_bp_ws_payloads.py::TestBackpackWsPayloads::test_signature_serialization_consistency PASSED [ 25%]
tests/unit/apis/backpack/services/test_bp_account_service_account_info.py::TestBackpackAccountServiceAccountInfo::test_get_account_summary_raw_success PASSED [ 25%]
tests/unit/apis/backpack/services/test_bp_account_service_account_info.py::TestBackpackAccountServiceAccountInfo::test_get_account_summary_http_client_returns_none PASSED [ 25%]
tests/unit/apis/backpack/services/test_bp_account_service_account_info.py::TestBackpackAccountServiceAccountInfo::test_get_account_summary_validation_error_via_public_api PASSED [ 25%]
tests/unit/apis/backpack/services/test_bp_account_service_account_info.py::TestBackpackAccountServiceAccountInfo::test_get_account_summary_unexpected_exception_via_public_api PASSED [ 25%]
tests/unit/apis/backpack/services/test_bp_account_service_account_info.py::TestBackpackAccountServiceAccountInfo::test_get_account_summary_validation_error_coverage PASSED [ 25%]
tests/unit/apis/backpack/services/test_bp_account_service_account_info.py::TestBackpackAccountServiceAccountInfo::test_get_account_summary_unexpected_exception_coverage PASSED [ 25%]
tests/unit/apis/backpack/services/test_bp_account_service_balances.py::TestBackpackAccountServiceBalances::test_get_balances_raw_success PASSED [ 25%]
tests/unit/apis/backpack/services/test_bp_account_service_balances.py::TestBackpackAccountServiceBalances::test_get_balances_success PASSED [ 25%]
tests/unit/apis/backpack/services/test_bp_account_service_balances.py::TestBackpackAccountServiceBalances::test_get_balances_http_client_returns_none PASSED [ 25%]
tests/unit/apis/backpack/services/test_bp_account_service_balances.py::TestBackpackAccountServiceBalances::test_get_balances_validation_error_via_public_api PASSED [ 25%]
tests/unit/apis/backpack/services/test_bp_account_service_balances.py::TestBackpackAccountServiceBalances::test_get_balances_unexpected_exception_via_public_api PASSED [ 25%]
tests/unit/apis/backpack/services/test_bp_account_service_balances.py::TestBackpackAccountServiceBalances::test_get_balances_validation_error_coverage PASSED [ 25%]
tests/unit/apis/backpack/services/test_bp_account_service_balances.py::TestBackpackAccountServiceBalances::test_get_balances_unexpected_exception_coverage PASSED [ 25%]
tests/unit/apis/backpack/services/test_bp_account_service_history_operations.py::TestBackpackAccountServiceHistoryOperations::test_get_order_history_success PASSED [ 25%]
tests/unit/apis/backpack/services/test_bp_account_service_history_operations.py::TestBackpackAccountServiceHistoryOperations::test_get_order_history_api_error_from_response_handler PASSED [ 25%]
tests/unit/apis/backpack/services/test_bp_account_service_history_operations.py::TestBackpackAccountServiceHistoryOperations::test_get_order_history_api_error_from_mapper PASSED [ 25%]
tests/unit/apis/backpack/services/test_bp_account_service_history_operations.py::TestBackpackAccountServiceHistoryOperations::test_get_order_history_response_none_from_requester PASSED [ 25%]
tests/unit/apis/backpack/services/test_bp_account_service_history_operations.py::TestBackpackAccountServiceHistoryOperations::test_withdraw_success PASSED [ 25%]
tests/unit/apis/backpack/services/test_bp_account_service_history_operations.py::TestBackpackAccountServiceHistoryOperations::test_withdraw_http_client_returns_none PASSED [ 25%]
tests/unit/apis/backpack/services/test_bp_account_service_history_operations.py::TestBackpackAccountServiceHistoryOperations::test_withdraw_validation_error PASSED [ 25%]
tests/unit/apis/backpack/services/test_bp_account_service_history_operations.py::TestBackpackAccountServiceHistoryOperations::test_withdraw_unexpected_exception PASSED [ 25%]
tests/unit/apis/backpack/services/test_bp_account_service_history_operations.py::TestBackpackAccountServiceHistoryOperations::test_get_trade_history_success PASSED [ 25%]
tests/unit/apis/backpack/services/test_bp_account_service_history_operations.py::TestBackpackAccountServiceHistoryOperations::test_get_trade_history_http_client_returns_none PASSED [ 25%]
tests/unit/apis/backpack/services/test_bp_account_service_history_operations.py::TestBackpackAccountServiceHistoryOperations::test_get_trade_history_validation_error PASSED [ 25%]
tests/unit/apis/backpack/services/test_bp_account_service_history_operations.py::TestBackpackAccountServiceHistoryOperations::test_get_trade_history_unexpected_exception PASSED [ 25%]
tests/unit/apis/backpack/services/test_bp_account_service_history_operations.py::TestBackpackAccountServiceHistoryOperations::test_constructor_with_custom_mapper PASSED [ 25%]
tests/unit/apis/backpack/services/test_bp_account_service_history_operations.py::TestBackpackAccountServiceHistoryOperations::test_constructor_with_default_mapper PASSED [ 25%]
tests/unit/apis/backpack/services/test_bp_account_service_positions.py::TestBackpackAccountServicePositions::test_get_positions_raw_success PASSED [ 25%]
tests/unit/apis/backpack/services/test_bp_account_service_positions.py::TestBackpackAccountServicePositions::test_get_positions_http_client_returns_none PASSED [ 25%]
tests/unit/apis/backpack/services/test_bp_account_service_positions.py::TestBackpackAccountServicePositions::test_get_positions_validation_error_via_public_api PASSED [ 25%]
tests/unit/apis/backpack/services/test_bp_account_service_positions.py::TestBackpackAccountServicePositions::test_get_positions_unexpected_exception_via_public_api PASSED [ 26%]
tests/unit/apis/backpack/services/test_bp_account_service_positions.py::TestBackpackAccountServicePositions::test_get_positions_with_all_symbol_scenarios PASSED [ 26%]
tests/unit/apis/backpack/services/test_bp_account_service_positions.py::TestBackpackAccountServicePositions::test_get_positions_comprehensive_scenarios PASSED [ 26%]
tests/unit/apis/backpack/services/test_bp_account_service_positions.py::TestBackpackAccountServicePositions::test_get_positions_validation_error_coverage PASSED [ 26%]
tests/unit/apis/backpack/services/test_bp_account_service_positions.py::TestBackpackAccountServicePositions::test_get_positions_unexpected_exception_coverage PASSED [ 26%]
tests/unit/apis/backpack/services/test_bp_account_service_positions.py::TestBackpackAccountServicePositions::test_get_positions_with_symbol_parameter PASSED [ 26%]
tests/unit/apis/backpack/services/test_bp_account_service_positions.py::TestBackpackAccountServicePositions::test_get_positions_mapper_exception_handling PASSED [ 26%]
tests/unit/apis/backpack/services/test_bp_account_service_transfers.py::TestBackpackAccountServiceTransfers::test_transfer_success PASSED [ 26%]
tests/unit/apis/backpack/services/test_bp_account_service_transfers.py::TestBackpackAccountServiceTransfers::test_transfer_api_error_from_requester PASSED [ 26%]
tests/unit/apis/backpack/services/test_bp_account_service_transfers.py::TestBackpackAccountServiceTransfers::test_transfer_response_none_from_requester PASSED [ 26%]
tests/unit/apis/backpack/services/test_bp_account_service_transfers.py::TestBackpackAccountServiceTransfers::test_transfer_unexpected_exception_from_requester PASSED [ 26%]
tests/unit/apis/backpack/services/test_bp_account_service_transfers.py::TestBackpackAccountServiceTransfers::test_transfer_response_handler_returns_non_dict PASSED [ 26%]
tests/unit/apis/backpack/services/test_bp_account_service_transfers.py::TestBackpackAccountServiceTransfers::test_transfer_with_all_parameters PASSED [ 26%]
tests/unit/apis/backpack/services/test_bp_market_data_service_funding.py::TestBackpackMarketDataServiceFunding::test_get_funding_rate_success PASSED [ 26%]
tests/unit/apis/backpack/services/test_bp_market_data_service_funding.py::TestBackpackMarketDataServiceFunding::test_get_funding_rate_http_client_returns_none PASSED [ 26%]
tests/unit/apis/backpack/services/test_bp_market_data_service_funding.py::TestBackpackMarketDataServiceFunding::test_get_funding_rate_validation_error PASSED [ 26%]
tests/unit/apis/backpack/services/test_bp_market_data_service_funding.py::TestBackpackMarketDataServiceFunding::test_get_funding_rate_unexpected_exception PASSED [ 26%]
tests/unit/apis/backpack/services/test_bp_market_data_service_funding.py::TestBackpackMarketDataServiceFunding::test_get_historical_funding_rates_success PASSED [ 26%]
tests/unit/apis/backpack/services/test_bp_market_data_service_funding.py::TestBackpackMarketDataServiceFunding::test_get_historical_funding_rates_http_client_returns_none PASSED [ 26%]
tests/unit/apis/backpack/services/test_bp_market_data_service_funding.py::TestBackpackMarketDataServiceFunding::test_get_historical_funding_rates_validation_error PASSED [ 26%]
tests/unit/apis/backpack/services/test_bp_market_data_service_funding.py::TestBackpackMarketDataServiceFunding::test_get_historical_funding_rates_unexpected_exception PASSED [ 26%]
tests/unit/apis/backpack/services/test_bp_market_data_service_funding.py::TestBackpackMarketDataServiceFunding::test_get_historical_funding_rates_with_optional_parameters PASSED [ 26%]
tests/unit/apis/backpack/services/test_bp_market_data_service_klines_misc.py::TestBackpackMarketDataServiceKlinesMisc::test_get_market_data_success PASSED [ 26%]
tests/unit/apis/backpack/services/test_bp_market_data_service_klines_misc.py::TestBackpackMarketDataServiceKlinesMisc::test_get_market_data_http_client_returns_none PASSED [ 26%]
tests/unit/apis/backpack/services/test_bp_market_data_service_klines_misc.py::TestBackpackMarketDataServiceKlinesMisc::test_get_market_data_validation_error PASSED [ 26%]
tests/unit/apis/backpack/services/test_bp_market_data_service_klines_misc.py::TestBackpackMarketDataServiceKlinesMisc::test_get_market_data_unexpected_exception PASSED [ 26%]
tests/unit/apis/backpack/services/test_bp_market_data_service_klines_misc.py::TestBackpackMarketDataServiceKlinesMisc::test_get_market_data_with_time_parameters PASSED [ 26%]
tests/unit/apis/backpack/services/test_bp_market_data_service_klines_misc.py::TestBackpackMarketDataServiceKlinesMisc::test_get_all_tickers_not_implemented PASSED [ 26%]
tests/unit/apis/backpack/services/test_bp_market_data_service_klines_misc.py::TestBackpackMarketDataServiceKlinesMisc::test_constructor_with_custom_mapper PASSED [ 26%]
tests/unit/apis/backpack/services/test_bp_market_data_service_klines_misc.py::TestBackpackMarketDataServiceKlinesMisc::test_constructor_with_default_mapper PASSED [ 26%]
tests/unit/apis/backpack/services/test_bp_market_data_service_market_metadata.py::TestBackpackMarketDataServiceMarketMetadata::test_get_market_success PASSED [ 26%]
tests/unit/apis/backpack/services/test_bp_market_data_service_market_metadata.py::TestBackpackMarketDataServiceMarketMetadata::test_get_market_empty_symbol_validation_error PASSED [ 26%]
tests/unit/apis/backpack/services/test_bp_market_data_service_market_metadata.py::TestBackpackMarketDataServiceMarketMetadata::test_get_market_http_client_returns_none PASSED [ 26%]
tests/unit/apis/backpack/services/test_bp_market_data_service_market_metadata.py::TestBackpackMarketDataServiceMarketMetadata::test_get_market_invalid_response_type PASSED [ 26%]
tests/unit/apis/backpack/services/test_bp_market_data_service_market_metadata.py::TestBackpackMarketDataServiceMarketMetadata::test_get_market_response_handler_validation_error PASSED [ 26%]
tests/unit/apis/backpack/services/test_bp_market_data_service_market_metadata.py::TestBackpackMarketDataServiceMarketMetadata::test_get_market_transformation_error PASSED [ 27%]
tests/unit/apis/backpack/services/test_bp_market_data_service_market_metadata.py::TestBackpackMarketDataServiceMarketMetadata::test_get_market_unexpected_exception PASSED [ 27%]
tests/unit/apis/backpack/services/test_bp_market_data_service_market_metadata.py::TestBackpackMarketDataServiceMarketMetadata::test_get_markets_success PASSED [ 27%]
tests/unit/apis/backpack/services/test_bp_market_data_service_market_metadata.py::TestBackpackMarketDataServiceMarketMetadata::test_get_markets_empty_list PASSED [ 27%]
tests/unit/apis/backpack/services/test_bp_market_data_service_market_metadata.py::TestBackpackMarketDataServiceMarketMetadata::test_get_markets_http_client_returns_none PASSED [ 27%]
tests/unit/apis/backpack/services/test_bp_market_data_service_market_metadata.py::TestBackpackMarketDataServiceMarketMetadata::test_get_markets_invalid_response_type PASSED [ 27%]
tests/unit/apis/backpack/services/test_bp_market_data_service_market_metadata.py::TestBackpackMarketDataServiceMarketMetadata::test_get_markets_response_handler_validation_error PASSED [ 27%]
tests/unit/apis/backpack/services/test_bp_market_data_service_market_metadata.py::TestBackpackMarketDataServiceMarketMetadata::test_get_markets_transformation_error PASSED [ 27%]
tests/unit/apis/backpack/services/test_bp_market_data_service_market_metadata.py::TestBackpackMarketDataServiceMarketMetadata::test_get_markets_unexpected_exception PASSED [ 27%]
tests/unit/apis/backpack/services/test_bp_market_data_service_market_metadata.py::TestBackpackMarketDataServiceMarketMetadata::test_get_markets_api_error_propagation PASSED [ 27%]
tests/unit/apis/backpack/services/test_bp_market_data_service_market_metadata.py::TestBackpackMarketDataServiceMarketMetadata::test_get_market_api_error_propagation PASSED [ 27%]
tests/unit/apis/backpack/services/test_bp_market_data_service_public_data.py::TestBackpackMarketDataServicePublicData::test_get_ticker_empty_symbol_validation PASSED [ 27%]
tests/unit/apis/backpack/services/test_bp_market_data_service_public_data.py::TestBackpackMarketDataServicePublicData::test_get_order_book_empty_symbol_validation PASSED [ 27%]
tests/unit/apis/backpack/services/test_bp_market_data_service_public_data.py::TestBackpackMarketDataServicePublicData::test_get_order_book_invalid_limit_validation PASSED [ 27%]
tests/unit/apis/backpack/services/test_bp_market_data_service_public_data.py::TestBackpackMarketDataServicePublicData::test_get_recent_trades_empty_symbol_validation PASSED [ 27%]
tests/unit/apis/backpack/services/test_bp_market_data_service_public_data.py::TestBackpackMarketDataServicePublicData::test_get_recent_trades_invalid_limit_validation PASSED [ 27%]
tests/unit/apis/backpack/services/test_bp_market_data_service_public_data.py::TestBackpackMarketDataServicePublicData::test_get_ticker_success PASSED [ 27%]
tests/unit/apis/backpack/services/test_bp_market_data_service_public_data.py::TestBackpackMarketDataServicePublicData::test_get_ticker_http_client_returns_none PASSED [ 27%]
tests/unit/apis/backpack/services/test_bp_market_data_service_public_data.py::TestBackpackMarketDataServicePublicData::test_get_ticker_validation_error PASSED [ 27%]
tests/unit/apis/backpack/services/test_bp_market_data_service_public_data.py::TestBackpackMarketDataServicePublicData::test_get_ticker_unexpected_exception PASSED [ 27%]
tests/unit/apis/backpack/services/test_bp_market_data_service_public_data.py::TestBackpackMarketDataServicePublicData::test_get_order_book_success PASSED [ 27%]
tests/unit/apis/backpack/services/test_bp_market_data_service_public_data.py::TestBackpackMarketDataServicePublicData::test_get_order_book_http_client_returns_none PASSED [ 27%]
tests/unit/apis/backpack/services/test_bp_market_data_service_public_data.py::TestBackpackMarketDataServicePublicData::test_get_order_book_validation_error PASSED [ 27%]
tests/unit/apis/backpack/services/test_bp_market_data_service_public_data.py::TestBackpackMarketDataServicePublicData::test_get_order_book_unexpected_exception PASSED [ 27%]
tests/unit/apis/backpack/services/test_bp_market_data_service_public_data.py::TestBackpackMarketDataServicePublicData::test_get_recent_trades_success PASSED [ 27%]
tests/unit/apis/backpack/services/test_bp_market_data_service_public_data.py::TestBackpackMarketDataServicePublicData::test_get_recent_trades_http_client_returns_none PASSED [ 27%]
tests/unit/apis/backpack/services/test_bp_market_data_service_public_data.py::TestBackpackMarketDataServicePublicData::test_get_recent_trades_validation_error PASSED [ 27%]
tests/unit/apis/backpack/services/test_bp_market_data_service_public_data.py::TestBackpackMarketDataServicePublicData::test_get_recent_trades_unexpected_exception PASSED [ 27%]
tests/unit/apis/backpack/services/test_bp_trading_service_account_misc.py::TestBackpackTradingServiceAccountMisc::test_service_with_custom_mapper_transforms_data_correctly PASSED [ 27%]
tests/unit/apis/backpack/services/test_bp_trading_service_account_misc.py::TestBackpackTradingServiceAccountMisc::test_service_with_default_mapper_transforms_data_correctly PASSED [ 27%]
tests/unit/apis/backpack/services/test_bp_trading_service_account_misc.py::TestBackpackTradingServiceAccountMisc::test_service_handles_authenticated_requests_correctly PASSED [ 27%]
tests/unit/apis/backpack/services/test_bp_trading_service_account_misc.py::TestBackpackTradingServiceAccountMisc::test_service_handles_query_operations_correctly PASSED [ 27%]
tests/unit/apis/backpack/services/test_bp_trading_service_account_misc.py::TestBackpackTradingServiceAccountMisc::test_service_handles_cancellation_operations_correctly PASSED [ 27%]
tests/unit/apis/backpack/services/test_bp_trading_service_account_misc.py::TestBackpackTradingServiceAccountMisc::test_service_handles_bulk_operations_correctly PASSED [ 27%]
tests/unit/apis/backpack/services/test_bp_trading_service_account_misc.py::TestBackpackTradingServiceAccountMisc::test_service_properly_configured_for_trading_operations PASSED [ 27%]
tests/unit/apis/backpack/services/test_bp_trading_service_order_management.py::TestBackpackTradingServiceOrderManagement::test_place_order_empty_symbol_validation PASSED [ 28%]
tests/unit/apis/backpack/services/test_bp_trading_service_order_management.py::TestBackpackTradingServiceOrderManagement::test_place_order_invalid_quantity_validation PASSED [ 28%]
tests/unit/apis/backpack/services/test_bp_trading_service_order_management.py::TestBackpackTradingServiceOrderManagement::test_place_order_invalid_price_validation PASSED [ 28%]
tests/unit/apis/backpack/services/test_bp_trading_service_order_management.py::TestBackpackTradingServiceOrderManagement::test_place_order_invalid_stop_price_validation PASSED [ 28%]
tests/unit/apis/backpack/services/test_bp_trading_service_order_management.py::TestBackpackTradingServiceOrderManagement::test_cancel_order_empty_order_id_validation PASSED [ 28%]
tests/unit/apis/backpack/services/test_bp_trading_service_order_management.py::TestBackpackTradingServiceOrderManagement::test_cancel_order_empty_symbol_validation PASSED [ 28%]
tests/unit/apis/backpack/services/test_bp_trading_service_order_management.py::TestBackpackTradingServiceOrderManagement::test_get_order_empty_order_id_validation PASSED [ 28%]
tests/unit/apis/backpack/services/test_bp_trading_service_order_management.py::TestBackpackTradingServiceOrderManagement::test_get_order_none_symbol_validation PASSED [ 28%]
tests/unit/apis/backpack/services/test_bp_trading_service_order_management.py::TestBackpackTradingServiceOrderManagement::test_get_order_empty_symbol_validation PASSED [ 28%]
tests/unit/apis/backpack/services/test_bp_trading_service_order_management.py::TestBackpackTradingServiceOrderManagement::test_get_order_status_none_symbol_validation PASSED [ 28%]
tests/unit/apis/backpack/services/test_bp_trading_service_order_management.py::TestBackpackTradingServiceOrderManagement::test_place_order_success PASSED [ 28%]
tests/unit/apis/backpack/services/test_bp_trading_service_order_management.py::TestBackpackTradingServiceOrderManagement::test_place_order_http_client_returns_none PASSED [ 28%]
tests/unit/apis/backpack/services/test_bp_trading_service_order_management.py::TestBackpackTradingServiceOrderManagement::test_place_order_validation_error PASSED [ 28%]
tests/unit/apis/backpack/services/test_bp_trading_service_order_management.py::TestBackpackTradingServiceOrderManagement::test_place_order_unexpected_exception PASSED [ 28%]
tests/unit/apis/backpack/services/test_bp_trading_service_order_management.py::TestBackpackTradingServiceOrderManagement::test_cancel_order_success PASSED [ 28%]
tests/unit/apis/backpack/services/test_bp_trading_service_order_management.py::TestBackpackTradingServiceOrderManagement::test_cancel_order_http_client_returns_none PASSED [ 28%]
tests/unit/apis/backpack/services/test_bp_trading_service_order_management.py::TestBackpackTradingServiceOrderManagement::test_cancel_order_validation_error PASSED [ 28%]
tests/unit/apis/backpack/services/test_bp_trading_service_order_management.py::TestBackpackTradingServiceOrderManagement::test_cancel_order_unexpected_exception PASSED [ 28%]
tests/unit/apis/backpack/services/test_bp_trading_service_order_management.py::TestBackpackTradingServiceOrderManagement::test_cancel_all_orders_success PASSED [ 28%]
tests/unit/apis/backpack/services/test_bp_trading_service_order_management.py::TestBackpackTradingServiceOrderManagement::test_cancel_all_orders_http_client_returns_none PASSED [ 28%]
tests/unit/apis/backpack/services/test_bp_trading_service_order_management.py::TestBackpackTradingServiceOrderManagement::test_place_order_with_optional_parameters PASSED [ 28%]
tests/unit/apis/backpack/services/test_bp_trading_service_order_management.py::TestBackpackTradingServiceOrderManagement::test_place_order_non_dict_response PASSED [ 28%]
tests/unit/apis/backpack/services/test_bp_trading_service_order_management.py::TestBackpackTradingServiceOrderManagement::test_cancel_all_orders_no_data PASSED [ 28%]
tests/unit/apis/backpack/services/test_bp_trading_service_query_status.py::TestBackpackTradingServiceQueryStatus::test_get_open_orders_success PASSED [ 28%]
tests/unit/apis/backpack/services/test_bp_trading_service_query_status.py::TestBackpackTradingServiceQueryStatus::test_get_open_orders_http_client_returns_none PASSED [ 28%]
tests/unit/apis/backpack/services/test_bp_trading_service_query_status.py::TestBackpackTradingServiceQueryStatus::test_get_open_orders_validation_error PASSED [ 28%]
tests/unit/apis/backpack/services/test_bp_trading_service_query_status.py::TestBackpackTradingServiceQueryStatus::test_get_open_orders_unexpected_exception PASSED [ 28%]
tests/unit/apis/backpack/services/test_bp_trading_service_query_status.py::TestBackpackTradingServiceQueryStatus::test_get_order_status_success PASSED [ 28%]
tests/unit/apis/backpack/services/test_bp_trading_service_query_status.py::TestBackpackTradingServiceQueryStatus::test_get_order_status_http_client_returns_none PASSED [ 28%]
tests/unit/apis/backpack/services/test_bp_trading_service_query_status.py::TestBackpackTradingServiceQueryStatus::test_get_order_status_validation_error PASSED [ 28%]
tests/unit/apis/backpack/services/test_bp_trading_service_query_status.py::TestBackpackTradingServiceQueryStatus::test_get_order_status_unexpected_exception PASSED [ 28%]
tests/unit/apis/backpack/services/test_bp_trading_service_query_status.py::TestBackpackTradingServiceQueryStatus::test_get_order_status_not_found PASSED [ 28%]
tests/unit/apis/backpack/services/test_bp_trading_service_query_status.py::TestBackpackTradingServiceQueryStatus::test_get_order_success PASSED [ 28%]
tests/unit/apis/backpack/services/test_bp_trading_service_query_status.py::TestBackpackTradingServiceQueryStatus::test_get_order_http_client_returns_none PASSED [ 28%]
tests/unit/apis/backpack/services/test_bp_trading_service_query_status.py::TestBackpackTradingServiceQueryStatus::test_get_order_validation_error PASSED [ 28%]
tests/unit/apis/backpack/services/test_bp_trading_service_query_status.py::TestBackpackTradingServiceQueryStatus::test_get_all_open_orders_success PASSED [ 29%]
tests/unit/apis/backpack/test_bp_api.py::TestBackpackAPIInitialization::test_api_creation_with_di_fixture PASSED [ 29%]
tests/unit/apis/backpack/test_bp_api.py::TestBackpackAPIInitialization::test_api_creation_with_active_config PASSED [ 29%]
tests/unit/apis/backpack/test_bp_api.py::TestBackpackAPIAccountOperations::test_get_balances_delegates_to_account_service PASSED [ 29%]
tests/unit/apis/backpack/test_bp_api.py::TestBackpackAPIAccountOperations::test_get_account_summary_delegates_to_account_service PASSED [ 29%]
tests/unit/apis/backpack/test_bp_api.py::TestBackpackAPIAccountOperations::test_get_positions_delegates_to_account_service PASSED [ 29%]
tests/unit/apis/backpack/test_bp_api.py::TestBackpackAPIAccountOperations::test_get_positions_with_symbol_delegates_to_account_service PASSED [ 29%]
tests/unit/apis/backpack/test_bp_api.py::TestBackpackAPIAccountOperations::test_get_order_history_delegates_to_account_service PASSED [ 29%]
tests/unit/apis/backpack/test_bp_api.py::TestBackpackAPIAccountOperations::test_get_trade_history_delegates_to_account_service PASSED [ 29%]
tests/unit/apis/backpack/test_bp_api.py::TestBackpackAPITradingOperations::test_place_order_delegates_to_trading_service PASSED [ 29%]
tests/unit/apis/backpack/test_bp_api.py::TestBackpackAPITradingOperations::test_cancel_order_delegates_to_trading_service PASSED [ 29%]
tests/unit/apis/backpack/test_bp_api.py::TestBackpackAPITradingOperations::test_get_order_delegates_to_trading_service PASSED [ 29%]
tests/unit/apis/backpack/test_bp_api.py::TestBackpackAPITradingOperations::test_get_order_status_delegates_to_trading_service PASSED [ 29%]
tests/unit/apis/backpack/test_bp_api.py::TestBackpackAPITradingOperations::test_get_open_orders_delegates_to_trading_service PASSED [ 29%]
tests/unit/apis/backpack/test_bp_api.py::TestBackpackAPIMarketDataOperations::test_get_ticker_delegates_to_market_data_service PASSED [ 29%]
tests/unit/apis/backpack/test_bp_api.py::TestBackpackAPIMarketDataOperations::test_get_funding_rates_delegates_to_market_data_service PASSED [ 29%]
tests/unit/apis/backpack/test_bp_api.py::TestBackpackAPIMarketDataOperations::test_get_ticker_empty_successful_response PASSED [ 29%]
tests/unit/apis/backpack/test_bp_api.py::TestBackpackAPIErrorHandling::test_service_apierror_propagation_exact_passthrough PASSED [ 29%]
tests/unit/apis/backpack/test_bp_api.py::TestBackpackAPIErrorHandling::test_service_valueerror_propagation_exact_passthrough PASSED [ 29%]
tests/unit/apis/backpack/test_bp_api.py::TestBackpackAPIErrorHandling::test_multiple_error_types_from_different_services PASSED [ 29%]
tests/unit/apis/backpack/test_bp_api.py::TestBackpackAPIComprehensiveErrorHandling::test_get_balances_service_validation_error PASSED [ 29%]
tests/unit/apis/backpack/test_bp_api.py::TestBackpackAPIComprehensiveErrorHandling::test_get_positions_rate_limited_propagation PASSED [ 29%]
tests/unit/apis/backpack/test_bp_api.py::TestBackpackAPIComprehensiveErrorHandling::test_get_account_summary_server_error_propagation PASSED [ 29%]
tests/unit/apis/backpack/test_bp_api.py::TestBackpackAPIComprehensiveErrorHandling::test_get_order_history_timeout_error_propagation PASSED [ 29%]
tests/unit/apis/backpack/test_bp_api.py::TestBackpackAPIComprehensiveErrorHandling::test_get_trade_history_service_unavailable_propagation PASSED [ 29%]
tests/unit/apis/backpack/test_bp_api.py::TestBackpackAPIWebSocketOperations::test_subscribe_delegates_to_ws_manager PASSED [ 29%]
tests/unit/apis/backpack/test_bp_api.py::TestBackpackAPIWebSocketOperations::test_subscription_payload_construction_public_behavior PASSED [ 29%]
tests/unit/apis/backpack/test_bp_api.py::TestBackpackAPIWebSocketOperations::test_websocket_message_handling_public_behavior PASSED [ 29%]
tests/unit/apis/backpack/test_bp_api.py::TestBackpackAPIDependencyIsolation::test_custom_dependency_override PASSED [ 29%]
tests/unit/apis/backpack/test_bp_api.py::TestBackpackAPIDependencyIsolation::test_multiple_api_instances_are_isolated PASSED [ 29%]
tests/unit/apis/backpack/test_bp_api.py::TestBackpackAPIDependencyIsolation::test_dependency_injection_completeness PASSED [ 29%]
tests/unit/apis/backpack/test_bp_api.py::TestBackpackAPIResourceManagement::test_api_close_cleanup PASSED [ 29%]
tests/unit/apis/backpack/test_bp_api.py::TestBackpackAPIResourceManagement::test_context_manager_behavior PASSED [ 29%]
tests/unit/apis/backpack/test_bp_api_comprehensive.py::TestBackpackAPIPublicBehavior::test_init_with_valid_configuration PASSED [ 29%]
tests/unit/apis/backpack/test_bp_api_comprehensive.py::TestBackpackAPIPublicBehavior::test_init_logs_warning_with_missing_secrets PASSED [ 29%]
tests/unit/apis/backpack/test_bp_api_comprehensive.py::TestBackpackAPIPublicBehavior::test_authentication_required_operations_fail_without_secrets PASSED [ 30%]
tests/unit/apis/backpack/test_bp_api_comprehensive.py::TestBackpackAPIPublicBehavior::test_get_ticker_success PASSED [ 30%]
tests/unit/apis/backpack/test_bp_api_comprehensive.py::TestBackpackAPIPublicBehavior::test_get_ticker_handles_api_error PASSED [ 30%]
tests/unit/apis/backpack/test_bp_api_comprehensive.py::TestBackpackAPIPublicBehavior::test_get_ticker_converts_unexpected_errors PASSED [ 30%]
tests/unit/apis/backpack/test_bp_api_comprehensive.py::TestBackpackAPIPublicBehavior::test_get_order_book_success PASSED [ 30%]
tests/unit/apis/backpack/test_bp_api_comprehensive.py::TestBackpackAPIPublicBehavior::test_get_recent_trades_success PASSED [ 30%]
tests/unit/apis/backpack/test_bp_api_comprehensive.py::TestBackpackAPIPublicBehavior::test_get_funding_rate_success PASSED [ 30%]
tests/unit/apis/backpack/test_bp_api_comprehensive.py::TestBackpackAPIPublicBehavior::test_get_market_data_success PASSED [ 30%]
tests/unit/apis/backpack/test_bp_api_comprehensive.py::TestBackpackAPIPublicBehavior::test_get_balances_success PASSED [ 30%]
tests/unit/apis/backpack/test_bp_api_comprehensive.py::TestBackpackAPIPublicBehavior::test_get_positions_success PASSED [ 30%]
tests/unit/apis/backpack/test_bp_api_comprehensive.py::TestBackpackAPIPublicBehavior::test_place_order_success_with_reduce_only_warning PASSED [ 30%]
tests/unit/apis/backpack/test_bp_api_comprehensive.py::TestBackpackAPIPublicBehavior::test_place_order_propagates_api_errors PASSED [ 30%]
tests/unit/apis/backpack/test_bp_api_comprehensive.py::TestBackpackAPIPublicBehavior::test_cancel_order_success PASSED [ 30%]
tests/unit/apis/backpack/test_bp_api_comprehensive.py::TestBackpackAPIPublicBehavior::test_cancel_order_requires_symbol PASSED [ 30%]
tests/unit/apis/backpack/test_bp_api_comprehensive.py::TestBackpackAPIPublicBehavior::test_get_open_orders_success PASSED [ 30%]
tests/unit/apis/backpack/test_bp_api_comprehensive.py::TestBackpackAPIPublicBehavior::test_get_funding_rates_multiple_symbols PASSED [ 30%]
tests/unit/apis/backpack/test_bp_api_comprehensive.py::TestBackpackAPIPublicBehavior::test_get_account_summary_success PASSED [ 30%]
tests/unit/apis/backpack/test_bp_api_comprehensive.py::TestBackpackAPIPublicBehavior::test_transfer_success PASSED [ 30%]
tests/unit/apis/backpack/test_bp_api_comprehensive.py::TestBackpackAPIPublicBehavior::test_withdraw_success PASSED [ 30%]
tests/unit/apis/backpack/test_bp_api_comprehensive.py::TestBackpackAPIPublicBehavior::test_get_order_history_success PASSED [ 30%]
tests/unit/apis/backpack/test_bp_api_comprehensive.py::TestBackpackAPIPublicBehavior::test_get_trade_history_success PASSED [ 30%]
tests/unit/apis/backpack/test_bp_api_comprehensive.py::TestBackpackAPIPublicBehavior::test_get_order_success PASSED [ 30%]
tests/unit/apis/backpack/test_bp_api_comprehensive.py::TestBackpackAPIPublicBehavior::test_get_order_requires_symbol PASSED [ 30%]
tests/unit/apis/backpack/test_bp_api_comprehensive.py::TestBackpackAPIPublicBehavior::test_get_order_status_success PASSED [ 30%]
tests/unit/apis/backpack/test_bp_api_comprehensive.py::TestBackpackAPIPublicBehavior::test_get_order_status_requires_symbol PASSED [ 30%]
tests/unit/apis/backpack/test_bp_api_comprehensive.py::TestBackpackAPIPublicBehavior::test_get_market_success PASSED [ 30%]
tests/unit/apis/backpack/test_bp_api_comprehensive.py::TestBackpackAPIPublicBehavior::test_get_market_api_error_propagation PASSED [ 30%]
tests/unit/apis/backpack/test_bp_api_comprehensive.py::TestBackpackAPIPublicBehavior::test_get_markets_success PASSED [ 30%]
tests/unit/apis/backpack/test_bp_api_comprehensive.py::TestBackpackAPIPublicBehavior::test_get_markets_empty_list PASSED [ 30%]
tests/unit/apis/backpack/test_bp_api_comprehensive.py::TestBackpackAPIPublicBehavior::test_get_markets_api_error_propagation PASSED [ 30%]
tests/unit/apis/backpack/test_bp_api_comprehensive.py::TestBackpackAPIPublicBehavior::test_get_market_delegates_to_service PASSED [ 30%]
tests/unit/apis/backpack/test_bp_api_comprehensive.py::TestBackpackAPIPublicBehavior::test_get_markets_delegates_to_service PASSED [ 30%]
tests/unit/apis/backpack/test_bp_api_comprehensive.py::TestBackpackAPIPublicBehavior::test_get_all_open_orders_success PASSED [ 30%]
tests/unit/apis/backpack/test_bp_api_comprehensive.py::TestBackpackAPIPublicBehavior::test_get_historical_funding_rates_success PASSED [ 30%]
tests/unit/apis/backpack/test_bp_api_comprehensive.py::TestBackpackAPIPublicBehavior::test_get_historical_funding_rates_validates_time_range PASSED [ 30%]
tests/unit/apis/backpack/test_bp_api_comprehensive.py::TestBackpackAPIPublicBehavior::test_get_historical_funding_rates_accepts_valid_datetimes PASSED [ 30%]
tests/unit/apis/backpack/test_bp_api_comprehensive.py::TestBackpackAPIPublicBehavior::test_cancel_all_orders_success PASSED [ 31%]
tests/unit/apis/backpack/test_bp_api_comprehensive.py::TestBackpackAPIPublicBehavior::test_websocket_subscription_methods_log_correctly PASSED [ 31%]
tests/unit/apis/backpack/test_bp_api_comprehensive.py::TestBackpackAPIPublicBehavior::test_websocket_connection_delegates_to_parent PASSED [ 31%]
tests/unit/apis/backpack/test_bp_api_comprehensive.py::TestBackpackAPIPublicBehavior::test_close_delegates_to_parent PASSED [ 31%]
tests/unit/apis/backpack/test_bp_api_comprehensive.py::TestBackpackAPIPublicBehavior::test_subscribe_logs_and_delegates_to_parent PASSED [ 31%]
tests/unit/apis/backpack/test_bp_api_comprehensive.py::TestBackpackAPIPublicBehavior::test_websocket_connection_callbacks_log_correctly PASSED [ 31%]
tests/unit/apis/backpack/test_bp_api_comprehensive.py::TestBackpackAPIPublicBehavior::test_rate_limit_header_handling_integrated_behavior PASSED [ 31%]
tests/unit/apis/backpack/test_bp_auth.py::TestBackpackEd25519Authenticator::test_initialization_missing_api_key_raises_value_error PASSED [ 31%]
tests/unit/apis/backpack/test_bp_auth.py::TestBackpackEd25519Authenticator::test_initialization_missing_private_key_raises_value_error PASSED [ 31%]
tests/unit/apis/backpack/test_bp_auth.py::TestBackpackEd25519Authenticator::test_initialization_invalid_private_key_raises_value_error PASSED [ 31%]
tests/unit/apis/backpack/test_bp_auth.py::TestBackpackEd25519Authenticator::test_initialization_missing_both_credentials_raises_value_error PASSED [ 31%]
tests/unit/apis/backpack/test_bp_auth.py::TestBackpackEd25519Authenticator::test_initialization_success PASSED [ 31%]
tests/unit/apis/backpack/test_bp_auth.py::TestBackpackEd25519Authenticator::test_prepare_request_get_balances PASSED [ 31%]
tests/unit/apis/backpack/test_bp_auth.py::TestBackpackEd25519Authenticator::test_prepare_request_get_with_params PASSED [ 31%]
tests/unit/apis/backpack/test_bp_auth.py::TestBackpackEd25519Authenticator::test_prepare_request_post_with_data PASSED [ 31%]
tests/unit/apis/backpack/test_bp_auth.py::TestBackpackEd25519Authenticator::test_prepare_request_merges_existing_headers PASSED [ 31%]
tests/unit/apis/backpack/test_bp_auth.py::TestBackpackEd25519Authenticator::test_get_ws_subscription_signature_components_account_stream PASSED [ 31%]
tests/unit/apis/backpack/test_bp_auth.py::TestBackpackEd25519Authenticator::test_get_ws_subscription_signature_components_with_symbol PASSED [ 31%]
tests/unit/apis/backpack/test_bp_auth.py::TestBackpackEd25519Authenticator::test_instruction_mapping_coverage PASSED [ 31%]
tests/unit/apis/backpack/test_bp_auth.py::TestBackpackEd25519Authenticator::test_signing_string_generation_order_cancel_example PASSED [ 31%]
tests/unit/apis/backpack/test_bp_auth.py::TestBackpackEd25519Authenticator::test_signing_string_generation_json_body_query_format PASSED [ 31%]
tests/unit/apis/backpack/test_bp_auth.py::TestBackpackEd25519Authenticator::test_signing_string_generation_with_none_values_filtered PASSED [ 31%]
tests/unit/apis/backpack/test_bp_auth.py::TestBackpackEd25519Authenticator::test_signing_string_generation_empty_body_no_double_ampersands PASSED [ 31%]
tests/unit/apis/backpack/test_bp_auth.py::TestBackpackEd25519Authenticator::test_signing_string_generation_get_with_params_query_format PASSED [ 31%]
tests/unit/apis/backpack/test_bp_auth.py::TestBackpackEd25519Authenticator::test_signing_string_generation_complex_data_types_stringified PASSED [ 31%]
tests/unit/apis/backpack/test_bp_auth.py::TestBackpackEd25519Authenticator::test_delete_request_authentication_components_order_cancel PASSED [ 31%]
tests/unit/apis/backpack/test_bp_auth.py::TestBackpackEd25519Authenticator::test_post_request_authentication_components_order_creation PASSED [ 31%]
tests/unit/apis/backpack/test_bp_auth.py::TestBackpackEd25519Authenticator::test_get_request_authentication_components_no_params PASSED [ 31%]
tests/unit/apis/backpack/test_bp_auth.py::TestBackpackEd25519Authenticator::test_get_request_authentication_components_with_params PASSED [ 31%]
tests/unit/apis/backpack/test_bp_error_mapper.py::TestBackpackErrorMapper::test_map_generic_400_error[400-{"message":"Generic client error","code":"INVALID_CLIENT_REQUEST"}-APIErrorCode.INVALID_REQUEST-Generic client error] PASSED [ 31%]
tests/unit/apis/backpack/test_bp_error_mapper.py::TestBackpackErrorMapper::test_map_generic_400_error[400-{"message":"Invalid parameter: field=symbol","code":"INVALID_CLIENT_REQUEST"}-APIErrorCode.INVALID_REQUEST-Invalid parameter: field=symbol] PASSED [ 31%]
tests/unit/apis/backpack/test_bp_error_mapper.py::TestBackpackErrorMapper::test_map_authentication_failed_401_error[401-{"message":"Authentication failed","code":"UNAUTHORIZED"}-APIErrorCode.AUTHENTICATION_FAILED-Authentication failed] PASSED [ 31%]
tests/unit/apis/backpack/test_bp_error_mapper.py::TestBackpackErrorMapper::test_map_authentication_failed_401_error[403-{"message":"Forbidden access","code":"FORBIDDEN"}-APIErrorCode.AUTHENTICATION_FAILED-Forbidden access] PASSED [ 31%]
tests/unit/apis/backpack/test_bp_error_mapper.py::TestBackpackErrorMapper::test_map_insufficient_funds_error[400-{"message":"Account has insufficient balance for requested action.","code":"INSUFFICIENT_FUNDS"}-INSUFFICIENT_FUNDS-APIErrorCode.INSUFFICIENT_FUNDS-Account has insufficient balance] PASSED [ 31%]
tests/unit/apis/backpack/test_bp_error_mapper.py::TestBackpackErrorMapper::test_map_insufficient_funds_error[400-{"message":"Order not found or has been filled","code":"RESOURCE_NOT_FOUND"}-RESOURCE_NOT_FOUND-APIErrorCode.ORDER_NOT_FOUND-Order not found or has been filled] PASSED [ 31%]
tests/unit/apis/backpack/test_bp_error_mapper.py::TestBackpackErrorMapper::test_map_rate_limited_429_error[429-{"message":"Too Many Requests","code":"TOO_MANY_REQUESTS"}-APIErrorCode.RATE_LIMITED-Too Many Requests] PASSED [ 32%]
tests/unit/apis/backpack/test_bp_error_mapper.py::TestBackpackErrorMapper::test_map_server_error_500[500-{"message":"Internal server error","code":"SERVER_ERROR"}-APIErrorCode.SERVER_ERROR-Internal server error] PASSED [ 32%]
tests/unit/apis/backpack/test_bp_error_mapper.py::TestBackpackErrorMapper::test_map_server_error_500[500-Internal Server Error-APIErrorCode.SERVER_ERROR-Internal Server Error] PASSED [ 32%]
tests/unit/apis/backpack/test_bp_error_mapper.py::TestBackpackErrorMapper::test_map_service_unavailable_503[503-{"message":"Service temporarily unavailable","code":"MAINTENANCE"}-APIErrorCode.MAINTENANCE-Service temporarily unavailable] PASSED [ 32%]
tests/unit/apis/backpack/test_bp_error_mapper.py::TestBackpackErrorMapper::test_map_order_not_found_error[404-{"message":"Order not found","code":"RESOURCE_NOT_FOUND"}-APIErrorCode.ORDER_NOT_FOUND-Order not found] PASSED [ 32%]
tests/unit/apis/backpack/test_bp_error_mapper.py::TestBackpackErrorMapper::test_map_invalid_symbol_error[400-{"message":"Invalid symbol","code":"INVALID_SYMBOL"}-APIErrorCode.INVALID_SYMBOL-Invalid symbol] PASSED [ 32%]
tests/unit/apis/backpack/test_bp_error_mapper.py::TestBackpackErrorMapper::test_map_specific_bp_error_to_api_error_code[400-{"message":"A message stating the symbol is invalid.","code":"INVALID_SYMBOL"}-APIErrorCode.INVALID_SYMBOL-A message stating the symbol is invalid.] PASSED [ 32%]
tests/unit/apis/backpack/test_bp_error_mapper.py::TestBackpackErrorMapper::test_map_non_json_error_body[400-Invalid JSON input-APIErrorCode.INVALID_REQUEST-Invalid JSON input] PASSED [ 32%]
tests/unit/apis/backpack/test_bp_error_mapper.py::TestBackpackErrorMapper::test_map_non_json_error_body[500-<html><body>Server Error</body></html>-APIErrorCode.SERVER_ERROR-Server Error] PASSED [ 32%]
tests/unit/apis/backpack/test_bp_error_mapper.py::TestBackpackErrorMapper::test_map_unknown_error_code_in_json[400-{"message":"Some custom exchange error","code":"UNKNOWN_CODE_99999"}-APIErrorCode.INVALID_REQUEST-Some custom exchange error] PASSED [ 32%]
tests/unit/apis/backpack/test_bp_error_mapper.py::TestBackpackErrorMapper::test_map_empty_error_body_and_data PASSED [ 32%]
tests/unit/apis/backpack/test_bp_error_mapper.py::TestBackpackErrorMapper::test_retry_after_parsing[429-error_data0-None-30.0] PASSED [ 32%]
tests/unit/apis/backpack/test_bp_error_mapper.py::TestBackpackErrorMapper::test_retry_after_parsing[429-error_data1-None-1.5] PASSED [ 32%]
tests/unit/apis/backpack/test_bp_error_mapper.py::TestBackpackErrorMapper::test_retry_after_parsing[429-error_data2-None-None] PASSED [ 32%]
tests/unit/apis/backpack/test_bp_error_mapper.py::TestBackpackErrorMapper::test_retry_after_parsing[429-None-Wait for 10000 milliseconds then try again-10.0] PASSED [ 32%]
tests/unit/apis/backpack/test_bp_error_mapper.py::TestBackpackErrorMapper::test_retry_after_parsing[400-error_data4-None-None] PASSED [ 32%]
tests/unit/apis/backpack/test_bp_error_mapper.py::TestBackpackErrorMapper::test_retry_after_parsing[429-error_data5-None-None] PASSED [ 32%]
tests/unit/apis/backpack/test_bp_error_mapper.py::TestBackpackErrorMapper::test_retry_after_parsing[429-error_data6-None-15.0] PASSED [ 32%]
tests/unit/apis/backpack/test_bp_error_mapper.py::TestBackpackErrorMapper::test_retry_after_parsing[429-error_data7-None-45.0] PASSED [ 32%]
tests/unit/apis/backpack/test_bp_error_mapper.py::TestBackpackErrorMapper::test_retry_after_parsing[429-error_data8-None-60.0] PASSED [ 32%]
tests/unit/apis/backpack/test_bp_rate_limit_strategy.py::TestBackpackRateLimitStrategy::test_handle_exchange_retry_after PASSED [ 32%]
tests/unit/apis/backpack/test_bp_rate_limit_strategy.py::TestBackpackRateLimitStrategy::test_handle_exchange_retry_after_no_exchange_name PASSED [ 32%]
tests/unit/apis/backpack/test_bp_rate_limit_strategy.py::TestBackpackRateLimitStrategy::test_prepare_and_acquire_inherited PASSED [ 32%]
tests/unit/apis/backpack/test_bp_rate_limit_strategy.py::TestBackpackRateLimitStrategy::test_prepare_and_acquire_default_weight PASSED [ 32%]
tests/unit/apis/backpack/test_bp_request_builder_account.py::TestBuildGetBalancesParams::test_build_get_balances_params_returns_none PASSED [ 32%]
tests/unit/apis/backpack/test_bp_request_builder_account.py::TestBuildGetPositionsParams::test_build_get_positions_params_no_symbol PASSED [ 32%]
tests/unit/apis/backpack/test_bp_request_builder_account.py::TestBuildGetPositionsParams::test_build_get_positions_params_with_symbol PASSED [ 32%]
tests/unit/apis/backpack/test_bp_request_builder_account.py::TestBuildGetPositionsParams::test_build_get_positions_params_with_formatted_symbol PASSED [ 32%]
tests/unit/apis/backpack/test_bp_request_builder_account.py::TestBuildGetPositionsParams::test_build_get_positions_params_parametrized[None] PASSED [ 32%]
tests/unit/apis/backpack/test_bp_request_builder_account.py::TestBuildGetPositionsParams::test_build_get_positions_params_parametrized[SOL_USDC] PASSED [ 32%]
tests/unit/apis/backpack/test_bp_request_builder_account.py::TestBuildGetPositionsParams::test_build_get_positions_params_parametrized[BTC_USDT] PASSED [ 32%]
tests/unit/apis/backpack/test_bp_request_builder_account.py::TestBuildGetPositionsParams::test_build_get_positions_params_parametrized[ETH-PERP] PASSED [ 32%]
tests/unit/apis/backpack/test_bp_request_builder_account.py::TestBuildGetPositionsParams::test_build_get_positions_params_parametrized[sol-usdc] PASSED [ 32%]
tests/unit/apis/backpack/test_bp_request_builder_account.py::TestBuildGetAccountInfoParams::test_build_get_account_info_params_returns_none PASSED [ 32%]
tests/unit/apis/backpack/test_bp_request_builder_account.py::TestBuildGetFundingRateParams::test_build_get_funding_rate_params_perp_symbol PASSED [ 32%]
tests/unit/apis/backpack/test_bp_request_builder_account.py::TestBuildGetFundingRateParams::test_build_get_funding_rate_params_formats_symbol PASSED [ 33%]
tests/unit/apis/backpack/test_bp_request_builder_account.py::TestBuildGetFundingRateParams::test_build_get_funding_rate_params_btc_perp PASSED [ 33%]
tests/unit/apis/backpack/test_bp_request_builder_account.py::TestBuildGetFundingRateParams::test_build_get_funding_rate_params_parametrized[SOL-PERP-SOL_PERP] PASSED [ 33%]
tests/unit/apis/backpack/test_bp_request_builder_account.py::TestBuildGetFundingRateParams::test_build_get_funding_rate_params_parametrized[BTC-PERP-BTC_PERP] PASSED [ 33%]
tests/unit/apis/backpack/test_bp_request_builder_account.py::TestBuildGetFundingRateParams::test_build_get_funding_rate_params_parametrized[ETH-PERP-ETH_PERP] PASSED [ 33%]
tests/unit/apis/backpack/test_bp_request_builder_account.py::TestBuildGetFundingRateParams::test_build_get_funding_rate_params_parametrized[sol-perp-SOL_PERP] PASSED [ 33%]
tests/unit/apis/backpack/test_bp_request_builder_account.py::TestBuildGetFundingRateParams::test_build_get_funding_rate_params_parametrized[btc_perp-BTC_PERP] PASSED [ 33%]
tests/unit/apis/backpack/test_bp_request_builder_financial.py::TestBuildWithdrawPayload::test_build_withdraw_payload_minimal PASSED [ 33%]
tests/unit/apis/backpack/test_bp_request_builder_financial.py::TestBuildWithdrawPayload::test_build_withdraw_payload_full PASSED [ 33%]
tests/unit/apis/backpack/test_bp_request_builder_financial.py::TestBuildWithdrawPayload::test_build_withdraw_payload_with_tag PASSED [ 33%]
tests/unit/apis/backpack/test_bp_request_builder_financial.py::TestBuildWithdrawPayload::test_build_withdraw_payload_with_client_id PASSED [ 33%]
tests/unit/apis/backpack/test_bp_request_builder_financial.py::TestBuildWithdrawPayload::test_build_withdraw_payload_with_2fa PASSED [ 33%]
tests/unit/apis/backpack/test_bp_request_builder_financial.py::TestBuildWithdrawPayload::test_build_withdraw_payload_no_network PASSED [ 33%]
tests/unit/apis/backpack/test_bp_request_builder_financial.py::TestBuildWithdrawPayload::test_build_withdraw_payload_parametrized[USDC-50.0-Solana-USDC-50.0-Solana] PASSED [ 33%]
tests/unit/apis/backpack/test_bp_request_builder_financial.py::TestBuildWithdrawPayload::test_build_withdraw_payload_parametrized[ETH-2.5-Ethereum-ETH-2.5-Ethereum] PASSED [ 33%]
tests/unit/apis/backpack/test_bp_request_builder_financial.py::TestBuildWithdrawPayload::test_build_withdraw_payload_parametrized[SOL-100-Solana-SOL-100-Solana] PASSED [ 33%]
tests/unit/apis/backpack/test_bp_request_builder_financial.py::TestBuildWithdrawPayload::test_build_withdraw_payload_parametrized[BTC-0.01-Bitcoin-BTC-0.01-Bitcoin] PASSED [ 33%]
tests/unit/apis/backpack/test_bp_request_builder_financial.py::TestBuildInternalTransferPayload::test_build_internal_transfer_payload_minimal PASSED [ 33%]
tests/unit/apis/backpack/test_bp_request_builder_financial.py::TestBuildInternalTransferPayload::test_build_internal_transfer_payload_with_client_id PASSED [ 33%]
tests/unit/apis/backpack/test_bp_request_builder_financial.py::TestBuildInternalTransferPayload::test_build_internal_transfer_payload_symbol_formatting PASSED [ 33%]
tests/unit/apis/backpack/test_bp_request_builder_financial.py::TestBuildInternalTransferPayload::test_build_internal_transfer_payload_spot_to_futures PASSED [ 33%]
tests/unit/apis/backpack/test_bp_request_builder_financial.py::TestBuildInternalTransferPayload::test_build_internal_transfer_payload_futures_to_spot PASSED [ 33%]
tests/unit/apis/backpack/test_bp_request_builder_financial.py::TestBuildInternalTransferPayload::test_build_internal_transfer_payload_margin_to_futures PASSED [ 33%]
tests/unit/apis/backpack/test_bp_request_builder_financial.py::TestBuildInternalTransferPayload::test_build_internal_transfer_payload_parametrized[USDC-100-SPOT-FUTURES-None-USDC] PASSED [ 33%]
tests/unit/apis/backpack/test_bp_request_builder_financial.py::TestBuildInternalTransferPayload::test_build_internal_transfer_payload_parametrized[sol-perp-50-FUTURES-SPOT-transfer1-SOL_PERP] PASSED [ 33%]
tests/unit/apis/backpack/test_bp_request_builder_financial.py::TestBuildInternalTransferPayload::test_build_internal_transfer_payload_parametrized[BTC-USD-0.1-MARGIN-SPOT-None-BTC_USD] PASSED [ 33%]
tests/unit/apis/backpack/test_bp_request_builder_financial.py::TestBuildInternalTransferPayload::test_build_internal_transfer_payload_parametrized[eth_usdc-10-SPOT-MARGIN-ethTransfer-ETH_USDC] PASSED [ 33%]
tests/unit/apis/backpack/test_bp_request_builder_financial.py::TestBuildInternalTransferPayload::test_build_internal_transfer_payload_account_combinations[SPOT-FUTURES] PASSED [ 33%]
tests/unit/apis/backpack/test_bp_request_builder_financial.py::TestBuildInternalTransferPayload::test_build_internal_transfer_payload_account_combinations[FUTURES-SPOT] PASSED [ 33%]
tests/unit/apis/backpack/test_bp_request_builder_financial.py::TestBuildInternalTransferPayload::test_build_internal_transfer_payload_account_combinations[MARGIN-SPOT] PASSED [ 33%]
tests/unit/apis/backpack/test_bp_request_builder_financial.py::TestBuildInternalTransferPayload::test_build_internal_transfer_payload_account_combinations[SPOT-MARGIN] PASSED [ 33%]
tests/unit/apis/backpack/test_bp_request_builder_financial.py::TestBuildInternalTransferPayload::test_build_internal_transfer_payload_account_combinations[MARGIN-FUTURES] PASSED [ 33%]
tests/unit/apis/backpack/test_bp_request_builder_financial.py::TestBuildInternalTransferPayload::test_build_internal_transfer_payload_account_combinations[FUTURES-MARGIN] PASSED [ 33%]
tests/unit/apis/backpack/test_bp_request_builder_market_data.py::TestBuildGetTickerParams::test_build_get_ticker_params_spot_symbol PASSED [ 33%]
tests/unit/apis/backpack/test_bp_request_builder_market_data.py::TestBuildGetTickerParams::test_build_get_ticker_params_perp_symbol PASSED [ 33%]
tests/unit/apis/backpack/test_bp_request_builder_market_data.py::TestBuildGetTickerParams::test_build_get_ticker_params_formats_symbol PASSED [ 34%]
tests/unit/apis/backpack/test_bp_request_builder_market_data.py::TestBuildGetTickerParams::test_build_get_ticker_params_parametrized[sol-usdc-SOL_USDC] PASSED [ 34%]
tests/unit/apis/backpack/test_bp_request_builder_market_data.py::TestBuildGetTickerParams::test_build_get_ticker_params_parametrized[BTC-PERP-BTC_PERP] PASSED [ 34%]
tests/unit/apis/backpack/test_bp_request_builder_market_data.py::TestBuildGetTickerParams::test_build_get_ticker_params_parametrized[eth_usdt-ETH_USDT] PASSED [ 34%]
tests/unit/apis/backpack/test_bp_request_builder_market_data.py::TestBuildGetOrderBookParams::test_build_get_order_book_params_no_limit PASSED [ 34%]
tests/unit/apis/backpack/test_bp_request_builder_market_data.py::TestBuildGetOrderBookParams::test_build_get_order_book_params_with_limit PASSED [ 34%]
tests/unit/apis/backpack/test_bp_request_builder_market_data.py::TestBuildGetOrderBookParams::test_build_get_order_book_params_formats_symbol PASSED [ 34%]
tests/unit/apis/backpack/test_bp_request_builder_market_data.py::TestBuildGetOrderBookParams::test_build_get_order_book_params_parametrized[None-expected_params0] PASSED [ 34%]
tests/unit/apis/backpack/test_bp_request_builder_market_data.py::TestBuildGetOrderBookParams::test_build_get_order_book_params_parametrized[5-expected_params1] PASSED [ 34%]
tests/unit/apis/backpack/test_bp_request_builder_market_data.py::TestBuildGetOrderBookParams::test_build_get_order_book_params_parametrized[100-expected_params2] PASSED [ 34%]
tests/unit/apis/backpack/test_bp_request_builder_market_data.py::TestBuildGetOrderBookParams::test_build_get_order_book_params_parametrized[1000-expected_params3] PASSED [ 34%]
tests/unit/apis/backpack/test_bp_request_builder_market_data.py::TestBuildGetRecentTradesParams::test_build_get_recent_trades_params_no_limit PASSED [ 34%]
tests/unit/apis/backpack/test_bp_request_builder_market_data.py::TestBuildGetRecentTradesParams::test_build_get_recent_trades_params_with_limit PASSED [ 34%]
tests/unit/apis/backpack/test_bp_request_builder_market_data.py::TestBuildGetRecentTradesParams::test_build_get_recent_trades_params_formats_symbol PASSED [ 34%]
tests/unit/apis/backpack/test_bp_request_builder_market_data.py::TestBuildGetRecentTradesParams::test_build_get_recent_trades_params_parametrized[SOL_USDC-None-expected_params0] PASSED [ 34%]
tests/unit/apis/backpack/test_bp_request_builder_market_data.py::TestBuildGetRecentTradesParams::test_build_get_recent_trades_params_parametrized[BTC_USDT-10-expected_params1] PASSED [ 34%]
tests/unit/apis/backpack/test_bp_request_builder_market_data.py::TestBuildGetRecentTradesParams::test_build_get_recent_trades_params_parametrized[eth-perp-100-expected_params2] PASSED [ 34%]
tests/unit/apis/backpack/test_bp_request_builder_market_data.py::TestBuildGetMarketDataParams::test_build_get_market_data_params_basic PASSED [ 34%]
tests/unit/apis/backpack/test_bp_request_builder_market_data.py::TestBuildGetMarketDataParams::test_build_get_market_data_params_with_times PASSED [ 34%]
tests/unit/apis/backpack/test_bp_request_builder_market_data.py::TestBuildGetMarketDataParams::test_build_get_market_data_params_formats_symbol PASSED [ 34%]
tests/unit/apis/backpack/test_bp_request_builder_market_data.py::TestBuildGetMarketDataParams::test_build_get_market_data_params_timeframes[1m-100-1m] PASSED [ 34%]
tests/unit/apis/backpack/test_bp_request_builder_market_data.py::TestBuildGetMarketDataParams::test_build_get_market_data_params_timeframes[5m-200-5m] PASSED [ 34%]
tests/unit/apis/backpack/test_bp_request_builder_market_data.py::TestBuildGetMarketDataParams::test_build_get_market_data_params_timeframes[1h-24-1h] PASSED [ 34%]
tests/unit/apis/backpack/test_bp_request_builder_market_data.py::TestBuildGetMarketDataParams::test_build_get_market_data_params_timeframes[1d-30-1d] PASSED [ 34%]
tests/unit/apis/backpack/test_bp_request_builder_market_data.py::TestBuildGetHistoricalTradesParams::test_build_get_historical_trades_params_basic PASSED [ 34%]
tests/unit/apis/backpack/test_bp_request_builder_market_data.py::TestBuildGetHistoricalTradesParams::test_build_get_historical_trades_params_with_from_id PASSED [ 34%]
tests/unit/apis/backpack/test_bp_request_builder_market_data.py::TestBuildGetHistoricalTradesParams::test_build_get_historical_trades_params_formats_symbol PASSED [ 34%]
tests/unit/apis/backpack/test_bp_request_builder_market_data.py::TestBuildGetHistoricalTradesParams::test_build_get_historical_trades_params_parametrized[SOL_USDC-25-None-expected_params0] PASSED [ 34%]
tests/unit/apis/backpack/test_bp_request_builder_market_data.py::TestBuildGetHistoricalTradesParams::test_build_get_historical_trades_params_parametrized[BTC_USDT-50-id123-expected_params1] PASSED [ 34%]
tests/unit/apis/backpack/test_bp_request_builder_market_data.py::TestBuildGetHistoricalTradesParams::test_build_get_historical_trades_params_parametrized[eth-perp-100-id456-expected_params2] PASSED [ 34%]
tests/unit/apis/backpack/test_bp_request_builder_market_data.py::TestBuildGetMarketsParams::test_build_get_markets_params_basic PASSED [ 34%]
tests/unit/apis/backpack/test_bp_request_builder_market_data.py::TestBuildGetMarketsParams::test_build_get_markets_params_empty_params PASSED [ 34%]
tests/unit/apis/backpack/test_bp_request_builder_market_data.py::TestBuildGetMarketParams::test_build_get_market_params_basic PASSED [ 34%]
tests/unit/apis/backpack/test_bp_request_builder_market_data.py::TestBuildGetMarketParams::test_build_get_market_params_perp_symbol PASSED [ 34%]
tests/unit/apis/backpack/test_bp_request_builder_market_data.py::TestBuildGetMarketParams::test_build_get_market_params_formats_symbol PASSED [ 34%]
tests/unit/apis/backpack/test_bp_request_builder_market_data.py::TestBuildGetMarketParams::test_build_get_market_params_parametrized[sol-usdc-SOL_USDC] PASSED [ 35%]
tests/unit/apis/backpack/test_bp_request_builder_market_data.py::TestBuildGetMarketParams::test_build_get_market_params_parametrized[BTC-PERP-BTC_PERP] PASSED [ 35%]
tests/unit/apis/backpack/test_bp_request_builder_market_data.py::TestBuildGetMarketParams::test_build_get_market_params_parametrized[eth_usdt-ETH_USDT] PASSED [ 35%]
tests/unit/apis/backpack/test_bp_request_builder_market_data.py::TestBuildGetMarketParams::test_build_get_market_params_parametrized[AVAX_USDC-AVAX_USDC] PASSED [ 35%]
tests/unit/apis/backpack/test_bp_request_builder_market_data.py::TestBuildGetMarketParams::test_build_get_market_params_parametrized[link-perp-LINK_PERP] PASSED [ 35%]
tests/unit/apis/backpack/test_bp_request_builder_market_data.py::TestBuildGetMarketParams::test_build_get_market_params_symbol_consistency PASSED [ 35%]
tests/unit/apis/backpack/test_bp_request_builder_orders.py::TestBuildPlaceOrderPayload::test_build_place_order_payload_limit_gtc PASSED [ 35%]
tests/unit/apis/backpack/test_bp_request_builder_orders.py::TestBuildPlaceOrderPayload::test_build_place_order_payload_market_ioc PASSED [ 35%]
tests/unit/apis/backpack/test_bp_request_builder_orders.py::TestBuildPlaceOrderPayload::test_build_place_order_payload_limit_post_only PASSED [ 35%]
tests/unit/apis/backpack/test_bp_request_builder_orders.py::TestBuildPlaceOrderPayload::test_build_place_order_payload_stop_market PASSED [ 35%]
tests/unit/apis/backpack/test_bp_request_builder_orders.py::TestBuildPlaceOrderPayload::test_build_place_order_payload_stop_limit PASSED [ 35%]
tests/unit/apis/backpack/test_bp_request_builder_orders.py::TestBuildPlaceOrderPayload::test_build_place_order_payload_side_mapping[OrderSide.BUY-Bid] PASSED [ 35%]
tests/unit/apis/backpack/test_bp_request_builder_orders.py::TestBuildPlaceOrderPayload::test_build_place_order_payload_side_mapping[OrderSide.SELL-Ask] PASSED [ 35%]
tests/unit/apis/backpack/test_bp_request_builder_orders.py::TestBuildPlaceOrderPayload::test_build_place_order_payload_type_mapping[OrderType.LIMIT-Limit] PASSED [ 35%]
tests/unit/apis/backpack/test_bp_request_builder_orders.py::TestBuildPlaceOrderPayload::test_build_place_order_payload_type_mapping[OrderType.MARKET-Market] PASSED [ 35%]
tests/unit/apis/backpack/test_bp_request_builder_orders.py::TestBuildPlaceOrderPayload::test_build_place_order_payload_type_mapping[OrderType.STOP_MARKET-Market] PASSED [ 35%]
tests/unit/apis/backpack/test_bp_request_builder_orders.py::TestBuildCancelOrderPayload::test_build_cancel_order_payload_order_id PASSED [ 35%]
tests/unit/apis/backpack/test_bp_request_builder_orders.py::TestBuildCancelOrderPayload::test_build_cancel_order_payload_client_id PASSED [ 35%]
tests/unit/apis/backpack/test_bp_request_builder_orders.py::TestBuildCancelOrderPayload::test_build_cancel_order_payload_formats_symbol PASSED [ 35%]
tests/unit/apis/backpack/test_bp_request_builder_orders.py::TestBuildCancelOrderPayload::test_build_cancel_order_payload_parametrized[SOL_USDC-123-None-expected_payload0] PASSED [ 35%]
tests/unit/apis/backpack/test_bp_request_builder_orders.py::TestBuildCancelOrderPayload::test_build_cancel_order_payload_parametrized[BTC_USDT-None-456789-expected_payload1] PASSED [ 35%]
tests/unit/apis/backpack/test_bp_request_builder_orders.py::TestBuildCancelOrderPayload::test_build_cancel_order_payload_parametrized[eth-perp-456-None-expected_payload2] PASSED [ 35%]
tests/unit/apis/backpack/test_bp_request_builder_orders.py::TestBuildGetOpenOrdersParams::test_build_get_open_orders_params_no_symbol PASSED [ 35%]
tests/unit/apis/backpack/test_bp_request_builder_orders.py::TestBuildGetOpenOrdersParams::test_build_get_open_orders_params_with_symbol PASSED [ 35%]
tests/unit/apis/backpack/test_bp_request_builder_orders.py::TestBuildGetOpenOrdersParams::test_build_get_open_orders_params_formats_symbol PASSED [ 35%]
tests/unit/apis/backpack/test_bp_request_builder_orders.py::TestBuildGetOpenOrdersParams::test_build_get_open_orders_params_parametrized[None-expected_dict0] PASSED [ 35%]
tests/unit/apis/backpack/test_bp_request_builder_orders.py::TestBuildGetOpenOrdersParams::test_build_get_open_orders_params_parametrized[SOL_USDC-expected_dict1] PASSED [ 35%]
tests/unit/apis/backpack/test_bp_request_builder_orders.py::TestBuildGetOpenOrdersParams::test_build_get_open_orders_params_parametrized[btc-usdt-expected_dict2] PASSED [ 35%]
tests/unit/apis/backpack/test_bp_request_builder_orders.py::TestBuildGetOpenOrdersParams::test_build_get_open_orders_params_parametrized[ETH_PERP-expected_dict3] PASSED [ 35%]
tests/unit/apis/backpack/test_bp_request_builder_orders.py::TestBuildGetOrderParams::test_build_get_order_params_basic PASSED [ 35%]
tests/unit/apis/backpack/test_bp_request_builder_orders.py::TestBuildGetOrderParams::test_build_get_order_params_formats_symbol PASSED [ 35%]
tests/unit/apis/backpack/test_bp_request_builder_orders.py::TestBuildGetOrderParams::test_build_get_order_params_parametrized[SOL_USDC-SOL_USDC] PASSED [ 35%]
tests/unit/apis/backpack/test_bp_request_builder_orders.py::TestBuildGetOrderParams::test_build_get_order_params_parametrized[btc-usdt-BTC_USDT] PASSED [ 35%]
tests/unit/apis/backpack/test_bp_request_builder_orders.py::TestBuildGetOrderParams::test_build_get_order_params_parametrized[ETH-PERP-ETH_PERP] PASSED [ 35%]
tests/unit/apis/backpack/test_bp_request_builder_orders.py::TestBuildGetOrderHistoryParams::test_build_get_order_history_params_all_fields PASSED [ 35%]
tests/unit/apis/backpack/test_bp_request_builder_orders.py::TestBuildGetOrderHistoryParams::test_build_get_order_history_params_client_id PASSED [ 36%]
tests/unit/apis/backpack/test_bp_request_builder_orders.py::TestBuildGetOrderHistoryParams::test_build_get_order_history_params_minimal PASSED [ 36%]
tests/unit/apis/backpack/test_bp_request_builder_orders.py::TestBuildGetOrderHistoryParams::test_build_get_order_history_params_formats_symbol PASSED [ 36%]
tests/unit/apis/backpack/test_bp_request_builder_orders.py::TestBuildGetOrderHistoryParams::test_build_get_order_history_params_parametrized[None-None-expected_base0] PASSED [ 36%]
tests/unit/apis/backpack/test_bp_request_builder_orders.py::TestBuildGetOrderHistoryParams::test_build_get_order_history_params_parametrized[SOL_USDC-25-expected_base1] PASSED [ 36%]
tests/unit/apis/backpack/test_bp_request_builder_orders.py::TestBuildGetOrderHistoryParams::test_build_get_order_history_params_parametrized[btc-usdt-50-expected_base2] PASSED [ 36%]
tests/unit/apis/backpack/test_bp_request_builder_orders.py::TestBuildCancelAllOrdersPayload::test_build_cancel_all_orders_payload_with_symbol PASSED [ 36%]
tests/unit/apis/backpack/test_bp_request_builder_orders.py::TestBuildCancelAllOrdersPayload::test_build_cancel_all_orders_payload_formats_symbol PASSED [ 36%]
tests/unit/apis/backpack/test_bp_request_builder_orders.py::TestBuildCancelAllOrdersPayload::test_build_cancel_all_orders_payload_parametrized[SOL_USDC-expected_dict0] PASSED [ 36%]
tests/unit/apis/backpack/test_bp_request_builder_orders.py::TestBuildCancelAllOrdersPayload::test_build_cancel_all_orders_payload_parametrized[btc-usdt-expected_dict1] PASSED [ 36%]
tests/unit/apis/backpack/test_bp_request_builder_orders.py::TestBuildCancelAllOrdersPayload::test_build_cancel_all_orders_payload_parametrized[ETH-PERP-expected_dict2] PASSED [ 36%]
tests/unit/apis/backpack/test_bp_request_builder_trading.py::TestBuildGetTradeHistoryParams::test_build_get_trade_history_params_basic PASSED [ 36%]
tests/unit/apis/backpack/test_bp_request_builder_trading.py::TestBuildGetTradeHistoryParams::test_build_get_trade_history_params_all_fields PASSED [ 36%]
tests/unit/apis/backpack/test_bp_request_builder_trading.py::TestBuildGetTradeHistoryParams::test_build_get_trade_history_params_minimal PASSED [ 36%]
tests/unit/apis/backpack/test_bp_request_builder_trading.py::TestBuildGetTradeHistoryParams::test_build_get_trade_history_params_formats_symbol PASSED [ 36%]
tests/unit/apis/backpack/test_bp_request_builder_trading.py::TestBuildGetTradeHistoryParams::test_build_get_trade_history_params_only_limit PASSED [ 36%]
tests/unit/apis/backpack/test_bp_request_builder_trading.py::TestBuildGetTradeHistoryParams::test_build_get_trade_history_params_only_from_id PASSED [ 36%]
tests/unit/apis/backpack/test_bp_request_builder_trading.py::TestBuildGetTradeHistoryParams::test_build_get_trade_history_params_time_range_only PASSED [ 36%]
tests/unit/apis/backpack/test_bp_request_builder_trading.py::TestBuildGetTradeHistoryParams::test_build_get_trade_history_params_parametrized[SOL_USDC-None-None-expected_base0] PASSED [ 36%]
tests/unit/apis/backpack/test_bp_request_builder_trading.py::TestBuildGetTradeHistoryParams::test_build_get_trade_history_params_parametrized[BTC_USDT-50-None-expected_base1] PASSED [ 36%]
tests/unit/apis/backpack/test_bp_request_builder_trading.py::TestBuildGetTradeHistoryParams::test_build_get_trade_history_params_parametrized[eth-perp-None-fillId-expected_base2] PASSED [ 36%]
tests/unit/apis/backpack/test_bp_request_builder_trading.py::TestBuildGetTradeHistoryParams::test_build_get_trade_history_params_parametrized[sol-usdc-25-id123-expected_base3] PASSED [ 36%]
tests/unit/apis/backpack/test_bp_request_builder_trading.py::TestBuildGetTradeHistoryParams::test_build_get_trade_history_params_time_combinations[None-None-expected_time_params0] PASSED [ 36%]
tests/unit/apis/backpack/test_bp_request_builder_trading.py::TestBuildGetTradeHistoryParams::test_build_get_trade_history_params_time_combinations[1000000-None-expected_time_params1] PASSED [ 36%]
tests/unit/apis/backpack/test_bp_request_builder_trading.py::TestBuildGetTradeHistoryParams::test_build_get_trade_history_params_time_combinations[None-2000000-expected_time_params2] PASSED [ 36%]
tests/unit/apis/backpack/test_bp_request_builder_trading.py::TestBuildGetTradeHistoryParams::test_build_get_trade_history_params_time_combinations[1000000-2000000-expected_time_params3] PASSED [ 36%]
tests/unit/apis/backpack/test_bp_request_builder_utilities.py::TestFormatSymbol::test_format_symbol_dash_to_underscore PASSED [ 36%]
tests/unit/apis/backpack/test_bp_request_builder_utilities.py::TestFormatSymbol::test_format_symbol_lowercase_to_uppercase PASSED [ 36%]
tests/unit/apis/backpack/test_bp_request_builder_utilities.py::TestFormatSymbol::test_format_symbol_perp_suffix_preserved PASSED [ 36%]
tests/unit/apis/backpack/test_bp_request_builder_utilities.py::TestFormatSymbol::test_format_symbol_mixed_case_and_separators PASSED [ 36%]
tests/unit/apis/backpack/test_bp_request_builder_utilities.py::TestFormatSymbol::test_format_symbol_already_formatted PASSED [ 36%]
tests/unit/apis/backpack/test_bp_request_builder_utilities.py::TestFormatSymbol::test_format_symbol_empty_string PASSED [ 36%]
tests/unit/apis/backpack/test_bp_request_builder_utilities.py::TestFormatSymbol::test_format_symbol_parametrized[sol-usdc-SOL_USDC] PASSED [ 36%]
tests/unit/apis/backpack/test_bp_request_builder_utilities.py::TestFormatSymbol::test_format_symbol_parametrized[BTC-PERP-BTC_PERP] PASSED [ 36%]
tests/unit/apis/backpack/test_bp_request_builder_utilities.py::TestFormatSymbol::test_format_symbol_parametrized[eth_usdt-ETH_USDT] PASSED [ 36%]
tests/unit/apis/backpack/test_bp_request_builder_utilities.py::TestFormatSymbol::test_format_symbol_parametrized[DOGE-USDC-DOGE_USDC] PASSED [ 37%]
tests/unit/apis/backpack/test_bp_request_builder_utilities.py::TestFormatSymbol::test_format_symbol_parametrized[avax_perp-AVAX_PERP] PASSED [ 37%]
tests/unit/apis/backpack/test_bp_response_handler_account_trading.py::TestHandleGetBalancesResponse::test_valid PASSED [ 37%]
tests/unit/apis/backpack/test_bp_response_handler_account_trading.py::TestHandleGetBalancesResponse::test_empty_balances PASSED [ 37%]
tests/unit/apis/backpack/test_bp_response_handler_account_trading.py::TestHandleGetBalancesResponse::test_validation_error_invalid_balance_item PASSED [ 37%]
tests/unit/apis/backpack/test_bp_response_handler_account_trading.py::TestHandleGetBalancesResponse::test_invalid_top_level_type PASSED [ 37%]
tests/unit/apis/backpack/test_bp_response_handler_account_trading.py::TestHandleGetBalancesResponse::test_invalid_balance_item_raises_error PASSED [ 37%]
tests/unit/apis/backpack/test_bp_response_handler_account_trading.py::TestHandleGetPositionsResponse::test_valid PASSED [ 37%]
tests/unit/apis/backpack/test_bp_response_handler_account_trading.py::TestHandleGetPositionsResponse::test_empty_positions_list PASSED [ 37%]
tests/unit/apis/backpack/test_bp_response_handler_account_trading.py::TestHandleGetPositionsResponse::test_invalid_position_item_raises_error PASSED [ 37%]
tests/unit/apis/backpack/test_bp_response_handler_account_trading.py::TestHandleGetPositionsResponse::test_validation_error_missing_field PASSED [ 37%]
tests/unit/apis/backpack/test_bp_response_handler_account_trading.py::TestHandleGetPositionsResponse::test_invalid_top_level_type PASSED [ 37%]
tests/unit/apis/backpack/test_bp_response_handler_account_trading.py::TestHandleGetAccountInfoResponse::test_valid PASSED [ 37%]
tests/unit/apis/backpack/test_bp_response_handler_account_trading.py::TestHandleGetAccountInfoResponse::test_validation_error_missing_field PASSED [ 37%]
tests/unit/apis/backpack/test_bp_response_handler_account_trading.py::TestHandleGetAccountInfoResponse::test_invalid_top_level_type PASSED [ 37%]
tests/unit/apis/backpack/test_bp_response_handler_account_trading.py::TestHandleGetOpenOrdersResponse::test_valid PASSED [ 37%]
tests/unit/apis/backpack/test_bp_response_handler_account_trading.py::TestHandleGetOpenOrdersResponse::test_empty_orders_list PASSED [ 37%]
tests/unit/apis/backpack/test_bp_response_handler_account_trading.py::TestHandleGetOpenOrdersResponse::test_invalid_order_item_raises_error PASSED [ 37%]
tests/unit/apis/backpack/test_bp_response_handler_account_trading.py::TestHandleGetOpenOrdersResponse::test_validation_error_missing_field PASSED [ 37%]
tests/unit/apis/backpack/test_bp_response_handler_account_trading.py::TestHandleGetOpenOrdersResponse::test_invalid_top_level_type PASSED [ 37%]
tests/unit/apis/backpack/test_bp_response_handler_account_trading.py::TestHandleGetOrderHistoryResponse::test_valid PASSED [ 37%]
tests/unit/apis/backpack/test_bp_response_handler_account_trading.py::TestHandleGetOrderHistoryResponse::test_empty_order_history_list PASSED [ 37%]
tests/unit/apis/backpack/test_bp_response_handler_account_trading.py::TestHandleGetOrderHistoryResponse::test_invalid_order_item_raises_error PASSED [ 37%]
tests/unit/apis/backpack/test_bp_response_handler_account_trading.py::TestHandleGetOrderHistoryResponse::test_validation_error_missing_field PASSED [ 37%]
tests/unit/apis/backpack/test_bp_response_handler_account_trading.py::TestHandleGetOrderHistoryResponse::test_invalid_top_level_type PASSED [ 37%]
tests/unit/apis/backpack/test_bp_response_handler_account_trading.py::TestHandleGetTradeHistoryResponse::test_valid PASSED [ 37%]
tests/unit/apis/backpack/test_bp_response_handler_account_trading.py::TestHandleGetTradeHistoryResponse::test_empty_trade_history_list PASSED [ 37%]
tests/unit/apis/backpack/test_bp_response_handler_account_trading.py::TestHandleGetTradeHistoryResponse::test_invalid_trade_item_raises_error PASSED [ 37%]
tests/unit/apis/backpack/test_bp_response_handler_account_trading.py::TestHandleGetTradeHistoryResponse::test_validation_error_missing_field PASSED [ 37%]
tests/unit/apis/backpack/test_bp_response_handler_account_trading.py::TestHandleGetTradeHistoryResponse::test_invalid_top_level_type PASSED [ 37%]
tests/unit/apis/backpack/test_bp_response_handler_account_trading.py::TestHandleGetOrderStatusResponse::test_valid PASSED [ 37%]
tests/unit/apis/backpack/test_bp_response_handler_account_trading.py::TestHandleGetOrderStatusResponse::test_validation_error_missing_field PASSED [ 37%]
tests/unit/apis/backpack/test_bp_response_handler_account_trading.py::TestHandleGetOrderStatusResponse::test_invalid_top_level_type PASSED [ 37%]
tests/unit/apis/backpack/test_bp_response_handler_account_trading.py::TestAccountTradingEdgeCases::test_balance_with_zero_amounts PASSED [ 37%]
tests/unit/apis/backpack/test_bp_response_handler_account_trading.py::TestAccountTradingEdgeCases::test_position_with_negative_values PASSED [ 37%]
tests/unit/apis/backpack/test_bp_response_handler_account_trading.py::TestAccountTradingEdgeCases::test_order_with_null_price PASSED [ 38%]
tests/unit/apis/backpack/test_bp_response_handler_account_trading.py::TestAccountTradingEdgeCases::test_account_summary_with_edge_values PASSED [ 38%]
tests/unit/apis/backpack/test_bp_response_handler_funding_admin.py::TestHandleGetFundingRateResponse::test_valid PASSED [ 38%]
tests/unit/apis/backpack/test_bp_response_handler_funding_admin.py::TestHandleGetFundingRateResponse::test_validation_error_missing_field PASSED [ 38%]
tests/unit/apis/backpack/test_bp_response_handler_funding_admin.py::TestHandleGetFundingRateResponse::test_validation_error_invalid_rate_format PASSED [ 38%]
tests/unit/apis/backpack/test_bp_response_handler_funding_admin.py::TestHandleGetFundingRateResponse::test_invalid_top_level_type PASSED [ 38%]
tests/unit/apis/backpack/test_bp_response_handler_funding_admin.py::TestHandleGetFundingRateResponse::test_extra_fields_ignored PASSED [ 38%]
tests/unit/apis/backpack/test_bp_response_handler_funding_admin.py::TestFundingRateEdgeCases::test_funding_rate_with_zero_rate PASSED [ 38%]
tests/unit/apis/backpack/test_bp_response_handler_funding_admin.py::TestFundingRateEdgeCases::test_funding_rate_with_negative_rate PASSED [ 38%]
tests/unit/apis/backpack/test_bp_response_handler_funding_admin.py::TestFundingRateEdgeCases::test_funding_rate_with_high_precision PASSED [ 38%]
tests/unit/apis/backpack/test_bp_response_handler_market_data.py::TestHandleGetTickerResponse::test_valid PASSED [ 38%]
tests/unit/apis/backpack/test_bp_response_handler_market_data.py::TestHandleGetTickerResponse::test_invalid_top_level_type PASSED [ 38%]
tests/unit/apis/backpack/test_bp_response_handler_market_data.py::TestHandleGetTickerResponse::test_validation_error_missing_field PASSED [ 38%]
tests/unit/apis/backpack/test_bp_response_handler_market_data.py::TestHandleGetTickerResponse::test_validation_error_invalid_price_format PASSED [ 38%]
tests/unit/apis/backpack/test_bp_response_handler_market_data.py::TestHandleGetTickerResponse::test_extra_fields_ignored PASSED [ 38%]
tests/unit/apis/backpack/test_bp_response_handler_market_data.py::TestHandleGetOrderBookResponse::test_valid PASSED [ 38%]
tests/unit/apis/backpack/test_bp_response_handler_market_data.py::TestHandleGetOrderBookResponse::test_empty_order_book PASSED [ 38%]
tests/unit/apis/backpack/test_bp_response_handler_market_data.py::TestHandleGetOrderBookResponse::test_validation_error_invalid_bid_format PASSED [ 38%]
tests/unit/apis/backpack/test_bp_response_handler_market_data.py::TestHandleGetOrderBookResponse::test_invalid_top_level_type PASSED [ 38%]
tests/unit/apis/backpack/test_bp_response_handler_market_data.py::TestHandleGetRecentTradesResponse::test_valid PASSED [ 38%]
tests/unit/apis/backpack/test_bp_response_handler_market_data.py::TestHandleGetRecentTradesResponse::test_empty_trades_list PASSED [ 38%]
tests/unit/apis/backpack/test_bp_response_handler_market_data.py::TestHandleGetRecentTradesResponse::test_invalid_trade_item_raises_error PASSED [ 38%]
tests/unit/apis/backpack/test_bp_response_handler_market_data.py::TestHandleGetRecentTradesResponse::test_validation_error_missing_field PASSED [ 38%]
tests/unit/apis/backpack/test_bp_response_handler_market_data.py::TestHandleGetRecentTradesResponse::test_invalid_top_level_type PASSED [ 38%]
tests/unit/apis/backpack/test_bp_response_handler_market_data.py::TestHandleGetMarketDataResponse::test_valid PASSED [ 38%]
tests/unit/apis/backpack/test_bp_response_handler_market_data.py::TestHandleGetMarketDataResponse::test_empty_klines_list PASSED [ 38%]
tests/unit/apis/backpack/test_bp_response_handler_market_data.py::TestHandleGetMarketDataResponse::test_invalid_kline_item_skipped PASSED [ 38%]
tests/unit/apis/backpack/test_bp_response_handler_market_data.py::TestHandleGetMarketDataResponse::test_invalid_top_level_type PASSED [ 38%]
tests/unit/apis/backpack/test_bp_response_handler_market_data.py::TestHandleGetHistoricalTradesResponse::test_valid PASSED [ 38%]
tests/unit/apis/backpack/test_bp_response_handler_market_data.py::TestHandleGetHistoricalTradesResponse::test_empty_historical_trades_list PASSED [ 38%]
tests/unit/apis/backpack/test_bp_response_handler_market_data.py::TestHandleGetHistoricalTradesResponse::test_invalid_trade_item_raises_error PASSED [ 38%]
tests/unit/apis/backpack/test_bp_response_handler_market_data.py::TestHandleGetHistoricalTradesResponse::test_validation_error_missing_field PASSED [ 38%]
tests/unit/apis/backpack/test_bp_response_handler_market_data.py::TestHandleGetHistoricalTradesResponse::test_invalid_top_level_type PASSED [ 38%]
tests/unit/apis/backpack/test_bp_response_handler_market_data.py::TestMarketDataEdgeCases::test_ticker_with_zero_values PASSED [ 38%]
tests/unit/apis/backpack/test_bp_response_handler_market_data.py::TestMarketDataEdgeCases::test_order_book_with_single_level PASSED [ 38%]
tests/unit/apis/backpack/test_bp_response_handler_market_data.py::TestMarketDataEdgeCases::test_trades_with_precision_values PASSED [ 39%]
tests/unit/apis/backpack/test_bp_response_handler_market_data.py::TestMarketDataEdgeCases::test_klines_with_missing_optional_fields PASSED [ 39%]
tests/unit/apis/backpack/test_bp_response_handler_market_data.py::TestHandleGetMarketsResponse::test_valid_markets_list PASSED [ 39%]
tests/unit/apis/backpack/test_bp_response_handler_market_data.py::TestHandleGetMarketsResponse::test_empty_markets_list PASSED [ 39%]
tests/unit/apis/backpack/test_bp_response_handler_market_data.py::TestHandleGetMarketsResponse::test_invalid_top_level_type PASSED [ 39%]
tests/unit/apis/backpack/test_bp_response_handler_market_data.py::TestHandleGetMarketsResponse::test_validation_error_in_market_item PASSED [ 39%]
tests/unit/apis/backpack/test_bp_response_handler_market_data.py::TestHandleGetMarketsResponse::test_large_markets_list PASSED [ 39%]
tests/unit/apis/backpack/test_bp_response_handler_market_data.py::TestHandleGetMarketResponse::test_valid_market PASSED [ 39%]
tests/unit/apis/backpack/test_bp_response_handler_market_data.py::TestHandleGetMarketResponse::test_invalid_top_level_type PASSED [ 39%]
tests/unit/apis/backpack/test_bp_response_handler_market_data.py::TestHandleGetMarketResponse::test_validation_error_missing_field PASSED [ 39%]
tests/unit/apis/backpack/test_bp_response_handler_market_data.py::TestHandleGetMarketResponse::test_validation_error_invalid_field_type PASSED [ 39%]
tests/unit/apis/backpack/test_bp_response_handler_market_data.py::TestHandleGetMarketResponse::test_market_with_all_optional_fields PASSED [ 39%]
tests/unit/apis/backpack/test_bp_response_handler_market_data.py::TestHandleGetMarketResponse::test_market_context_in_error_message PASSED [ 39%]
tests/unit/apis/backpack/test_bp_ws_message_router.py::TestBackpackWsMessageRouter::test_init PASSED [ 39%]
tests/unit/apis/backpack/test_bp_ws_message_router.py::TestBackpackWsMessageRouter::test_construct_subscription_payload_basic_topic PASSED [ 39%]
tests/unit/apis/backpack/test_bp_ws_message_router.py::TestBackpackWsMessageRouter::test_construct_subscription_payload_various_topics PASSED [ 39%]
tests/unit/apis/backpack/test_bp_ws_message_router.py::TestBackpackWsMessageRouter::test_route_message_depth_topic PASSED [ 39%]
tests/unit/apis/backpack/test_bp_ws_message_router.py::TestBackpackWsMessageRouter::test_route_message_ticker_topic PASSED [ 39%]
tests/unit/apis/backpack/test_bp_ws_message_router.py::TestBackpackWsMessageRouter::test_route_message_fills_topic PASSED [ 39%]
tests/unit/apis/backpack/test_bp_ws_message_router.py::TestBackpackWsMessageRouter::test_route_message_orders_topic PASSED [ 39%]
tests/unit/apis/backpack/test_bp_ws_message_router.py::TestBackpackWsMessageRouter::test_route_message_position_update_topic PASSED [ 39%]
tests/unit/apis/backpack/test_bp_ws_message_router.py::TestBackpackWsMessageRouter::test_route_message_base_topic_fallback PASSED [ 39%]
tests/unit/apis/backpack/test_bp_ws_message_router.py::TestBackpackWsMessageRouter::test_route_message_no_topic_or_type PASSED [ 39%]
tests/unit/apis/backpack/test_bp_ws_message_router.py::TestBackpackWsMessageRouter::test_route_message_no_data_payload PASSED [ 39%]
tests/unit/apis/backpack/test_bp_ws_message_router.py::TestBackpackWsMessageRouter::test_route_message_no_handler_registered PASSED [ 39%]
tests/unit/apis/backpack/test_bp_ws_message_router.py::TestBackpackWsMessageRouter::test_route_message_unknown_topic_passes_raw_data PASSED [ 39%]
tests/unit/apis/backpack/test_bp_ws_message_router.py::TestBackpackWsMessageRouter::test_route_message_api_error_in_raw_handler PASSED [ 39%]
tests/unit/apis/backpack/test_bp_ws_message_router.py::TestBackpackWsMessageRouter::test_route_message_transformation_error_in_mapper PASSED [ 39%]
tests/unit/apis/backpack/test_bp_ws_message_router.py::TestBackpackWsMessageRouter::test_route_message_exception_in_app_handler PASSED [ 39%]
tests/unit/apis/backpack/test_bp_ws_message_router.py::TestBackpackWsMessageRouter::test_route_message_symbol_extraction_from_topic PASSED [ 39%]
tests/unit/apis/backpack/test_bp_ws_raw_message_handler.py::test_handle_depth_payload_valid PASSED [ 39%]
tests/unit/apis/backpack/test_bp_ws_raw_message_handler.py::test_handle_depth_payload_invalid PASSED [ 39%]
tests/unit/apis/backpack/test_bp_ws_raw_message_handler.py::test_handle_ticker_payload_valid PASSED [ 39%]
tests/unit/apis/backpack/test_bp_ws_raw_message_handler.py::test_handle_ticker_payload_invalid PASSED [ 39%]
tests/unit/apis/backpack/test_bp_ws_raw_message_handler.py::test_handle_trade_event_payload_valid PASSED [ 39%]
tests/unit/apis/backpack/test_bp_ws_raw_message_handler.py::test_handle_trade_event_payload_invalid PASSED [ 40%]
tests/unit/apis/backpack/test_bp_ws_raw_message_handler.py::test_handle_order_update_payload_valid PASSED [ 40%]
tests/unit/apis/backpack/test_bp_ws_raw_message_handler.py::test_handle_order_update_payload_invalid PASSED [ 40%]
tests/unit/apis/backpack/test_bp_ws_raw_message_handler.py::test_handle_position_update_payload_valid PASSED [ 40%]
tests/unit/apis/backpack/test_bp_ws_raw_message_handler.py::test_handle_position_update_payload_invalid PASSED [ 40%]
tests/unit/apis/base/test_exchange_api.py::TestExchangeAPIInitialization::test_api_creation_with_di_fixture PASSED [ 40%]
tests/unit/apis/base/test_exchange_api.py::TestExchangeAPIInitialization::test_api_creation_with_custom_config PASSED [ 40%]
tests/unit/apis/base/test_exchange_api.py::TestExchangeAPIInitialization::test_api_creation_with_custom_exchange_name PASSED [ 40%]
tests/unit/apis/base/test_exchange_api.py::TestExchangeAPIWebSocketOperations::test_connect_websocket_delegates_to_ws_manager PASSED [ 40%]
tests/unit/apis/base/test_exchange_api.py::TestExchangeAPIWebSocketOperations::test_subscribe_sends_payload_when_connected PASSED [ 40%]
tests/unit/apis/base/test_exchange_api.py::TestExchangeAPIWebSocketOperations::test_subscribe_logs_warning_when_not_connected PASSED [ 40%]
tests/unit/apis/base/test_exchange_api.py::TestExchangeAPIWebSocketOperations::test_is_connected_property_delegates_to_ws_manager PASSED [ 40%]
tests/unit/apis/base/test_exchange_api.py::TestExchangeAPIWebSocketOperations::test_construct_subscription_payload_integration PASSED [ 40%]
tests/unit/apis/base/test_exchange_api.py::TestExchangeAPIWebSocketOperations::test_websocket_reconnection_triggers_resubscription PASSED [ 40%]
tests/unit/apis/base/test_exchange_api.py::TestExchangeAPIWebSocketOperations::test_subscription_payload_construction_integration PASSED [ 40%]
tests/unit/apis/base/test_exchange_api.py::TestExchangeAPIResourceManagement::test_api_close_cleanup_http_client PASSED [ 40%]
tests/unit/apis/base/test_exchange_api.py::TestExchangeAPIResourceManagement::test_api_close_cleanup_websocket_manager PASSED [ 40%]
tests/unit/apis/base/test_exchange_api.py::TestExchangeAPIResourceManagement::test_api_close_handles_missing_dependencies PASSED [ 40%]
tests/unit/apis/base/test_exchange_api.py::TestExchangeAPIErrorHandling::test_http_client_error_mapping PASSED [ 40%]
tests/unit/apis/base/test_exchange_api.py::TestExchangeAPIDependencyIsolation::test_custom_dependency_override PASSED [ 40%]
tests/unit/apis/base/test_exchange_api.py::TestExchangeAPIDependencyIsolation::test_multiple_api_instances_are_isolated PASSED [ 40%]
tests/unit/apis/base/test_exchange_api.py::TestExchangeAPIDependencyIsolation::test_dependency_injection_completeness PASSED [ 40%]
tests/unit/apis/base/test_exchange_api.py::TestExchangeAPIPublicInterface::test_abstract_methods_implemented PASSED [ 40%]
tests/unit/apis/base/test_exchange_api.py::TestExchangeAPIPublicInterface::test_subscription_payload_construction PASSED [ 40%]
tests/unit/apis/base/test_exchange_api.py::TestExchangeAPIPublicInterface::test_websocket_connection_interface PASSED [ 40%]
tests/unit/apis/base/test_simple_rate_limit_strategy.py::TestSimpleTokenBucketStrategy::test_prepare_and_acquire_default_weight PASSED [ 40%]
tests/unit/apis/base/test_simple_rate_limit_strategy.py::TestSimpleTokenBucketStrategy::test_prepare_and_acquire_custom_weight PASSED [ 40%]
tests/unit/apis/base/test_simple_rate_limit_strategy.py::TestSimpleTokenBucketStrategy::test_prepare_and_acquire_zero_weight PASSED [ 40%]
tests/unit/apis/base/test_simple_rate_limit_strategy.py::TestSimpleTokenBucketStrategy::test_prepare_and_acquire_negative_weight PASSED [ 40%]
tests/unit/apis/base/test_simple_rate_limit_strategy.py::TestSimpleTokenBucketStrategy::test_prepare_and_acquire_missing_weight PASSED [ 40%]
tests/unit/apis/base/test_simple_rate_limit_strategy.py::TestSimpleTokenBucketStrategy::test_custom_default_weight PASSED [ 40%]
tests/unit/apis/base/test_simple_rate_limit_strategy.py::TestSimpleTokenBucketStrategy::test_real_limiter_integration PASSED [ 40%]
tests/unit/apis/base/test_simple_rate_limit_strategy.py::TestSimpleTokenBucketStrategy::test_limiter_wait_time_propagation PASSED [ 40%]
tests/unit/apis/base/test_simple_rate_limit_strategy.py::TestSimpleTokenBucketStrategy::test_exception_from_limiter_propagates PASSED [ 40%]
tests/unit/apis/base/test_simple_rate_limit_strategy.py::TestSimpleTokenBucketStrategy::test_strategy_does_not_modify_payload PASSED [ 40%]
tests/unit/apis/base/test_simple_rate_limit_strategy.py::TestSimpleTokenBucketStrategyInitialization::test_initialization_with_defaults PASSED [ 40%]
tests/unit/apis/base/test_simple_rate_limit_strategy.py::TestSimpleTokenBucketStrategyInitialization::test_initialization_with_custom_weight PASSED [ 41%]
tests/unit/apis/connectivity/test_connectivity_models.py::TestProcessedResponseHeaders::test_valid_instantiation_defaults PASSED [ 41%]
tests/unit/apis/connectivity/test_connectivity_models.py::TestProcessedResponseHeaders::test_valid_content_type[application/json] PASSED [ 41%]
tests/unit/apis/connectivity/test_connectivity_models.py::TestProcessedResponseHeaders::test_valid_content_type[text/html; charset=utf-8] PASSED [ 41%]
tests/unit/apis/connectivity/test_connectivity_models.py::TestProcessedResponseHeaders::test_valid_content_type[application/vnd.api+json] PASSED [ 41%]
tests/unit/apis/connectivity/test_connectivity_models.py::TestProcessedResponseHeaders::test_valid_content_type[] PASSED [ 41%]
tests/unit/apis/connectivity/test_connectivity_models.py::TestProcessedResponseHeaders::test_valid_content_type[aaaaaaaaaaaaaaaaaaaaaaaaaaaaaaaaaaaaaaaaaaaaaaaaaaaaaaaaaaaaaaaaaaaaaaaaaaaaaaaaaaaaaaaaaaaaaaaaaaaaaaaaaaaaaaaaaaaaaaaaaaaaaaaaaaaaaaaaaaaaaaaaaaaaaaaaaaaaaaaaaaaaaaaaaaaaaaaaaaaaaaaaaaaaaaaaaaaaaaaaaaaaaaaaaaaaaaaaaaaaaaaaaaaaaaaaaaaaaaaaaaaaaaaaaaaaaaaa] PASSED [ 41%]
tests/unit/apis/connectivity/test_connectivity_models.py::TestProcessedResponseHeaders::test_invalid_content_type[aaaaaaaaaaaaaaaaaaaaaaaaaaaaaaaaaaaaaaaaaaaaaaaaaaaaaaaaaaaaaaaaaaaaaaaaaaaaaaaaaaaaaaaaaaaaaaaaaaaaaaaaaaaaaaaaaaaaaaaaaaaaaaaaaaaaaaaaaaaaaaaaaaaaaaaaaaaaaaaaaaaaaaaaaaaaaaaaaaaaaaaaaaaaaaaaaaaaaaaaaaaaaaaaaaaaaaaaaaaaaaaaaaaaaaaaaaaaaaaaaaaaaaaaaaaaaaaaa-string should have at most 256 characters-ValidationError] PASSED [ 41%]
tests/unit/apis/connectivity/test_connectivity_models.py::TestProcessedResponseHeaders::test_invalid_content_type[application/json\\n-Content-Type contains invalid characters-ContentTypeValidationError] PASSED [ 41%]
tests/unit/apis/connectivity/test_connectivity_models.py::TestProcessedResponseHeaders::test_invalid_content_type[\\t\\t-Content-Type contains invalid characters-ContentTypeValidationError] PASSED [ 41%]
tests/unit/apis/connectivity/test_connectivity_models.py::TestProcessedResponseHeaders::test_invalid_content_type[ -Content-Type cannot be only whitespace-ContentTypeValidationError] PASSED [ 41%]
tests/unit/apis/connectivity/test_connectivity_models.py::TestProcessedResponseHeaders::test_invalid_content_type[\u4f60\u597d\u4e16\u754c-Content-Type contains invalid characters-ContentTypeValidationError] PASSED [ 41%]
tests/unit/apis/connectivity/test_connectivity_models.py::TestProcessedResponseHeaders::test_frozen_behavior PASSED [ 41%]
tests/unit/apis/connectivity/test_connectivity_models.py::TestProcessedResponseHeaders::test_extra_forbid_behavior PASSED [ 41%]
tests/unit/apis/connectivity/test_connectivity_models.py::TestHttpClientConfig::test_valid_instantiation_defaults PASSED [ 41%]
tests/unit/apis/connectivity/test_connectivity_models.py::TestHttpClientConfig::test_valid_instantiation_custom_values PASSED [ 41%]
tests/unit/apis/connectivity/test_connectivity_models.py::TestHttpClientConfig::test_valid_optional_fields_none PASSED [ 41%]
tests/unit/apis/connectivity/test_connectivity_models.py::TestHttpClientConfig::test_invalid_field_values[rest_endpoint-not_a_url-input should be a valid url] PASSED [ 41%]
tests/unit/apis/connectivity/test_connectivity_models.py::TestHttpClientConfig::test_invalid_field_values[default_request_timeout-0.0-Input should be greater than 0] PASSED [ 41%]
tests/unit/apis/connectivity/test_connectivity_models.py::TestHttpClientConfig::test_invalid_field_values[default_request_timeout--1.0-Input should be greater than 0] PASSED [ 41%]
tests/unit/apis/connectivity/test_connectivity_models.py::TestHttpClientConfig::test_invalid_field_values[default_request_timeout-120.1-Input should be less than or equal to 120] PASSED [ 41%]
tests/unit/apis/connectivity/test_connectivity_models.py::TestHttpClientConfig::test_invalid_field_values[max_retries--1-Input should be greater than or equal to 0] PASSED [ 41%]
tests/unit/apis/connectivity/test_connectivity_models.py::TestHttpClientConfig::test_invalid_field_values[max_retries-11-Input should be less than or equal to 10] PASSED [ 41%]
tests/unit/apis/connectivity/test_connectivity_models.py::TestHttpClientConfig::test_invalid_field_values[retry_delay_seconds-0.0-Input should be greater than 0] PASSED [ 41%]
tests/unit/apis/connectivity/test_connectivity_models.py::TestHttpClientConfig::test_invalid_field_values[retry_delay_seconds--1.0-Input should be greater than 0] PASSED [ 41%]
tests/unit/apis/connectivity/test_connectivity_models.py::TestHttpClientConfig::test_invalid_field_values[retry_delay_seconds-300.1-Input should be less than or equal to 300] PASSED [ 41%]
tests/unit/apis/connectivity/test_connectivity_models.py::TestHttpClientConfig::test_frozen_behavior PASSED [ 41%]
tests/unit/apis/connectivity/test_connectivity_models.py::TestHttpClientConfig::test_extra_forbid_behavior PASSED [ 41%]
tests/unit/apis/connectivity/test_connectivity_models.py::TestHttpClientConfig::test_max_retries_validation PASSED [ 41%]
tests/unit/apis/connectivity/test_connectivity_models.py::TestWebSocketManagerConfig::test_valid_instantiation_defaults PASSED [ 41%]
tests/unit/apis/connectivity/test_connectivity_models.py::TestWebSocketManagerConfig::test_valid_instantiation_custom_values PASSED [ 41%]
tests/unit/apis/connectivity/test_connectivity_models.py::TestWebSocketManagerConfig::test_invalid_field_values[ws_url-not a websocket url-input should be a valid url] PASSED [ 41%]
tests/unit/apis/connectivity/test_connectivity_models.py::TestWebSocketManagerConfig::test_invalid_field_values[ping_interval-0.0-Input should be greater than 0] PASSED [ 41%]
tests/unit/apis/connectivity/test_connectivity_models.py::TestWebSocketManagerConfig::test_invalid_field_values[ping_interval--5.0-Input should be greater than 0] PASSED [ 41%]
tests/unit/apis/connectivity/test_connectivity_models.py::TestWebSocketManagerConfig::test_invalid_field_values[ping_interval-60.1-Input should be less than or equal to 60] PASSED [ 41%]
tests/unit/apis/connectivity/test_connectivity_models.py::TestWebSocketManagerConfig::test_invalid_field_values[reconnect_delay-0.0-Input should be greater than 0] PASSED [ 42%]
tests/unit/apis/connectivity/test_connectivity_models.py::TestWebSocketManagerConfig::test_invalid_field_values[reconnect_delay--1.0-Input should be greater than 0] PASSED [ 42%]
tests/unit/apis/connectivity/test_connectivity_models.py::TestWebSocketManagerConfig::test_invalid_field_values[reconnect_delay-300.1-Input should be less than or equal to 300] PASSED [ 42%]
tests/unit/apis/connectivity/test_connectivity_models.py::TestWebSocketManagerConfig::test_invalid_field_values[max_reconnect_attempts--1-Input should be greater than or equal to 0] PASSED [ 42%]
tests/unit/apis/connectivity/test_connectivity_models.py::TestWebSocketManagerConfig::test_invalid_field_values[max_reconnect_attempts-21-Input should be less than or equal to 20] PASSED [ 42%]
tests/unit/apis/connectivity/test_connectivity_models.py::TestWebSocketManagerConfig::test_invalid_field_values[connection_timeout-0.0-Input should be greater than 0] PASSED [ 42%]
tests/unit/apis/connectivity/test_connectivity_models.py::TestWebSocketManagerConfig::test_invalid_field_values[connection_timeout--10.0-Input should be greater than 0] PASSED [ 42%]
tests/unit/apis/connectivity/test_connectivity_models.py::TestWebSocketManagerConfig::test_invalid_field_values[connection_timeout-120.1-Input should be less than or equal to 120] PASSED [ 42%]
tests/unit/apis/connectivity/test_connectivity_models.py::TestWebSocketManagerConfig::test_frozen_behavior PASSED [ 42%]
tests/unit/apis/connectivity/test_connectivity_models.py::TestWebSocketManagerConfig::test_extra_forbid_behavior PASSED [ 42%]
tests/unit/apis/connectivity/test_connectivity_models.py::TestWebSocketManagerConfig::test_max_retries_validation PASSED [ 42%]
tests/unit/apis/connectivity/test_connectivity_models.py::TestWebSocketManagerConfig::test_ping_interval_validation PASSED [ 42%]
tests/unit/apis/connectivity/test_http_client.py::TestHttpClient::test_internal_session_creation_reuse_and_closure PASSED [ 42%]
tests/unit/apis/connectivity/test_http_client.py::TestHttpClient::test_close_session_idempotent_internal_session PASSED [ 42%]
tests/unit/apis/connectivity/test_http_client.py::TestHttpClient::test_async_context_manager_internal_session PASSED [ 42%]
tests/unit/apis/connectivity/test_http_client.py::TestHttpClient::test_external_session_is_used_and_not_closed PASSED [ 42%]
tests/unit/apis/connectivity/test_http_client.py::TestHttpClient::test_request_successful_json PASSED [ 42%]
tests/unit/apis/connectivity/test_http_client.py::TestHttpClient::test_request_successful_text PASSED [ 42%]
tests/unit/apis/connectivity/test_http_client.py::TestHttpClient::test_request_204_no_content PASSED [ 42%]
tests/unit/apis/connectivity/test_http_client.py::TestHttpClient::test_request_signed PASSED [ 42%]
tests/unit/apis/connectivity/test_http_client.py::TestHttpClient::test_request_signed_no_authenticator_raises_api_error PASSED [ 42%]
tests/unit/apis/connectivity/test_http_client.py::TestHttpClient::test_authenticator_prepare_request_raises_api_error PASSED [ 42%]
tests/unit/apis/connectivity/test_http_client.py::TestHttpClient::test_http_error_400_raises_HttpRequestFailedError_no_retry PASSED [ 42%]
tests/unit/apis/connectivity/test_http_client.py::TestHttpClient::test_http_error_500_retries_then_raises PASSED [ 42%]
tests/unit/apis/connectivity/test_http_client.py::TestHttpClient::test_client_error_retries_then_raises PASSED [ 42%]
tests/unit/apis/connectivity/test_http_client.py::TestHttpClient::test_url_construction PASSED [ 42%]
tests/unit/apis/connectivity/test_http_client.py::TestHttpClient::test_request_custom_timeout PASSED [ 42%]
tests/unit/apis/connectivity/test_http_client.py::TestHttpClient::test_request_json_decode_error PASSED [ 42%]
tests/unit/apis/connectivity/test_http_client.py::TestHttpClient::test_request_payload_error_on_body_read PASSED [ 42%]
tests/unit/apis/connectivity/test_http_client.py::TestHttpClient::test_request_invalid_content_type_header_from_server PASSED [ 42%]
tests/unit/apis/connectivity/test_http_client.py::TestHttpClientRequestResponseParsing::test_parse_valid_json_response PASSED [ 42%]
tests/unit/apis/connectivity/test_http_client.py::TestHttpClientRequestResponseParsing::test_parse_valid_text_response PASSED [ 42%]
tests/unit/apis/connectivity/test_http_client.py::TestHttpClientRequestResponseParsing::test_parse_204_no_content_response PASSED [ 42%]
tests/unit/apis/connectivity/test_http_client.py::TestHttpClientRequestResponseParsing::test_parse_invalid_content_type_too_long PASSED [ 42%]
tests/unit/apis/connectivity/test_http_client.py::TestHttpClientRequestResponseParsing::test_parse_missing_content_type PASSED [ 42%]
tests/unit/apis/connectivity/test_http_client.py::TestHttpClientRequestResponseParsing::test_parse_json_decode_error PASSED [ 43%]
tests/unit/apis/connectivity/test_http_client.py::TestHttpClientRequestResponseParsing::test_parse_client_payload_error_on_text_read PASSED [ 43%]
tests/unit/apis/connectivity/test_http_client.py::TestHttpClientRequestResponseParsing::test_parse_json_content_type_but_none_body PASSED [ 43%]
tests/unit/apis/connectivity/test_http_client.py::TestRateLimiterIntegration::test_rate_limiter_integration PASSED [ 43%]
tests/unit/apis/connectivity/test_ws_manager.py::TestWebSocketManager::test_connect_returns_task_and_idempotency PASSED [ 43%]
tests/unit/apis/connectivity/test_ws_manager.py::TestWebSocketManager::test_connection_success_flow PASSED [ 43%]
tests/unit/apis/connectivity/test_ws_manager.py::TestWebSocketManager::test_connection_failure_retries_and_gives_up PASSED [ 43%]
tests/unit/apis/connectivity/test_ws_manager.py::TestWebSocketManagerTaskManagement::test_close_cancels_tasks_and_closes_connection_session PASSED [ 43%]
tests/unit/apis/connectivity/test_ws_manager.py::TestWebSocketManagerTaskManagement::test_close_when_not_connected_closes_idle_internal_session PASSED [ 43%]
tests/unit/apis/connectivity/test_ws_manager.py::TestWebSocketManagerTaskManagement::test_listen_loop_processes_message_and_reconnects_on_close PASSED [ 43%]
tests/unit/apis/connectivity/test_ws_manager.py::TestWebSocketManagerTaskManagement::test_config_validation_invalid_url PASSED [ 43%]
tests/unit/apis/connectivity/test_ws_manager.py::TestWebSocketManagerTaskManagement::test_config_validation_numeric_bounds[ping_interval--1-Input should be greater than 0] PASSED [ 43%]
tests/unit/apis/connectivity/test_ws_manager.py::TestWebSocketManagerTaskManagement::test_config_validation_numeric_bounds[reconnect_delay-0-Input should be greater than 0] PASSED [ 43%]
tests/unit/apis/connectivity/test_ws_manager.py::TestWebSocketManagerTaskManagement::test_config_validation_numeric_bounds[max_reconnect_attempts--1-Input should be greater than or equal to 0] PASSED [ 43%]
tests/unit/apis/connectivity/test_ws_manager.py::TestWebSocketManagerTaskManagement::test_config_validation_numeric_bounds[connection_timeout-0-Input should be greater than 0] PASSED [ 43%]
tests/unit/apis/connectivity/test_ws_manager.py::TestWebSocketManagerTaskManagement::test_config_frozen_and_extra_forbid PASSED [ 43%]
tests/unit/apis/connectivity/test_ws_manager.py::test_simple_async_works_in_this_file PASSED [ 43%]
tests/unit/apis/connectivity/test_ws_manager.py::TestWebSocketManagerComprehensiveErrorHandling::test_connection_timeout_during_handshake PASSED [ 43%]
tests/unit/apis/connectivity/test_ws_manager.py::TestWebSocketManagerComprehensiveErrorHandling::test_connection_refused_error PASSED [ 43%]
tests/unit/apis/connectivity/test_ws_manager.py::TestWebSocketManagerComprehensiveErrorHandling::test_message_handler_exception_isolation PASSED [ 43%]
tests/unit/apis/connectivity/test_ws_manager.py::TestWebSocketManagerComprehensiveErrorHandling::test_malformed_json_message_handling PASSED [ 43%]
tests/unit/apis/connectivity/test_ws_manager.py::TestWebSocketManagerComprehensiveErrorHandling::test_send_when_not_connected PASSED [ 43%]
tests/unit/apis/connectivity/test_ws_manager.py::TestWebSocketManagerComprehensiveErrorHandling::test_double_close_safety PASSED [ 43%]
tests/unit/apis/connectivity/test_ws_manager.py::TestWebSocketManagerComprehensiveErrorHandling::test_zero_max_reconnect_attempts PASSED [ 43%]
tests/unit/apis/connectivity/test_ws_manager_pydantic.py::TestWebSocketManagerPydanticIntegration::test_send_json_with_basemodel PASSED [ 43%]
tests/unit/apis/connectivity/test_ws_manager_pydantic.py::TestWebSocketManagerPydanticIntegration::test_send_json_excludes_none PASSED [ 43%]
tests/unit/apis/connectivity/test_ws_manager_pydantic.py::TestWebSocketManagerPydanticIntegration::test_send_json_uses_by_alias PASSED [ 43%]
tests/unit/apis/connectivity/test_ws_manager_pydantic.py::TestWebSocketManagerPydanticIntegration::test_send_json_when_not_connected PASSED [ 43%]
tests/unit/apis/connectivity/test_ws_manager_pydantic.py::TestWebSocketManagerPydanticIntegration::test_send_json_handles_send_error PASSED [ 43%]
tests/unit/apis/connectivity/test_ws_manager_pydantic.py::TestWebSocketManagerPydanticIntegration::test_complex_nested_model PASSED [ 43%]
tests/unit/apis/connectivity/test_ws_manager_pydantic.py::TestWebSocketManagerPydanticIntegration::test_model_with_lists PASSED [ 43%]
tests/unit/apis/connectivity/test_ws_manager_pydantic.py::TestWebSocketManagerPydanticIntegration::test_model_with_tuple_serialized_as_list PASSED [ 43%]
tests/unit/apis/connectivity/test_ws_manager_pydantic.py::TestWebSocketManagerPydanticIntegration::test_frozen_model PASSED [ 43%]
tests/unit/apis/hyperliquid/mappers/test_hl_account_data_mapper_core.py::TestMapRawClearinghouseStateToMarginSummary::test_happy_path_with_positions PASSED [ 43%]
tests/unit/apis/hyperliquid/mappers/test_hl_account_data_mapper_core.py::TestMapRawClearinghouseStateToMarginSummary::test_map_no_derivatives PASSED [ 43%]
tests/unit/apis/hyperliquid/mappers/test_hl_account_data_mapper_core.py::TestMapRawClearinghouseStateToMarginSummary::test_margin_summary_with_high_precision_values PASSED [ 44%]
tests/unit/apis/hyperliquid/mappers/test_hl_account_data_mapper_core.py::TestMapRawClearinghouseStateToMarginSummary::test_zero_values_in_margin_summary PASSED [ 44%]
tests/unit/apis/hyperliquid/mappers/test_hl_account_data_mapper_core.py::TestMapRawClearinghouseStateToMarginSummary::test_margin_summary_timestamp_generation PASSED [ 44%]
tests/unit/apis/hyperliquid/mappers/test_hl_account_data_mapper_core.py::TestMapRawClearinghouseStateToSpotBalances::test_empty_spot_balances PASSED [ 44%]
tests/unit/apis/hyperliquid/mappers/test_hl_account_data_mapper_core.py::TestMapRawClearinghouseStateToSpotBalances::test_usdc_balance_from_account_value PASSED [ 44%]
tests/unit/apis/hyperliquid/mappers/test_hl_account_data_mapper_core.py::TestMapRawClearinghouseStateToSpotBalances::test_spot_balances_with_high_precision PASSED [ 44%]
tests/unit/apis/hyperliquid/mappers/test_hl_account_data_mapper_core.py::TestMapRawClearinghouseStateToSpotBalances::test_spot_balances_with_multiple_assets PASSED [ 44%]
tests/unit/apis/hyperliquid/mappers/test_hl_account_data_mapper_core.py::TestMapRawClearinghouseStateToSpotBalances::test_spot_balances_timestamp_generation PASSED [ 44%]
tests/unit/apis/hyperliquid/mappers/test_hl_account_data_mapper_core.py::TestCoreBusinessLogicValidation::test_unrealized_pnl_calculation_accuracy PASSED [ 44%]
tests/unit/apis/hyperliquid/mappers/test_hl_account_data_mapper_core.py::TestCoreBusinessLogicValidation::test_margin_requirement_calculations PASSED [ 44%]
tests/unit/apis/hyperliquid/mappers/test_hl_account_data_mapper_core.py::TestCoreBusinessLogicValidation::test_available_equity_calculation PASSED [ 44%]
tests/unit/apis/hyperliquid/mappers/test_hl_account_data_mapper_core.py::TestCoreBusinessLogicValidation::test_exchange_assignment_consistency PASSED [ 44%]
tests/unit/apis/hyperliquid/mappers/test_hl_account_data_mapper_positions_trades.py::TestMapRawClearinghouseStateToDerivativePositions::test_empty_derivative_positions PASSED [ 44%]
tests/unit/apis/hyperliquid/mappers/test_hl_account_data_mapper_positions_trades.py::TestMapRawClearinghouseStateToDerivativePositions::test_populated_derivative_positions PASSED [ 44%]
tests/unit/apis/hyperliquid/mappers/test_hl_account_data_mapper_positions_trades.py::TestMapRawClearinghouseStateToDerivativePositions::test_position_side_determination_logic PASSED [ 44%]
tests/unit/apis/hyperliquid/mappers/test_hl_account_data_mapper_positions_trades.py::TestMapRawClearinghouseStateToDerivativePositions::test_leverage_type_variations PASSED [ 44%]
tests/unit/apis/hyperliquid/mappers/test_hl_account_data_mapper_positions_trades.py::TestMapRawClearinghouseStateToDerivativePositions::test_high_precision_position_values PASSED [ 44%]
tests/unit/apis/hyperliquid/mappers/test_hl_account_data_mapper_positions_trades.py::TestMapRawClearinghouseStateToDerivativePositions::test_position_timestamp_generation PASSED [ 44%]
tests/unit/apis/hyperliquid/mappers/test_hl_account_data_mapper_positions_trades.py::TestTransformRawFillToInternal::test_buy_taker_transformation PASSED [ 44%]
tests/unit/apis/hyperliquid/mappers/test_hl_account_data_mapper_positions_trades.py::TestTransformRawFillToInternal::test_sell_maker_transformation PASSED [ 44%]
tests/unit/apis/hyperliquid/mappers/test_hl_account_data_mapper_positions_trades.py::TestTransformRawFillToInternal::test_fill_side_mapping PASSED [ 44%]
tests/unit/apis/hyperliquid/mappers/test_hl_account_data_mapper_positions_trades.py::TestTransformRawFillToInternal::test_fill_with_high_precision_values PASSED [ 44%]
tests/unit/apis/hyperliquid/mappers/test_hl_account_data_mapper_positions_trades.py::TestTransformRawFillToInternal::test_fill_with_zero_fee PASSED [ 44%]
tests/unit/apis/hyperliquid/mappers/test_hl_account_data_mapper_positions_trades.py::TestTransformRawFillToInternal::test_fill_timestamp_conversion PASSED [ 44%]
tests/unit/apis/hyperliquid/mappers/test_hl_account_data_mapper_positions_trades.py::TestTransformRawFillToInternal::test_fill_client_order_id_handling PASSED [ 44%]
tests/unit/apis/hyperliquid/mappers/test_hl_account_data_mapper_positions_trades.py::TestPositionAndTradeIntegration::test_position_and_trade_consistency PASSED [ 44%]
tests/unit/apis/hyperliquid/mappers/test_hl_account_data_mapper_positions_trades.py::TestPositionAndTradeIntegration::test_multiple_positions_transformation_efficiency PASSED [ 44%]
tests/unit/apis/hyperliquid/mappers/test_hl_account_data_mapper_robustness.py::TestValidationErrorHandling::test_invalid_numeric_strings_in_raw_state PASSED [ 44%]
tests/unit/apis/hyperliquid/mappers/test_hl_account_data_mapper_robustness.py::TestValidationErrorHandling::test_withdrawable_funds_invalid_in_raw_state PASSED [ 44%]
tests/unit/apis/hyperliquid/mappers/test_hl_account_data_mapper_robustness.py::TestValidationErrorHandling::test_cross_maintenance_margin_used_invalid_validation PASSED [ 44%]
tests/unit/apis/hyperliquid/mappers/test_hl_account_data_mapper_robustness.py::TestValidationErrorHandling::test_direct_validation_cross_maintenance_margin_used_invalid PASSED [ 44%]
tests/unit/apis/hyperliquid/mappers/test_hl_account_data_mapper_robustness.py::TestValidationErrorHandling::test_invalid_raw_fill_data_handling PASSED [ 44%]
tests/unit/apis/hyperliquid/mappers/test_hl_account_data_mapper_robustness.py::TestBoundaryValueConditions::test_extremely_large_numeric_values PASSED [ 44%]
tests/unit/apis/hyperliquid/mappers/test_hl_account_data_mapper_robustness.py::TestBoundaryValueConditions::test_extremely_small_numeric_values PASSED [ 44%]
tests/unit/apis/hyperliquid/mappers/test_hl_account_data_mapper_robustness.py::TestBoundaryValueConditions::test_zero_and_negative_boundary_values PASSED [ 44%]
tests/unit/apis/hyperliquid/mappers/test_hl_account_data_mapper_robustness.py::TestBoundaryValueConditions::test_maximum_leverage_boundary_values PASSED [ 45%]
tests/unit/apis/hyperliquid/mappers/test_hl_account_data_mapper_robustness.py::TestUnicodeAndEncodingSupport::test_unicode_symbols_in_position_names PASSED [ 45%]
tests/unit/apis/hyperliquid/mappers/test_hl_account_data_mapper_robustness.py::TestUnicodeAndEncodingSupport::test_unicode_in_fill_client_order_ids PASSED [ 45%]
tests/unit/apis/hyperliquid/mappers/test_hl_account_data_mapper_robustness.py::TestUnicodeAndEncodingSupport::test_very_long_string_fields PASSED [ 45%]
tests/unit/apis/hyperliquid/mappers/test_hl_account_data_mapper_robustness.py::TestPerformanceAndMemory::test_large_batch_transformation_efficiency PASSED [ 45%]
tests/unit/apis/hyperliquid/mappers/test_hl_account_data_mapper_robustness.py::TestPerformanceAndMemory::test_memory_efficient_transformation_patterns PASSED [ 45%]
tests/unit/apis/hyperliquid/mappers/test_hl_account_data_mapper_robustness.py::TestErrorRecoveryScenarios::test_partial_data_recovery PASSED [ 45%]
tests/unit/apis/hyperliquid/mappers/test_hl_account_data_mapper_robustness.py::TestErrorRecoveryScenarios::test_graceful_degradation_with_mixed_valid_invalid_data PASSED [ 45%]
tests/unit/apis/hyperliquid/mappers/test_hl_market_data_mapper_core.py::TestTransformRawAssetCtxToTicker::test_ticker_transformation_eth_happy_path PASSED [ 45%]
tests/unit/apis/hyperliquid/mappers/test_hl_market_data_mapper_core.py::TestTransformRawAssetCtxToTicker::test_ticker_transformation_btc_no_impact_price PASSED [ 45%]
tests/unit/apis/hyperliquid/mappers/test_hl_market_data_mapper_core.py::TestTransformRawAssetCtxToTicker::test_ticker_transformation_high_precision_values PASSED [ 45%]
tests/unit/apis/hyperliquid/mappers/test_hl_market_data_mapper_core.py::TestTransformRawAssetCtxToTicker::test_ticker_transformation_zero_values PASSED [ 45%]
tests/unit/apis/hyperliquid/mappers/test_hl_market_data_mapper_core.py::TestTransformRawAssetCtxToTicker::test_ticker_timestamp_generation_consistency PASSED [ 45%]
tests/unit/apis/hyperliquid/mappers/test_hl_market_data_mapper_core.py::TestTransformRawAssetCtxToTicker::test_ticker_transformation_with_negative_funding PASSED [ 45%]
tests/unit/apis/hyperliquid/mappers/test_hl_market_data_mapper_core.py::TestTransformRawAssetCtxToTicker::test_ticker_transformation_with_large_values PASSED [ 45%]
tests/unit/apis/hyperliquid/mappers/test_hl_market_data_mapper_core.py::TestTransformRawAssetCtxToFundingRate::test_funding_rate_transformation_eth_positive_funding PASSED [ 45%]
tests/unit/apis/hyperliquid/mappers/test_hl_market_data_mapper_core.py::TestTransformRawAssetCtxToFundingRate::test_funding_rate_transformation_btc_negative_funding PASSED [ 45%]
tests/unit/apis/hyperliquid/mappers/test_hl_market_data_mapper_core.py::TestTransformRawAssetCtxToFundingRate::test_funding_rate_next_funding_time_calculation PASSED [ 45%]
tests/unit/apis/hyperliquid/mappers/test_hl_market_data_mapper_core.py::TestTransformRawAssetCtxToFundingRate::test_funding_rate_transformation_high_precision_funding PASSED [ 45%]
tests/unit/apis/hyperliquid/mappers/test_hl_market_data_mapper_core.py::TestTransformRawAssetCtxToFundingRate::test_funding_rate_transformation_zero_funding PASSED [ 45%]
tests/unit/apis/hyperliquid/mappers/test_hl_market_data_mapper_core.py::TestTransformRawAssetCtxToFundingRate::test_funding_rate_transformation_extreme_values PASSED [ 45%]
tests/unit/apis/hyperliquid/mappers/test_hl_market_data_mapper_core.py::TestCoreBusinessLogicValidation::test_exchange_assignment_consistency PASSED [ 45%]
tests/unit/apis/hyperliquid/mappers/test_hl_market_data_mapper_core.py::TestCoreBusinessLogicValidation::test_symbol_name_consistency_across_transformations PASSED [ 45%]
tests/unit/apis/hyperliquid/mappers/test_hl_market_data_mapper_core.py::TestCoreBusinessLogicValidation::test_timestamp_generation_proximity PASSED [ 45%]
tests/unit/apis/hyperliquid/mappers/test_hl_market_data_mapper_core.py::TestCoreBusinessLogicValidation::test_decimal_precision_consistency PASSED [ 45%]
tests/unit/apis/hyperliquid/mappers/test_hl_market_data_mapper_core.py::TestCoreBusinessLogicValidation::test_optional_field_handling_consistency PASSED [ 45%]
tests/unit/apis/hyperliquid/mappers/test_hl_market_data_mapper_market_transformations.py::TestTransformRawMetaAndAssetCtxsToMarkets::test_transform_meta_and_asset_ctxs_happy_path PASSED [ 45%]
tests/unit/apis/hyperliquid/mappers/test_hl_market_data_mapper_market_transformations.py::TestTransformRawMetaAndAssetCtxsToMarkets::test_transform_meta_and_asset_ctxs_missing_asset_context PASSED [ 45%]
tests/unit/apis/hyperliquid/mappers/test_hl_market_data_mapper_market_transformations.py::TestTransformRawMetaAndAssetCtxsToMarkets::test_transform_meta_and_asset_ctxs_empty_universe PASSED [ 45%]
tests/unit/apis/hyperliquid/mappers/test_hl_market_data_mapper_market_transformations.py::TestTransformRawMetaAndAssetCtxsToMarkets::test_transform_meta_and_asset_ctxs_with_invalid_asset_definition PASSED [ 45%]
tests/unit/apis/hyperliquid/mappers/test_hl_market_data_mapper_market_transformations.py::TestTransformRawMetaAndAssetCtxsToMarkets::test_transform_meta_and_asset_ctxs_transformation_error PASSED [ 45%]
tests/unit/apis/hyperliquid/mappers/test_hl_market_data_mapper_market_transformations.py::TestTransformRawMetaAndAssetCtxsToMarkets::test_transform_meta_and_asset_ctxs_extreme_values PASSED [ 45%]
tests/unit/apis/hyperliquid/mappers/test_hl_market_data_mapper_market_transformations.py::TestCreateMarketFromAssetDefinition::test_create_market_from_asset_definition_with_context PASSED [ 45%]
tests/unit/apis/hyperliquid/mappers/test_hl_market_data_mapper_market_transformations.py::TestCreateMarketFromAssetDefinition::test_create_market_from_asset_definition_without_context PASSED [ 45%]
tests/unit/apis/hyperliquid/mappers/test_hl_market_data_mapper_market_transformations.py::TestCreateMarketFromAssetDefinition::test_create_market_from_asset_definition_invalid_sz_decimals PASSED [ 45%]
tests/unit/apis/hyperliquid/mappers/test_hl_market_data_mapper_market_transformations.py::TestCreateMarketFromAssetDefinition::test_create_market_from_asset_definition_extreme_sz_decimals PASSED [ 46%]
tests/unit/apis/hyperliquid/mappers/test_hl_market_data_mapper_market_transformations.py::TestCreateMarketFromAssetDefinition::test_create_market_from_asset_definition_malformed_context_data PASSED [ 46%]
tests/unit/apis/hyperliquid/mappers/test_hl_market_data_mapper_market_transformations.py::TestCreateMarketFromAssetDefinition::test_create_market_from_asset_definition_only_isolated_true PASSED [ 46%]
tests/unit/apis/hyperliquid/mappers/test_hl_market_data_mapper_market_transformations.py::TestTransformSingleAssetToMarket::test_transform_single_asset_to_market_with_context PASSED [ 46%]
tests/unit/apis/hyperliquid/mappers/test_hl_market_data_mapper_market_transformations.py::TestTransformSingleAssetToMarket::test_transform_single_asset_to_market_without_context PASSED [ 46%]
tests/unit/apis/hyperliquid/mappers/test_hl_market_data_mapper_market_transformations.py::TestTransformSingleAssetToMarket::test_transform_single_asset_delegates_to_internal_method PASSED [ 46%]
tests/unit/apis/hyperliquid/mappers/test_hl_market_data_mapper_market_transformations.py::TestMarketTransformationErrorHandling::test_error_handling_with_corrupted_asset_definition PASSED [ 46%]
tests/unit/apis/hyperliquid/mappers/test_hl_market_data_mapper_market_transformations.py::TestMarketTransformationErrorHandling::test_error_handling_with_none_asset_contexts PASSED [ 46%]
tests/unit/apis/hyperliquid/mappers/test_hl_market_data_mapper_market_transformations.py::TestMarketTransformationErrorHandling::test_error_handling_large_batch_processing PASSED [ 46%]
tests/unit/apis/hyperliquid/mappers/test_hl_market_data_mapper_market_transformations.py::TestMarketTransformationErrorHandling::test_memory_efficiency_with_large_datasets PASSED [ 46%]
tests/unit/apis/hyperliquid/mappers/test_hl_market_data_mapper_market_transformations.py::TestMarketTransformationErrorHandling::test_thread_safety_considerations PASSED [ 46%]
tests/unit/apis/hyperliquid/mappers/test_hl_market_data_mapper_orderbook_trades.py::TestTransformRawOrderBook::test_order_book_transformation_eth_happy_path PASSED [ 46%]
tests/unit/apis/hyperliquid/mappers/test_hl_market_data_mapper_orderbook_trades.py::TestTransformRawOrderBook::test_order_book_transformation_with_depth_limit PASSED [ 46%]
tests/unit/apis/hyperliquid/mappers/test_hl_market_data_mapper_orderbook_trades.py::TestTransformRawOrderBook::test_order_book_transformation_empty_book PASSED [ 46%]
tests/unit/apis/hyperliquid/mappers/test_hl_market_data_mapper_orderbook_trades.py::TestTransformRawOrderBook::test_order_book_transformation_malformed_levels_structure PASSED [ 46%]
tests/unit/apis/hyperliquid/mappers/test_hl_market_data_mapper_orderbook_trades.py::TestTransformRawOrderBook::test_order_book_transformation_high_precision_values PASSED [ 46%]
tests/unit/apis/hyperliquid/mappers/test_hl_market_data_mapper_orderbook_trades.py::TestTransformRawOrderBook::test_order_book_transformation_zero_depth_limit PASSED [ 46%]
tests/unit/apis/hyperliquid/mappers/test_hl_market_data_mapper_orderbook_trades.py::TestTransformRawOrderBook::test_order_book_transformation_large_depth_limit PASSED [ 46%]
tests/unit/apis/hyperliquid/mappers/test_hl_market_data_mapper_orderbook_trades.py::TestTransformRawOrderBook::test_order_book_timestamp_conversion PASSED [ 46%]
tests/unit/apis/hyperliquid/mappers/test_hl_market_data_mapper_orderbook_trades.py::TestTransformRawPublicTradeToInternal::test_trade_transformation_buy_happy_path PASSED [ 46%]
tests/unit/apis/hyperliquid/mappers/test_hl_market_data_mapper_orderbook_trades.py::TestTransformRawPublicTradeToInternal::test_trade_transformation_sell_happy_path PASSED [ 46%]
tests/unit/apis/hyperliquid/mappers/test_hl_market_data_mapper_orderbook_trades.py::TestTransformRawPublicTradeToInternal::test_trade_transformation_invalid_side_returns_none PASSED [ 46%]
tests/unit/apis/hyperliquid/mappers/test_hl_market_data_mapper_orderbook_trades.py::TestTransformRawPublicTradeToInternal::test_trade_transformation_zero_price_returns_none PASSED [ 46%]
tests/unit/apis/hyperliquid/mappers/test_hl_market_data_mapper_orderbook_trades.py::TestTransformRawPublicTradeToInternal::test_trade_transformation_zero_quantity_returns_none PASSED [ 46%]
tests/unit/apis/hyperliquid/mappers/test_hl_market_data_mapper_orderbook_trades.py::TestTransformRawPublicTradeToInternal::test_trade_transformation_high_precision_values PASSED [ 46%]
tests/unit/apis/hyperliquid/mappers/test_hl_market_data_mapper_orderbook_trades.py::TestTransformRawPublicTradeToInternal::test_trade_transformation_timestamp_conversion PASSED [ 46%]
tests/unit/apis/hyperliquid/mappers/test_hl_market_data_mapper_orderbook_trades.py::TestTransformRawTrades::test_transform_empty_trades_list PASSED [ 46%]
tests/unit/apis/hyperliquid/mappers/test_hl_market_data_mapper_orderbook_trades.py::TestTransformRawTrades::test_transform_populated_trades_list PASSED [ 46%]
tests/unit/apis/hyperliquid/mappers/test_hl_market_data_mapper_orderbook_trades.py::TestTransformRawTrades::test_transform_trades_with_limit PASSED [ 46%]
tests/unit/apis/hyperliquid/mappers/test_hl_market_data_mapper_orderbook_trades.py::TestTransformRawTrades::test_transform_trades_limit_greater_than_list_size PASSED [ 46%]
tests/unit/apis/hyperliquid/mappers/test_hl_market_data_mapper_orderbook_trades.py::TestTransformRawTrades::test_transform_trades_with_some_invalid_trades PASSED [ 46%]
tests/unit/apis/hyperliquid/mappers/test_hl_market_data_mapper_orderbook_trades.py::TestTransformRawTrades::test_transform_trades_with_transformation_error PASSED [ 46%]
tests/unit/apis/hyperliquid/mappers/test_hl_market_data_mapper_orderbook_trades.py::TestTransformRawTrades::test_transform_trades_zero_limit PASSED [ 46%]
tests/unit/apis/hyperliquid/mappers/test_hl_market_data_mapper_orderbook_trades.py::TestOrderBookAndTradeIntegration::test_order_book_and_trade_consistency PASSED [ 46%]
tests/unit/apis/hyperliquid/mappers/test_hl_market_data_mapper_orderbook_trades.py::TestOrderBookAndTradeIntegration::test_large_order_book_transformation_efficiency PASSED [ 46%]
tests/unit/apis/hyperliquid/mappers/test_hl_market_data_mapper_orderbook_trades.py::TestOrderBookAndTradeIntegration::test_multiple_trades_transformation_efficiency PASSED [ 47%]
tests/unit/apis/hyperliquid/mappers/test_hl_market_data_mapper_robustness.py::TestValidationErrorHandling::test_invalid_asset_ctx_missing_required_fields PASSED [ 47%]
tests/unit/apis/hyperliquid/mappers/test_hl_market_data_mapper_robustness.py::TestValidationErrorHandling::test_invalid_asset_ctx_non_numeric_values PASSED [ 47%]
tests/unit/apis/hyperliquid/mappers/test_hl_market_data_mapper_robustness.py::TestValidationErrorHandling::test_invalid_order_book_malformed_structure PASSED [ 47%]
tests/unit/apis/hyperliquid/mappers/test_hl_market_data_mapper_robustness.py::TestValidationErrorHandling::test_invalid_trade_missing_hash PASSED [ 47%]
tests/unit/apis/hyperliquid/mappers/test_hl_market_data_mapper_robustness.py::TestValidationErrorHandling::test_transformation_error_propagation PASSED [ 47%]
tests/unit/apis/hyperliquid/mappers/test_hl_market_data_mapper_robustness.py::TestBoundaryValueConditions::test_extremely_large_numeric_values PASSED [ 47%]
tests/unit/apis/hyperliquid/mappers/test_hl_market_data_mapper_robustness.py::TestBoundaryValueConditions::test_extremely_small_numeric_values PASSED [ 47%]
tests/unit/apis/hyperliquid/mappers/test_hl_market_data_mapper_robustness.py::TestBoundaryValueConditions::test_zero_values_edge_cases PASSED [ 47%]
tests/unit/apis/hyperliquid/mappers/test_hl_market_data_mapper_robustness.py::TestBoundaryValueConditions::test_negative_values_handling PASSED [ 47%]
tests/unit/apis/hyperliquid/mappers/test_hl_market_data_mapper_robustness.py::TestBoundaryValueConditions::test_maximum_string_lengths PASSED [ 47%]
tests/unit/apis/hyperliquid/mappers/test_hl_market_data_mapper_robustness.py::TestUnicodeAndEncodingSupport::test_unicode_symbol_names PASSED [ 47%]
tests/unit/apis/hyperliquid/mappers/test_hl_market_data_mapper_robustness.py::TestUnicodeAndEncodingSupport::test_unicode_in_trade_hashes PASSED [ 47%]
tests/unit/apis/hyperliquid/mappers/test_hl_market_data_mapper_robustness.py::TestPerformanceAndMemory::test_large_order_book_processing PASSED [ 47%]
tests/unit/apis/hyperliquid/mappers/test_hl_market_data_mapper_robustness.py::TestPerformanceAndMemory::test_batch_trade_processing_efficiency PASSED [ 47%]
tests/unit/apis/hyperliquid/mappers/test_hl_market_data_mapper_robustness.py::TestPerformanceAndMemory::test_memory_usage_with_high_precision_decimals PASSED [ 47%]
tests/unit/apis/hyperliquid/mappers/test_hl_market_data_mapper_robustness.py::TestErrorRecoveryScenarios::test_partial_trade_batch_processing_with_errors PASSED [ 47%]
tests/unit/apis/hyperliquid/mappers/test_hl_market_data_mapper_robustness.py::TestErrorRecoveryScenarios::test_empty_data_handling PASSED [ 47%]
tests/unit/apis/hyperliquid/mappers/test_hl_market_data_mapper_robustness.py::TestErrorRecoveryScenarios::test_malformed_timestamp_handling PASSED [ 47%]
tests/unit/apis/hyperliquid/mappers/test_hl_market_data_mapper_robustness.py::TestErrorRecoveryScenarios::test_resilience_to_unknown_side_values PASSED [ 47%]
tests/unit/apis/hyperliquid/mappers/test_hl_market_data_mapper_robustness.py::TestErrorRecoveryScenarios::test_data_consistency_across_transformations PASSED [ 47%]
tests/unit/apis/hyperliquid/mappers/test_hl_trading_data_mapper_core.py::TestOrderSideMapping::test_raw_order_side_mapping[B-OrderSide.BUY] PASSED [ 47%]
tests/unit/apis/hyperliquid/mappers/test_hl_trading_data_mapper_core.py::TestOrderSideMapping::test_raw_order_side_mapping[A-OrderSide.SELL] PASSED [ 47%]
tests/unit/apis/hyperliquid/mappers/test_hl_trading_data_mapper_core.py::TestOrderSideMapping::test_historical_order_side_mapping[B-OrderSide.BUY] PASSED [ 47%]
tests/unit/apis/hyperliquid/mappers/test_hl_trading_data_mapper_core.py::TestOrderSideMapping::test_historical_order_side_mapping[A-OrderSide.SELL] PASSED [ 47%]
tests/unit/apis/hyperliquid/mappers/test_hl_trading_data_mapper_core.py::test_invalid_order_side_raises_error[X-ValidationError] PASSED [ 47%]
tests/unit/apis/hyperliquid/mappers/test_hl_trading_data_mapper_core.py::test_invalid_order_side_raises_error[-EmptyStringError] PASSED [ 47%]
tests/unit/apis/hyperliquid/mappers/test_hl_trading_data_mapper_core.py::test_invalid_order_side_raises_error[b-ValidationError] PASSED [ 47%]
tests/unit/apis/hyperliquid/mappers/test_hl_trading_data_mapper_core.py::test_invalid_order_side_raises_error[buy-ValidationError] PASSED [ 47%]
tests/unit/apis/hyperliquid/mappers/test_hl_trading_data_mapper_core.py::test_invalid_order_side_raises_error[sell-ValidationError] PASSED [ 47%]
tests/unit/apis/hyperliquid/mappers/test_hl_trading_data_mapper_core.py::test_invalid_order_side_raises_error[invalid-ValidationError] PASSED [ 47%]
tests/unit/apis/hyperliquid/mappers/test_hl_trading_data_mapper_core.py::TestOrderStatusMapping::test_raw_order_status_mapping[open-OrderStatus.OPEN] PASSED [ 47%]
tests/unit/apis/hyperliquid/mappers/test_hl_trading_data_mapper_core.py::TestOrderStatusMapping::test_raw_order_status_mapping[filled-OrderStatus.FILLED] PASSED [ 47%]
tests/unit/apis/hyperliquid/mappers/test_hl_trading_data_mapper_core.py::TestOrderStatusMapping::test_raw_order_status_mapping[canceled-OrderStatus.CANCELED] PASSED [ 47%]
tests/unit/apis/hyperliquid/mappers/test_hl_trading_data_mapper_core.py::TestOrderStatusMapping::test_raw_order_status_mapping[rejected-OrderStatus.REJECTED] PASSED [ 47%]
tests/unit/apis/hyperliquid/mappers/test_hl_trading_data_mapper_core.py::TestOrderStatusMapping::test_raw_order_status_mapping[expired-OrderStatus.UNKNOWN] PASSED [ 48%]
tests/unit/apis/hyperliquid/mappers/test_hl_trading_data_mapper_core.py::TestOrderStatusMapping::test_historical_order_status_mapping[open-OrderStatus.OPEN] PASSED [ 48%]
tests/unit/apis/hyperliquid/mappers/test_hl_trading_data_mapper_core.py::TestOrderStatusMapping::test_historical_order_status_mapping[filled-OrderStatus.FILLED] PASSED [ 48%]
tests/unit/apis/hyperliquid/mappers/test_hl_trading_data_mapper_core.py::TestOrderStatusMapping::test_historical_order_status_mapping[canceled-OrderStatus.CANCELED] PASSED [ 48%]
tests/unit/apis/hyperliquid/mappers/test_hl_trading_data_mapper_core.py::TestOrderStatusMapping::test_historical_order_status_mapping[rejected-OrderStatus.REJECTED] PASSED [ 48%]
tests/unit/apis/hyperliquid/mappers/test_hl_trading_data_mapper_core.py::TestOrderStatusMapping::test_historical_order_status_mapping[expired-OrderStatus.UNKNOWN] PASSED [ 48%]
tests/unit/apis/hyperliquid/mappers/test_hl_trading_data_mapper_core.py::TestOrderTypeMapping::test_order_type_mapping_via_raw_order[order_type_dict0-OrderType.LIMIT] PASSED [ 48%]
tests/unit/apis/hyperliquid/mappers/test_hl_trading_data_mapper_core.py::TestOrderTypeMapping::test_order_type_mapping_via_raw_order[order_type_dict1-OrderType.MARKET] PASSED [ 48%]
tests/unit/apis/hyperliquid/mappers/test_hl_trading_data_mapper_core.py::TestOrderTypeMapping::test_order_type_mapping_via_historical_order[order_type_dict0-OrderType.LIMIT] PASSED [ 48%]
tests/unit/apis/hyperliquid/mappers/test_hl_trading_data_mapper_core.py::TestOrderTypeMapping::test_order_type_mapping_via_historical_order[order_type_dict1-OrderType.MARKET] PASSED [ 48%]
tests/unit/apis/hyperliquid/mappers/test_hl_trading_data_mapper_core.py::test_order_type_mapping_with_triggers[order_type_dict0-None-OrderType.LIMIT] PASSED [ 48%]
tests/unit/apis/hyperliquid/mappers/test_hl_trading_data_mapper_core.py::test_order_type_mapping_with_triggers[order_type_dict1-None-OrderType.MARKET] PASSED [ 48%]
tests/unit/apis/hyperliquid/mappers/test_hl_trading_data_mapper_core.py::test_order_type_mapping_with_triggers[order_type_dict2-sl-OrderType.STOP_LIMIT] PASSED [ 48%]
tests/unit/apis/hyperliquid/mappers/test_hl_trading_data_mapper_core.py::test_order_type_mapping_with_triggers[order_type_dict3-tp-OrderType.TAKE_PROFIT_LIMIT] PASSED [ 48%]
tests/unit/apis/hyperliquid/mappers/test_hl_trading_data_mapper_core.py::test_order_type_mapping_with_triggers[order_type_dict4-sl-OrderType.STOP_MARKET] PASSED [ 48%]
tests/unit/apis/hyperliquid/mappers/test_hl_trading_data_mapper_core.py::test_order_type_mapping_with_triggers[order_type_dict5-tp-OrderType.TAKE_PROFIT_MARKET] PASSED [ 48%]
tests/unit/apis/hyperliquid/mappers/test_hl_trading_data_mapper_core.py::test_unknown_order_type_defaults_to_limit[unknown_order_type0] PASSED [ 48%]
tests/unit/apis/hyperliquid/mappers/test_hl_trading_data_mapper_core.py::test_unknown_order_type_defaults_to_limit[unknown_order_type1] PASSED [ 48%]
tests/unit/apis/hyperliquid/mappers/test_hl_trading_data_mapper_core.py::test_unknown_order_type_defaults_to_limit[unknown_order_type2] PASSED [ 48%]
tests/unit/apis/hyperliquid/mappers/test_hl_trading_data_mapper_core.py::TestTimeInForceMapping::test_time_in_force_mapping_via_raw_order[order_type_dict0-TimeInForce.GTC] PASSED [ 48%]
tests/unit/apis/hyperliquid/mappers/test_hl_trading_data_mapper_core.py::TestTimeInForceMapping::test_time_in_force_mapping_via_raw_order[order_type_dict1-TimeInForce.IOC] PASSED [ 48%]
tests/unit/apis/hyperliquid/mappers/test_hl_trading_data_mapper_core.py::TestTimeInForceMapping::test_time_in_force_mapping_via_raw_order[order_type_dict2-TimeInForce.ALO] PASSED [ 48%]
tests/unit/apis/hyperliquid/mappers/test_hl_trading_data_mapper_core.py::TestTimeInForceMapping::test_time_in_force_mapping_via_raw_order[order_type_dict3-TimeInForce.GTC] PASSED [ 48%]
tests/unit/apis/hyperliquid/mappers/test_hl_trading_data_mapper_core.py::TestTimeInForceMapping::test_time_in_force_mapping_via_raw_order[order_type_dict4-TimeInForce.IOC] PASSED [ 48%]
tests/unit/apis/hyperliquid/mappers/test_hl_trading_data_mapper_core.py::TestTimeInForceMapping::test_time_in_force_mapping_via_raw_order[order_type_dict5-TimeInForce.ALO] PASSED [ 48%]
tests/unit/apis/hyperliquid/mappers/test_hl_trading_data_mapper_core.py::TestTimeInForceMapping::test_time_in_force_mapping_via_raw_order[order_type_dict6-TimeInForce.GTC] PASSED [ 48%]
tests/unit/apis/hyperliquid/mappers/test_hl_trading_data_mapper_core.py::TestTimeInForceMapping::test_time_in_force_mapping_via_raw_order[order_type_dict7-TimeInForce.GTC] PASSED [ 48%]
tests/unit/apis/hyperliquid/mappers/test_hl_trading_data_mapper_core.py::TestTimeInForceMapping::test_time_in_force_mapping_via_raw_order[order_type_dict8-TimeInForce.GTC] PASSED [ 48%]
tests/unit/apis/hyperliquid/mappers/test_hl_trading_data_mapper_core.py::TestTimeInForceMapping::test_time_in_force_mapping_via_raw_order[order_type_dict9-TimeInForce.GTC] PASSED [ 48%]
tests/unit/apis/hyperliquid/mappers/test_hl_trading_data_mapper_core.py::TestTimeInForceMapping::test_time_in_force_mapping_via_raw_order[order_type_dict10-TimeInForce.GTC] PASSED [ 48%]
tests/unit/apis/hyperliquid/mappers/test_hl_trading_data_mapper_core.py::TestTimeInForceMapping::test_time_in_force_mapping_via_historical_order[order_type_dict0-TimeInForce.GTC] PASSED [ 48%]
tests/unit/apis/hyperliquid/mappers/test_hl_trading_data_mapper_core.py::TestTimeInForceMapping::test_time_in_force_mapping_via_historical_order[order_type_dict1-TimeInForce.IOC] PASSED [ 48%]
tests/unit/apis/hyperliquid/mappers/test_hl_trading_data_mapper_core.py::TestTimeInForceMapping::test_time_in_force_mapping_via_historical_order[order_type_dict2-TimeInForce.ALO] PASSED [ 48%]
tests/unit/apis/hyperliquid/mappers/test_hl_trading_data_mapper_core.py::TestTimeInForceMapping::test_time_in_force_mapping_via_historical_order[order_type_dict3-TimeInForce.GTC] PASSED [ 48%]
tests/unit/apis/hyperliquid/mappers/test_hl_trading_data_mapper_core.py::TestTimeInForceMapping::test_time_in_force_mapping_via_historical_order[order_type_dict4-TimeInForce.IOC] PASSED [ 48%]
tests/unit/apis/hyperliquid/mappers/test_hl_trading_data_mapper_core.py::TestTimeInForceMapping::test_time_in_force_mapping_via_historical_order[order_type_dict5-TimeInForce.ALO] PASSED [ 49%]
tests/unit/apis/hyperliquid/mappers/test_hl_trading_data_mapper_core.py::TestTimeInForceMapping::test_time_in_force_mapping_via_historical_order[order_type_dict6-TimeInForce.GTC] PASSED [ 49%]
tests/unit/apis/hyperliquid/mappers/test_hl_trading_data_mapper_core.py::TestTimeInForceMapping::test_time_in_force_mapping_via_historical_order[order_type_dict7-TimeInForce.GTC] PASSED [ 49%]
tests/unit/apis/hyperliquid/mappers/test_hl_trading_data_mapper_core.py::TestTimeInForceMapping::test_time_in_force_mapping_via_historical_order[order_type_dict8-TimeInForce.GTC] PASSED [ 49%]
tests/unit/apis/hyperliquid/mappers/test_hl_trading_data_mapper_core.py::TestTimeInForceMapping::test_time_in_force_mapping_via_historical_order[order_type_dict9-TimeInForce.GTC] PASSED [ 49%]
tests/unit/apis/hyperliquid/mappers/test_hl_trading_data_mapper_core.py::TestTimeInForceMapping::test_time_in_force_mapping_via_historical_order[order_type_dict10-TimeInForce.GTC] PASSED [ 49%]
tests/unit/apis/hyperliquid/mappers/test_hl_trading_data_mapper_core.py::TestCoreValidationLogic::test_consistent_transformation_across_methods PASSED [ 49%]
tests/unit/apis/hyperliquid/mappers/test_hl_trading_data_mapper_core.py::TestCoreValidationLogic::test_symbol_consistency_across_transformations PASSED [ 49%]
tests/unit/apis/hyperliquid/mappers/test_hl_trading_data_mapper_core.py::TestCoreValidationLogic::test_decimal_precision_handling PASSED [ 49%]
tests/unit/apis/hyperliquid/mappers/test_hl_trading_data_mapper_core.py::TestCoreValidationLogic::test_exchange_assignment_consistency PASSED [ 49%]
tests/unit/apis/hyperliquid/mappers/test_hl_trading_data_mapper_robustness.py::TestEdgeCasesAndBoundaryValues::test_minimal_order_data PASSED [ 49%]
tests/unit/apis/hyperliquid/mappers/test_hl_trading_data_mapper_robustness.py::TestEdgeCasesAndBoundaryValues::test_boundary_values PASSED [ 49%]
tests/unit/apis/hyperliquid/mappers/test_hl_trading_data_mapper_robustness.py::TestEdgeCasesAndBoundaryValues::test_complex_trigger_scenarios PASSED [ 49%]
tests/unit/apis/hyperliquid/mappers/test_hl_trading_data_mapper_robustness.py::TestEdgeCasesAndBoundaryValues::test_status_edge_cases[canceled-OrderStatus.CANCELED] PASSED [ 49%]
tests/unit/apis/hyperliquid/mappers/test_hl_trading_data_mapper_robustness.py::TestEdgeCasesAndBoundaryValues::test_status_edge_cases[rejected-OrderStatus.REJECTED] PASSED [ 49%]
tests/unit/apis/hyperliquid/mappers/test_hl_trading_data_mapper_robustness.py::TestEdgeCasesAndBoundaryValues::test_status_edge_cases[expired-OrderStatus.UNKNOWN] PASSED [ 49%]
tests/unit/apis/hyperliquid/mappers/test_hl_trading_data_mapper_robustness.py::TestEdgeCasesAndBoundaryValues::test_status_edge_cases[filled-OrderStatus.FILLED] PASSED [ 49%]
tests/unit/apis/hyperliquid/mappers/test_hl_trading_data_mapper_robustness.py::TestEdgeCasesAndBoundaryValues::test_status_edge_cases[open-OrderStatus.OPEN] PASSED [ 49%]
tests/unit/apis/hyperliquid/mappers/test_hl_trading_data_mapper_robustness.py::TestUnicodeAndSpecialCharacters::test_unicode_asset_symbols PASSED [ 49%]
tests/unit/apis/hyperliquid/mappers/test_hl_trading_data_mapper_robustness.py::TestUnicodeAndSpecialCharacters::test_unicode_client_order_ids PASSED [ 49%]
tests/unit/apis/hyperliquid/mappers/test_hl_trading_data_mapper_robustness.py::TestUnicodeAndSpecialCharacters::test_special_characters_in_strings PASSED [ 49%]
tests/unit/apis/hyperliquid/mappers/test_hl_trading_data_mapper_robustness.py::TestErrorHandlingAndExceptions::test_transformation_error_with_nested_exceptions PASSED [ 49%]
tests/unit/apis/hyperliquid/mappers/test_hl_trading_data_mapper_robustness.py::TestErrorHandlingAndExceptions::test_logging_during_error_scenarios PASSED [ 49%]
tests/unit/apis/hyperliquid/mappers/test_hl_trading_data_mapper_robustness.py::TestErrorHandlingAndExceptions::test_multiple_consecutive_errors PASSED [ 49%]
tests/unit/apis/hyperliquid/mappers/test_hl_trading_data_mapper_robustness.py::TestPerformanceAndMemory::test_large_batch_transformation_stability PASSED [ 49%]
tests/unit/apis/hyperliquid/mappers/test_hl_trading_data_mapper_robustness.py::TestPerformanceAndMemory::test_memory_efficiency_with_large_strings PASSED [ 49%]
tests/unit/apis/hyperliquid/mappers/test_hl_trading_data_mapper_robustness.py::TestPerformanceAndMemory::test_high_precision_calculation_stability PASSED [ 49%]
tests/unit/apis/hyperliquid/mappers/test_hl_trading_data_mapper_robustness.py::TestComplexIntegrationScenarios::test_rapid_status_changes_simulation PASSED [ 49%]
tests/unit/apis/hyperliquid/mappers/test_hl_trading_data_mapper_robustness.py::TestComplexIntegrationScenarios::test_concurrent_transformation_consistency PASSED [ 49%]
tests/unit/apis/hyperliquid/mappers/test_hl_trading_data_mapper_robustness.py::TestComplexIntegrationScenarios::test_mixed_order_types_batch_processing PASSED [ 49%]
tests/unit/apis/hyperliquid/mappers/test_hl_trading_data_mapper_transformations.py::TestTransformRawOrderToInternal::test_transform_raw_order_buy_limit_happy_path PASSED [ 49%]
tests/unit/apis/hyperliquid/mappers/test_hl_trading_data_mapper_transformations.py::TestTransformRawOrderToInternal::test_transform_raw_order_sell_market_happy_path PASSED [ 49%]
tests/unit/apis/hyperliquid/mappers/test_hl_trading_data_mapper_transformations.py::TestTransformRawOrderToInternal::test_transform_raw_order_missing_size_raises_error PASSED [ 49%]
tests/unit/apis/hyperliquid/mappers/test_hl_trading_data_mapper_transformations.py::TestTransformRawOrderToInternal::test_transform_raw_order_missing_timestamp_raises_error PASSED [ 49%]
tests/unit/apis/hyperliquid/mappers/test_hl_trading_data_mapper_transformations.py::TestTransformRawOrderToInternal::test_transform_raw_order_parsing_exception_raises_transformation_error PASSED [ 49%]
tests/unit/apis/hyperliquid/mappers/test_hl_trading_data_mapper_transformations.py::TestTransformRawOrderToInternal::test_transform_raw_order_edge_case_none_remaining_sz PASSED [ 50%]
tests/unit/apis/hyperliquid/mappers/test_hl_trading_data_mapper_transformations.py::TestTransformRawOrderToInternal::test_transform_raw_order_edge_case_none_limit_px PASSED [ 50%]
tests/unit/apis/hyperliquid/mappers/test_hl_trading_data_mapper_transformations.py::TestTransformRawOrderToInternal::test_transform_raw_order_with_trigger PASSED [ 50%]
tests/unit/apis/hyperliquid/mappers/test_hl_trading_data_mapper_transformations.py::TestTransformRawOrderToInternal::test_transform_raw_order_with_trigger_mark_price PASSED [ 50%]
tests/unit/apis/hyperliquid/mappers/test_hl_trading_data_mapper_transformations.py::TestTransformRawOrderToInternal::test_transform_raw_order_with_trigger_last_price PASSED [ 50%]
tests/unit/apis/hyperliquid/mappers/test_hl_trading_data_mapper_transformations.py::TestTransformRawHistoricalOrderToInternal::test_transform_raw_historical_order_happy_path PASSED [ 50%]
tests/unit/apis/hyperliquid/mappers/test_hl_trading_data_mapper_transformations.py::TestTransformRawHistoricalOrderToInternal::test_transform_raw_historical_order_missing_size_raises_error PASSED [ 50%]
tests/unit/apis/hyperliquid/mappers/test_hl_trading_data_mapper_transformations.py::TestTransformRawHistoricalOrderToInternal::test_transform_raw_historical_order_missing_timestamp_raises_error PASSED [ 50%]
tests/unit/apis/hyperliquid/mappers/test_hl_trading_data_mapper_transformations.py::TestTransformRawHistoricalOrderToInternal::test_transform_raw_historical_order_no_status_timestamp_uses_created_at PASSED [ 50%]
tests/unit/apis/hyperliquid/mappers/test_hl_trading_data_mapper_transformations.py::TestTransformRawHistoricalOrderToInternal::test_transform_raw_historical_order_edge_case_no_cloid PASSED [ 50%]
tests/unit/apis/hyperliquid/mappers/test_hl_trading_data_mapper_transformations.py::TestTransformRawHistoricalOrderToInternal::test_transform_raw_historical_order_exception_wrapping PASSED [ 50%]
tests/unit/apis/hyperliquid/mappers/test_hl_trading_data_mapper_transformations.py::TestTransformRawHistoricalOrderToInternal::test_transform_raw_historical_order_edge_case_zero_remaining_sz PASSED [ 50%]
tests/unit/apis/hyperliquid/mappers/test_hl_trading_data_mapper_transformations.py::TestTransformRawHistoricalOrderToInternal::test_transform_raw_historical_order_with_trigger PASSED [ 50%]
tests/unit/apis/hyperliquid/mappers/test_hl_trading_data_mapper_transformations.py::TestTransformationIntegration::test_complete_order_lifecycle_transformation PASSED [ 50%]
tests/unit/apis/hyperliquid/mappers/test_hl_trading_data_mapper_transformations.py::TestTransformationIntegration::test_error_handling_consistency PASSED [ 50%]
tests/unit/apis/hyperliquid/mappers/test_hl_trading_data_mapper_transformations.py::TestTransformationIntegration::test_all_mapping_logic_works_together PASSED [ 50%]
tests/unit/apis/hyperliquid/mappers/test_hl_trading_data_mapper_transformations.py::TestAdvancedScenarios::test_high_precision_decimal_handling PASSED [ 50%]
tests/unit/apis/hyperliquid/mappers/test_hl_trading_data_mapper_transformations.py::TestAdvancedScenarios::test_large_order_ids_handling PASSED [ 50%]
tests/unit/apis/hyperliquid/mappers/test_hl_trading_data_mapper_transformations.py::TestAdvancedScenarios::test_unicode_symbol_handling PASSED [ 50%]
tests/unit/apis/hyperliquid/mappers/test_hl_trading_data_mapper_transformations.py::TestAdvancedScenarios::test_very_long_client_order_ids PASSED [ 50%]
tests/unit/apis/hyperliquid/mappers/test_hl_trading_data_mapper_transformations.py::TestAdvancedScenarios::test_boundary_timestamps PASSED [ 50%]
tests/unit/apis/hyperliquid/models/test_hl_processed_exchange_responses.py::TestHyperliquidSuccessfulOrderStatus::test_valid_resting_order PASSED [ 50%]
tests/unit/apis/hyperliquid/models/test_hl_processed_exchange_responses.py::TestHyperliquidSuccessfulOrderStatus::test_valid_filled_order PASSED [ 50%]
tests/unit/apis/hyperliquid/models/test_hl_processed_exchange_responses.py::TestHyperliquidSuccessfulOrderStatus::test_valid_canceled_order_object PASSED [ 50%]
tests/unit/apis/hyperliquid/models/test_hl_processed_exchange_responses.py::TestHyperliquidSuccessfulOrderStatus::test_valid_canceled_order_string PASSED [ 50%]
tests/unit/apis/hyperliquid/models/test_hl_processed_exchange_responses.py::TestHyperliquidSuccessfulOrderStatus::test_invalid_oid[invalid_oid_data0] PASSED [ 50%]
tests/unit/apis/hyperliquid/models/test_hl_processed_exchange_responses.py::TestHyperliquidSuccessfulOrderStatus::test_invalid_oid[invalid_oid_data1] PASSED [ 50%]
tests/unit/apis/hyperliquid/models/test_hl_processed_exchange_responses.py::TestHyperliquidSuccessfulOrderStatus::test_invalid_total_sz[invalid_sz_data0] PASSED [ 50%]
tests/unit/apis/hyperliquid/models/test_hl_processed_exchange_responses.py::TestHyperliquidSuccessfulOrderStatus::test_invalid_total_sz[invalid_sz_data1] PASSED [ 50%]
tests/unit/apis/hyperliquid/models/test_hl_processed_exchange_responses.py::TestHyperliquidSuccessfulOrderStatus::test_invalid_avg_px[invalid_px_data0] PASSED [ 50%]
tests/unit/apis/hyperliquid/models/test_hl_processed_exchange_responses.py::TestHyperliquidSuccessfulOrderStatus::test_invalid_avg_px[invalid_px_data1] PASSED [ 50%]
tests/unit/apis/hyperliquid/models/test_hl_processed_exchange_responses.py::TestHyperliquidSuccessfulOrderStatus::test_invalid_avg_px[invalid_px_data2] PASSED [ 50%]
tests/unit/apis/hyperliquid/models/test_hl_processed_exchange_responses.py::TestHyperliquidSuccessfulOrderStatus::test_invalid_status_type PASSED [ 50%]
tests/unit/apis/hyperliquid/models/test_hl_processed_exchange_responses.py::TestHyperliquidSuccessfulOrderStatus::test_extra_fields_not_allowed PASSED [ 50%]
tests/unit/apis/hyperliquid/models/test_hl_processed_exchange_responses.py::TestHyperliquidSuccessfulOrderStatus::test_frozen_model PASSED [ 50%]
tests/unit/apis/hyperliquid/models/test_hl_processed_exchange_responses.py::TestHyperliquidErrorStatus::test_valid_error_status PASSED [ 50%]
tests/unit/apis/hyperliquid/models/test_hl_processed_exchange_responses.py::TestHyperliquidErrorStatus::test_invalid_message[invalid_message_data0-EmptyStringError] PASSED [ 51%]
tests/unit/apis/hyperliquid/models/test_hl_processed_exchange_responses.py::TestHyperliquidErrorStatus::test_invalid_message[invalid_message_data1-TypeFieldError] PASSED [ 51%]
tests/unit/apis/hyperliquid/models/test_hl_processed_exchange_responses.py::TestHyperliquidErrorStatus::test_missing_message PASSED [ 51%]
tests/unit/apis/hyperliquid/models/test_hl_processed_exchange_responses.py::TestHyperliquidErrorStatus::test_extra_fields_not_allowed PASSED [ 51%]
tests/unit/apis/hyperliquid/models/test_hl_processed_exchange_responses.py::TestHyperliquidErrorStatus::test_frozen_model PASSED [ 51%]
tests/unit/apis/hyperliquid/models/test_hl_raw_all_mids.py::test_all_mids_happy_path PASSED [ 51%]
tests/unit/apis/hyperliquid/models/test_hl_raw_all_mids.py::test_all_mids_empty_dict PASSED [ 51%]
tests/unit/apis/hyperliquid/models/test_hl_raw_all_mids.py::test_all_mids_non_dict PASSED [ 51%]
tests/unit/apis/hyperliquid/models/test_hl_raw_all_mids.py::test_all_mids_non_str_keys PASSED [ 51%]
tests/unit/apis/hyperliquid/models/test_hl_raw_all_mids.py::test_all_mids_non_str_values PASSED [ 51%]
tests/unit/apis/hyperliquid/models/test_hl_raw_all_mids.py::test_all_mids_extra_field_like_nested PASSED [ 51%]
tests/unit/apis/hyperliquid/models/test_hl_raw_all_mids.py::test_all_mids_symbol_too_long PASSED [ 51%]
tests/unit/apis/hyperliquid/models/test_hl_raw_all_mids.py::test_all_mids_price_too_long PASSED [ 51%]
tests/unit/apis/hyperliquid/models/test_hl_raw_all_mids.py::test_all_mids_price_not_decimal PASSED [ 51%]
tests/unit/apis/hyperliquid/models/test_hl_raw_all_mids.py::test_all_mids_price_nan PASSED [ 51%]
tests/unit/apis/hyperliquid/models/test_hl_raw_all_mids.py::test_all_mids_price_inf PASSED [ 51%]
tests/unit/apis/hyperliquid/models/test_hl_raw_all_mids.py::test_all_mids_adversarial_strings PASSED [ 51%]
tests/unit/apis/hyperliquid/models/test_hl_raw_all_mids.py::test_all_mids_unicode_symbol PASSED [ 51%]
tests/unit/apis/hyperliquid/models/test_hl_raw_all_mids.py::test_all_mids_symbol_with_whitespace PASSED [ 51%]
tests/unit/apis/hyperliquid/models/test_hl_raw_all_mids.py::test_all_mids_symbol_with_control_char PASSED [ 51%]
tests/unit/apis/hyperliquid/models/test_hl_raw_all_mids.py::test_all_mids_price_excessive_precision PASSED [ 51%]
tests/unit/apis/hyperliquid/models/test_hl_raw_all_mids.py::test_all_mids_price_zero_and_negative PASSED [ 51%]
tests/unit/apis/hyperliquid/models/test_hl_raw_all_mids.py::test_all_mids_price_leading_trailing_whitespace PASSED [ 51%]
tests/unit/apis/hyperliquid/models/test_hl_raw_all_mids.py::test_all_mids_empty_string_symbol_or_price PASSED [ 51%]
tests/unit/apis/hyperliquid/models/test_hl_raw_all_mids.py::test_all_mids_many_assets PASSED [ 51%]
tests/unit/apis/hyperliquid/models/test_hl_raw_all_mids.py::test_all_mids_padded_zero_price PASSED [ 51%]
tests/unit/apis/hyperliquid/models/test_hl_raw_all_mids.py::test_all_mids_testnet_asset_symbol PASSED [ 51%]
tests/unit/apis/hyperliquid/models/test_hl_raw_all_mids.py::test_all_mids_very_large_price PASSED [ 51%]
tests/unit/apis/hyperliquid/models/test_hl_raw_all_mids.py::test_all_mids_symbol_with_special_chars PASSED [ 51%]
tests/unit/apis/hyperliquid/models/test_hl_raw_api_error.py::test_happy_path PASSED [ 51%]
tests/unit/apis/hyperliquid/models/test_hl_raw_api_error.py::test_missing_error_field PASSED [ 51%]
tests/unit/apis/hyperliquid/models/test_hl_raw_api_error.py::test_error_type_errors PASSED [ 51%]
tests/unit/apis/hyperliquid/models/test_hl_raw_api_error.py::test_error_empty_and_whitespace PASSED [ 51%]
tests/unit/apis/hyperliquid/models/test_hl_raw_api_error.py::test_error_too_long PASSED [ 51%]
tests/unit/apis/hyperliquid/models/test_hl_raw_api_error.py::test_error_invalid_utf8 PASSED [ 51%]
tests/unit/apis/hyperliquid/models/test_hl_raw_api_error.py::test_extra_field PASSED [ 52%]
tests/unit/apis/hyperliquid/models/test_hl_raw_api_error.py::test_adversarial_strings_should_pass PASSED [ 52%]
tests/unit/apis/hyperliquid/models/test_hl_raw_api_error.py::test_error_string_looks_like_json PASSED [ 52%]
tests/unit/apis/hyperliquid/models/test_hl_raw_api_error.py::test_error_string_unicode_edge_cases PASSED [ 52%]
tests/unit/apis/hyperliquid/models/test_hl_raw_api_error.py::test_error_string_extremely_short PASSED [ 52%]
tests/unit/apis/hyperliquid/models/test_hl_raw_api_error.py::test_error_string_with_control_characters PASSED [ 52%]
tests/unit/apis/hyperliquid/models/test_hl_raw_api_error.py::test_error_string_looks_like_number_or_bool PASSED [ 52%]
tests/unit/apis/hyperliquid/models/test_hl_raw_api_error.py::test_error_string_long_repeated_pattern PASSED [ 52%]
tests/unit/apis/hyperliquid/models/test_hl_raw_api_error.py::test_error_string_with_rare_unicode PASSED [ 52%]
tests/unit/apis/hyperliquid/models/test_hl_raw_api_error.py::test_error_string_with_escape_sequences PASSED [ 52%]
tests/unit/apis/hyperliquid/models/test_hl_raw_api_error.py::test_error_string_with_bidirectional_text PASSED [ 52%]
tests/unit/apis/hyperliquid/models/test_hl_raw_api_error.py::test_error_string_mixed_language_scripts PASSED [ 52%]
tests/unit/apis/hyperliquid/models/test_hl_raw_api_error.py::test_error_string_with_emoji_sequences PASSED [ 52%]
tests/unit/apis/hyperliquid/models/test_hl_raw_api_error.py::test_error_string_excessive_whitespace PASSED [ 52%]
tests/unit/apis/hyperliquid/models/test_hl_raw_api_error.py::test_error_string_only_symbols_or_punctuation PASSED [ 52%]
tests/unit/apis/hyperliquid/models/test_hl_raw_api_error.py::test_error_string_mimics_other_api_errors PASSED [ 52%]
tests/unit/apis/hyperliquid/models/test_hl_raw_api_error.py::test_error_string_various_line_breaks PASSED [ 52%]
tests/unit/apis/hyperliquid/models/test_hl_raw_api_error.py::test_error_string_surrogate_pairs_and_high_codepoints PASSED [ 52%]
tests/unit/apis/hyperliquid/models/test_hl_raw_api_error.py::test_error_string_with_invisible_characters PASSED [ 52%]
tests/unit/apis/hyperliquid/models/test_hl_raw_api_error.py::test_error_string_palindrome_and_mirrored PASSED [ 52%]
tests/unit/apis/hyperliquid/models/test_hl_raw_api_request_payloads.py::TestHyperliquidApiL2UsdTransferRequest::test_valid_l2_usd_transfer PASSED [ 52%]
tests/unit/apis/hyperliquid/models/test_hl_raw_api_request_payloads.py::TestHyperliquidApiL2UsdTransferRequest::test_l2_usd_transfer_invalid_payload_values PASSED [ 52%]
tests/unit/apis/hyperliquid/models/test_hl_raw_api_request_payloads.py::TestHyperliquidApiL2UsdTransferRequest::test_l2_usd_transfer_missing_amount_in_payload PASSED [ 52%]
tests/unit/apis/hyperliquid/models/test_hl_raw_api_request_payloads.py::TestHyperliquidApiL2UsdTransferRequest::test_l2_usd_transfer_explicit_type_provided_direct_unpack PASSED [ 52%]
tests/unit/apis/hyperliquid/models/test_hl_raw_api_request_payloads.py::TestHyperliquidApiL2UsdTransferRequest::test_l2_usd_transfer_incorrect_outer_type PASSED [ 52%]
tests/unit/apis/hyperliquid/models/test_hl_raw_api_request_payloads.py::TestHyperliquidApiEthWithdrawalRequest::test_valid_eth_withdrawal PASSED [ 52%]
tests/unit/apis/hyperliquid/models/test_hl_raw_api_request_payloads.py::TestHyperliquidApiEthWithdrawalRequest::test_eth_withdrawal_invalid_address PASSED [ 52%]
tests/unit/apis/hyperliquid/models/test_hl_raw_api_request_payloads.py::TestHyperliquidApiEthWithdrawalRequest::test_eth_withdrawal_invalid_amount PASSED [ 52%]
tests/unit/apis/hyperliquid/models/test_hl_raw_api_request_payloads.py::TestHyperliquidApiEthWithdrawalRequest::test_eth_withdrawal_explicit_type_provided_direct_unpack PASSED [ 52%]
tests/unit/apis/hyperliquid/models/test_hl_raw_api_request_payloads.py::TestHyperliquidApiEthWithdrawalRequest::test_eth_withdrawal_incorrect_outer_type PASSED [ 52%]
tests/unit/apis/hyperliquid/models/test_hl_raw_builder_fee.py::test_builder_fee_valid PASSED [ 52%]
tests/unit/apis/hyperliquid/models/test_hl_raw_builder_fee.py::test_builder_fee_approved_various_inputs[not-a-bool] PASSED [ 52%]
tests/unit/apis/hyperliquid/models/test_hl_raw_builder_fee.py::test_builder_fee_approved_various_inputs[123] PASSED [ 52%]
tests/unit/apis/hyperliquid/models/test_hl_raw_builder_fee.py::test_builder_fee_approved_various_inputs[True] PASSED [ 52%]
tests/unit/apis/hyperliquid/models/test_hl_raw_builder_fee.py::test_builder_fee_approved_various_inputs[False] PASSED [ 52%]
tests/unit/apis/hyperliquid/models/test_hl_raw_builder_fee.py::test_builder_fee_approved_various_inputs[true] PASSED [ 53%]
tests/unit/apis/hyperliquid/models/test_hl_raw_builder_fee.py::test_builder_fee_approved_various_inputs[false] PASSED [ 53%]
tests/unit/apis/hyperliquid/models/test_hl_raw_builder_fee.py::test_builder_fee_missing_approved_field PASSED [ 53%]
tests/unit/apis/hyperliquid/models/test_hl_raw_builder_fee.py::test_builder_fee_extra_field PASSED [ 53%]
tests/unit/apis/hyperliquid/models/test_hl_raw_candles.py::test_valid_single_candle_snapshot PASSED [ 53%]
tests/unit/apis/hyperliquid/models/test_hl_raw_candles.py::test_valid_multiple_candles_snapshot PASSED [ 53%]
tests/unit/apis/hyperliquid/models/test_hl_raw_candles.py::test_valid_empty_lists_snapshot PASSED [ 53%]
tests/unit/apis/hyperliquid/models/test_hl_raw_candles.py::test_frozen_instance PASSED [ 53%]
tests/unit/apis/hyperliquid/models/test_hl_raw_candles.py::test_extra_field_forbidden PASSED [ 53%]
tests/unit/apis/hyperliquid/models/test_hl_raw_candles.py::test_invalid_field_type_or_missing[t-not_a_list-Input should be a valid list] PASSED [ 53%]
tests/unit/apis/hyperliquid/models/test_hl_raw_candles.py::test_invalid_field_type_or_missing[o-False-Input should be a valid list] PASSED [ 53%]
tests/unit/apis/hyperliquid/models/test_hl_raw_candles.py::test_invalid_field_type_or_missing[h-123-Input should be a valid list] PASSED [ 53%]
tests/unit/apis/hyperliquid/models/test_hl_raw_candles.py::test_invalid_field_type_or_missing[s-123-Field 's' must be string, got int] PASSED [ 53%]
tests/unit/apis/hyperliquid/models/test_hl_raw_candles.py::test_invalid_field_type_or_missing[s--String cannot be empty] PASSED [ 53%]
tests/unit/apis/hyperliquid/models/test_hl_raw_candles.py::test_missing_field PASSED [ 53%]
tests/unit/apis/hyperliquid/models/test_hl_raw_candles.py::test_invalid_list_item_type_or_format[t-0-not_an_int-expected_key_terms0] PASSED [ 53%]
tests/unit/apis/hyperliquid/models/test_hl_raw_candles.py::test_invalid_list_item_type_or_format[t-0--1-expected_key_terms1] PASSED [ 53%]
tests/unit/apis/hyperliquid/models/test_hl_raw_candles.py::test_invalid_list_item_type_or_format[o-0-123.45-expected_key_terms2] PASSED [ 53%]
tests/unit/apis/hyperliquid/models/test_hl_raw_candles.py::test_invalid_list_item_type_or_format[h-0-True-expected_key_terms3] PASSED [ 53%]
tests/unit/apis/hyperliquid/models/test_hl_raw_candles.py::test_invalid_list_item_type_or_format[l-0--expected_key_terms4] PASSED [ 53%]
tests/unit/apis/hyperliquid/models/test_hl_raw_candles.py::test_invalid_list_item_type_or_format[c-0-not_finite_enough-expected_key_terms5] PASSED [ 53%]
tests/unit/apis/hyperliquid/models/test_hl_raw_candles.py::test_invalid_list_item_type_or_format[v-0-not_a_number-expected_key_terms6] PASSED [ 53%]
tests/unit/apis/hyperliquid/models/test_hl_raw_candles.py::test_invalid_list_item_type_or_format[v-0--10.0-expected_key_terms7] PASSED [ 53%]
tests/unit/apis/hyperliquid/models/test_hl_raw_candles.py::test_invalid_list_item_type_or_format[o-0-11111111111111111111111111111111111111111111111111111111111111111-expected_key_terms8] PASSED [ 53%]
tests/unit/apis/hyperliquid/models/test_hl_raw_candles.py::test_mismatched_list_lengths PASSED [ 53%]
tests/unit/apis/hyperliquid/models/test_hl_raw_candles.py::test_volume_non_negative PASSED [ 53%]
tests/unit/apis/hyperliquid/models/test_hl_raw_candles.py::test_price_or_volume_not_finite PASSED [ 53%]
tests/unit/apis/hyperliquid/models/test_hl_raw_exchange_actions.py::test_eth_withdrawal_payload_valid PASSED [ 53%]
tests/unit/apis/hyperliquid/models/test_hl_raw_exchange_actions.py::test_eth_withdrawal_payload_invalid_fields[amount-Infinity-must be a parseable finite decimal string] PASSED [ 53%]
tests/unit/apis/hyperliquid/models/test_hl_raw_exchange_actions.py::test_eth_withdrawal_payload_invalid_fields[amount--String cannot be empty] PASSED [ 53%]
tests/unit/apis/hyperliquid/models/test_hl_raw_exchange_actions.py::test_eth_withdrawal_payload_invalid_fields[amount-None-Field required] PASSED [ 53%]
tests/unit/apis/hyperliquid/models/test_hl_raw_exchange_actions.py::test_eth_withdrawal_payload_invalid_fields[destination-0x123-Must be exactly 42 characters long] PASSED [ 53%]
tests/unit/apis/hyperliquid/models/test_hl_raw_exchange_actions.py::test_eth_withdrawal_payload_invalid_fields[destination-Ab5801a7D398351b8bE11C439e05C5B3259aeC9B-Must start with '0x'] PASSED [ 53%]
tests/unit/apis/hyperliquid/models/test_hl_raw_exchange_actions.py::test_eth_withdrawal_payload_invalid_fields[destination-0xAb5801a7D398351b8bE11C439e05C5B3259aeC9X-must be a valid 0x-prefixed hexadecimal string] PASSED [ 53%]
tests/unit/apis/hyperliquid/models/test_hl_raw_exchange_actions.py::test_eth_withdrawal_payload_invalid_fields[destination-None-Field required] PASSED [ 53%]
tests/unit/apis/hyperliquid/models/test_hl_raw_exchange_actions.py::test_eth_withdrawal_payload_extra_field PASSED [ 54%]
tests/unit/apis/hyperliquid/models/test_hl_raw_exchange_actions.py::test_order_item_spec_valid_limit PASSED [ 54%]
tests/unit/apis/hyperliquid/models/test_hl_raw_exchange_actions.py::test_order_item_spec_valid_market_no_cloid PASSED [ 54%]
tests/unit/apis/hyperliquid/models/test_hl_raw_exchange_actions.py::test_order_item_spec_invalid_fields[asset_index--1-cannot be negative] PASSED [ 54%]
tests/unit/apis/hyperliquid/models/test_hl_raw_exchange_actions.py::test_order_item_spec_invalid_fields[asset_index-not-an-int-must be integer] PASSED [ 54%]
tests/unit/apis/hyperliquid/models/test_hl_raw_exchange_actions.py::test_order_item_spec_invalid_fields[is_buy-not-a-bool-must be boolean] PASSED [ 54%]
tests/unit/apis/hyperliquid/models/test_hl_raw_exchange_actions.py::test_order_item_spec_invalid_fields[is_buy-None-Field required] PASSED [ 54%]
tests/unit/apis/hyperliquid/models/test_hl_raw_exchange_actions.py::test_order_item_spec_invalid_fields[limit_px-Infinity-finite decimal string] PASSED [ 54%]
tests/unit/apis/hyperliquid/models/test_hl_raw_exchange_actions.py::test_order_item_spec_invalid_fields[limit_px-None-Field required] PASSED [ 54%]
tests/unit/apis/hyperliquid/models/test_hl_raw_exchange_actions.py::test_order_item_spec_invalid_fields[size--String cannot be empty] PASSED [ 54%]
tests/unit/apis/hyperliquid/models/test_hl_raw_exchange_actions.py::test_order_item_spec_invalid_fields[size-None-Field required] PASSED [ 54%]
tests/unit/apis/hyperliquid/models/test_hl_raw_exchange_actions.py::test_order_item_spec_invalid_fields[reduce_only-True-must be boolean] PASSED [ 54%]
tests/unit/apis/hyperliquid/models/test_hl_raw_exchange_actions.py::test_order_item_spec_invalid_fields[reduce_only-None-Field required] PASSED [ 54%]
tests/unit/apis/hyperliquid/models/test_hl_raw_exchange_actions.py::test_order_item_spec_invalid_fields[order_type_details-value10-must be one of] PASSED [ 54%]
tests/unit/apis/hyperliquid/models/test_hl_raw_exchange_actions.py::test_order_item_spec_invalid_fields[order_type_details-None-Field required] PASSED [ 54%]
tests/unit/apis/hyperliquid/models/test_hl_raw_exchange_actions.py::test_order_item_spec_invalid_fields[client_order_id--Must start with '0x' prefix] PASSED [ 54%]
tests/unit/apis/hyperliquid/models/test_hl_raw_exchange_actions.py::test_order_item_spec_invalid_fields[client_order_id-0xaaaaaaaaaaaaaaaaaaaaaaaaaaaaaaaaa-Must be exactly 34 characters] PASSED [ 54%]
tests/unit/apis/hyperliquid/models/test_hl_raw_exchange_actions.py::test_order_item_spec_extra_field PASSED [ 54%]
tests/unit/apis/hyperliquid/models/test_hl_raw_exchange_actions.py::test_l2_usd_transfer_action_details_valid PASSED [ 54%]
tests/unit/apis/hyperliquid/models/test_hl_raw_exchange_actions.py::test_l2_usd_transfer_action_details_invalid[chain-L1-Input should be 'L2'] PASSED [ 54%]
tests/unit/apis/hyperliquid/models/test_hl_raw_exchange_actions.py::test_l2_usd_transfer_action_details_invalid[chain-None-Field required] PASSED [ 54%]
tests/unit/apis/hyperliquid/models/test_hl_raw_exchange_actions.py::test_l2_usd_transfer_action_details_invalid[payload-None-Field required] PASSED [ 54%]
tests/unit/apis/hyperliquid/models/test_hl_raw_exchange_actions.py::test_l2_usd_transfer_action_details_invalid[payload-value3-Input should be 'USDC'] PASSED [ 54%]
tests/unit/apis/hyperliquid/models/test_hl_raw_exchange_actions.py::test_l2_usd_transfer_action_details_extra_field PASSED [ 54%]
tests/unit/apis/hyperliquid/models/test_hl_raw_exchange_response.py::test_hl_resting_valid PASSED [ 54%]
tests/unit/apis/hyperliquid/models/test_hl_raw_exchange_response.py::test_hl_filled_valid PASSED [ 54%]
tests/unit/apis/hyperliquid/models/test_hl_raw_exchange_response.py::test_hl_status_object_valid PASSED [ 54%]
tests/unit/apis/hyperliquid/models/test_hl_raw_exchange_response.py::test_hl_response_data_valid PASSED [ 54%]
tests/unit/apis/hyperliquid/models/test_hl_raw_exchange_response.py::test_hl_response_valid PASSED [ 54%]
tests/unit/apis/hyperliquid/models/test_hl_raw_exchange_response.py::test_hl_response_valid_no_data PASSED [ 54%]
tests/unit/apis/hyperliquid/models/test_hl_raw_exchange_response.py::test_hl_response_valid_missing_data PASSED [ 54%]
tests/unit/apis/hyperliquid/models/test_hl_raw_exchange_response.py::test_hl_resting_invalid[invalid_data0-value cannot be negative] PASSED [ 54%]
tests/unit/apis/hyperliquid/models/test_hl_raw_exchange_response.py::test_hl_resting_invalid[invalid_data1-must be integer] PASSED [ 54%]
tests/unit/apis/hyperliquid/models/test_hl_raw_exchange_response.py::test_hl_resting_invalid[invalid_data2-must be integer] PASSED [ 54%]
tests/unit/apis/hyperliquid/models/test_hl_raw_exchange_response.py::test_hl_resting_invalid[invalid_data3-Field required] PASSED [ 54%]
tests/unit/apis/hyperliquid/models/test_hl_raw_exchange_response.py::test_hl_resting_extra_fields_ignored PASSED [ 55%]
tests/unit/apis/hyperliquid/models/test_hl_raw_exchange_response.py::test_hl_filled_invalid[invalid_data0-expected_keywords0] PASSED [ 55%]
tests/unit/apis/hyperliquid/models/test_hl_raw_exchange_response.py::test_hl_filled_invalid[invalid_data1-expected_keywords1] PASSED [ 55%]
tests/unit/apis/hyperliquid/models/test_hl_raw_exchange_response.py::test_hl_filled_invalid[invalid_data2-expected_keywords2] PASSED [ 55%]
tests/unit/apis/hyperliquid/models/test_hl_raw_exchange_response.py::test_hl_filled_invalid[invalid_data3-expected_keywords3] PASSED [ 55%]
tests/unit/apis/hyperliquid/models/test_hl_raw_exchange_response.py::test_hl_filled_invalid[invalid_data4-expected_keywords4] PASSED [ 55%]
tests/unit/apis/hyperliquid/models/test_hl_raw_exchange_response.py::test_hl_filled_invalid[invalid_data5-expected_keywords5] PASSED [ 55%]
tests/unit/apis/hyperliquid/models/test_hl_raw_exchange_response.py::test_hl_filled_invalid[invalid_data6-expected_keywords6] PASSED [ 55%]
tests/unit/apis/hyperliquid/models/test_hl_raw_exchange_response.py::test_hl_filled_invalid[invalid_data7-expected_keywords7] PASSED [ 55%]
tests/unit/apis/hyperliquid/models/test_hl_raw_exchange_response.py::test_hl_filled_invalid[invalid_data8-expected_keywords8] PASSED [ 55%]
tests/unit/apis/hyperliquid/models/test_hl_raw_exchange_response.py::test_hl_filled_invalid[invalid_data9-expected_keywords9] PASSED [ 55%]
tests/unit/apis/hyperliquid/models/test_hl_raw_exchange_response.py::test_hl_filled_extra_fields_ignored PASSED [ 55%]
tests/unit/apis/hyperliquid/models/test_hl_raw_exchange_response.py::test_hl_status_object_invalid[invalid_data0-expected_keywords0] PASSED [ 55%]
tests/unit/apis/hyperliquid/models/test_hl_raw_exchange_response.py::test_hl_status_object_invalid[invalid_data1-expected_keywords1] PASSED [ 55%]
tests/unit/apis/hyperliquid/models/test_hl_raw_exchange_response.py::test_hl_status_object_invalid[invalid_data2-expected_keywords2] PASSED [ 55%]
tests/unit/apis/hyperliquid/models/test_hl_raw_exchange_response.py::test_hl_status_object_invalid[invalid_data3-expected_keywords3] PASSED [ 55%]
tests/unit/apis/hyperliquid/models/test_hl_raw_exchange_response.py::test_hl_status_object_extra_fields_ignored PASSED [ 55%]
tests/unit/apis/hyperliquid/models/test_hl_raw_exchange_response.py::test_hl_response_data_invalid[invalid_data0-EmptyStringError-expected_keywords0] PASSED [ 55%]
tests/unit/apis/hyperliquid/models/test_hl_raw_exchange_response.py::test_hl_response_data_invalid[invalid_data1-TypeError-expected_keywords1] PASSED [ 55%]
tests/unit/apis/hyperliquid/models/test_hl_raw_exchange_response.py::test_hl_response_data_invalid[invalid_data2-ValidationError-expected_keywords2] PASSED [ 55%]
tests/unit/apis/hyperliquid/models/test_hl_raw_exchange_response.py::test_hl_response_data_invalid[invalid_data3-ValidationError-expected_keywords3] PASSED [ 55%]
tests/unit/apis/hyperliquid/models/test_hl_raw_exchange_response.py::test_hl_response_data_invalid[invalid_data4-ValidationError-expected_keywords4] PASSED [ 55%]
tests/unit/apis/hyperliquid/models/test_hl_raw_exchange_response.py::test_hl_response_data_invalid[invalid_data5-ValidationError-expected_keywords5] PASSED [ 55%]
tests/unit/apis/hyperliquid/models/test_hl_raw_exchange_response.py::test_hl_response_data_invalid[invalid_data6-ValidationError-expected_keywords6] PASSED [ 55%]
tests/unit/apis/hyperliquid/models/test_hl_raw_exchange_response.py::test_hl_response_data_invalid[invalid_data7-ValidationError-expected_keywords7] PASSED [ 55%]
tests/unit/apis/hyperliquid/models/test_hl_raw_exchange_response.py::test_hl_response_data_extra_fields_ignored PASSED [ 55%]
tests/unit/apis/hyperliquid/models/test_hl_raw_exchange_response.py::test_hl_response_invalid[invalid_data0-ValidationError-expected_keywords0] PASSED [ 55%]
tests/unit/apis/hyperliquid/models/test_hl_raw_exchange_response.py::test_hl_response_invalid[invalid_data1-TypeError-expected_keywords1] PASSED [ 55%]
tests/unit/apis/hyperliquid/models/test_hl_raw_exchange_response.py::test_hl_response_invalid[invalid_data2-ValidationError-expected_keywords2] PASSED [ 55%]
tests/unit/apis/hyperliquid/models/test_hl_raw_exchange_response.py::test_hl_response_invalid[invalid_data3-ValidationError-expected_keywords3] PASSED [ 55%]
tests/unit/apis/hyperliquid/models/test_hl_raw_exchange_response.py::test_hl_response_invalid[invalid_data4-ValidationError-expected_keywords4] PASSED [ 55%]
tests/unit/apis/hyperliquid/models/test_hl_raw_exchange_response.py::test_hl_response_invalid[invalid_data5-EmptyStringError-expected_keywords5] PASSED [ 55%]
tests/unit/apis/hyperliquid/models/test_hl_raw_exchange_response.py::test_hl_response_data_statuses_validation[statuses_list0-True] PASSED [ 55%]
tests/unit/apis/hyperliquid/models/test_hl_raw_exchange_response.py::test_hl_response_data_statuses_validation[statuses_list1-True] PASSED [ 55%]
tests/unit/apis/hyperliquid/models/test_hl_raw_exchange_response.py::test_hl_response_data_statuses_validation[statuses_list2-True] PASSED [ 55%]
tests/unit/apis/hyperliquid/models/test_hl_raw_exchange_response.py::test_hl_response_data_statuses_validation[statuses_list3-True] PASSED [ 56%]
tests/unit/apis/hyperliquid/models/test_hl_raw_exchange_response.py::test_hl_response_data_statuses_validation[statuses_list4-True] PASSED [ 56%]
tests/unit/apis/hyperliquid/models/test_hl_raw_exchange_response.py::test_hl_response_data_statuses_validation[statuses_list5-True] PASSED [ 56%]
tests/unit/apis/hyperliquid/models/test_hl_raw_exchange_response.py::test_hl_response_data_statuses_validation[statuses_list6-False] PASSED [ 56%]
tests/unit/apis/hyperliquid/models/test_hl_raw_exchange_response.py::test_hl_response_data_statuses_validation[statuses_list7-False] PASSED [ 56%]
tests/unit/apis/hyperliquid/models/test_hl_raw_exchange_response.py::test_hl_response_data_statuses_validation[statuses_list8-False] PASSED [ 56%]
tests/unit/apis/hyperliquid/models/test_hl_raw_exchange_response.py::test_hl_response_data_statuses_validation[statuses_list9-False] PASSED [ 56%]
tests/unit/apis/hyperliquid/models/test_hl_raw_exchange_response.py::test_hl_response_data_statuses_validation[statuses_list10-False] PASSED [ 56%]
tests/unit/apis/hyperliquid/models/test_hl_raw_exchange_response.py::test_hl_response_data_statuses_validation[statuses_list11-False] PASSED [ 56%]
tests/unit/apis/hyperliquid/models/test_hl_raw_exchange_response.py::test_hl_response_data_statuses_validation[statuses_list12-False] PASSED [ 56%]
tests/unit/apis/hyperliquid/models/test_hl_raw_exchange_response.py::test_hl_response_data_statuses_validation[not_a_list-False] PASSED [ 56%]
tests/unit/apis/hyperliquid/models/test_hl_raw_fill.py::test_valid_hyperliquid_fill PASSED [ 56%]
tests/unit/apis/hyperliquid/models/test_hl_raw_frontend_orders.py::test_frontend_order_valid PASSED [ 56%]
tests/unit/apis/hyperliquid/models/test_hl_raw_frontend_orders.py::test_frontend_order_invalid_fields[coin-None-True] PASSED [ 56%]
tests/unit/apis/hyperliquid/models/test_hl_raw_frontend_orders.py::test_frontend_order_invalid_fields[coin-BTCTOOLONGBTCTOOLONGBTCTOOLONGBTCTOOLONGBTCTOOLONGBTCTOOLONGBTCTOOLONGBTCTOOLONGBTCTOOLONGBTCTOOLONGBTCTOOLONGBTCTOOLONGBTCTOOLONGBTCTOOLONGBTCTOOLONGBTCTOOLONGBTCTOOLONGBTCTOOLONGBTCTOOLONGBTCTOOLONG-False] PASSED [ 56%]
tests/unit/apis/hyperliquid/models/test_hl_raw_frontend_orders.py::test_frontend_order_invalid_fields[isPositionTpsl-not-a-bool-False] PASSED [ 56%]
tests/unit/apis/hyperliquid/models/test_hl_raw_frontend_orders.py::test_frontend_order_invalid_fields[isTrigger-123-False] PASSED [ 56%]
tests/unit/apis/hyperliquid/models/test_hl_raw_frontend_orders.py::test_frontend_order_invalid_fields[limitPx-not-a-decimal-False] PASSED [ 56%]
tests/unit/apis/hyperliquid/models/test_hl_raw_frontend_orders.py::test_frontend_order_invalid_fields[limitPx-Infinity-False] PASSED [ 56%]
tests/unit/apis/hyperliquid/models/test_hl_raw_frontend_orders.py::test_frontend_order_invalid_fields[oid--1-False] PASSED [ 56%]
tests/unit/apis/hyperliquid/models/test_hl_raw_frontend_orders.py::test_frontend_order_invalid_fields[oid-not-an-int-False] PASSED [ 56%]
tests/unit/apis/hyperliquid/models/test_hl_raw_frontend_orders.py::test_frontend_order_invalid_fields[orderType-None-True] PASSED [ 56%]
tests/unit/apis/hyperliquid/models/test_hl_raw_frontend_orders.py::test_frontend_order_invalid_fields[origSz-NaN-False] PASSED [ 56%]
tests/unit/apis/hyperliquid/models/test_hl_raw_frontend_orders.py::test_frontend_order_invalid_fields[reduceOnly-TrueString-False] PASSED [ 56%]
tests/unit/apis/hyperliquid/models/test_hl_raw_frontend_orders.py::test_frontend_order_invalid_fields[side-C-False] PASSED [ 56%]
tests/unit/apis/hyperliquid/models/test_hl_raw_frontend_orders.py::test_frontend_order_invalid_fields[sz-None-True] PASSED [ 56%]
tests/unit/apis/hyperliquid/models/test_hl_raw_frontend_orders.py::test_frontend_order_invalid_fields[timestamp-invalid-ts-False] PASSED [ 56%]
tests/unit/apis/hyperliquid/models/test_hl_raw_frontend_orders.py::test_frontend_order_invalid_fields[triggerCondition-None-True] PASSED [ 56%]
tests/unit/apis/hyperliquid/models/test_hl_raw_frontend_orders.py::test_frontend_order_invalid_fields[triggerPx--1.0-False] PASSED [ 56%]
tests/unit/apis/hyperliquid/models/test_hl_raw_frontend_orders.py::test_frontend_order_missing_required_fields PASSED [ 56%]
tests/unit/apis/hyperliquid/models/test_hl_raw_frontend_orders.py::test_frontend_order_extra_field PASSED [ 56%]
tests/unit/apis/hyperliquid/models/test_hl_raw_frontend_orders.py::test_frontend_orders_list_valid PASSED [ 56%]
tests/unit/apis/hyperliquid/models/test_hl_raw_frontend_orders.py::test_frontend_orders_list_invalid_item PASSED [ 56%]
tests/unit/apis/hyperliquid/models/test_hl_raw_frontend_orders.py::test_frontend_orders_list_not_a_list PASSED [ 56%]
tests/unit/apis/hyperliquid/models/test_hl_raw_meta_and_asset_ctxs.py::test_asset_definition_happy_path PASSED [ 56%]
tests/unit/apis/hyperliquid/models/test_hl_raw_meta_and_asset_ctxs.py::test_asset_definition_missing_required PASSED [ 57%]
tests/unit/apis/hyperliquid/models/test_hl_raw_meta_and_asset_ctxs.py::test_asset_definition_type_errors PASSED [ 57%]
tests/unit/apis/hyperliquid/models/test_hl_raw_meta_and_asset_ctxs.py::test_asset_definition_extra_field PASSED [ 57%]
tests/unit/apis/hyperliquid/models/test_hl_raw_meta_and_asset_ctxs.py::test_asset_definition_constraints PASSED [ 57%]
tests/unit/apis/hyperliquid/models/test_hl_raw_meta_and_asset_ctxs.py::test_asset_definition_unicode_name PASSED [ 57%]
tests/unit/apis/hyperliquid/models/test_hl_raw_meta_and_asset_ctxs.py::test_asset_definition_whitespace_name PASSED [ 57%]
tests/unit/apis/hyperliquid/models/test_hl_raw_meta_and_asset_ctxs.py::test_asset_definition_control_char_name PASSED [ 57%]
tests/unit/apis/hyperliquid/models/test_hl_raw_meta_and_asset_ctxs.py::test_asset_definition_min_max_values PASSED [ 57%]
tests/unit/apis/hyperliquid/models/test_hl_raw_meta_and_asset_ctxs.py::test_asset_definition_testnet_name PASSED [ 57%]
tests/unit/apis/hyperliquid/models/test_hl_raw_meta_and_asset_ctxs.py::test_asset_ctx_happy_path PASSED [ 57%]
tests/unit/apis/hyperliquid/models/test_hl_raw_meta_and_asset_ctxs.py::test_asset_ctx_optional_impact_px PASSED [ 57%]
tests/unit/apis/hyperliquid/models/test_hl_raw_meta_and_asset_ctxs.py::test_asset_ctx_invalid_decimal PASSED [ 57%]
tests/unit/apis/hyperliquid/models/test_hl_raw_meta_and_asset_ctxs.py::test_asset_ctx_extra_field PASSED [ 57%]
tests/unit/apis/hyperliquid/models/test_hl_raw_meta_and_asset_ctxs.py::test_asset_ctx_missing_optional_impact_px PASSED [ 57%]
tests/unit/apis/hyperliquid/models/test_hl_raw_meta_and_asset_ctxs.py::test_asset_ctx_impact_px_zero_negative PASSED [ 57%]
tests/unit/apis/hyperliquid/models/test_hl_raw_meta_and_asset_ctxs.py::test_asset_ctx_excessive_precision PASSED [ 57%]
tests/unit/apis/hyperliquid/models/test_hl_raw_meta_and_asset_ctxs.py::test_asset_ctx_all_zero_negative_large PASSED [ 57%]
tests/unit/apis/hyperliquid/models/test_hl_raw_meta_and_asset_ctxs.py::test_meta_response_happy_path PASSED [ 57%]
tests/unit/apis/hyperliquid/models/test_hl_raw_meta_and_asset_ctxs.py::test_meta_response_invalid_universe PASSED [ 57%]
tests/unit/apis/hyperliquid/models/test_hl_raw_meta_and_asset_ctxs.py::test_meta_response_empty_universe PASSED [ 57%]
tests/unit/apis/hyperliquid/models/test_hl_raw_meta_and_asset_ctxs.py::test_meta_response_one_asset PASSED [ 57%]
tests/unit/apis/hyperliquid/models/test_hl_raw_meta_and_asset_ctxs.py::test_meta_and_asset_ctxs_response_happy_path PASSED [ 57%]
tests/unit/apis/hyperliquid/models/test_hl_raw_meta_and_asset_ctxs.py::test_meta_and_asset_ctxs_response_invalid_structure PASSED [ 57%]
tests/unit/apis/hyperliquid/models/test_hl_raw_meta_and_asset_ctxs.py::test_meta_and_asset_ctxs_response_wrong_tuple_length PASSED [ 57%]
tests/unit/apis/hyperliquid/models/test_hl_raw_meta_and_asset_ctxs.py::test_meta_and_asset_ctxs_response_wrong_types PASSED [ 57%]
tests/unit/apis/hyperliquid/models/test_hl_raw_meta_and_asset_ctxs.py::test_meta_and_asset_ctxs_response_empty_lists PASSED [ 57%]
tests/unit/apis/hyperliquid/models/test_hl_raw_meta_and_asset_ctxs.py::test_meta_request_payload_happy_path PASSED [ 57%]
tests/unit/apis/hyperliquid/models/test_hl_raw_meta_and_asset_ctxs.py::test_meta_request_payload_invalid_type PASSED [ 57%]
tests/unit/apis/hyperliquid/models/test_hl_raw_meta_and_asset_ctxs.py::test_meta_and_asset_ctxs_request_payload_happy_path PASSED [ 57%]
tests/unit/apis/hyperliquid/models/test_hl_raw_meta_and_asset_ctxs.py::test_meta_and_asset_ctxs_request_payload_invalid_type PASSED [ 57%]
tests/unit/apis/hyperliquid/models/test_hl_raw_meta_and_asset_ctxs.py::test_update_leverage_request_happy_path PASSED [ 57%]
tests/unit/apis/hyperliquid/models/test_hl_raw_meta_and_asset_ctxs.py::test_update_leverage_request_invalid_types PASSED [ 57%]
tests/unit/apis/hyperliquid/models/test_hl_raw_meta_and_asset_ctxs.py::test_update_leverage_request_bounds PASSED [ 57%]
tests/unit/apis/hyperliquid/models/test_hl_raw_meta_and_asset_ctxs.py::test_update_isolated_margin_request_happy_path PASSED [ 57%]
tests/unit/apis/hyperliquid/models/test_hl_raw_meta_and_asset_ctxs.py::test_update_isolated_margin_request_invalid_types PASSED [ 57%]
tests/unit/apis/hyperliquid/models/test_hl_raw_meta_and_asset_ctxs.py::test_update_isolated_margin_request_bounds PASSED [ 58%]
tests/unit/apis/hyperliquid/models/test_hl_raw_open_orders.py::test_trigger_info_happy_path PASSED [ 58%]
tests/unit/apis/hyperliquid/models/test_hl_raw_open_orders.py::test_trigger_info_missing_required PASSED [ 58%]
tests/unit/apis/hyperliquid/models/test_hl_raw_open_orders.py::test_trigger_info_type_errors PASSED [ 58%]
tests/unit/apis/hyperliquid/models/test_hl_raw_open_orders.py::test_trigger_info_enum_and_format_errors PASSED [ 58%]
tests/unit/apis/hyperliquid/models/test_hl_raw_open_orders.py::test_trigger_info_extra_field PASSED [ 58%]
tests/unit/apis/hyperliquid/models/test_hl_raw_open_orders.py::test_trigger_info_adversarial_strings PASSED [ 58%]
tests/unit/apis/hyperliquid/models/test_hl_raw_order.py::TestHyperliquidRawOrderType::test_valid_limit_order_type PASSED [ 58%]
tests/unit/apis/hyperliquid/models/test_hl_raw_order.py::TestHyperliquidRawOrderType::test_valid_market_order_type PASSED [ 58%]
tests/unit/apis/hyperliquid/models/test_hl_raw_order.py::TestHyperliquidRawOrderType::test_order_type_both_limit_and_market_allowed PASSED [ 58%]
tests/unit/apis/hyperliquid/models/test_hl_raw_order.py::TestHyperliquidRawOrderType::test_order_type_neither_limit_nor_market_allowed PASSED [ 58%]
tests/unit/apis/hyperliquid/models/test_hl_raw_order.py::TestHyperliquidRawOrderType::test_invalid_tif_string PASSED [ 58%]
tests/unit/apis/hyperliquid/models/test_hl_raw_order.py::TestHyperliquidRawTriggerInfo::test_valid_trigger_details_tp_market PASSED [ 58%]
tests/unit/apis/hyperliquid/models/test_hl_raw_order.py::TestHyperliquidRawTriggerInfo::test_valid_trigger_details_sl_limit PASSED [ 58%]
tests/unit/apis/hyperliquid/models/test_hl_raw_order.py::TestHyperliquidRawTriggerInfo::test_invalid_trigger_px_not_decimal_string PASSED [ 58%]
tests/unit/apis/hyperliquid/models/test_hl_raw_order.py::TestHyperliquidRawTriggerInfo::test_invalid_trigger_px_infinite_string PASSED [ 58%]
tests/unit/apis/hyperliquid/models/test_hl_raw_order.py::TestHyperliquidRawTriggerInfo::test_valid_trigger_px_zero PASSED [ 58%]
tests/unit/apis/hyperliquid/models/test_hl_raw_order.py::TestHyperliquidRawTriggerInfo::test_invalid_tpsl_value PASSED [ 58%]
tests/unit/apis/hyperliquid/models/test_hl_raw_order.py::TestHyperliquidRawTriggerInfo::test_missing_trigger_px PASSED [ 58%]
tests/unit/apis/hyperliquid/models/test_hl_raw_order.py::TestHyperliquidRawTriggerInfo::test_invalid_is_market_type PASSED [ 58%]
tests/unit/apis/hyperliquid/models/test_hl_raw_order.py::TestHyperliquidRawPlaceOrderAction::test_minimal_valid_limit_order PASSED [ 58%]
tests/unit/apis/hyperliquid/models/test_hl_raw_order.py::TestHyperliquidRawPlaceOrderAction::test_full_valid_limit_order_with_trigger_and_cloid PASSED [ 58%]
tests/unit/apis/hyperliquid/models/test_hl_raw_order.py::TestHyperliquidRawPlaceOrderAction::test_minimal_valid_market_order PASSED [ 58%]
tests/unit/apis/hyperliquid/models/test_hl_raw_order.py::TestHyperliquidRawPlaceOrderAction::test_missing_required_field_asset PASSED [ 58%]
tests/unit/apis/hyperliquid/models/test_hl_raw_order.py::TestHyperliquidRawPlaceOrderAction::test_invalid_asset_type_string PASSED [ 58%]
tests/unit/apis/hyperliquid/models/test_hl_raw_order.py::TestHyperliquidRawPlaceOrderAction::test_invalid_limit_px_type_not_string PASSED [ 58%]
tests/unit/apis/hyperliquid/models/test_hl_raw_order.py::TestHyperliquidRawPlaceOrderAction::test_invalid_sz_not_parseable_to_decimal PASSED [ 58%]
tests/unit/apis/hyperliquid/models/test_hl_raw_order.py::TestHyperliquidRawPlaceOrderAction::test_valid_sz_zero_string_for_raw_model PASSED [ 58%]
tests/unit/apis/hyperliquid/models/test_hl_raw_order.py::TestHyperliquidRawPlaceOrderAction::test_invalid_is_buy_type_string PASSED [ 58%]
tests/unit/apis/hyperliquid/models/test_hl_raw_order.py::TestHyperliquidRawPlaceOrderAction::test_extra_field_not_allowed PASSED [ 58%]
tests/unit/apis/hyperliquid/models/test_hl_raw_order.py::TestHyperliquidRawPlaceOrderAction::test_invalid_cloid_too_long PASSED [ 58%]
tests/unit/apis/hyperliquid/models/test_hl_raw_order.py::TestHyperliquidRawPlaceOrderAction::test_invalid_cloid_empty_if_present PASSED [ 58%]
tests/unit/apis/hyperliquid/models/test_hl_raw_order.py::TestHyperliquidRawPlaceOrderAction::test_valid_cloid_none PASSED [ 58%]
tests/unit/apis/hyperliquid/models/test_hl_raw_order.py::TestHyperliquidRawPlaceOrderAction::test_valid_cloid_present PASSED [ 58%]
tests/unit/apis/hyperliquid/models/test_hl_raw_order.py::TestHyperliquidRawOrder::test_invalid_order_bad_status PASSED [ 58%]
tests/unit/apis/hyperliquid/models/test_hl_raw_order_status.py::test_valid_order_status_response PASSED [ 59%]
tests/unit/apis/hyperliquid/models/test_hl_raw_order_status.py::test_missing_order_field PASSED [ 59%]
tests/unit/apis/hyperliquid/models/test_hl_raw_order_status.py::test_invalid_order_structure PASSED [ 59%]
tests/unit/apis/hyperliquid/models/test_hl_raw_order_status.py::test_extra_field_forbidden PASSED [ 59%]
tests/unit/apis/hyperliquid/models/test_hl_raw_order_status.py::test_frozen_instance PASSED [ 59%]
tests/unit/apis/hyperliquid/models/test_hl_raw_order_status.py::test_order_field_not_a_dictionary PASSED [ 59%]
tests/unit/apis/hyperliquid/models/test_hl_raw_orderbook.py::test_book_level_happy_path PASSED [ 59%]
tests/unit/apis/hyperliquid/models/test_hl_raw_orderbook.py::test_book_level_missing_required PASSED [ 59%]
tests/unit/apis/hyperliquid/models/test_hl_raw_orderbook.py::test_book_level_type_errors PASSED [ 59%]
tests/unit/apis/hyperliquid/models/test_hl_raw_orderbook.py::test_book_level_format_errors PASSED [ 59%]
tests/unit/apis/hyperliquid/models/test_hl_raw_orderbook.py::test_book_level_extra_field PASSED [ 59%]
tests/unit/apis/hyperliquid/models/test_hl_raw_orderbook.py::test_book_level_adversarial_strings PASSED [ 59%]
tests/unit/apis/hyperliquid/models/test_hl_raw_orderbook.py::test_l2book_happy_path PASSED [ 59%]
tests/unit/apis/hyperliquid/models/test_hl_raw_orderbook.py::test_l2book_missing_required PASSED [ 59%]
tests/unit/apis/hyperliquid/models/test_hl_raw_orderbook.py::test_l2book_type_errors PASSED [ 59%]
tests/unit/apis/hyperliquid/models/test_hl_raw_orderbook.py::test_l2book_levels_structure PASSED [ 59%]
tests/unit/apis/hyperliquid/models/test_hl_raw_orderbook.py::test_l2book_nested_model_error PASSED [ 59%]
tests/unit/apis/hyperliquid/models/test_hl_raw_orderbook.py::test_l2book_extra_field PASSED [ 59%]
tests/unit/apis/hyperliquid/models/test_hl_raw_orderbook.py::test_l2book_adversarial_strings PASSED [ 59%]
tests/unit/apis/hyperliquid/models/test_hl_raw_orderbook.py::test_l2book_request_payload_happy_path PASSED [ 59%]
tests/unit/apis/hyperliquid/models/test_hl_raw_orderbook.py::test_l2book_request_payload_type_errors PASSED [ 59%]
tests/unit/apis/hyperliquid/models/test_hl_raw_orderbook.py::test_l2book_request_payload_format_errors PASSED [ 59%]
tests/unit/apis/hyperliquid/models/test_hl_raw_orderbook.py::test_l2book_request_payload_extra_field PASSED [ 59%]
tests/unit/apis/hyperliquid/models/test_hl_raw_orderbook.py::test_l2book_coin_edge_cases PASSED [ 59%]
tests/unit/apis/hyperliquid/models/test_hl_raw_orderbook.py::test_l2book_levels_structure_edge_cases PASSED [ 59%]
tests/unit/apis/hyperliquid/models/test_hl_raw_orderbook.py::test_book_level_field_edge_cases PASSED [ 59%]
tests/unit/apis/hyperliquid/models/test_hl_raw_orderbook.py::test_l2book_time_field_edge_cases PASSED [ 59%]
tests/unit/apis/hyperliquid/models/test_hl_raw_orderbook.py::test_l2book_extra_fields PASSED [ 59%]
tests/unit/apis/hyperliquid/models/test_hl_raw_portfolio.py::test_history_entry_valid_from_list PASSED [ 59%]
tests/unit/apis/hyperliquid/models/test_hl_raw_portfolio.py::test_history_entry_valid_from_dict PASSED [ 59%]
tests/unit/apis/hyperliquid/models/test_hl_raw_portfolio.py::test_history_entry_invalid_list_input[value_list0] PASSED [ 59%]
tests/unit/apis/hyperliquid/models/test_hl_raw_portfolio.py::test_history_entry_invalid_list_input[value_list1] PASSED [ 59%]
tests/unit/apis/hyperliquid/models/test_hl_raw_portfolio.py::test_history_entry_invalid_list_input[value_list2] PASSED [ 59%]
tests/unit/apis/hyperliquid/models/test_hl_raw_portfolio.py::test_history_entry_invalid_list_input[value_list3] PASSED [ 59%]
tests/unit/apis/hyperliquid/models/test_hl_raw_portfolio.py::test_history_entry_invalid_list_input[value_list4] PASSED [ 59%]
tests/unit/apis/hyperliquid/models/test_hl_raw_portfolio.py::test_history_entry_invalid_list_input[value_list5] PASSED [ 60%]
tests/unit/apis/hyperliquid/models/test_hl_raw_portfolio.py::test_history_entry_invalid_list_input[value_list6] PASSED [ 60%]
tests/unit/apis/hyperliquid/models/test_hl_raw_portfolio.py::test_history_entry_invalid_list_input[value_list7] PASSED [ 60%]
tests/unit/apis/hyperliquid/models/test_hl_raw_portfolio.py::test_history_entry_invalid_dict_input[0-not-an-int] PASSED [ 60%]
tests/unit/apis/hyperliquid/models/test_hl_raw_portfolio.py::test_history_entry_invalid_dict_input[1-not-a-decimal] PASSED [ 60%]
tests/unit/apis/hyperliquid/models/test_hl_raw_portfolio.py::test_history_entry_invalid_dict_input[0--123] PASSED [ 60%]
tests/unit/apis/hyperliquid/models/test_hl_raw_portfolio.py::test_history_entry_extra_field_dict_input PASSED [ 60%]
tests/unit/apis/hyperliquid/models/test_hl_raw_portfolio.py::test_timeframe_data_valid PASSED [ 60%]
tests/unit/apis/hyperliquid/models/test_hl_raw_portfolio.py::test_timeframe_data_invalid[accountValueHistory-None-True] PASSED [ 60%]
tests/unit/apis/hyperliquid/models/test_hl_raw_portfolio.py::test_timeframe_data_invalid[accountValueHistory-value1-False] PASSED [ 60%]
tests/unit/apis/hyperliquid/models/test_hl_raw_portfolio.py::test_timeframe_data_invalid[pnlHistory-not-a-list-False] PASSED [ 60%]
tests/unit/apis/hyperliquid/models/test_hl_raw_portfolio.py::test_timeframe_data_invalid[vlm-not-a-decimal-False] PASSED [ 60%]
tests/unit/apis/hyperliquid/models/test_hl_raw_portfolio.py::test_timeframe_data_invalid[vlm-None-True] PASSED [ 60%]
tests/unit/apis/hyperliquid/models/test_hl_raw_portfolio.py::test_timeframe_data_extra_field PASSED [ 60%]
tests/unit/apis/hyperliquid/models/test_hl_raw_portfolio.py::test_portfolio_tuple_item_valid PASSED [ 60%]
tests/unit/apis/hyperliquid/models/test_hl_raw_portfolio.py::test_portfolio_tuple_item_invalid[value_list0] PASSED [ 60%]
tests/unit/apis/hyperliquid/models/test_hl_raw_portfolio.py::test_portfolio_tuple_item_invalid[value_list1] PASSED [ 60%]
tests/unit/apis/hyperliquid/models/test_hl_raw_portfolio.py::test_portfolio_tuple_item_invalid[value_list2] PASSED [ 60%]
tests/unit/apis/hyperliquid/models/test_hl_raw_portfolio.py::test_portfolio_tuple_item_invalid[value_list3] PASSED [ 60%]
tests/unit/apis/hyperliquid/models/test_hl_raw_portfolio.py::test_portfolio_tuple_item_invalid[value_list4] PASSED [ 60%]
tests/unit/apis/hyperliquid/models/test_hl_raw_portfolio.py::test_portfolio_tuple_item_invalid[value_list5] PASSED [ 60%]
tests/unit/apis/hyperliquid/models/test_hl_raw_portfolio.py::test_portfolio_response_valid PASSED [ 60%]
tests/unit/apis/hyperliquid/models/test_hl_raw_portfolio.py::test_portfolio_response_invalid[not-a-list] PASSED [ 60%]
tests/unit/apis/hyperliquid/models/test_hl_raw_portfolio.py::test_portfolio_response_invalid[invalid_root_data1] PASSED [ 60%]
tests/unit/apis/hyperliquid/models/test_hl_raw_portfolio.py::test_portfolio_response_invalid[invalid_root_data2] PASSED [ 60%]
tests/unit/apis/hyperliquid/models/test_hl_raw_portfolio.py::test_portfolio_response_invalid[invalid_root_data3] PASSED [ 60%]
tests/unit/apis/hyperliquid/models/test_hl_raw_portfolio.py::test_portfolio_response_empty_list_valid PASSED [ 60%]
tests/unit/apis/hyperliquid/models/test_hl_raw_referral.py::test_referred_by_valid PASSED [ 60%]
tests/unit/apis/hyperliquid/models/test_hl_raw_referral.py::test_referred_by_invalid[referrer-invalid] PASSED [ 60%]
tests/unit/apis/hyperliquid/models/test_hl_raw_referral.py::test_referred_by_invalid[code-None] PASSED [ 60%]
tests/unit/apis/hyperliquid/models/test_hl_raw_referral.py::test_referred_by_invalid[referrer-0x123] PASSED [ 60%]
tests/unit/apis/hyperliquid/models/test_hl_raw_referral.py::test_referral_state_item_valid PASSED [ 60%]
tests/unit/apis/hyperliquid/models/test_hl_raw_referral.py::test_referral_state_item_invalid[cumVlm-nan] PASSED [ 60%]
tests/unit/apis/hyperliquid/models/test_hl_raw_referral.py::test_referral_state_item_invalid[timeJoined-abc] PASSED [ 60%]
tests/unit/apis/hyperliquid/models/test_hl_raw_referral.py::test_referral_state_item_invalid[user-short] PASSED [ 60%]
tests/unit/apis/hyperliquid/models/test_hl_raw_referral.py::test_referral_state_item_invalid[cumRewardedFeesSinceReferred-None] PASSED [ 60%]
tests/unit/apis/hyperliquid/models/test_hl_raw_referral.py::test_referrer_data_valid PASSED [ 61%]
tests/unit/apis/hyperliquid/models/test_hl_raw_referral.py::test_referrer_data_invalid[code-None] PASSED [ 61%]
tests/unit/apis/hyperliquid/models/test_hl_raw_referral.py::test_referrer_data_invalid[referralStates-not-a-list] PASSED [ 61%]
tests/unit/apis/hyperliquid/models/test_hl_raw_referral.py::test_referrer_data_invalid[referralStates-value2] PASSED [ 61%]
tests/unit/apis/hyperliquid/models/test_hl_raw_referral.py::test_referrer_state_valid PASSED [ 61%]
tests/unit/apis/hyperliquid/models/test_hl_raw_referral.py::test_referrer_state_invalid[stage-None] PASSED [ 61%]
tests/unit/apis/hyperliquid/models/test_hl_raw_referral.py::test_referrer_state_invalid[data-not-a-dict] PASSED [ 61%]
tests/unit/apis/hyperliquid/models/test_hl_raw_referral.py::test_referrer_state_invalid[data-value2] PASSED [ 61%]
tests/unit/apis/hyperliquid/models/test_hl_raw_referral.py::test_referral_response_valid PASSED [ 61%]
tests/unit/apis/hyperliquid/models/test_hl_raw_referral.py::test_referral_response_invalid[referredBy-None-True] PASSED [ 61%]
tests/unit/apis/hyperliquid/models/test_hl_raw_referral.py::test_referral_response_invalid[cumVlm-inf-False] PASSED [ 61%]
tests/unit/apis/hyperliquid/models/test_hl_raw_referral.py::test_referral_response_invalid[unclaimedRewards-None-True] PASSED [ 61%]
tests/unit/apis/hyperliquid/models/test_hl_raw_referral.py::test_referral_response_invalid[rewardHistory-not-list-False] PASSED [ 61%]
tests/unit/apis/hyperliquid/models/test_hl_raw_referral.py::test_referral_response_invalid[referrerState-value4-False] PASSED [ 61%]
tests/unit/apis/hyperliquid/models/test_hl_raw_referral.py::test_all_referral_models_extra_fields[HyperliquidRawReferredBy-valid_referred_by_data] PASSED [ 61%]
tests/unit/apis/hyperliquid/models/test_hl_raw_referral.py::test_all_referral_models_extra_fields[HyperliquidRawReferralState-valid_referral_state_item_data] PASSED [ 61%]
tests/unit/apis/hyperliquid/models/test_hl_raw_referral.py::test_all_referral_models_extra_fields[HyperliquidRawReferrerData-valid_referrer_data_data] PASSED [ 61%]
tests/unit/apis/hyperliquid/models/test_hl_raw_referral.py::test_all_referral_models_extra_fields[HyperliquidRawReferrerState-valid_referrer_state_data] PASSED [ 61%]
tests/unit/apis/hyperliquid/models/test_hl_raw_referral.py::test_all_referral_models_extra_fields[HyperliquidRawReferralResponse-valid_referral_response_data] PASSED [ 61%]
tests/unit/apis/hyperliquid/models/test_hl_raw_staking.py::test_delegation_item_valid PASSED [ 61%]
tests/unit/apis/hyperliquid/models/test_hl_raw_staking.py::test_delegation_item_invalid[validator-short] PASSED [ 61%]
tests/unit/apis/hyperliquid/models/test_hl_raw_staking.py::test_delegation_item_invalid[amount-nan] PASSED [ 61%]
tests/unit/apis/hyperliquid/models/test_hl_raw_staking.py::test_delegation_item_invalid[lockedUntilTimestamp--1] PASSED [ 61%]
tests/unit/apis/hyperliquid/models/test_hl_raw_staking.py::test_delegations_response_valid PASSED [ 61%]
tests/unit/apis/hyperliquid/models/test_hl_raw_staking.py::test_delegations_response_invalid[not-list] PASSED [ 61%]
tests/unit/apis/hyperliquid/models/test_hl_raw_staking.py::test_delegations_response_invalid[data1] PASSED [ 61%]
tests/unit/apis/hyperliquid/models/test_hl_raw_staking.py::test_delegator_summary_valid PASSED [ 61%]
tests/unit/apis/hyperliquid/models/test_hl_raw_staking.py::test_delegator_summary_invalid[delegated-nan] PASSED [ 61%]
tests/unit/apis/hyperliquid/models/test_hl_raw_staking.py::test_delegator_summary_invalid[nPendingWithdrawals-abc] PASSED [ 61%]
tests/unit/apis/hyperliquid/models/test_hl_raw_staking.py::test_delegator_summary_invalid[undelegated-None] PASSED [ 61%]
tests/unit/apis/hyperliquid/models/test_hl_raw_staking.py::test_hist_delegate_delta_valid PASSED [ 61%]
tests/unit/apis/hyperliquid/models/test_hl_raw_staking.py::TestHyperliquidRawDelegatorHistoryDelta::test_hist_delta_valid PASSED [ 61%]
tests/unit/apis/hyperliquid/models/test_hl_raw_staking.py::TestHyperliquidRawDelegatorHistoryItem::test_hist_item_valid PASSED [ 61%]
tests/unit/apis/hyperliquid/models/test_hl_raw_staking.py::TestHyperliquidRawDelegatorHistoryItem::test_hist_item_invalid[time-not-a-timestamp] PASSED [ 61%]
tests/unit/apis/hyperliquid/models/test_hl_raw_staking.py::TestHyperliquidRawDelegatorHistoryItem::test_hist_item_invalid[time--1] PASSED [ 61%]
tests/unit/apis/hyperliquid/models/test_hl_raw_staking.py::TestHyperliquidRawDelegatorHistoryItem::test_hist_item_invalid[hash-None] PASSED [ 62%]
tests/unit/apis/hyperliquid/models/test_hl_raw_staking.py::TestHyperliquidRawDelegatorHistoryItem::test_hist_item_invalid[hash-short] PASSED [ 62%]
tests/unit/apis/hyperliquid/models/test_hl_raw_staking.py::TestHyperliquidRawDelegatorHistoryItem::test_hist_item_invalid[hash-0x111111111111111111111111111111111111111111111111111111111111111] PASSED [ 62%]
tests/unit/apis/hyperliquid/models/test_hl_raw_staking.py::TestHyperliquidRawDelegatorHistoryItem::test_hist_item_invalid[hash-111111111111111111111111111111111111111111111111111111111111111111] PASSED [ 62%]
tests/unit/apis/hyperliquid/models/test_hl_raw_staking.py::TestHyperliquidRawDelegatorHistoryItem::test_hist_item_invalid[delta-None] PASSED [ 62%]
tests/unit/apis/hyperliquid/models/test_hl_raw_staking.py::TestHyperliquidRawDelegatorHistoryItem::test_hist_item_invalid[delta-not-a-dict] PASSED [ 62%]
tests/unit/apis/hyperliquid/models/test_hl_raw_staking.py::test_history_response_valid PASSED [ 62%]
tests/unit/apis/hyperliquid/models/test_hl_raw_staking.py::test_reward_item_valid PASSED [ 62%]
tests/unit/apis/hyperliquid/models/test_hl_raw_staking.py::test_rewards_response_valid PASSED [ 62%]
tests/unit/apis/hyperliquid/models/test_hl_raw_staking.py::test_staking_models_extra_fields[HyperliquidRawDelegationItem-valid_delegation_item_data] PASSED [ 62%]
tests/unit/apis/hyperliquid/models/test_hl_raw_staking.py::test_staking_models_extra_fields[HyperliquidRawDelegatorSummaryResponse-valid_delegator_summary_data] PASSED [ 62%]
tests/unit/apis/hyperliquid/models/test_hl_raw_staking.py::test_staking_models_extra_fields[HyperliquidRawDelegatorHistoryDelegateDelta-valid_history_delegate_delta_data] PASSED [ 62%]
tests/unit/apis/hyperliquid/models/test_hl_raw_staking.py::test_staking_models_extra_fields[HyperliquidRawDelegatorHistoryDelta-valid_history_delta_data] PASSED [ 62%]
tests/unit/apis/hyperliquid/models/test_hl_raw_staking.py::test_staking_models_extra_fields[HyperliquidRawDelegatorHistoryItem-valid_history_item_data] PASSED [ 62%]
tests/unit/apis/hyperliquid/models/test_hl_raw_staking.py::test_staking_models_extra_fields[HyperliquidRawDelegatorRewardItem-valid_reward_item_data] PASSED [ 62%]
tests/unit/apis/hyperliquid/models/test_hl_raw_subaccounts.py::test_subaccounts_valid PASSED [ 62%]
tests/unit/apis/hyperliquid/models/test_hl_raw_subaccounts.py::test_subaccounts_invalid_root_list[not-a-list] PASSED [ 62%]
tests/unit/apis/hyperliquid/models/test_hl_raw_subaccounts.py::test_subaccounts_invalid_root_list[invalid_list_data1] PASSED [ 62%]
tests/unit/apis/hyperliquid/models/test_hl_raw_subaccounts.py::test_subaccounts_invalid_root_list[invalid_list_data2] PASSED [ 62%]
tests/unit/apis/hyperliquid/models/test_hl_raw_subaccounts.py::test_subaccounts_invalid_root_list[invalid_list_data3] PASSED [ 62%]
tests/unit/apis/hyperliquid/models/test_hl_raw_subaccounts.py::test_subaccounts_invalid_root_list[invalid_list_data4] PASSED [ 62%]
tests/unit/apis/hyperliquid/models/test_hl_raw_subaccounts.py::test_subaccounts_invalid_root_list[invalid_list_data5] PASSED [ 62%]
tests/unit/apis/hyperliquid/models/test_hl_raw_subaccounts.py::test_subaccounts_invalid_root_list[invalid_list_data6] PASSED [ 62%]
tests/unit/apis/hyperliquid/models/test_hl_raw_subaccounts.py::test_subaccounts_invalid_root_list[invalid_list_data7] PASSED [ 62%]
tests/unit/apis/hyperliquid/models/test_hl_raw_subaccounts.py::test_subaccounts_empty_list_valid PASSED [ 62%]
tests/unit/apis/hyperliquid/models/test_hl_raw_user_fills.py::test_user_fill_happy_path PASSED [ 62%]
tests/unit/apis/hyperliquid/models/test_hl_raw_user_fills.py::test_user_fill_missing_required PASSED [ 62%]
tests/unit/apis/hyperliquid/models/test_hl_raw_user_fills.py::test_user_fill_optional_fields PASSED [ 62%]
tests/unit/apis/hyperliquid/models/test_hl_raw_user_fills.py::test_user_fill_type_errors PASSED [ 62%]
tests/unit/apis/hyperliquid/models/test_hl_raw_user_fills.py::test_user_fill_format_errors PASSED [ 62%]
tests/unit/apis/hyperliquid/models/test_hl_raw_user_fills.py::test_user_fill_extra_field PASSED [ 62%]
tests/unit/apis/hyperliquid/models/test_hl_raw_user_fills.py::test_user_fill_adversarial_strings PASSED [ 62%]
tests/unit/apis/hyperliquid/models/test_hl_raw_user_fills.py::test_user_fill_coin_edge_cases PASSED [ 62%]
tests/unit/apis/hyperliquid/models/test_hl_raw_user_fills.py::test_user_fill_numeric_string_edge_cases PASSED [ 62%]
tests/unit/apis/hyperliquid/models/test_hl_raw_user_fills.py::test_user_fill_side_enum_edge_cases PASSED [ 62%]
tests/unit/apis/hyperliquid/models/test_hl_raw_user_fills.py::test_user_fill_cloid_and_hash_edge_cases PASSED [ 63%]
tests/unit/apis/hyperliquid/models/test_hl_raw_user_fills.py::test_user_fill_liquidation_mark_px_edge_cases PASSED [ 63%]
tests/unit/apis/hyperliquid/models/test_hl_raw_user_fills.py::test_user_fills_response_array_edge_cases PASSED [ 63%]
tests/unit/apis/hyperliquid/models/test_hl_raw_user_fills.py::test_user_fills_request_payload_user_edge_cases PASSED [ 63%]
tests/unit/apis/hyperliquid/models/test_hl_raw_user_fills.py::test_user_fill_extra_fields PASSED [ 63%]
tests/unit/apis/hyperliquid/models/test_hl_raw_user_fills.py::test_user_fills_response_happy_path PASSED [ 63%]
tests/unit/apis/hyperliquid/models/test_hl_raw_user_fills.py::test_user_fills_response_type_errors PASSED [ 63%]
tests/unit/apis/hyperliquid/models/test_hl_raw_user_fills.py::test_user_fills_response_extra_field PASSED [ 63%]
tests/unit/apis/hyperliquid/models/test_hl_raw_user_fills.py::test_user_fills_request_payload_happy_path PASSED [ 63%]
tests/unit/apis/hyperliquid/models/test_hl_raw_user_fills.py::test_user_fills_request_payload_type_errors PASSED [ 63%]
tests/unit/apis/hyperliquid/models/test_hl_raw_user_fills.py::test_user_fills_request_payload_format_errors PASSED [ 63%]
tests/unit/apis/hyperliquid/models/test_hl_raw_user_fills.py::test_user_fills_request_payload_extra_field PASSED [ 63%]
tests/unit/apis/hyperliquid/models/test_hl_raw_user_fills.py::test_user_fill_extra_field_forbidden PASSED [ 63%]
tests/unit/apis/hyperliquid/models/test_hl_raw_user_fills.py::test_user_fill_frozen PASSED [ 63%]
tests/unit/apis/hyperliquid/models/test_hl_raw_user_fills.py::test_hl_raw_user_fill_valid PASSED [ 63%]
tests/unit/apis/hyperliquid/models/test_hl_raw_user_fills.py::test_hl_raw_user_fill_optional_present PASSED [ 63%]
tests/unit/apis/hyperliquid/models/test_hl_raw_user_fills.py::test_hl_raw_user_fill_invalid_types[coin-123] PASSED [ 63%]
tests/unit/apis/hyperliquid/models/test_hl_raw_user_fills.py::test_hl_raw_user_fill_invalid_types[px-2000.5] PASSED [ 63%]
tests/unit/apis/hyperliquid/models/test_hl_raw_user_fills.py::test_hl_raw_user_fill_invalid_types[sz-0.1] PASSED [ 63%]
tests/unit/apis/hyperliquid/models/test_hl_raw_user_fills.py::test_hl_raw_user_fill_invalid_types[side-invalid_value3] PASSED [ 63%]
tests/unit/apis/hyperliquid/models/test_hl_raw_user_fills.py::test_hl_raw_user_fill_invalid_types[startPosition-1.0] PASSED [ 63%]
tests/unit/apis/hyperliquid/models/test_hl_raw_user_fills.py::test_hl_raw_user_fill_invalid_types[dir-True] PASSED [ 63%]
tests/unit/apis/hyperliquid/models/test_hl_raw_user_fills.py::test_hl_raw_user_fill_invalid_types[hash-None] PASSED [ 63%]
tests/unit/apis/hyperliquid/models/test_hl_raw_user_fills.py::test_hl_raw_user_fill_invalid_types[fee-0.002] PASSED [ 63%]
tests/unit/apis/hyperliquid/models/test_hl_raw_user_fills.py::test_hl_raw_user_fill_invalid_types[isMaker-false] PASSED [ 63%]
tests/unit/apis/hyperliquid/models/test_hl_raw_user_fills.py::test_hl_raw_user_fill_invalid_types[liquidationMarkPx-1950.0] PASSED [ 63%]
tests/unit/apis/hyperliquid/models/test_hl_raw_user_fills.py::test_hl_raw_user_fill_invalid_types[cloid-12345] PASSED [ 63%]
tests/unit/apis/hyperliquid/models/test_hl_raw_user_fills.py::test_hl_raw_user_fill_invalid_formats[tid--1-expected_keywords0] PASSED [ 63%]
tests/unit/apis/hyperliquid/models/test_hl_raw_user_fills.py::test_hl_raw_user_fill_invalid_formats[coin--expected_keywords1] PASSED [ 63%]
tests/unit/apis/hyperliquid/models/test_hl_raw_user_fills.py::test_hl_raw_user_fill_invalid_formats[coin-XXXXXXXXXXXXXXXXXXXXXXXXXXXXXXXXXXXXXXXXXXXXXXXXXXXXXXXXXXXXXXXXX-expected_keywords2] PASSED [ 63%]
tests/unit/apis/hyperliquid/models/test_hl_raw_user_fills.py::test_hl_raw_user_fill_invalid_formats[px--expected_keywords3] PASSED [ 63%]
tests/unit/apis/hyperliquid/models/test_hl_raw_user_fills.py::test_hl_raw_user_fill_invalid_formats[px-inf-expected_keywords4] PASSED [ 63%]
tests/unit/apis/hyperliquid/models/test_hl_raw_user_fills.py::test_hl_raw_user_fill_invalid_formats[sz-NaN-expected_keywords5] PASSED [ 63%]
tests/unit/apis/hyperliquid/models/test_hl_raw_user_fills.py::test_hl_raw_user_fill_invalid_formats[time--1000-expected_keywords6] PASSED [ 63%]
tests/unit/apis/hyperliquid/models/test_hl_raw_user_fills.py::test_hl_raw_user_fill_invalid_formats[side-BUY-expected_keywords7] PASSED [ 63%]
tests/unit/apis/hyperliquid/models/test_hl_raw_user_fills.py::test_hl_raw_user_fill_invalid_formats[oid--1-expected_keywords8] PASSED [ 64%]
tests/unit/apis/hyperliquid/models/test_hl_raw_user_fills.py::test_hl_raw_user_fill_invalid_formats[startPosition--expected_keywords9] PASSED [ 64%]
tests/unit/apis/hyperliquid/models/test_hl_raw_user_fills.py::test_hl_raw_user_fill_invalid_formats[dir--expected_keywords10] PASSED [ 64%]
tests/unit/apis/hyperliquid/models/test_hl_raw_user_fills.py::test_hl_raw_user_fill_invalid_formats[hash--expected_keywords11] PASSED [ 64%]
tests/unit/apis/hyperliquid/models/test_hl_raw_user_fills.py::test_hl_raw_user_fill_invalid_formats[hash-XXXXXXXXXXXXXXXXXXXXXXXXXXXXXXXXXXXXXXXXXXXXXXXXXXXXXXXXXXXXXXXXXXX-expected_keywords12] PASSED [ 64%]
tests/unit/apis/hyperliquid/models/test_hl_raw_user_fills.py::test_hl_raw_user_fill_invalid_formats[liquidationMarkPx--expected_keywords13] PASSED [ 64%]
tests/unit/apis/hyperliquid/models/test_hl_raw_user_fills.py::test_hl_raw_user_fill_invalid_formats[liquidationMarkPx-inf-expected_keywords14] PASSED [ 64%]
tests/unit/apis/hyperliquid/models/test_hl_raw_user_fills.py::test_hl_raw_user_fill_invalid_formats[cloid--expected_keywords15] PASSED [ 64%]
tests/unit/apis/hyperliquid/models/test_hl_raw_user_fills.py::test_hl_raw_user_fill_invalid_formats[cloid-YYYYYYYYYYYYYYYYYYYYYYYYYYYYYYYYYYYYYYYYYYYYYYYYYYYYYYYYYYYYYYYYYYYYYYYYYYYYYYYYYYYYYYYYYYYYYYYYYYYYYYYYYYYYYYYYYYYYYYYYYYYYYYYYY-expected_keywords16] PASSED [ 64%]
tests/unit/apis/hyperliquid/models/test_hl_raw_user_fills.py::test_hl_raw_user_fill_missing_required[tid] PASSED [ 64%]
tests/unit/apis/hyperliquid/models/test_hl_raw_user_fills.py::test_hl_raw_user_fill_missing_required[coin] PASSED [ 64%]
tests/unit/apis/hyperliquid/models/test_hl_raw_user_fills.py::test_hl_raw_user_fill_missing_required[px] PASSED [ 64%]
tests/unit/apis/hyperliquid/models/test_hl_raw_user_fills.py::test_hl_raw_user_fill_missing_required[sz] PASSED [ 64%]
tests/unit/apis/hyperliquid/models/test_hl_raw_user_fills.py::test_hl_raw_user_fill_missing_required[time] PASSED [ 64%]
tests/unit/apis/hyperliquid/models/test_hl_raw_user_fills.py::test_hl_raw_user_fill_missing_required[side] PASSED [ 64%]
tests/unit/apis/hyperliquid/models/test_hl_raw_user_fills.py::test_hl_raw_user_fill_missing_required[oid] PASSED [ 64%]
tests/unit/apis/hyperliquid/models/test_hl_raw_user_fills.py::test_hl_raw_user_fill_missing_required[startPosition] PASSED [ 64%]
tests/unit/apis/hyperliquid/models/test_hl_raw_user_fills.py::test_hl_raw_user_fill_missing_required[dir] PASSED [ 64%]
tests/unit/apis/hyperliquid/models/test_hl_raw_user_fills.py::test_hl_raw_user_fill_missing_required[hash] PASSED [ 64%]
tests/unit/apis/hyperliquid/models/test_hl_raw_user_fills.py::test_hl_raw_user_fill_missing_required[fee] PASSED [ 64%]
tests/unit/apis/hyperliquid/models/test_hl_raw_user_fills.py::test_hl_raw_user_fill_missing_required[isMaker] PASSED [ 64%]
tests/unit/apis/hyperliquid/models/test_hl_raw_user_fills.py::test_hl_raw_user_fill_extra_field PASSED [ 64%]
tests/unit/apis/hyperliquid/models/test_hl_raw_user_fills.py::TestHyperliquidRawUserFill::test_invalid_fill_bad_side PASSED [ 64%]
tests/unit/apis/hyperliquid/models/test_hl_raw_user_role.py::test_role_data_valid[valid_role_data_params0] PASSED [ 64%]
tests/unit/apis/hyperliquid/models/test_hl_raw_user_role.py::test_role_data_valid[valid_role_data_params1] PASSED [ 64%]
tests/unit/apis/hyperliquid/models/test_hl_raw_user_role.py::test_role_data_valid[valid_role_data_params2] PASSED [ 64%]
tests/unit/apis/hyperliquid/models/test_hl_raw_user_role.py::test_role_data_valid[valid_role_data_params3] PASSED [ 64%]
tests/unit/apis/hyperliquid/models/test_hl_raw_user_role.py::test_role_data_invalid_address[user-not-an-address] PASSED [ 64%]
tests/unit/apis/hyperliquid/models/test_hl_raw_user_role.py::test_role_data_invalid_address[user-0xshort] PASSED [ 64%]
tests/unit/apis/hyperliquid/models/test_hl_raw_user_role.py::test_role_data_invalid_address[master-123] PASSED [ 64%]
tests/unit/apis/hyperliquid/models/test_hl_raw_user_role.py::test_role_data_allows_extra_fields PASSED [ 64%]
tests/unit/apis/hyperliquid/models/test_hl_raw_user_role.py::test_user_role_response_valid[valid_user_role_data0] PASSED [ 64%]
tests/unit/apis/hyperliquid/models/test_hl_raw_user_role.py::test_user_role_response_valid[valid_user_role_data1] PASSED [ 64%]
tests/unit/apis/hyperliquid/models/test_hl_raw_user_role.py::test_user_role_response_valid[valid_user_role_data2] PASSED [ 64%]
tests/unit/apis/hyperliquid/models/test_hl_raw_user_role.py::test_user_role_response_valid[valid_user_role_data3] PASSED [ 64%]
tests/unit/apis/hyperliquid/models/test_hl_raw_user_role.py::test_user_role_response_valid[valid_user_role_data4] PASSED [ 65%]
tests/unit/apis/hyperliquid/models/test_hl_raw_user_role.py::test_user_role_response_invalid[valid_user_role_data0-role-None-True] PASSED [ 65%]
tests/unit/apis/hyperliquid/models/test_hl_raw_user_role.py::test_user_role_response_invalid[valid_user_role_data0-role-unknownRole-False] PASSED [ 65%]
tests/unit/apis/hyperliquid/models/test_hl_raw_user_role.py::test_user_role_response_invalid[valid_user_role_data0-data-value2-False] PASSED [ 65%]
tests/unit/apis/hyperliquid/models/test_hl_raw_user_role.py::test_user_role_response_invalid[valid_user_role_data0-data-not-a-dict-False] PASSED [ 65%]
tests/unit/apis/hyperliquid/models/test_hl_raw_user_role.py::test_user_role_response_invalid[valid_user_role_data1-role-None-True] PASSED [ 65%]
tests/unit/apis/hyperliquid/models/test_hl_raw_user_role.py::test_user_role_response_invalid[valid_user_role_data1-role-unknownRole-False] PASSED [ 65%]
tests/unit/apis/hyperliquid/models/test_hl_raw_user_role.py::test_user_role_response_invalid[valid_user_role_data1-data-value2-False] PASSED [ 65%]
tests/unit/apis/hyperliquid/models/test_hl_raw_user_role.py::test_user_role_response_invalid[valid_user_role_data1-data-not-a-dict-False] PASSED [ 65%]
tests/unit/apis/hyperliquid/models/test_hl_raw_user_role.py::test_user_role_response_invalid[valid_user_role_data2-role-None-True] PASSED [ 65%]
tests/unit/apis/hyperliquid/models/test_hl_raw_user_role.py::test_user_role_response_invalid[valid_user_role_data2-role-unknownRole-False] PASSED [ 65%]
tests/unit/apis/hyperliquid/models/test_hl_raw_user_role.py::test_user_role_response_invalid[valid_user_role_data2-data-value2-False] PASSED [ 65%]
tests/unit/apis/hyperliquid/models/test_hl_raw_user_role.py::test_user_role_response_invalid[valid_user_role_data2-data-not-a-dict-False] PASSED [ 65%]
tests/unit/apis/hyperliquid/models/test_hl_raw_user_role.py::test_user_role_response_invalid[valid_user_role_data3-role-None-True] PASSED [ 65%]
tests/unit/apis/hyperliquid/models/test_hl_raw_user_role.py::test_user_role_response_invalid[valid_user_role_data3-role-unknownRole-False] PASSED [ 65%]
tests/unit/apis/hyperliquid/models/test_hl_raw_user_role.py::test_user_role_response_invalid[valid_user_role_data3-data-value2-False] PASSED [ 65%]
tests/unit/apis/hyperliquid/models/test_hl_raw_user_role.py::test_user_role_response_invalid[valid_user_role_data3-data-not-a-dict-False] PASSED [ 65%]
tests/unit/apis/hyperliquid/models/test_hl_raw_user_role.py::test_user_role_response_invalid[valid_user_role_data4-role-None-True] PASSED [ 65%]
tests/unit/apis/hyperliquid/models/test_hl_raw_user_role.py::test_user_role_response_invalid[valid_user_role_data4-role-unknownRole-False] PASSED [ 65%]
tests/unit/apis/hyperliquid/models/test_hl_raw_user_role.py::test_user_role_response_invalid[valid_user_role_data4-data-value2-False] PASSED [ 65%]
tests/unit/apis/hyperliquid/models/test_hl_raw_user_role.py::test_user_role_response_invalid[valid_user_role_data4-data-not-a-dict-False] PASSED [ 65%]
tests/unit/apis/hyperliquid/models/test_hl_raw_user_role.py::test_user_role_response_extra_field PASSED [ 65%]
tests/unit/apis/hyperliquid/models/test_hl_raw_user_role.py::test_user_role_data_none_valid PASSED [ 65%]
tests/unit/apis/hyperliquid/models/test_hl_raw_user_state.py::test_leverage_happy_path PASSED [ 65%]
tests/unit/apis/hyperliquid/models/test_hl_raw_user_state.py::test_leverage_type_enum PASSED [ 65%]
tests/unit/apis/hyperliquid/models/test_hl_raw_user_state.py::test_leverage_type_invalid_enum PASSED [ 65%]
tests/unit/apis/hyperliquid/models/test_hl_raw_user_state.py::test_leverage_type_wrong_type PASSED [ 65%]
tests/unit/apis/hyperliquid/models/test_hl_raw_user_state.py::test_leverage_value_negative PASSED [ 65%]
tests/unit/apis/hyperliquid/models/test_hl_raw_user_state.py::test_leverage_value_wrong_type PASSED [ 65%]
tests/unit/apis/hyperliquid/models/test_hl_raw_user_state.py::test_leverage_missing_fields PASSED [ 65%]
tests/unit/apis/hyperliquid/models/test_hl_raw_user_state.py::test_leverage_extra_field PASSED [ 65%]
tests/unit/apis/hyperliquid/models/test_hl_raw_user_state.py::test_leverage_type_utf8_and_length PASSED [ 65%]
tests/unit/apis/hyperliquid/models/test_hl_raw_user_state.py::test_leverage_type_adversarial PASSED [ 65%]
tests/unit/apis/hyperliquid/models/test_hl_raw_user_state.py::test_leverage_type_mixed_scripts_and_emoji PASSED [ 65%]
tests/unit/apis/hyperliquid/models/test_hl_raw_user_state.py::test_leverage_value_boundaries PASSED [ 65%]
tests/unit/apis/hyperliquid/models/test_hl_raw_user_state.py::test_position_info_happy_path PASSED [ 66%]
tests/unit/apis/hyperliquid/models/test_hl_raw_user_state.py::test_position_info_optional_fields PASSED [ 66%]
tests/unit/apis/hyperliquid/models/test_hl_raw_user_state.py::test_position_info_missing_required PASSED [ 66%]
tests/unit/apis/hyperliquid/models/test_hl_raw_user_state.py::test_position_info_type_errors PASSED [ 66%]
tests/unit/apis/hyperliquid/models/test_hl_raw_user_state.py::test_position_info_decimal_format_errors PASSED [ 66%]
tests/unit/apis/hyperliquid/models/test_hl_raw_user_state.py::test_position_info_extra_field PASSED [ 66%]
tests/unit/apis/hyperliquid/models/test_hl_raw_user_state.py::test_position_info_nested_leverage_error PASSED [ 66%]
tests/unit/apis/hyperliquid/models/test_hl_raw_user_state.py::test_position_info_adversarial_strings PASSED [ 66%]
tests/unit/apis/hyperliquid/models/test_hl_raw_user_state.py::test_position_info_coin_edge_cases PASSED [ 66%]
tests/unit/apis/hyperliquid/models/test_hl_raw_user_state.py::test_position_info_decimal_leading_trailing_zeros PASSED [ 66%]
tests/unit/apis/hyperliquid/models/test_hl_raw_user_state.py::test_position_info_optional_fields_empty_or_whitespace PASSED [ 66%]
tests/unit/apis/hyperliquid/models/test_hl_raw_user_state.py::test_asset_position_happy_path PASSED [ 66%]
tests/unit/apis/hyperliquid/models/test_hl_raw_user_state.py::test_asset_position_missing_required PASSED [ 66%]
tests/unit/apis/hyperliquid/models/test_hl_raw_user_state.py::test_asset_position_type_errors PASSED [ 66%]
tests/unit/apis/hyperliquid/models/test_hl_raw_user_state.py::test_asset_position_extra_field PASSED [ 66%]
tests/unit/apis/hyperliquid/models/test_hl_raw_user_state.py::test_asset_position_adversarial PASSED [ 66%]
tests/unit/apis/hyperliquid/models/test_hl_raw_user_state.py::test_asset_position_asset_symbols_and_punctuation PASSED [ 66%]
tests/unit/apis/hyperliquid/models/test_hl_raw_user_state.py::test_margin_summary_happy_path PASSED [ 66%]
tests/unit/apis/hyperliquid/models/test_hl_raw_user_state.py::test_margin_summary_missing_required PASSED [ 66%]
tests/unit/apis/hyperliquid/models/test_hl_raw_user_state.py::test_margin_summary_type_and_format_errors PASSED [ 66%]
tests/unit/apis/hyperliquid/models/test_hl_raw_user_state.py::test_margin_summary_extra_field PASSED [ 66%]
tests/unit/apis/hyperliquid/models/test_hl_raw_user_state.py::test_margin_summary_adversarial PASSED [ 66%]
tests/unit/apis/hyperliquid/models/test_hl_raw_user_state.py::test_margin_summary_extreme_values PASSED [ 66%]
tests/unit/apis/hyperliquid/models/test_hl_raw_user_state.py::test_clearinghouse_state_happy_path PASSED [ 66%]
tests/unit/apis/hyperliquid/models/test_hl_raw_user_state.py::test_clearinghouse_state_missing_required PASSED [ 66%]
tests/unit/apis/hyperliquid/models/test_hl_raw_user_state.py::test_clearinghouse_state_type_errors PASSED [ 66%]
tests/unit/apis/hyperliquid/models/test_hl_raw_user_state.py::test_clearinghouse_state_decimal_format_errors PASSED [ 66%]
tests/unit/apis/hyperliquid/models/test_hl_raw_user_state.py::test_clearinghouse_state_extra_field PASSED [ 66%]
tests/unit/apis/hyperliquid/models/test_hl_raw_user_state.py::test_clearinghouse_state_nested_model_error PASSED [ 66%]
tests/unit/apis/hyperliquid/models/test_hl_raw_user_state.py::test_clearinghouse_state_adversarial PASSED [ 66%]
tests/unit/apis/hyperliquid/models/test_hl_raw_user_state.py::test_clearinghouse_state_empty_and_excessive_lists PASSED [ 66%]
tests/unit/apis/hyperliquid/models/test_hl_raw_user_state.py::test_position_info_all_optional_missing_and_all_edge_cases PASSED [ 66%]
tests/unit/apis/hyperliquid/models/test_hl_raw_user_vault_equity.py::test_user_vault_equity_item_valid PASSED [ 66%]
tests/unit/apis/hyperliquid/models/test_hl_raw_user_vault_equity.py::test_user_vault_equity_item_invalid_fields[vaultAddress-None-True] PASSED [ 66%]
tests/unit/apis/hyperliquid/models/test_hl_raw_user_vault_equity.py::test_user_vault_equity_item_invalid_fields[vaultAddress-not-an-address-False] PASSED [ 66%]
tests/unit/apis/hyperliquid/models/test_hl_raw_user_vault_equity.py::test_user_vault_equity_item_invalid_fields[vaultAddress-0xshort-False] PASSED [ 67%]
tests/unit/apis/hyperliquid/models/test_hl_raw_user_vault_equity.py::test_user_vault_equity_item_invalid_fields[equity-None-True] PASSED [ 67%]
tests/unit/apis/hyperliquid/models/test_hl_raw_user_vault_equity.py::test_user_vault_equity_item_invalid_fields[equity-not-a-decimal-False] PASSED [ 67%]
tests/unit/apis/hyperliquid/models/test_hl_raw_user_vault_equity.py::test_user_vault_equity_item_invalid_fields[equity-Infinity-False] PASSED [ 67%]
tests/unit/apis/hyperliquid/models/test_hl_raw_user_vault_equity.py::test_user_vault_equity_item_extra_field PASSED [ 67%]
tests/unit/apis/hyperliquid/models/test_hl_raw_user_vault_equity.py::test_user_vault_equities_list_valid PASSED [ 67%]
tests/unit/apis/hyperliquid/models/test_hl_raw_user_vault_equity.py::test_user_vault_equities_list_with_invalid_item PASSED [ 67%]
tests/unit/apis/hyperliquid/models/test_hl_raw_user_vault_equity.py::test_user_vault_equities_response_not_a_list PASSED [ 67%]
tests/unit/apis/hyperliquid/models/test_hl_raw_vault_details.py::test_perf_history_item_valid PASSED [ 67%]
tests/unit/apis/hyperliquid/models/test_hl_raw_vault_details.py::test_perf_history_item_invalid_fields[time--1] PASSED [ 67%]
tests/unit/apis/hyperliquid/models/test_hl_raw_vault_details.py::test_perf_history_item_invalid_fields[time-not-an-int] PASSED [ 67%]
tests/unit/apis/hyperliquid/models/test_hl_raw_vault_details.py::test_perf_history_item_invalid_fields[pnl-not-a-decimal] PASSED [ 67%]
tests/unit/apis/hyperliquid/models/test_hl_raw_vault_details.py::test_perf_history_item_invalid_fields[pnl-Infinity] PASSED [ 67%]
tests/unit/apis/hyperliquid/models/test_hl_raw_vault_details.py::test_perf_history_item_invalid_fields[pnl-None] PASSED [ 67%]
tests/unit/apis/hyperliquid/models/test_hl_raw_vault_details.py::test_perf_history_item_extra_field PASSED [ 67%]
tests/unit/apis/hyperliquid/models/test_hl_raw_vault_details.py::test_user_equity_valid PASSED [ 67%]
tests/unit/apis/hyperliquid/models/test_hl_raw_vault_details.py::test_user_equity_invalid_fields[user-not-an-address] PASSED [ 67%]
tests/unit/apis/hyperliquid/models/test_hl_raw_vault_details.py::test_user_equity_invalid_fields[user-0x123] PASSED [ 67%]
tests/unit/apis/hyperliquid/models/test_hl_raw_vault_details.py::test_user_equity_invalid_fields[equity-invalid] PASSED [ 67%]
tests/unit/apis/hyperliquid/models/test_hl_raw_vault_details.py::test_user_equity_invalid_fields[allTimePnl-NaN] PASSED [ 67%]
tests/unit/apis/hyperliquid/models/test_hl_raw_vault_details.py::test_user_equity_invalid_fields[daysFollowing--1] PASSED [ 67%]
tests/unit/apis/hyperliquid/models/test_hl_raw_vault_details.py::test_user_equity_invalid_fields[vaultEntryTime-abc] PASSED [ 67%]
tests/unit/apis/hyperliquid/models/test_hl_raw_vault_details.py::test_user_equity_invalid_fields[lockupUntil-None] PASSED [ 67%]
tests/unit/apis/hyperliquid/models/test_hl_raw_vault_details.py::test_user_equity_extra_field PASSED [ 67%]
tests/unit/apis/hyperliquid/models/test_hl_raw_vault_details.py::test_relationship_data_valid PASSED [ 67%]
tests/unit/apis/hyperliquid/models/test_hl_raw_vault_details.py::test_relationship_data_invalid[childAddresses-value0] PASSED [ 67%]
tests/unit/apis/hyperliquid/models/test_hl_raw_vault_details.py::test_relationship_data_invalid[childAddresses-not-a-list] PASSED [ 67%]
tests/unit/apis/hyperliquid/models/test_hl_raw_vault_details.py::test_relationship_data_invalid[master-not-an-address-format] PASSED [ 67%]
tests/unit/apis/hyperliquid/models/test_hl_raw_vault_details.py::test_relationship_valid PASSED [ 67%]
tests/unit/apis/hyperliquid/models/test_hl_raw_vault_details.py::test_relationship_invalid[type-None] PASSED [ 67%]
tests/unit/apis/hyperliquid/models/test_hl_raw_vault_details.py::test_relationship_invalid[data-None] PASSED [ 67%]
tests/unit/apis/hyperliquid/models/test_hl_raw_vault_details.py::test_relationship_invalid[data-value2] PASSED [ 67%]
tests/unit/apis/hyperliquid/models/test_hl_raw_vault_details.py::test_relationship_extra_field PASSED [ 67%]
tests/unit/apis/hyperliquid/models/test_hl_raw_vault_details.py::test_vault_details_valid PASSED [ 67%]
tests/unit/apis/hyperliquid/models/test_hl_raw_vault_details.py::test_vault_details_invalid[name-None-True] PASSED [ 67%]
tests/unit/apis/hyperliquid/models/test_hl_raw_vault_details.py::test_vault_details_invalid[allowDeposits-not-a-bool-False] PASSED [ 68%]
tests/unit/apis/hyperliquid/models/test_hl_raw_vault_details.py::test_vault_details_invalid[creator-short-False] PASSED [ 68%]
tests/unit/apis/hyperliquid/models/test_hl_raw_vault_details.py::test_vault_details_invalid[vaultAddress-None-True] PASSED [ 68%]
tests/unit/apis/hyperliquid/models/test_hl_raw_vault_details.py::test_vault_details_invalid[maxBalance-Infinity-False] PASSED [ 68%]
tests/unit/apis/hyperliquid/models/test_hl_raw_vault_details.py::test_vault_details_invalid[currBalance-NaN-False] PASSED [ 68%]
tests/unit/apis/hyperliquid/models/test_hl_raw_vault_details.py::test_vault_details_invalid[totalPnl-None-True] PASSED [ 68%]
tests/unit/apis/hyperliquid/models/test_hl_raw_vault_details.py::test_vault_details_invalid[performanceHistory-value7-False] PASSED [ 68%]
tests/unit/apis/hyperliquid/models/test_hl_raw_vault_details.py::test_vault_details_invalid[userEquities-not-a-list-False] PASSED [ 68%]
tests/unit/apis/hyperliquid/models/test_hl_raw_vault_details.py::test_vault_details_invalid[maxDistributable-value9-False] PASSED [ 68%]
tests/unit/apis/hyperliquid/models/test_hl_raw_vault_details.py::test_vault_details_invalid[maxWithdrawable-None-True] PASSED [ 68%]
tests/unit/apis/hyperliquid/models/test_hl_raw_vault_details.py::test_vault_details_invalid[isClosed-123-False] PASSED [ 68%]
tests/unit/apis/hyperliquid/models/test_hl_raw_vault_details.py::test_vault_details_invalid[relationship-None-True] PASSED [ 68%]
tests/unit/apis/hyperliquid/models/test_hl_raw_vault_details.py::test_vault_details_extra_field PASSED [ 68%]
tests/unit/apis/hyperliquid/models/test_hl_raw_ws_events.py::test_ws_fill_event_happy_path PASSED [ 68%]
tests/unit/apis/hyperliquid/models/test_hl_raw_ws_events.py::test_ws_fill_event_missing_required PASSED [ 68%]
tests/unit/apis/hyperliquid/models/test_hl_raw_ws_events.py::test_ws_fill_event_type_errors PASSED [ 68%]
tests/unit/apis/hyperliquid/models/test_hl_raw_ws_events.py::test_ws_fill_event_constraint_errors PASSED [ 68%]
tests/unit/apis/hyperliquid/models/test_hl_raw_ws_events.py::test_ws_fill_event_optional_cloid PASSED [ 68%]
tests/unit/apis/hyperliquid/models/test_hl_raw_ws_events.py::test_ws_fill_event_extra_field PASSED [ 68%]
tests/unit/apis/hyperliquid/models/test_hl_raw_ws_events.py::test_ws_fill_event_adversarial_strings PASSED [ 68%]
tests/unit/apis/hyperliquid/models/test_hl_raw_ws_events.py::test_ws_book_update_happy_path PASSED [ 68%]
tests/unit/apis/hyperliquid/models/test_hl_raw_ws_events.py::test_ws_book_update_invalid_levels PASSED [ 68%]
tests/unit/apis/hyperliquid/models/test_hl_raw_ws_events.py::test_ws_book_update_type_errors PASSED [ 68%]
tests/unit/apis/hyperliquid/models/test_hl_raw_ws_events.py::test_ws_book_update_extra_field PASSED [ 68%]
tests/unit/apis/hyperliquid/models/test_hl_raw_ws_events.py::test_ws_book_update_only_bids_or_asks PASSED [ 68%]
tests/unit/apis/hyperliquid/models/test_hl_raw_ws_events.py::test_ws_book_update_empty_lists PASSED [ 68%]
tests/unit/apis/hyperliquid/models/test_hl_raw_ws_events.py::test_ws_trade_event_happy_path PASSED [ 68%]
tests/unit/apis/hyperliquid/models/test_hl_raw_ws_events.py::test_ws_trade_event_missing_required PASSED [ 68%]
tests/unit/apis/hyperliquid/models/test_hl_raw_ws_events.py::test_ws_trade_event_type_errors PASSED [ 68%]
tests/unit/apis/hyperliquid/models/test_hl_raw_ws_events.py::test_ws_trade_event_constraint_errors PASSED [ 68%]
tests/unit/apis/hyperliquid/models/test_hl_raw_ws_events.py::test_ws_trade_event_extra_field PASSED [ 68%]
tests/unit/apis/hyperliquid/models/test_hl_raw_ws_events.py::test_ws_trade_event_side_lowercase_invalid PASSED [ 68%]
tests/unit/apis/hyperliquid/models/test_hl_raw_ws_events.py::test_ws_order_update_happy_path PASSED [ 68%]
tests/unit/apis/hyperliquid/models/test_hl_raw_ws_events.py::test_ws_order_update_missing_required PASSED [ 68%]
tests/unit/apis/hyperliquid/models/test_hl_raw_ws_events.py::test_ws_order_update_type_errors PASSED [ 68%]
tests/unit/apis/hyperliquid/models/test_hl_raw_ws_events.py::test_ws_order_update_empty_data PASSED [ 69%]
tests/unit/apis/hyperliquid/models/test_hl_raw_ws_events.py::test_ws_order_update_extra_field PASSED [ 69%]
tests/unit/apis/hyperliquid/models/test_hl_raw_ws_events.py::test_ws_order_update_unknown_event_type PASSED [ 69%]
tests/unit/apis/hyperliquid/models/test_hl_raw_ws_events.py::test_ws_position_update_event_happy_path PASSED [ 69%]
tests/unit/apis/hyperliquid/models/test_hl_raw_ws_events.py::test_ws_position_update_event_missing_required PASSED [ 69%]
tests/unit/apis/hyperliquid/models/test_hl_raw_ws_events.py::test_ws_position_update_event_type_errors PASSED [ 69%]
tests/unit/apis/hyperliquid/models/test_hl_raw_ws_events.py::test_ws_position_update_event_extra_field PASSED [ 69%]
tests/unit/apis/hyperliquid/models/test_hl_raw_ws_events.py::test_ws_position_update_missing_optional_fields PASSED [ 69%]
tests/unit/apis/hyperliquid/models/test_hl_raw_ws_events.py::test_ws_position_update_all_zero_negative_large PASSED [ 69%]
tests/unit/apis/hyperliquid/models/test_hl_raw_ws_events.py::test_ws_fill_event_cloid_empty_string PASSED [ 69%]
tests/unit/apis/hyperliquid/models/test_hl_raw_ws_events.py::test_ws_fill_event_cloid_omitted PASSED [ 69%]
tests/unit/apis/hyperliquid/models/test_hl_raw_ws_events.py::test_ws_fill_event_cloid_very_long PASSED [ 69%]
tests/unit/apis/hyperliquid/models/test_hl_raw_ws_events.py::test_ws_fill_event_hash_unicode_control PASSED [ 69%]
tests/unit/apis/hyperliquid/models/test_hl_raw_ws_events.py::test_ws_event_fields_set_to_none PASSED [ 69%]
tests/unit/apis/hyperliquid/models/test_hl_raw_ws_events.py::test_ws_event_extra_fields_everywhere PASSED [ 69%]
tests/unit/apis/hyperliquid/models/test_hl_ws_payloads.py::TestHyperliquidWsPayloads::test_l2book_subscription_payload PASSED [ 69%]
tests/unit/apis/hyperliquid/models/test_hl_ws_payloads.py::TestHyperliquidWsPayloads::test_trades_subscription_payload PASSED [ 69%]
tests/unit/apis/hyperliquid/models/test_hl_ws_payloads.py::TestHyperliquidWsPayloads::test_user_events_subscription_payload PASSED [ 69%]
tests/unit/apis/hyperliquid/models/test_hl_ws_payloads.py::TestHyperliquidWsPayloads::test_candle_subscription_payload PASSED [ 69%]
tests/unit/apis/hyperliquid/models/test_hl_ws_payloads.py::TestHyperliquidWsPayloads::test_all_mids_subscription_payload PASSED [ 69%]
tests/unit/apis/hyperliquid/models/test_hl_ws_payloads.py::TestHyperliquidWsPayloads::test_subscribe_request_with_l2book PASSED [ 69%]
tests/unit/apis/hyperliquid/models/test_hl_ws_payloads.py::TestHyperliquidWsPayloads::test_subscribe_request_with_user_events PASSED [ 69%]
tests/unit/apis/hyperliquid/models/test_hl_ws_payloads.py::TestHyperliquidWsPayloads::test_unsubscribe_request PASSED [ 69%]
tests/unit/apis/hyperliquid/models/test_hl_ws_payloads.py::TestHyperliquidWsPayloads::test_invalid_method PASSED [ 69%]
tests/unit/apis/hyperliquid/models/test_hl_ws_payloads.py::TestHyperliquidWsPayloads::test_invalid_subscription_type PASSED [ 69%]
tests/unit/apis/hyperliquid/models/test_hl_ws_payloads.py::TestHyperliquidWsPayloads::test_missing_required_fields PASSED [ 69%]
tests/unit/apis/hyperliquid/models/test_hl_ws_payloads.py::TestHyperliquidWsPayloads::test_extra_fields_forbidden PASSED [ 69%]
tests/unit/apis/hyperliquid/models/test_hl_ws_payloads.py::TestHyperliquidWsPayloads::test_model_immutability PASSED [ 69%]
tests/unit/apis/hyperliquid/services/test_hl_account_service_balances_positions.py::TestHyperliquidAccountServiceBalancesPositions::test_get_balances_success PASSED [ 69%]
tests/unit/apis/hyperliquid/services/test_hl_account_service_balances_positions.py::TestHyperliquidAccountServiceBalancesPositions::test_get_balances_no_wallet_address PASSED [ 69%]
tests/unit/apis/hyperliquid/services/test_hl_account_service_balances_positions.py::TestHyperliquidAccountServiceBalancesPositions::test_get_balances_api_error_from_state PASSED [ 69%]
tests/unit/apis/hyperliquid/services/test_hl_account_service_balances_positions.py::TestHyperliquidAccountServiceBalancesPositions::test_get_balances_http_client_returns_none_in_state_fetch PASSED [ 69%]
tests/unit/apis/hyperliquid/services/test_hl_account_service_balances_positions.py::TestHyperliquidAccountServiceBalancesPositions::test_get_positions_success PASSED [ 69%]
tests/unit/apis/hyperliquid/services/test_hl_account_service_balances_positions.py::TestHyperliquidAccountServiceBalancesPositions::test_get_positions_symbol_filter PASSED [ 69%]
tests/unit/apis/hyperliquid/services/test_hl_account_service_balances_positions.py::TestHyperliquidAccountServiceBalancesPositions::test_get_positions_error_from_state PASSED [ 69%]
tests/unit/apis/hyperliquid/services/test_hl_account_service_balances_positions.py::TestHyperliquidAccountServiceBalancesPositions::test_get_account_summary_success PASSED [ 70%]
tests/unit/apis/hyperliquid/services/test_hl_account_service_balances_positions.py::TestHyperliquidAccountServiceBalancesPositions::test_get_account_summary_validation_error PASSED [ 70%]
tests/unit/apis/hyperliquid/services/test_hl_account_service_balances_positions.py::TestHyperliquidAccountServiceBalancesPositions::test_get_account_summary_error_from_state PASSED [ 70%]
tests/unit/apis/hyperliquid/services/test_hl_account_service_order_trade_history.py::TestHyperliquidAccountServiceOrderTradeHistory::test_get_order_history_success PASSED [ 70%]
tests/unit/apis/hyperliquid/services/test_hl_account_service_order_trade_history.py::TestHyperliquidAccountServiceOrderTradeHistory::test_get_order_history_symbol_filter PASSED [ 70%]
tests/unit/apis/hyperliquid/services/test_hl_account_service_order_trade_history.py::TestHyperliquidAccountServiceOrderTradeHistory::test_get_order_history_error_conditions PASSED [ 70%]
tests/unit/apis/hyperliquid/services/test_hl_account_service_order_trade_history.py::TestHyperliquidAccountServiceOrderTradeHistory::test_get_order_history_http_client_returns_none PASSED [ 70%]
tests/unit/apis/hyperliquid/services/test_hl_account_service_order_trade_history.py::TestHyperliquidAccountServiceOrderTradeHistory::test_get_trade_history_success PASSED [ 70%]
tests/unit/apis/hyperliquid/services/test_hl_account_service_order_trade_history.py::TestHyperliquidAccountServiceOrderTradeHistory::test_get_trade_history_symbol_filter PASSED [ 70%]
tests/unit/apis/hyperliquid/services/test_hl_account_service_order_trade_history.py::TestHyperliquidAccountServiceOrderTradeHistory::test_get_trade_history_error_conditions PASSED [ 70%]
tests/unit/apis/hyperliquid/services/test_hl_account_service_order_trade_history.py::TestHyperliquidAccountServiceOrderTradeHistory::test_get_trade_history_http_client_returns_none PASSED [ 70%]
tests/unit/apis/hyperliquid/services/test_hl_account_service_order_trade_history.py::TestHyperliquidAccountServiceOrderTradeHistory::test_get_open_orders_http_client_returns_none PASSED [ 70%]
tests/unit/apis/hyperliquid/services/test_hl_account_service_order_trade_history.py::TestHyperliquidAccountServiceOrderTradeHistory::test_get_order_history_comprehensive_filtering_and_edge_cases PASSED [ 70%]
tests/unit/apis/hyperliquid/services/test_hl_account_service_order_trade_history.py::TestHyperliquidAccountServiceOrderTradeHistory::test_get_trade_history_comprehensive_edge_cases PASSED [ 70%]
tests/unit/apis/hyperliquid/services/test_hl_market_data_service.py::TestHyperliquidMarketDataService::test_get_all_asset_contexts_success PASSED [ 70%]
tests/unit/apis/hyperliquid/services/test_hl_market_data_service.py::TestHyperliquidMarketDataService::test_get_ticker_success PASSED [ 70%]
tests/unit/apis/hyperliquid/services/test_hl_market_data_service.py::TestHyperliquidMarketDataService::test_get_ticker_not_found PASSED [ 70%]
tests/unit/apis/hyperliquid/services/test_hl_market_data_service.py::TestHyperliquidMarketDataService::test_get_funding_rate_success PASSED [ 70%]
tests/unit/apis/hyperliquid/services/test_hl_market_data_service.py::TestHyperliquidMarketDataService::test_get_order_book_success PASSED [ 70%]
tests/unit/apis/hyperliquid/services/test_hl_market_data_service.py::TestHyperliquidMarketDataService::test_get_order_book_http_client_returns_none PASSED [ 70%]
tests/unit/apis/hyperliquid/services/test_hl_market_data_service.py::TestHyperliquidMarketDataService::test_get_recent_trades_success PASSED [ 70%]
tests/unit/apis/hyperliquid/services/test_hl_market_data_service.py::TestHyperliquidMarketDataService::test_get_recent_trades_http_client_returns_none PASSED [ 70%]
tests/unit/apis/hyperliquid/services/test_hl_market_data_service.py::TestHyperliquidMarketDataService::test_get_market_data_success PASSED [ 70%]
tests/unit/apis/hyperliquid/services/test_hl_market_data_service.py::TestHyperliquidMarketDataService::test_get_market_data_http_client_returns_none PASSED [ 70%]
tests/unit/apis/hyperliquid/services/test_hl_market_data_service.py::TestHyperliquidMarketDataService::test_get_all_asset_contexts_raw_success PASSED [ 70%]
tests/unit/apis/hyperliquid/services/test_hl_market_data_service.py::TestHyperliquidMarketDataService::test_get_all_asset_contexts_raw_http_client_returns_none PASSED [ 70%]
tests/unit/apis/hyperliquid/services/test_hl_market_data_service.py::TestHyperliquidMarketDataService::test_get_historical_funding_rates_success PASSED [ 70%]
tests/unit/apis/hyperliquid/services/test_hl_market_data_service.py::TestHyperliquidMarketDataService::test_get_historical_funding_rates_http_client_returns_none PASSED [ 70%]
tests/unit/apis/hyperliquid/services/test_hl_market_data_service.py::TestHyperliquidMarketDataService::test_get_historical_funding_rates_response_validation_error PASSED [ 70%]
tests/unit/apis/hyperliquid/services/test_hl_market_data_service.py::TestHyperliquidMarketDataService::test_get_historical_funding_rates_mapper_error PASSED [ 70%]
tests/unit/apis/hyperliquid/services/test_hl_market_data_service.py::TestHyperliquidMarketDataService::test_get_historical_funding_rates_api_error_from_handler PASSED [ 70%]
tests/unit/apis/hyperliquid/services/test_hl_market_data_service.py::TestHyperliquidMarketDataService::test_get_ticker_response_handler_validation_error PASSED [ 70%]
tests/unit/apis/hyperliquid/services/test_hl_market_data_service.py::TestHyperliquidMarketDataService::test_get_order_book_response_handler_raises_api_error PASSED [ 70%]
tests/unit/apis/hyperliquid/services/test_hl_market_data_service.py::TestHyperliquidMarketDataService::test_get_recent_trades_empty_successful_response PASSED [ 70%]
tests/unit/apis/hyperliquid/services/test_hl_market_data_service.py::TestHyperliquidMarketDataService::test_get_ticker_rate_limited_error_propagation PASSED [ 70%]
tests/unit/apis/hyperliquid/services/test_hl_market_data_service.py::TestHyperliquidMarketDataService::test_get_order_book_server_error_propagation PASSED [ 70%]
tests/unit/apis/hyperliquid/services/test_hl_market_data_service.py::TestHyperliquidMarketDataService::test_get_market_data_timeout_error_propagation PASSED [ 71%]
tests/unit/apis/hyperliquid/services/test_hl_market_data_service.py::TestHyperliquidMarketDataService::test_get_ticker_mapper_unexpected_exception PASSED [ 71%]
tests/unit/apis/hyperliquid/services/test_hl_market_data_service.py::TestHyperliquidMarketDataService::test_get_recent_trades_mapper_type_error PASSED [ 71%]
tests/unit/apis/hyperliquid/services/test_hl_market_data_service.py::TestHyperliquidMarketDataService::test_get_order_book_request_builder_failure PASSED [ 71%]
tests/unit/apis/hyperliquid/services/test_hl_market_data_service.py::TestHyperliquidMarketDataService::test_get_market_data_request_builder_key_error PASSED [ 71%]
tests/unit/apis/hyperliquid/services/test_hl_market_data_service.py::TestHyperliquidMarketDataService::test_get_historical_funding_rates_http_client_raises_connection_error PASSED [ 71%]
tests/unit/apis/hyperliquid/services/test_hl_market_data_service.py::TestHyperliquidMarketDataService::test_get_ticker_http_client_returns_malformed_status_and_headers PASSED [ 71%]
tests/unit/apis/hyperliquid/services/test_hl_market_data_service.py::TestHyperliquidMarketDataService::test_get_ticker_with_none_symbol_input PASSED [ 71%]
tests/unit/apis/hyperliquid/services/test_hl_market_data_service.py::TestHyperliquidMarketDataService::test_get_ticker_with_empty_string_symbol PASSED [ 71%]
tests/unit/apis/hyperliquid/services/test_hl_market_data_service.py::TestHyperliquidMarketDataService::test_get_market_data_with_invalid_time_range PASSED [ 71%]
tests/unit/apis/hyperliquid/services/test_hl_market_data_service.py::TestHyperliquidMarketDataService::test_get_funding_rate_full_error_chain_validation PASSED [ 71%]
tests/unit/apis/hyperliquid/services/test_hl_market_data_service.py::TestHyperliquidMarketDataService::test_get_historical_funding_rates_comprehensive_error_scenarios PASSED [ 71%]
tests/unit/apis/hyperliquid/services/test_hl_market_data_service.py::TestHyperliquidMarketDataServiceGetMarkets::test_get_markets_success PASSED [ 71%]
tests/unit/apis/hyperliquid/services/test_hl_market_data_service.py::TestHyperliquidMarketDataServiceGetMarkets::test_get_markets_api_error_propagation PASSED [ 71%]
tests/unit/apis/hyperliquid/services/test_hl_market_data_service.py::TestHyperliquidMarketDataServiceGetMarkets::test_get_markets_transformation_error PASSED [ 71%]
tests/unit/apis/hyperliquid/services/test_hl_market_data_service.py::TestHyperliquidMarketDataServiceGetMarkets::test_get_markets_empty_response PASSED [ 71%]
tests/unit/apis/hyperliquid/services/test_hl_market_data_service.py::TestHyperliquidMarketDataServiceGetMarket::test_get_market_success PASSED [ 71%]
tests/unit/apis/hyperliquid/services/test_hl_market_data_service.py::TestHyperliquidMarketDataServiceGetMarket::test_get_market_symbol_not_found PASSED [ 71%]
tests/unit/apis/hyperliquid/services/test_hl_market_data_service.py::TestHyperliquidMarketDataServiceGetMarket::test_get_market_get_markets_api_error PASSED [ 71%]
tests/unit/apis/hyperliquid/services/test_hl_market_data_service.py::TestHyperliquidMarketDataServiceGetMarket::test_get_market_case_sensitive_matching PASSED [ 71%]
tests/unit/apis/hyperliquid/services/test_hl_market_data_service.py::TestHyperliquidMarketDataServiceGetMarket::test_get_market_empty_markets_list PASSED [ 71%]
tests/unit/apis/hyperliquid/services/test_hl_market_data_service_candles.py::TestHyperliquidMarketDataServiceCandles::test_get_market_data_success PASSED [ 71%]
tests/unit/apis/hyperliquid/services/test_hl_market_data_service_candles.py::TestHyperliquidMarketDataServiceCandles::test_get_market_data_http_client_returns_none PASSED [ 71%]
tests/unit/apis/hyperliquid/services/test_hl_market_data_service_candles.py::TestHyperliquidMarketDataServiceCandles::test_get_market_data_timeout_error_propagation PASSED [ 71%]
tests/unit/apis/hyperliquid/services/test_hl_market_data_service_candles.py::TestHyperliquidMarketDataServiceCandles::test_get_market_data_request_builder_key_error PASSED [ 71%]
tests/unit/apis/hyperliquid/services/test_hl_market_data_service_candles.py::TestHyperliquidMarketDataServiceCandles::test_get_market_data_with_invalid_time_range PASSED [ 71%]
tests/unit/apis/hyperliquid/services/test_hl_market_data_service_candles.py::TestHyperliquidMarketDataServiceCandles::test_get_market_data_response_handler_validation_error PASSED [ 71%]
tests/unit/apis/hyperliquid/services/test_hl_market_data_service_candles.py::TestHyperliquidMarketDataServiceCandles::test_get_market_data_mapper_error PASSED [ 71%]
tests/unit/apis/hyperliquid/services/test_hl_market_data_service_candles.py::TestHyperliquidMarketDataServiceCandles::test_get_market_data_empty_successful_response PASSED [ 71%]
tests/unit/apis/hyperliquid/services/test_hl_market_data_service_candles.py::TestHyperliquidMarketDataServiceCandles::test_get_market_data_server_error_propagation PASSED [ 71%]
tests/unit/apis/hyperliquid/services/test_hl_market_data_service_candles.py::TestHyperliquidMarketDataServiceCandles::test_get_market_data_with_various_intervals PASSED [ 71%]
tests/unit/apis/hyperliquid/services/test_hl_market_data_service_funding_rates.py::TestHyperliquidMarketDataServiceFundingRatesIntegration::test_get_funding_rate_success PASSED [ 71%]
tests/unit/apis/hyperliquid/services/test_hl_market_data_service_funding_rates.py::TestHyperliquidMarketDataServiceFundingRatesIntegration::test_get_funding_rate_not_found PASSED [ 71%]
tests/unit/apis/hyperliquid/services/test_hl_market_data_service_funding_rates.py::TestHyperliquidMarketDataServiceFundingRatesIntegration::test_get_historical_funding_rates_success PASSED [ 71%]
tests/unit/apis/hyperliquid/services/test_hl_market_data_service_funding_rates.py::TestHyperliquidMarketDataServiceFundingRatesIntegration::test_get_historical_funding_rates_http_client_returns_none PASSED [ 71%]
tests/unit/apis/hyperliquid/services/test_hl_market_data_service_funding_rates.py::TestHyperliquidMarketDataServiceFundingRatesIntegration::test_get_historical_funding_rates_response_validation_error PASSED [ 72%]
tests/unit/apis/hyperliquid/services/test_hl_market_data_service_funding_rates.py::TestHyperliquidMarketDataServiceFundingRatesIntegration::test_get_historical_funding_rates_mapper_error PASSED [ 72%]
tests/unit/apis/hyperliquid/services/test_hl_market_data_service_funding_rates.py::TestHyperliquidMarketDataServiceFundingRatesIntegration::test_get_historical_funding_rates_api_error_from_handler PASSED [ 72%]
tests/unit/apis/hyperliquid/services/test_hl_market_data_service_funding_rates.py::TestHyperliquidMarketDataServiceFundingRatesIntegration::test_get_funding_rate_full_error_chain_validation PASSED [ 72%]
tests/unit/apis/hyperliquid/services/test_hl_market_data_service_funding_rates.py::TestHyperliquidMarketDataServiceFundingRatesIntegration::test_get_historical_funding_rates_comprehensive_error_scenarios PASSED [ 72%]
tests/unit/apis/hyperliquid/services/test_hl_market_data_service_funding_rates.py::TestHyperliquidMarketDataServiceFundingRatesIntegration::test_get_historical_funding_rates_http_client_connection_error PASSED [ 72%]
tests/unit/apis/hyperliquid/services/test_hl_market_data_service_funding_rates.py::TestHyperliquidMarketDataServiceFundingRatesIntegration::test_get_funding_rate_mapper_unexpected_exception PASSED [ 72%]
tests/unit/apis/hyperliquid/services/test_hl_market_data_service_public_data.py::TestHyperliquidMarketDataServicePublicData::test_get_ticker_empty_symbol_validation PASSED [ 72%]
tests/unit/apis/hyperliquid/services/test_hl_market_data_service_public_data.py::TestHyperliquidMarketDataServicePublicData::test_get_ticker_none_symbol_validation PASSED [ 72%]
tests/unit/apis/hyperliquid/services/test_hl_market_data_service_public_data.py::TestHyperliquidMarketDataServicePublicData::test_get_ticker_whitespace_symbol_validation PASSED [ 72%]
tests/unit/apis/hyperliquid/services/test_hl_market_data_service_public_data.py::TestHyperliquidMarketDataServicePublicData::test_get_order_book_empty_symbol_validation PASSED [ 72%]
tests/unit/apis/hyperliquid/services/test_hl_market_data_service_public_data.py::TestHyperliquidMarketDataServicePublicData::test_get_order_book_none_symbol_validation PASSED [ 72%]
tests/unit/apis/hyperliquid/services/test_hl_market_data_service_public_data.py::TestHyperliquidMarketDataServicePublicData::test_get_recent_trades_empty_symbol_validation PASSED [ 72%]
tests/unit/apis/hyperliquid/services/test_hl_market_data_service_public_data.py::TestHyperliquidMarketDataServicePublicData::test_get_recent_trades_none_symbol_validation PASSED [ 72%]
tests/unit/apis/hyperliquid/services/test_hl_market_data_service_public_data.py::TestHyperliquidMarketDataServicePublicData::test_get_all_asset_contexts_success PASSED [ 72%]
tests/unit/apis/hyperliquid/services/test_hl_market_data_service_public_data.py::TestHyperliquidMarketDataServicePublicData::test_get_all_asset_contexts_raw_http_client_returns_none PASSED [ 72%]
tests/unit/apis/hyperliquid/services/test_hl_market_data_service_public_data.py::TestHyperliquidMarketDataServicePublicData::test_get_ticker_success PASSED [ 72%]
tests/unit/apis/hyperliquid/services/test_hl_market_data_service_public_data.py::TestHyperliquidMarketDataServicePublicData::test_get_ticker_not_found PASSED [ 72%]
tests/unit/apis/hyperliquid/services/test_hl_market_data_service_public_data.py::TestHyperliquidMarketDataServicePublicData::test_get_ticker_response_handler_validation_error PASSED [ 72%]
tests/unit/apis/hyperliquid/services/test_hl_market_data_service_public_data.py::TestHyperliquidMarketDataServicePublicData::test_get_order_book_success PASSED [ 72%]
tests/unit/apis/hyperliquid/services/test_hl_market_data_service_public_data.py::TestHyperliquidMarketDataServicePublicData::test_get_order_book_http_client_returns_none PASSED [ 72%]
tests/unit/apis/hyperliquid/services/test_hl_market_data_service_public_data.py::TestHyperliquidMarketDataServicePublicData::test_get_recent_trades_success PASSED [ 72%]
tests/unit/apis/hyperliquid/services/test_hl_market_data_service_public_data.py::TestHyperliquidMarketDataServicePublicData::test_get_recent_trades_http_client_returns_none PASSED [ 72%]
tests/unit/apis/hyperliquid/services/test_hl_market_data_service_public_data.py::TestHyperliquidMarketDataServicePublicData::test_get_recent_trades_empty_successful_response PASSED [ 72%]
tests/unit/apis/hyperliquid/services/test_hl_market_data_service_public_data.py::TestHyperliquidMarketDataServicePublicData::test_get_ticker_with_none_symbol_input PASSED [ 72%]
tests/unit/apis/hyperliquid/services/test_hl_market_data_service_public_data.py::TestHyperliquidMarketDataServicePublicData::test_get_ticker_with_empty_string_symbol PASSED [ 72%]
tests/unit/apis/hyperliquid/services/test_hl_market_data_service_public_data.py::TestHyperliquidMarketDataServicePublicData::test_get_order_book_response_handler_raises_api_error PASSED [ 72%]
tests/unit/apis/hyperliquid/services/test_hl_market_data_service_public_data.py::TestHyperliquidMarketDataServicePublicData::test_get_ticker_rate_limited_error_propagation PASSED [ 72%]
tests/unit/apis/hyperliquid/services/test_hl_trading_service_management.py::TestHyperliquidTradingServiceManagement::test_cancel_all_orders_get_open_orders_returns_none PASSED [ 72%]
tests/unit/apis/hyperliquid/services/test_hl_trading_service_management.py::TestHyperliquidTradingServiceManagement::test_cancel_all_orders_success_with_symbol_filter PASSED [ 72%]
tests/unit/apis/hyperliquid/services/test_hl_trading_service_management.py::TestHyperliquidTradingServiceManagement::test_cancel_all_orders_success_no_symbol_filter PASSED [ 72%]
tests/unit/apis/hyperliquid/services/test_hl_trading_service_management.py::TestHyperliquidTradingServiceManagement::test_cancel_all_orders_no_open_orders PASSED [ 72%]
tests/unit/apis/hyperliquid/services/test_hl_trading_service_orders.py::TestHyperliquidTradingServiceOrders::test_place_order_empty_symbol_validation PASSED [ 72%]
tests/unit/apis/hyperliquid/services/test_hl_trading_service_orders.py::TestHyperliquidTradingServiceOrders::test_place_order_invalid_quantity_validation PASSED [ 72%]
tests/unit/apis/hyperliquid/services/test_hl_trading_service_orders.py::TestHyperliquidTradingServiceOrders::test_place_order_invalid_price_validation PASSED [ 72%]
tests/unit/apis/hyperliquid/services/test_hl_trading_service_orders.py::TestHyperliquidTradingServiceOrders::test_place_order_invalid_stop_price_validation PASSED [ 73%]
tests/unit/apis/hyperliquid/services/test_hl_trading_service_orders.py::TestHyperliquidTradingServiceOrders::test_get_order_empty_order_id_validation PASSED [ 73%]
tests/unit/apis/hyperliquid/services/test_hl_trading_service_orders.py::TestHyperliquidTradingServiceOrders::test_get_order_invalid_string_order_id_validation PASSED [ 73%]
tests/unit/apis/hyperliquid/services/test_hl_trading_service_orders.py::TestHyperliquidTradingServiceOrders::test_get_order_empty_symbol_when_provided_validation PASSED [ 73%]
tests/unit/apis/hyperliquid/services/test_hl_trading_service_orders.py::TestHyperliquidTradingServiceOrders::test_get_open_orders_empty_symbol_when_provided_validation PASSED [ 73%]
tests/unit/apis/hyperliquid/services/test_hl_trading_service_orders.py::TestHyperliquidTradingServiceOrders::test_cancel_order_none_symbol_validation PASSED [ 73%]
tests/unit/apis/hyperliquid/services/test_hl_trading_service_orders.py::TestHyperliquidTradingServiceOrders::test_cancel_order_empty_symbol_validation PASSED [ 73%]
tests/unit/apis/hyperliquid/services/test_hl_trading_service_orders.py::TestHyperliquidTradingServiceOrders::test_cancel_order_invalid_string_order_id_validation PASSED [ 73%]
tests/unit/apis/hyperliquid/services/test_hl_trading_service_orders.py::TestHyperliquidTradingServiceOrders::test_cancel_order_zero_order_id_validation PASSED [ 73%]
tests/unit/apis/hyperliquid/services/test_hl_trading_service_orders.py::TestHyperliquidTradingServiceOrders::test_cancel_order_negative_order_id_validation PASSED [ 73%]
tests/unit/apis/hyperliquid/services/test_hl_trading_service_orders.py::TestHyperliquidTradingServiceOrders::test_place_order_http_client_returns_none_in_exchange_action PASSED [ 73%]
tests/unit/apis/hyperliquid/services/test_hl_trading_service_orders.py::TestHyperliquidTradingServiceOrders::test_place_order_success PASSED [ 73%]
tests/unit/apis/hyperliquid/services/test_hl_trading_service_orders.py::TestHyperliquidTradingServiceOrders::test_get_order_http_client_returns_none_in_info_request PASSED [ 73%]
tests/unit/apis/hyperliquid/services/test_hl_trading_service_orders.py::TestHyperliquidTradingServiceOrders::test_get_order_success PASSED [ 73%]
tests/unit/apis/hyperliquid/services/test_hl_trading_service_orders.py::TestHyperliquidTradingServiceOrders::test_get_open_orders_http_client_returns_none_in_info_request PASSED [ 73%]
tests/unit/apis/hyperliquid/services/test_hl_trading_service_orders.py::TestHyperliquidTradingServiceOrders::test_get_open_orders_success PASSED [ 73%]
tests/unit/apis/hyperliquid/services/test_hl_trading_service_orders.py::TestHyperliquidTradingServiceOrders::test_cancel_order_http_client_returns_none_in_exchange_action PASSED [ 73%]
tests/unit/apis/hyperliquid/services/test_hl_trading_service_orders.py::TestHyperliquidTradingServiceOrders::test_cancel_order_success PASSED [ 73%]
tests/unit/apis/hyperliquid/test_environment_fixtures.py::TestEnvironmentAwareFixtures::test_hl_test_environment_default_testnet PASSED [ 73%]
tests/unit/apis/hyperliquid/test_environment_fixtures.py::TestEnvironmentAwareFixtures::test_hl_test_environment_uses_env_var PASSED [ 73%]
tests/unit/apis/hyperliquid/test_environment_fixtures.py::TestEnvironmentAwareFixtures::test_active_hl_config_testnet PASSED [ 73%]
tests/unit/apis/hyperliquid/test_environment_fixtures.py::TestEnvironmentAwareFixtures::test_active_hl_config_has_rate_limiting PASSED [ 73%]
tests/unit/apis/hyperliquid/test_environment_fixtures.py::TestEnvironmentAwareFixtures::test_active_hl_secrets_structure PASSED [ 73%]
tests/unit/apis/hyperliquid/test_environment_fixtures.py::TestEnvironmentAwareFixtures::test_active_hl_secrets_env_var_logic PASSED [ 73%]
tests/unit/apis/hyperliquid/test_environment_fixtures.py::TestEnvironmentAwareFixtures::test_active_hl_secrets_validation PASSED [ 73%]
tests/unit/apis/hyperliquid/test_environment_fixtures.py::TestEnvironmentConfigurationIntegration::test_config_and_secrets_compatibility PASSED [ 73%]
tests/unit/apis/hyperliquid/test_environment_fixtures.py::TestEnvironmentConfigurationIntegration::test_testnet_environment_configuration PASSED [ 73%]
tests/unit/apis/hyperliquid/test_environment_fixtures.py::TestEnvironmentConfigurationIntegration::test_fixture_integration_with_api_instantiation PASSED [ 73%]
tests/unit/apis/hyperliquid/test_environment_fixtures.py::TestEnvironmentConfigurationIntegration::test_environment_aware_url_selection_mainnet PASSED [ 73%]
tests/unit/apis/hyperliquid/test_hl_api.py::TestHyperliquidAPIInitialization::test_api_creation_with_di_fixture PASSED [ 73%]
tests/unit/apis/hyperliquid/test_hl_api.py::TestHyperliquidAPIInitialization::test_api_creation_with_active_config PASSED [ 73%]
tests/unit/apis/hyperliquid/test_hl_api.py::TestHyperliquidAPIInitialization::test_api_has_required_services PASSED [ 73%]
tests/unit/apis/hyperliquid/test_hl_api.py::TestHyperliquidAPIWebSocketOperations::test_subscription_payload_construction_public_behavior PASSED [ 73%]
tests/unit/apis/hyperliquid/test_hl_api.py::TestHyperliquidAPIDependencyIsolation::test_custom_dependency_override PASSED [ 73%]
tests/unit/apis/hyperliquid/test_hl_api.py::TestHyperliquidAPIDependencyIsolation::test_multiple_api_instances_are_isolated PASSED [ 73%]
tests/unit/apis/hyperliquid/test_hl_api.py::TestHyperliquidAPIConfigurationIntegration::test_active_config_environment_awareness PASSED [ 74%]
tests/unit/apis/hyperliquid/test_hl_api.py::TestHyperliquidAPIConfigurationIntegration::test_api_creation_with_active_fixtures PASSED [ 74%]
tests/unit/apis/hyperliquid/test_hl_api.py::TestHyperliquidAPIConfigurationIntegration::test_api_uses_default_active_config PASSED [ 74%]
tests/unit/apis/hyperliquid/test_hl_api.py::TestHyperliquidAPIResourceManagement::test_api_close_cleanup PASSED [ 74%]
tests/unit/apis/hyperliquid/test_hl_api.py::TestHyperliquidAPIResourceManagement::test_context_manager_behavior PASSED [ 74%]
tests/unit/apis/hyperliquid/test_hl_api.py::TestHyperliquidAPIMarketDataMethods::test_get_markets_success PASSED [ 74%]
tests/unit/apis/hyperliquid/test_hl_api.py::TestHyperliquidAPIMarketDataMethods::test_get_markets_empty_list PASSED [ 74%]
tests/unit/apis/hyperliquid/test_hl_api.py::TestHyperliquidAPIMarketDataMethods::test_get_markets_service_error_propagation PASSED [ 74%]
tests/unit/apis/hyperliquid/test_hl_api.py::TestHyperliquidAPIMarketDataMethods::test_get_market_success PASSED [ 74%]
tests/unit/apis/hyperliquid/test_hl_api.py::TestHyperliquidAPIMarketDataMethods::test_get_market_with_different_symbols PASSED [ 74%]
tests/unit/apis/hyperliquid/test_hl_api.py::TestHyperliquidAPIMarketDataMethods::test_get_market_service_error_propagation PASSED [ 74%]
tests/unit/apis/hyperliquid/test_hl_api.py::TestHyperliquidAPIMarketDataMethods::test_get_market_args_validation PASSED [ 74%]
tests/unit/apis/hyperliquid/test_hl_api.py::TestHyperliquidAPIMarketDataMethods::test_get_markets_args_validation PASSED [ 74%]
tests/unit/apis/hyperliquid/test_hl_api_ws.py::TestHyperliquidAPIWebSocketPublicInterface::test_subscribe_public_interface PASSED [ 74%]
tests/unit/apis/hyperliquid/test_hl_api_ws.py::TestHyperliquidAPIWebSocketPublicInterface::test_subscribe_to_order_book_public_method PASSED [ 74%]
tests/unit/apis/hyperliquid/test_hl_api_ws.py::TestHyperliquidAPIWebSocketPublicInterface::test_subscribe_to_trades_public_method PASSED [ 74%]
tests/unit/apis/hyperliquid/test_hl_api_ws.py::TestHyperliquidAPIWebSocketPublicInterface::test_subscribe_to_account_updates_public_method PASSED [ 74%]
tests/unit/apis/hyperliquid/test_hl_api_ws.py::TestHyperliquidAPIWebSocketPublicInterface::test_exchange_name_property PASSED [ 74%]
tests/unit/apis/hyperliquid/test_hl_api_ws.py::TestHyperliquidAPIWebSocketPublicInterface::test_close_method_exists PASSED [ 74%]
tests/unit/apis/hyperliquid/test_hl_api_ws.py::TestHyperliquidAPIWebSocketConfiguration::test_api_initialization_with_active_config PASSED [ 74%]
tests/unit/apis/hyperliquid/test_hl_api_ws.py::TestHyperliquidAPIWebSocketConfiguration::test_api_initialization_uses_active_configuration PASSED [ 74%]
tests/unit/apis/hyperliquid/test_hl_api_ws.py::TestHyperliquidAPIWebSocketErrorHandling::test_subscribe_with_invalid_topic_format PASSED [ 74%]
tests/unit/apis/hyperliquid/test_hl_api_ws.py::TestHyperliquidAPIWebSocketErrorHandling::test_subscribe_with_none_handler PASSED [ 74%]
tests/unit/apis/hyperliquid/test_hl_asset_indexer.py::TestHyperliquidAssetIndexResolver::test_cache_hit PASSED [ 74%]
tests/unit/apis/hyperliquid/test_hl_asset_indexer.py::TestHyperliquidAssetIndexResolver::test_cache_miss_successful_fetch PASSED [ 74%]
tests/unit/apis/hyperliquid/test_hl_asset_indexer.py::TestHyperliquidAssetIndexResolver::test_invalid_symbol_empty_string PASSED [ 74%]
tests/unit/apis/hyperliquid/test_hl_asset_indexer.py::TestHyperliquidAssetIndexResolver::test_api_request_failure PASSED [ 74%]
tests/unit/apis/hyperliquid/test_hl_asset_indexer.py::TestHyperliquidAssetIndexResolver::test_empty_api_response PASSED [ 74%]
tests/unit/apis/hyperliquid/test_hl_asset_indexer.py::TestHyperliquidAssetIndexResolver::test_response_handler_validation_failure PASSED [ 74%]
tests/unit/apis/hyperliquid/test_hl_asset_indexer.py::TestHyperliquidAssetIndexResolver::test_symbol_not_found_in_metadata PASSED [ 74%]
tests/unit/apis/hyperliquid/test_hl_asset_indexer.py::TestHyperliquidAssetIndexResolver::test_cache_behavior_with_new_symbol_fetch PASSED [ 74%]
tests/unit/apis/hyperliquid/test_hl_asset_indexer.py::TestHyperliquidAssetIndexResolver::test_concurrent_requests_cache_consistency PASSED [ 74%]
tests/unit/apis/hyperliquid/test_hl_asset_indexer.py::TestHyperliquidAssetIndexResolver::test_error_handling_preserves_exchange_context PASSED [ 74%]
tests/unit/apis/hyperliquid/test_hl_asset_indexer.py::TestHyperliquidAssetIndexResolver::test_request_builder_integration PASSED [ 74%]
tests/unit/apis/hyperliquid/test_hl_auth.py::test_hl_auth_init_success_with_private_key PASSED [ 74%]
tests/unit/apis/hyperliquid/test_hl_auth.py::test_hl_auth_init_success_with_account_object PASSED [ 75%]
tests/unit/apis/hyperliquid/test_hl_auth.py::test_hl_auth_init_no_key_or_account PASSED [ 75%]
tests/unit/apis/hyperliquid/test_hl_auth.py::test_hl_auth_init_both_key_and_account PASSED [ 75%]
tests/unit/apis/hyperliquid/test_hl_auth.py::test_hl_auth_init_from_key_value_error PASSED [ 75%]
tests/unit/apis/hyperliquid/test_hl_auth.py::test_hl_auth_init_invalid_hex_format PASSED [ 75%]
tests/unit/apis/hyperliquid/test_hl_auth.py::test_hl_auth_init_wrong_length_hex PASSED [ 75%]
tests/unit/apis/hyperliquid/test_hl_auth.py::test_hl_auth_init_invalid_passphrase_word_count PASSED [ 75%]
tests/unit/apis/hyperliquid/test_hl_auth.py::test_hl_auth_init_invalid_bip39_passphrase PASSED [ 75%]
tests/unit/apis/hyperliquid/test_hl_auth.py::test_prepare_request_non_exchange_endpoint_raises_not_implemented PASSED [ 75%]
tests/unit/apis/hyperliquid/test_hl_auth.py::test_prepare_request_data_is_none PASSED [ 75%]
tests/unit/apis/hyperliquid/test_hl_auth.py::test_prepare_request_data_is_not_dict PASSED [ 75%]
tests/unit/apis/hyperliquid/test_hl_auth.py::test_prepare_request_uses_new_authentication_scheme PASSED [ 75%]
tests/unit/apis/hyperliquid/test_hl_auth.py::TestHyperliquidEip712Authenticator::test_instantiation_with_account_object PASSED [ 75%]
tests/unit/apis/hyperliquid/test_hl_auth.py::TestHyperliquidEip712Authenticator::test_instantiation_no_key_or_account_object PASSED [ 75%]
tests/unit/apis/hyperliquid/test_hl_auth.py::TestHyperliquidEip712Authenticator::test_instantiation_both_key_and_account_object PASSED [ 75%]
tests/unit/apis/hyperliquid/test_hl_auth.py::TestHyperliquidEip712Authenticator::test_prepare_request_with_valid_action_payload PASSED [ 75%]
tests/unit/apis/hyperliquid/test_hl_auth.py::TestHyperliquidEip712Authenticator::test_signing_failure_raises_api_error PASSED [ 75%]
tests/unit/apis/hyperliquid/test_hl_auth_sign_l1_action.py::TestHyperliquidSignL1Action::test_exchange_endpoint_uses_sign_l1_action PASSED [ 75%]
tests/unit/apis/hyperliquid/test_hl_auth_sign_l1_action.py::TestHyperliquidSignL1Action::test_non_exchange_endpoint_raises_not_implemented PASSED [ 75%]
tests/unit/apis/hyperliquid/test_hl_auth_sign_l1_action.py::TestHyperliquidSignL1Action::test_address_lowercasing PASSED [ 75%]
tests/unit/apis/hyperliquid/test_hl_auth_sign_l1_action.py::TestHyperliquidSignL1Action::test_order_type_cleaning PASSED [ 75%]
tests/unit/apis/hyperliquid/test_hl_auth_sign_l1_action.py::TestHyperliquidSignL1Action::test_action_hash_calculation PASSED [ 75%]
tests/unit/apis/hyperliquid/test_hl_auth_sign_l1_action.py::TestHyperliquidSignL1Action::test_eip712_domain_configuration_through_behavior PASSED [ 75%]
tests/unit/apis/hyperliquid/test_hl_auth_sign_l1_action.py::TestHyperliquidSignL1Action::test_empty_action_payload PASSED [ 75%]
tests/unit/apis/hyperliquid/test_hl_auth_sign_l1_action.py::TestHyperliquidSignL1Action::test_nested_address_lowercasing PASSED [ 75%]
tests/unit/apis/hyperliquid/test_hl_auth_sign_l1_action.py::TestHyperliquidSignL1Action::test_vault_address_not_included_when_none PASSED [ 75%]
tests/unit/apis/hyperliquid/test_hl_auth_sign_l1_action.py::TestHyperliquidSignL1Action::test_custom_headers_preserved PASSED [ 75%]
tests/unit/apis/hyperliquid/test_hl_auth_sign_l1_action.py::TestHyperliquidSignL1Action::test_nonce_strictly_increasing PASSED [ 75%]
tests/unit/apis/hyperliquid/test_hl_auth_sign_l1_action.py::TestHyperliquidSignL1Action::test_address_to_bytes_helper PASSED [ 75%]
tests/unit/apis/hyperliquid/test_hl_auth_sign_l1_action.py::TestHyperliquidSignL1Action::test_invalid_data_type_raises_error PASSED [ 75%]
tests/unit/apis/hyperliquid/test_hl_auth_sign_l1_action.py::TestHyperliquidSignL1Action::test_msgpack_serialization_used PASSED [ 75%]
tests/unit/apis/hyperliquid/test_hl_auth_sign_l1_action.py::TestHyperliquidSignL1Action::test_agent_types_configuration_through_behavior PASSED [ 75%]
tests/unit/apis/hyperliquid/test_hl_eip712_models.py::TestEIP712TypeField::test_valid_type_field PASSED [ 75%]
tests/unit/apis/hyperliquid/test_hl_eip712_models.py::TestEIP712TypeField::test_frozen_model PASSED [ 75%]
tests/unit/apis/hyperliquid/test_hl_eip712_models.py::TestEIP712TypeField::test_extra_fields_forbidden PASSED [ 75%]
tests/unit/apis/hyperliquid/test_hl_eip712_models.py::TestHyperliquidAgentDomainData::test_valid_domain_data PASSED [ 76%]
tests/unit/apis/hyperliquid/test_hl_eip712_models.py::TestHyperliquidAgentDomainData::test_alias_fields PASSED [ 76%]
tests/unit/apis/hyperliquid/test_hl_eip712_models.py::TestHyperliquidAgentDomainData::test_model_dump_by_alias PASSED [ 76%]
tests/unit/apis/hyperliquid/test_hl_eip712_models.py::TestHyperliquidAgentDomainData::test_frozen_and_extra_forbidden PASSED [ 76%]
tests/unit/apis/hyperliquid/test_hl_eip712_models.py::TestHyperliquidAgentTypes::test_valid_agent_types PASSED [ 76%]
tests/unit/apis/hyperliquid/test_hl_eip712_models.py::TestHyperliquidAgentTypes::test_model_dump_structure PASSED [ 76%]
tests/unit/apis/hyperliquid/test_hl_eip712_models.py::TestHyperliquidAgentTypes::test_frozen_and_extra_forbidden PASSED [ 76%]
tests/unit/apis/hyperliquid/test_hl_error_mapper.py::test_map_hl_string_error_order_not_found[Order not found-APIErrorCode.ORDER_NOT_FOUND-Order not found] PASSED [ 76%]
tests/unit/apis/hyperliquid/test_hl_error_mapper.py::test_map_hl_string_error_insufficient_margin PASSED [ 76%]
tests/unit/apis/hyperliquid/test_hl_error_mapper.py::test_map_hl_string_error_invalid_order_size PASSED [ 76%]
tests/unit/apis/hyperliquid/test_hl_error_mapper.py::test_map_hl_string_error_rate_limit PASSED [ 76%]
tests/unit/apis/hyperliquid/test_hl_error_mapper.py::test_map_hl_string_error_user_not_found PASSED [ 76%]
tests/unit/apis/hyperliquid/test_hl_error_mapper.py::test_map_hl_unknown_string_error PASSED [ 76%]
tests/unit/apis/hyperliquid/test_hl_error_mapper.py::test_map_hl_error_with_http_error_status PASSED [ 76%]
tests/unit/apis/hyperliquid/test_hl_error_mapper.py::test_map_hl_empty_error_body PASSED [ 76%]
tests/unit/apis/hyperliquid/test_hl_error_mapper.py::test_ip_ban_detection[403-Your IP has been rate limited for 1 minute. Please try again later.-APIErrorCode.IP_BAN_SUSPECTED] PASSED [ 76%]
tests/unit/apis/hyperliquid/test_hl_error_mapper.py::test_ip_ban_detection[403-Forbidden action.-APIErrorCode.AUTHENTICATION_FAILED] PASSED [ 76%]
tests/unit/apis/hyperliquid/test_hl_error_mapper.py::test_ip_ban_detection[429-Rate limit exceeded-APIErrorCode.RATE_LIMITED] PASSED [ 76%]
tests/unit/apis/hyperliquid/test_hl_error_mapper.py::test_ip_ban_detection[403-Ratelimit exceeded-APIErrorCode.IP_BAN_SUSPECTED] PASSED [ 76%]
tests/unit/apis/hyperliquid/test_hl_error_mapper.py::test_ip_ban_detection[403-Too many requests. Please wait and retry.-APIErrorCode.IP_BAN_SUSPECTED] PASSED [ 76%]
tests/unit/apis/hyperliquid/test_hl_error_mapper.py::test_map_hl_order_ownership_error PASSED [ 76%]
tests/unit/apis/hyperliquid/test_hl_rate_limit_strategy.py::TestHyperliquidRateLimitStrategy::test_initialization_creates_limiters PASSED [ 76%]
tests/unit/apis/hyperliquid/test_hl_rate_limit_strategy.py::TestHyperliquidRateLimitStrategy::test_initialization_calculates_correct_rates PASSED [ 76%]
tests/unit/apis/hyperliquid/test_hl_rate_limit_strategy.py::TestHyperliquidRateLimitStrategy::test_prepare_and_acquire_exchange_endpoint_single_action PASSED [ 76%]
tests/unit/apis/hyperliquid/test_hl_rate_limit_strategy.py::TestHyperliquidRateLimitStrategy::test_prepare_and_acquire_exchange_endpoint_multiple_actions PASSED [ 76%]
tests/unit/apis/hyperliquid/test_hl_rate_limit_strategy.py::TestHyperliquidRateLimitStrategy::test_prepare_and_acquire_info_endpoint_known_type PASSED [ 76%]
tests/unit/apis/hyperliquid/test_hl_rate_limit_strategy.py::TestHyperliquidRateLimitStrategy::test_prepare_and_acquire_info_endpoint_expensive_type PASSED [ 76%]
tests/unit/apis/hyperliquid/test_hl_rate_limit_strategy.py::TestHyperliquidRateLimitStrategy::test_prepare_and_acquire_info_endpoint_unknown_type PASSED [ 76%]
tests/unit/apis/hyperliquid/test_hl_rate_limit_strategy.py::TestHyperliquidRateLimitStrategy::test_prepare_and_acquire_info_endpoint_none_payload PASSED [ 76%]
tests/unit/apis/hyperliquid/test_hl_rate_limit_strategy.py::TestHyperliquidRateLimitStrategy::test_prepare_and_acquire_exchange_endpoint_empty_actions PASSED [ 76%]
tests/unit/apis/hyperliquid/test_hl_rate_limit_strategy.py::TestHyperliquidRateLimitStrategy::test_prepare_and_acquire_unknown_endpoint PASSED [ 76%]
tests/unit/apis/hyperliquid/test_hl_rate_limit_strategy.py::TestHyperliquidRateLimitStrategy::test_prepare_and_acquire_concurrent_calls PASSED [ 76%]
tests/unit/apis/hyperliquid/test_hl_rate_limit_strategy.py::TestHyperliquidRateLimitStrategyIntegration::test_real_limiters_consume_tokens PASSED [ 76%]
tests/unit/apis/hyperliquid/test_hl_rate_limit_strategy.py::TestHyperliquidRateLimitStrategyIntegration::test_real_limiters_rate_limiting_behavior PASSED [ 76%]
tests/unit/apis/hyperliquid/test_hl_request_builder_info_market.py::TestHyperliquidRequestBuilderInfoMarket::test_build_info_request_payload PASSED [ 76%]
tests/unit/apis/hyperliquid/test_hl_request_builder_info_market.py::TestHyperliquidRequestBuilderInfoMarket::test_build_historical_orders_payload PASSED [ 77%]
tests/unit/apis/hyperliquid/test_hl_request_builder_info_market.py::TestHyperliquidRequestBuilderInfoMarket::test_build_candle_snapshot_payload PASSED [ 77%]
tests/unit/apis/hyperliquid/test_hl_request_builder_info_market.py::TestHyperliquidRequestBuilderInfoMarket::test_build_candle_snapshot_payload_different_timeframes PASSED [ 77%]
tests/unit/apis/hyperliquid/test_hl_request_builder_info_market.py::TestHyperliquidRequestBuilderInfoMarket::test_build_historical_orders_payload_multiple_calls PASSED [ 77%]
tests/unit/apis/hyperliquid/test_hl_request_builder_trading.py::TestHyperliquidRequestBuilderTrading::test_build_place_order_payload_limit_gtc PASSED [ 77%]
tests/unit/apis/hyperliquid/test_hl_request_builder_trading.py::TestHyperliquidRequestBuilderTrading::test_build_place_order_payload_market PASSED [ 77%]
tests/unit/apis/hyperliquid/test_hl_request_builder_trading.py::TestHyperliquidRequestBuilderTrading::test_build_place_order_payload_limit_alo_post_only PASSED [ 77%]
tests/unit/apis/hyperliquid/test_hl_request_builder_trading.py::TestHyperliquidRequestBuilderTrading::test_build_place_order_payload_stop_market PASSED [ 77%]
tests/unit/apis/hyperliquid/test_hl_request_builder_trading.py::TestHyperliquidRequestBuilderTrading::test_build_place_order_payload_stop_limit PASSED [ 77%]
tests/unit/apis/hyperliquid/test_hl_request_builder_trading.py::TestHyperliquidRequestBuilderTrading::test_build_place_order_with_edge_tif_values PASSED [ 77%]
tests/unit/apis/hyperliquid/test_hl_request_builder_trading.py::TestHyperliquidRequestBuilderTrading::test_build_cancel_order_payload PASSED [ 77%]
tests/unit/apis/hyperliquid/test_hl_request_builder_trading.py::TestHyperliquidRequestBuilderTrading::test_build_order_status_payload PASSED [ 77%]
tests/unit/apis/hyperliquid/test_hl_request_builder_trading.py::TestHyperliquidRequestBuilderTrading::test_build_place_order_payload_different_time_in_force PASSED [ 77%]
tests/unit/apis/hyperliquid/test_hl_request_builder_trading.py::TestHyperliquidRequestBuilderTrading::test_build_place_order_payload_edge_cases PASSED [ 77%]
tests/unit/apis/hyperliquid/test_hl_request_builder_trading.py::TestHyperliquidRequestBuilderTrading::test_build_cancel_order_payload_different_asset_indices PASSED [ 77%]
tests/unit/apis/hyperliquid/test_hl_request_builder_trading.py::TestHyperliquidRequestBuilderTrading::test_build_order_status_payload_edge_cases PASSED [ 77%]
tests/unit/apis/hyperliquid/test_hl_request_builder_trading.py::TestHyperliquidRequestBuilderTrading::test_build_batch_place_order_payload_success PASSED [ 77%]
tests/unit/apis/hyperliquid/test_hl_request_builder_trading.py::TestHyperliquidRequestBuilderTrading::test_build_batch_place_order_payload_empty_list PASSED [ 77%]
tests/unit/apis/hyperliquid/test_hl_request_builder_trading.py::TestHyperliquidRequestBuilderTrading::test_build_batch_place_order_payload_size_limit PASSED [ 77%]
tests/unit/apis/hyperliquid/test_hl_request_builder_trading.py::TestHyperliquidRequestBuilderTrading::test_build_batch_place_order_payload_no_tif_mapping PASSED [ 77%]
tests/unit/apis/hyperliquid/test_hl_request_builder_trading.py::TestHyperliquidRequestBuilderTrading::test_build_batch_cancel_order_payload_success PASSED [ 77%]
tests/unit/apis/hyperliquid/test_hl_request_builder_trading.py::TestHyperliquidRequestBuilderTrading::test_build_batch_cancel_order_payload_empty_list PASSED [ 77%]
tests/unit/apis/hyperliquid/test_hl_request_builder_trading.py::TestHyperliquidRequestBuilderTrading::test_build_batch_cancel_order_payload_size_limit PASSED [ 77%]
tests/unit/apis/hyperliquid/test_hl_request_builder_trading.py::TestHyperliquidRequestBuilderTrading::test_order_spec_functionality_via_public_api PASSED [ 77%]
tests/unit/apis/hyperliquid/test_hl_request_builder_trading.py::TestHyperliquidRequestBuilderTrading::test_batch_order_with_mixed_order_types PASSED [ 77%]
tests/unit/apis/hyperliquid/test_hl_request_builder_transfers.py::TestHyperliquidRequestBuilderTransfers::test_build_l2_usd_transfer_payload PASSED [ 77%]
tests/unit/apis/hyperliquid/test_hl_request_builder_transfers.py::TestHyperliquidRequestBuilderTransfers::test_build_l2_usd_transfer_payload_different_amounts PASSED [ 77%]
tests/unit/apis/hyperliquid/test_hl_request_builder_transfers.py::TestHyperliquidRequestBuilderTransfers::test_build_l2_usd_transfer_payload_invalid_input PASSED [ 77%]
tests/unit/apis/hyperliquid/test_hl_request_builder_transfers.py::TestHyperliquidRequestBuilderTransfers::test_build_l2_usd_transfer_payload_invalid_whitespace_address PASSED [ 77%]
tests/unit/apis/hyperliquid/test_hl_request_builder_transfers.py::TestHyperliquidRequestBuilderTransfers::test_build_withdrawal_payload_eth PASSED [ 77%]
tests/unit/apis/hyperliquid/test_hl_request_builder_transfers.py::TestHyperliquidRequestBuilderTransfers::test_build_withdrawal_payload_eth_different_amounts PASSED [ 77%]
tests/unit/apis/hyperliquid/test_hl_request_builder_transfers.py::TestHyperliquidRequestBuilderTransfers::test_build_withdrawal_payload_token PASSED [ 77%]
tests/unit/apis/hyperliquid/test_hl_request_builder_transfers.py::TestHyperliquidRequestBuilderTransfers::test_build_withdrawal_payload_various_tokens PASSED [ 77%]
tests/unit/apis/hyperliquid/test_hl_request_builder_transfers.py::TestHyperliquidRequestBuilderTransfers::test_build_withdrawal_payload_invalid_input PASSED [ 77%]
tests/unit/apis/hyperliquid/test_hl_request_builder_transfers.py::TestHyperliquidRequestBuilderTransfers::test_build_withdrawal_payload_invalid_whitespace_address PASSED [ 77%]
tests/unit/apis/hyperliquid/test_hl_request_builder_transfers.py::TestHyperliquidRequestBuilderTransfers::test_build_withdrawal_payload_case_sensitivity PASSED [ 78%]
tests/unit/apis/hyperliquid/test_hl_request_weighter.py::TestHyperliquidRequestWeighter::test_initialization_with_valid_config PASSED [ 78%]
tests/unit/apis/hyperliquid/test_hl_request_weighter.py::TestHyperliquidRequestWeighter::test_initialization_missing_required_fields_raises_error PASSED [ 78%]
tests/unit/apis/hyperliquid/test_hl_request_weighter.py::TestHyperliquidRequestWeighterIPWeight::test_exchange_endpoint_single_action PASSED [ 78%]
tests/unit/apis/hyperliquid/test_hl_request_weighter.py::TestHyperliquidRequestWeighterIPWeight::test_exchange_endpoint_multiple_actions PASSED [ 78%]
tests/unit/apis/hyperliquid/test_hl_request_weighter.py::TestHyperliquidRequestWeighterIPWeight::test_exchange_endpoint_batch_formula_large PASSED [ 78%]
tests/unit/apis/hyperliquid/test_hl_request_weighter.py::TestHyperliquidRequestWeighterIPWeight::test_exchange_endpoint_empty_actions PASSED [ 78%]
tests/unit/apis/hyperliquid/test_hl_request_weighter.py::TestHyperliquidRequestWeighterIPWeight::test_exchange_endpoint_no_actions_key PASSED [ 78%]
tests/unit/apis/hyperliquid/test_hl_request_weighter.py::TestHyperliquidRequestWeighterIPWeight::test_exchange_endpoint_none_payload PASSED [ 78%]
tests/unit/apis/hyperliquid/test_hl_request_weighter.py::TestHyperliquidRequestWeighterIPWeight::test_exchange_endpoint_non_list_actions PASSED [ 78%]
tests/unit/apis/hyperliquid/test_hl_request_weighter.py::TestHyperliquidRequestWeighterIPWeight::test_info_endpoint_known_type PASSED [ 78%]
tests/unit/apis/hyperliquid/test_hl_request_weighter.py::TestHyperliquidRequestWeighterIPWeight::test_info_endpoint_expensive_type PASSED [ 78%]
tests/unit/apis/hyperliquid/test_hl_request_weighter.py::TestHyperliquidRequestWeighterIPWeight::test_info_endpoint_unknown_type PASSED [ 78%]
tests/unit/apis/hyperliquid/test_hl_request_weighter.py::TestHyperliquidRequestWeighterIPWeight::test_info_endpoint_missing_type PASSED [ 78%]
tests/unit/apis/hyperliquid/test_hl_request_weighter.py::TestHyperliquidRequestWeighterIPWeight::test_info_endpoint_none_payload PASSED [ 78%]
tests/unit/apis/hyperliquid/test_hl_request_weighter.py::TestHyperliquidRequestWeighterIPWeight::test_unknown_endpoint PASSED [ 78%]
tests/unit/apis/hyperliquid/test_hl_request_weighter.py::TestHyperliquidRequestWeighterIPWeight::test_empty_endpoint PASSED [ 78%]
tests/unit/apis/hyperliquid/test_hl_request_weighter.py::TestHyperliquidRequestWeighterAddressActionCount::test_exchange_endpoint_single_action PASSED [ 78%]
tests/unit/apis/hyperliquid/test_hl_request_weighter.py::TestHyperliquidRequestWeighterAddressActionCount::test_exchange_endpoint_multiple_actions PASSED [ 78%]
tests/unit/apis/hyperliquid/test_hl_request_weighter.py::TestHyperliquidRequestWeighterAddressActionCount::test_exchange_endpoint_empty_actions PASSED [ 78%]
tests/unit/apis/hyperliquid/test_hl_request_weighter.py::TestHyperliquidRequestWeighterAddressActionCount::test_exchange_endpoint_no_actions_key PASSED [ 78%]
tests/unit/apis/hyperliquid/test_hl_request_weighter.py::TestHyperliquidRequestWeighterAddressActionCount::test_exchange_endpoint_none_payload PASSED [ 78%]
tests/unit/apis/hyperliquid/test_hl_request_weighter.py::TestHyperliquidRequestWeighterAddressActionCount::test_info_endpoint_returns_zero PASSED [ 78%]
tests/unit/apis/hyperliquid/test_hl_request_weighter.py::TestHyperliquidRequestWeighterAddressActionCount::test_unknown_endpoint_returns_zero PASSED [ 78%]
tests/unit/apis/hyperliquid/test_hl_request_weighter.py::TestHyperliquidRequestWeighterAddressActionCount::test_empty_endpoint_returns_zero PASSED [ 78%]
tests/unit/apis/hyperliquid/test_hl_request_weighter.py::TestHyperliquidRequestWeighterEdgeCases::test_empty_ip_weights_dict PASSED [ 78%]
tests/unit/apis/hyperliquid/test_hl_request_weighter.py::TestHyperliquidRequestWeighterEdgeCases::test_none_default_weights_uses_fallback PASSED [ 78%]
tests/unit/apis/hyperliquid/test_hl_request_weighter.py::TestHyperliquidRequestWeighterEdgeCases::test_very_large_action_batch PASSED [ 78%]
tests/unit/apis/hyperliquid/test_hl_response_handler_exchange_trading.py::TestHandleExchangeResponse::test_valid PASSED [ 78%]
tests/unit/apis/hyperliquid/test_hl_response_handler_exchange_trading.py::TestHandleExchangeResponse::test_validation_error_missing_status PASSED [ 78%]
tests/unit/apis/hyperliquid/test_hl_response_handler_exchange_trading.py::TestHandleExchangeResponse::test_validation_error_bad_status_value PASSED [ 78%]
tests/unit/apis/hyperliquid/test_hl_response_handler_exchange_trading.py::TestHandleExchangeResponse::test_validation_error_ok_missing_data PASSED [ 78%]
tests/unit/apis/hyperliquid/test_hl_response_handler_exchange_trading.py::TestHandleExchangeResponse::test_invalid_top_level_type PASSED [ 78%]
tests/unit/apis/hyperliquid/test_hl_response_handler_exchange_trading.py::TestHandleQueryOrderHistoryResponse::test_valid PASSED [ 78%]
tests/unit/apis/hyperliquid/test_hl_response_handler_exchange_trading.py::TestHandleQueryOrderHistoryResponse::test_invalid_item_type_in_list PASSED [ 78%]
tests/unit/apis/hyperliquid/test_hl_response_handler_exchange_trading.py::TestHandleQueryOrderHistoryResponse::test_item_validation_error PASSED [ 79%]
tests/unit/apis/hyperliquid/test_hl_response_handler_exchange_trading.py::TestHandleQueryOrderHistoryResponse::test_invalid_top_level_type PASSED [ 79%]
tests/unit/apis/hyperliquid/test_hl_response_handler_exchange_trading.py::TestHandleInfoOrderStatusResponse::test_valid PASSED [ 79%]
tests/unit/apis/hyperliquid/test_hl_response_handler_exchange_trading.py::TestHandleInfoOrderStatusResponse::test_order_not_found_string_direct PASSED [ 79%]
tests/unit/apis/hyperliquid/test_hl_response_handler_exchange_trading.py::TestHandleInfoOrderStatusResponse::test_order_not_found_string_in_list PASSED [ 79%]
tests/unit/apis/hyperliquid/test_hl_response_handler_exchange_trading.py::TestHandleInfoOrderStatusResponse::test_order_not_found_empty_list PASSED [ 79%]
tests/unit/apis/hyperliquid/test_hl_response_handler_exchange_trading.py::TestHandleInfoOrderStatusResponse::test_order_not_found_none PASSED [ 79%]
tests/unit/apis/hyperliquid/test_hl_response_handler_exchange_trading.py::TestHandleInfoOrderStatusResponse::test_unexpected_string_in_list PASSED [ 79%]
tests/unit/apis/hyperliquid/test_hl_response_handler_exchange_trading.py::TestHandleInfoOrderStatusResponse::test_unexpected_item_type_in_list PASSED [ 79%]
tests/unit/apis/hyperliquid/test_hl_response_handler_exchange_trading.py::TestHandleInfoOrderStatusResponse::test_validation_error_in_list_item PASSED [ 79%]
tests/unit/apis/hyperliquid/test_hl_response_handler_market_data.py::TestHandleInfoMetaAndAssetCtxsResponse::test_valid PASSED [ 79%]
tests/unit/apis/hyperliquid/test_hl_response_handler_market_data.py::TestHandleInfoMetaAndAssetCtxsResponse::test_validation_error_wrong_structure PASSED [ 79%]
tests/unit/apis/hyperliquid/test_hl_response_handler_market_data.py::TestHandleInfoMetaAndAssetCtxsResponse::test_validation_error_missing_universe PASSED [ 79%]
tests/unit/apis/hyperliquid/test_hl_response_handler_market_data.py::TestHandleInfoMetaAndAssetCtxsResponse::test_invalid_top_level_type PASSED [ 79%]
tests/unit/apis/hyperliquid/test_hl_response_handler_market_data.py::TestHandleInfoFundingRateResponse::test_valid PASSED [ 79%]
tests/unit/apis/hyperliquid/test_hl_response_handler_market_data.py::TestHandleInfoFundingRateResponse::test_validation_error_missing_funding PASSED [ 79%]
tests/unit/apis/hyperliquid/test_hl_response_handler_market_data.py::TestHandleInfoFundingRateResponse::test_invalid_top_level_type PASSED [ 79%]
tests/unit/apis/hyperliquid/test_hl_response_handler_market_data.py::TestHandleInfoL2BookResponse::test_valid PASSED [ 79%]
tests/unit/apis/hyperliquid/test_hl_response_handler_market_data.py::TestHandleInfoL2BookResponse::test_validation_error_missing_levels PASSED [ 79%]
tests/unit/apis/hyperliquid/test_hl_response_handler_market_data.py::TestHandleInfoL2BookResponse::test_invalid_top_level_type PASSED [ 79%]
tests/unit/apis/hyperliquid/test_hl_response_handler_market_data.py::TestHandleInfoL2BookResponse::test_l2_book_response_empty_levels PASSED [ 79%]
tests/unit/apis/hyperliquid/test_hl_response_handler_market_data.py::TestHandleInfoRecentTradesResponse::test_valid PASSED [ 79%]
tests/unit/apis/hyperliquid/test_hl_response_handler_market_data.py::TestHandleInfoRecentTradesResponse::test_validation_error_invalid_trade_item PASSED [ 79%]
tests/unit/apis/hyperliquid/test_hl_response_handler_market_data.py::TestHandleInfoRecentTradesResponse::test_invalid_item_type_in_list PASSED [ 79%]
tests/unit/apis/hyperliquid/test_hl_response_handler_market_data.py::TestHandleInfoRecentTradesResponse::test_invalid_top_level_type PASSED [ 79%]
tests/unit/apis/hyperliquid/test_hl_response_handler_market_data.py::TestHandleInfoCandleSnapshotResponse::test_valid PASSED [ 79%]
tests/unit/apis/hyperliquid/test_hl_response_handler_market_data.py::TestHandleInfoCandleSnapshotResponse::test_validation_error_missing_timestamps PASSED [ 79%]
tests/unit/apis/hyperliquid/test_hl_response_handler_market_data.py::TestHandleInfoCandleSnapshotResponse::test_invalid_top_level_type PASSED [ 79%]
tests/unit/apis/hyperliquid/test_hl_response_handler_market_data.py::TestHandleInfoCandleSnapshotResponse::test_candle_snapshot_mismatched_arrays PASSED [ 79%]
tests/unit/apis/hyperliquid/test_hl_response_handler_market_data.py::TestHandleHistoricalFundingRatesResponse::test_valid PASSED [ 79%]
tests/unit/apis/hyperliquid/test_hl_response_handler_market_data.py::TestHandleHistoricalFundingRatesResponse::test_validation_error_invalid_funding_item PASSED [ 79%]
tests/unit/apis/hyperliquid/test_hl_response_handler_market_data.py::TestHandleHistoricalFundingRatesResponse::test_invalid_item_type_in_list PASSED [ 79%]
tests/unit/apis/hyperliquid/test_hl_response_handler_market_data.py::TestHandleHistoricalFundingRatesResponse::test_invalid_top_level_type PASSED [ 79%]
tests/unit/apis/hyperliquid/test_hl_response_handler_market_data.py::TestHandleHistoricalFundingRatesResponse::test_empty_list_response PASSED [ 79%]
tests/unit/apis/hyperliquid/test_hl_response_handler_market_data.py::TestMarketDataEdgeCases::test_funding_rate_response_extra_fields PASSED [ 79%]
tests/unit/apis/hyperliquid/test_hl_response_handler_market_data.py::TestMarketDataEdgeCases::test_l2_book_response_empty_levels PASSED [ 80%]
tests/unit/apis/hyperliquid/test_hl_response_handler_market_data.py::TestMarketDataEdgeCases::test_recent_trades_mixed_valid_invalid_items PASSED [ 80%]
tests/unit/apis/hyperliquid/test_hl_response_handler_user_account.py::TestHandleInfoUserStateResponse::test_valid PASSED [ 80%]
tests/unit/apis/hyperliquid/test_hl_response_handler_user_account.py::TestHandleInfoUserStateResponse::test_validation_error_missing_asset_positions PASSED [ 80%]
tests/unit/apis/hyperliquid/test_hl_response_handler_user_account.py::TestHandleInfoUserStateResponse::test_validation_error_invalid_margin_summary PASSED [ 80%]
tests/unit/apis/hyperliquid/test_hl_response_handler_user_account.py::TestHandleInfoUserStateResponse::test_invalid_top_level_type PASSED [ 80%]
tests/unit/apis/hyperliquid/test_hl_response_handler_user_account.py::TestHandleInfoOpenOrdersResponse::test_valid PASSED [ 80%]
tests/unit/apis/hyperliquid/test_hl_response_handler_user_account.py::TestHandleInfoOpenOrdersResponse::test_empty_orders_list PASSED [ 80%]
tests/unit/apis/hyperliquid/test_hl_response_handler_user_account.py::TestHandleInfoOpenOrdersResponse::test_validation_error_invalid_order_item PASSED [ 80%]
tests/unit/apis/hyperliquid/test_hl_response_handler_user_account.py::TestHandleInfoOpenOrdersResponse::test_invalid_item_type_in_list PASSED [ 80%]
tests/unit/apis/hyperliquid/test_hl_response_handler_user_account.py::TestHandleInfoOpenOrdersResponse::test_invalid_top_level_type PASSED [ 80%]
tests/unit/apis/hyperliquid/test_hl_response_handler_user_account.py::TestHandleInfoOpenOrdersResponse::test_open_orders_with_mixed_valid_invalid_items PASSED [ 80%]
tests/unit/apis/hyperliquid/test_hl_response_handler_user_account.py::TestHandleInfoUserFillsResponse::test_valid PASSED [ 80%]
tests/unit/apis/hyperliquid/test_hl_response_handler_user_account.py::TestHandleInfoUserFillsResponse::test_empty_fills_list PASSED [ 80%]
tests/unit/apis/hyperliquid/test_hl_response_handler_user_account.py::TestHandleInfoUserFillsResponse::test_validation_error_invalid_fill_item PASSED [ 80%]
tests/unit/apis/hyperliquid/test_hl_response_handler_user_account.py::TestHandleInfoUserFillsResponse::test_invalid_item_type_in_list PASSED [ 80%]
tests/unit/apis/hyperliquid/test_hl_response_handler_user_account.py::TestHandleInfoUserFillsResponse::test_invalid_top_level_type PASSED [ 80%]
tests/unit/apis/hyperliquid/test_hl_response_handler_user_account.py::TestUserAccountEdgeCases::test_user_state_with_empty_asset_positions PASSED [ 80%]
tests/unit/apis/hyperliquid/test_hl_response_handler_user_account.py::TestUserAccountEdgeCases::test_user_state_with_missing_optional_fields PASSED [ 80%]
tests/unit/apis/hyperliquid/test_hl_response_handler_user_account.py::TestUserAccountEdgeCases::test_user_fills_with_mixed_valid_invalid_items PASSED [ 80%]
tests/unit/apis/hyperliquid/test_hl_response_handler_user_account.py::TestUserAccountEdgeCases::test_user_state_with_complex_asset_positions PASSED [ 80%]
tests/unit/apis/hyperliquid/test_hl_response_handler_user_account.py::TestUserAccountEdgeCases::test_open_orders_with_trigger_orders PASSED [ 80%]
tests/unit/apis/hyperliquid/test_hl_ws_message_router.py::TestHyperliquidWsMessageRouter::test_init PASSED [ 80%]
tests/unit/apis/hyperliquid/test_hl_ws_message_router.py::TestHyperliquidWsMessageRouter::test_construct_subscription_payload_l2book PASSED [ 80%]
tests/unit/apis/hyperliquid/test_hl_ws_message_router.py::TestHyperliquidWsMessageRouter::test_construct_subscription_payload_trades PASSED [ 80%]
tests/unit/apis/hyperliquid/test_hl_ws_message_router.py::TestHyperliquidWsMessageRouter::test_construct_subscription_payload_user_events PASSED [ 80%]
tests/unit/apis/hyperliquid/test_hl_ws_message_router.py::TestHyperliquidWsMessageRouter::test_construct_subscription_payload_user_events_no_wallet PASSED [ 80%]
tests/unit/apis/hyperliquid/test_hl_ws_message_router.py::TestHyperliquidWsMessageRouter::test_construct_subscription_payload_candle PASSED [ 80%]
tests/unit/apis/hyperliquid/test_hl_ws_message_router.py::TestHyperliquidWsMessageRouter::test_construct_subscription_payload_invalid_topic PASSED [ 80%]
tests/unit/apis/hyperliquid/test_hl_ws_message_router.py::TestHyperliquidWsMessageRouter::test_route_message_l2book PASSED [ 80%]
tests/unit/apis/hyperliquid/test_hl_ws_message_router.py::TestHyperliquidWsMessageRouter::test_route_message_trades PASSED [ 80%]
tests/unit/apis/hyperliquid/test_hl_ws_message_router.py::TestHyperliquidWsMessageRouter::test_route_message_user_events_fill PASSED [ 80%]
tests/unit/apis/hyperliquid/test_hl_ws_message_router.py::TestHyperliquidWsMessageRouter::test_route_message_user_events_order PASSED [ 80%]
tests/unit/apis/hyperliquid/test_hl_ws_message_router.py::TestHyperliquidWsMessageRouter::test_route_message_user_events_position_update PASSED [ 80%]
tests/unit/apis/hyperliquid/test_hl_ws_message_router.py::TestHyperliquidWsMessageRouter::test_route_message_all_mids PASSED [ 80%]
tests/unit/apis/hyperliquid/test_hl_ws_message_router.py::TestHyperliquidWsMessageRouter::test_route_message_control_messages PASSED [ 80%]
tests/unit/apis/hyperliquid/test_hl_ws_message_router.py::TestHyperliquidWsMessageRouter::test_route_message_no_channel PASSED [ 81%]
tests/unit/apis/hyperliquid/test_hl_ws_message_router.py::TestHyperliquidWsMessageRouter::test_route_message_no_data PASSED [ 81%]
tests/unit/apis/hyperliquid/test_hl_ws_message_router.py::TestHyperliquidWsMessageRouter::test_route_message_no_handler_registered PASSED [ 81%]
tests/unit/apis/hyperliquid/test_hl_ws_message_router.py::TestHyperliquidWsMessageRouter::test_route_message_api_error_in_raw_handler PASSED [ 81%]
tests/unit/apis/hyperliquid/test_hl_ws_message_router.py::TestHyperliquidWsMessageRouter::test_route_message_transformation_error_in_mapper PASSED [ 81%]
tests/unit/apis/hyperliquid/test_hl_ws_message_router.py::TestHyperliquidWsMessageRouter::test_route_message_validation_error_in_user_events PASSED [ 81%]
tests/unit/apis/hyperliquid/test_hl_ws_message_router.py::TestHyperliquidWsMessageRouter::test_route_message_exception_in_app_handler PASSED [ 81%]
tests/unit/apis/hyperliquid/test_hl_ws_message_router.py::TestHyperliquidWsMessageRouter::test_route_message_topic_key_derivation PASSED [ 81%]
tests/unit/apis/hyperliquid/test_hl_ws_message_router.py::TestHyperliquidWsMessageRouter::test_route_message_fallback_to_base_handler PASSED [ 81%]
tests/unit/apis/hyperliquid/test_hl_ws_message_router.py::TestHyperliquidWsMessageRouter::test_route_message_invalid_data_types PASSED [ 81%]
tests/unit/apis/hyperliquid/test_hl_ws_raw_message_handler.py::test_handle_l2book_payload_valid PASSED [ 81%]
tests/unit/apis/hyperliquid/test_hl_ws_raw_message_handler.py::test_handle_l2book_payload_invalid PASSED [ 81%]
tests/unit/apis/hyperliquid/test_hl_ws_raw_message_handler.py::test_handle_public_trades_payload_valid PASSED [ 81%]
tests/unit/apis/hyperliquid/test_hl_ws_raw_message_handler.py::test_handle_public_trades_payload_empty PASSED [ 81%]
tests/unit/apis/hyperliquid/test_hl_ws_raw_message_handler.py::test_handle_public_trades_payload_invalid_item PASSED [ 81%]
tests/unit/apis/hyperliquid/test_hl_ws_raw_message_handler.py::test_handle_user_fill_event_payload_valid PASSED [ 81%]
tests/unit/apis/hyperliquid/test_hl_ws_raw_message_handler.py::test_handle_user_fill_event_payload_invalid PASSED [ 81%]
tests/unit/apis/hyperliquid/test_hl_ws_raw_message_handler.py::test_handle_user_order_event_payload_valid PASSED [ 81%]
tests/unit/apis/hyperliquid/test_hl_ws_raw_message_handler.py::test_handle_user_order_event_payload_invalid PASSED [ 81%]
tests/unit/apis/hyperliquid/test_hl_ws_raw_message_handler.py::test_handle_user_order_update_wrapper_payload_valid PASSED [ 81%]
tests/unit/apis/hyperliquid/test_hl_ws_raw_message_handler.py::test_handle_user_order_update_wrapper_payload_invalid PASSED [ 81%]
tests/unit/apis/hyperliquid/test_hl_ws_raw_message_handler.py::test_handle_user_position_update_event_payload_valid PASSED [ 81%]
tests/unit/apis/hyperliquid/test_hl_ws_raw_message_handler.py::test_handle_user_position_update_event_payload_invalid PASSED [ 81%]
tests/unit/apis/hyperliquid/test_hl_ws_raw_message_handler.py::test_handle_all_mids_payload_valid PASSED [ 81%]
tests/unit/apis/hyperliquid/test_hl_ws_raw_message_handler.py::test_handle_all_mids_payload_invalid_not_dict PASSED [ 81%]
tests/unit/apis/hyperliquid/test_hl_ws_raw_message_handler.py::test_handle_all_mids_payload_invalid_value_type PASSED [ 81%]
tests/unit/apis/hyperliquid/test_hl_ws_raw_message_handler.py::test_handle_all_mids_payload_invalid_key_type PASSED [ 81%]
tests/unit/apis/models/test_service_args_models.py::TestPlaceOrderArgs::test_valid_market_order PASSED [ 81%]
tests/unit/apis/models/test_service_args_models.py::TestPlaceOrderArgs::test_valid_limit_order PASSED [ 81%]
tests/unit/apis/models/test_service_args_models.py::TestPlaceOrderArgs::test_valid_stop_limit_order PASSED [ 81%]
tests/unit/apis/models/test_service_args_models.py::TestPlaceOrderArgs::test_valid_stop_market_order PASSED [ 81%]
tests/unit/apis/models/test_service_args_models.py::TestPlaceOrderArgs::test_decimal_parsing_from_various_types PASSED [ 81%]
tests/unit/apis/models/test_service_args_models.py::TestPlaceOrderArgs::test_symbol_validation PASSED [ 81%]
tests/unit/apis/models/test_service_args_models.py::TestPlaceOrderArgs::test_invalid_symbol_types PASSED [ 81%]
tests/unit/apis/models/test_service_args_models.py::TestPlaceOrderArgs::test_empty_symbol PASSED [ 81%]
tests/unit/apis/models/test_service_args_models.py::TestPlaceOrderArgs::test_symbol_max_length PASSED [ 82%]
tests/unit/apis/models/test_service_args_models.py::TestPlaceOrderArgs::test_client_order_id_validation PASSED [ 82%]
tests/unit/apis/models/test_service_args_models.py::TestPlaceOrderArgs::test_invalid_client_order_id PASSED [ 82%]
tests/unit/apis/models/test_service_args_models.py::TestPlaceOrderArgs::test_negative_quantity PASSED [ 82%]
tests/unit/apis/models/test_service_args_models.py::TestPlaceOrderArgs::test_zero_quantity PASSED [ 82%]
tests/unit/apis/models/test_service_args_models.py::TestPlaceOrderArgs::test_infinite_decimal_values PASSED [ 82%]
tests/unit/apis/models/test_service_args_models.py::TestPlaceOrderArgs::test_nan_decimal_values PASSED [ 82%]
tests/unit/apis/models/test_service_args_models.py::TestPlaceOrderArgs::test_negative_price PASSED [ 82%]
tests/unit/apis/models/test_service_args_models.py::TestPlaceOrderArgs::test_negative_stop_price PASSED [ 82%]
tests/unit/apis/models/test_service_args_models.py::TestPlaceOrderArgs::test_limit_order_requires_price PASSED [ 82%]
tests/unit/apis/models/test_service_args_models.py::TestPlaceOrderArgs::test_stop_limit_order_requires_price_and_stop_price PASSED [ 82%]
tests/unit/apis/models/test_service_args_models.py::TestPlaceOrderArgs::test_stop_market_order_requires_stop_price PASSED [ 82%]
tests/unit/apis/models/test_service_args_models.py::TestPlaceOrderArgs::test_post_only_only_for_limit_orders PASSED [ 82%]
tests/unit/apis/models/test_service_args_models.py::TestPlaceOrderArgs::test_invalid_unparseable_decimal_quantity PASSED [ 82%]
tests/unit/apis/models/test_service_args_models.py::TestPlaceOrderArgs::test_none_quantity PASSED [ 82%]
tests/unit/apis/models/test_service_args_models.py::TestPlaceOrderArgs::test_extra_fields_forbidden PASSED [ 82%]
tests/unit/apis/models/test_service_args_models.py::TestPlaceOrderArgs::test_validate_assignment PASSED [ 82%]
tests/unit/apis/models/test_service_args_models.py::TestTransferArgs::test_valid_transfer_args PASSED [ 82%]
tests/unit/apis/models/test_service_args_models.py::TestTransferArgs::test_valid_transfer_args_no_client_id PASSED [ 82%]
tests/unit/apis/models/test_service_args_models.py::TestTransferArgs::test_decimal_parsing_from_various_types PASSED [ 82%]
tests/unit/apis/models/test_service_args_models.py::TestTransferArgs::test_string_field_validation PASSED [ 82%]
tests/unit/apis/models/test_service_args_models.py::TestTransferArgs::test_empty_asset PASSED [ 82%]
tests/unit/apis/models/test_service_args_models.py::TestTransferArgs::test_empty_from_account_type PASSED [ 82%]
tests/unit/apis/models/test_service_args_models.py::TestTransferArgs::test_empty_to_account_type PASSED [ 82%]
tests/unit/apis/models/test_service_args_models.py::TestTransferArgs::test_string_max_length PASSED [ 82%]
tests/unit/apis/models/test_service_args_models.py::TestTransferArgs::test_client_transfer_id_max_length PASSED [ 82%]
tests/unit/apis/models/test_service_args_models.py::TestTransferArgs::test_empty_client_transfer_id PASSED [ 82%]
tests/unit/apis/models/test_service_args_models.py::TestTransferArgs::test_negative_amount PASSED [ 82%]
tests/unit/apis/models/test_service_args_models.py::TestTransferArgs::test_zero_amount PASSED [ 82%]
tests/unit/apis/models/test_service_args_models.py::TestTransferArgs::test_infinite_amount PASSED [ 82%]
tests/unit/apis/models/test_service_args_models.py::TestTransferArgs::test_nan_amount PASSED [ 82%]
tests/unit/apis/models/test_service_args_models.py::TestTransferArgs::test_none_amount PASSED [ 82%]
tests/unit/apis/models/test_service_args_models.py::TestTransferArgs::test_unparseable_amount PASSED [ 82%]
tests/unit/apis/models/test_service_args_models.py::TestTransferArgs::test_same_account_types PASSED [ 82%]
tests/unit/apis/models/test_service_args_models.py::TestTransferArgs::test_invalid_string_types PASSED [ 82%]
tests/unit/apis/models/test_service_args_models.py::TestTransferArgs::test_extra_fields_forbidden PASSED [ 83%]
tests/unit/apis/models/test_service_args_models.py::TestWithdrawArgs::test_valid_withdraw_args_minimal PASSED [ 83%]
tests/unit/apis/models/test_service_args_models.py::TestWithdrawArgs::test_valid_withdraw_args_full PASSED [ 83%]
tests/unit/apis/models/test_service_args_models.py::TestWithdrawArgs::test_decimal_parsing_from_various_types PASSED [ 83%]
tests/unit/apis/models/test_service_args_models.py::TestWithdrawArgs::test_required_string_field_validation PASSED [ 83%]
tests/unit/apis/models/test_service_args_models.py::TestWithdrawArgs::test_empty_asset PASSED [ 83%]
tests/unit/apis/models/test_service_args_models.py::TestWithdrawArgs::test_empty_address PASSED [ 83%]
tests/unit/apis/models/test_service_args_models.py::TestWithdrawArgs::test_asset_max_length PASSED [ 83%]
tests/unit/apis/models/test_service_args_models.py::TestWithdrawArgs::test_address_max_length PASSED [ 83%]
tests/unit/apis/models/test_service_args_models.py::TestWithdrawArgs::test_optional_string_field_validation PASSED [ 83%]
tests/unit/apis/models/test_service_args_models.py::TestWithdrawArgs::test_empty_optional_strings PASSED [ 83%]
tests/unit/apis/models/test_service_args_models.py::TestWithdrawArgs::test_optional_string_max_length PASSED [ 83%]
tests/unit/apis/models/test_service_args_models.py::TestWithdrawArgs::test_negative_amount PASSED [ 83%]
tests/unit/apis/models/test_service_args_models.py::TestWithdrawArgs::test_zero_amount PASSED [ 83%]
tests/unit/apis/models/test_service_args_models.py::TestWithdrawArgs::test_infinite_amount PASSED [ 83%]
tests/unit/apis/models/test_service_args_models.py::TestWithdrawArgs::test_nan_amount PASSED [ 83%]
tests/unit/apis/models/test_service_args_models.py::TestWithdrawArgs::test_none_amount PASSED [ 83%]
tests/unit/apis/models/test_service_args_models.py::TestWithdrawArgs::test_unparseable_amount PASSED [ 83%]
tests/unit/apis/models/test_service_args_models.py::TestWithdrawArgs::test_invalid_string_types PASSED [ 83%]
tests/unit/apis/models/test_service_args_models.py::TestWithdrawArgs::test_extra_fields_allowed PASSED [ 83%]
tests/unit/apis/models/test_service_args_models.py::TestWithdrawArgs::test_validate_assignment PASSED [ 83%]
tests/unit/apis/models/test_service_args_models.py::TestEdgeCasesAndBoundaryConditions::test_very_small_decimal_values PASSED [ 83%]
tests/unit/apis/models/test_service_args_models.py::TestEdgeCasesAndBoundaryConditions::test_very_large_decimal_values PASSED [ 83%]
tests/unit/apis/models/test_service_args_models.py::TestEdgeCasesAndBoundaryConditions::test_unicode_string_fields PASSED [ 83%]
tests/unit/apis/models/test_service_args_models.py::TestEdgeCasesAndBoundaryConditions::test_whitespace_handling PASSED [ 83%]
tests/unit/apis/models/test_service_args_models.py::TestEdgeCasesAndBoundaryConditions::test_decimal_precision_preservation PASSED [ 83%]
tests/unit/apis/models/test_service_args_models.py::TestEdgeCasesAndBoundaryConditions::test_comma_in_decimal_strings PASSED [ 83%]
tests/unit/apis/models/test_service_args_models.py::TestEdgeCasesAndBoundaryConditions::test_all_order_types_and_dependencies PASSED [ 83%]
tests/unit/apis/models/test_service_args_models.py::TestEdgeCasesAndBoundaryConditions::test_all_time_in_force_values PASSED [ 83%]
tests/unit/apis/models/test_service_args_models.py::TestEdgeCasesAndBoundaryConditions::test_all_order_sides PASSED [ 83%]
tests/unit/apis/models/test_service_args_models.py::TestGetMarketArgs::test_valid_symbol PASSED [ 83%]
tests/unit/apis/models/test_service_args_models.py::TestGetMarketArgs::test_symbol_validation_empty_string PASSED [ 83%]
tests/unit/apis/models/test_service_args_models.py::TestGetMarketArgs::test_symbol_validation_whitespace_only PASSED [ 83%]
tests/unit/apis/models/test_service_args_models.py::TestGetMarketArgs::test_symbol_validation_too_long PASSED [ 83%]
tests/unit/apis/models/test_service_args_models.py::TestGetMarketArgs::test_symbol_validation_maximum_length PASSED [ 83%]
tests/unit/apis/models/test_service_args_models.py::TestGetMarketArgs::test_symbol_validation_unicode_support PASSED [ 84%]
tests/unit/apis/models/test_service_args_models.py::TestGetMarketArgs::test_symbol_validation_special_characters PASSED [ 84%]
tests/unit/apis/models/test_service_args_models.py::TestGetMarketArgs::test_symbol_required_field PASSED [ 84%]
tests/unit/apis/models/test_service_args_models.py::TestGetMarketArgs::test_symbol_wrong_type PASSED [ 84%]
tests/unit/apis/models/test_service_args_models.py::TestGetMarketArgs::test_extra_fields_forbidden PASSED [ 84%]
tests/unit/apis/models/test_service_args_models.py::TestGetMarketArgs::test_immutability_after_creation PASSED [ 84%]
tests/unit/apis/models/test_service_args_models.py::TestGetMarketArgs::test_model_validation_assignment PASSED [ 84%]
tests/unit/apis/models/test_service_args_models.py::TestGetMarketsArgs::test_empty_creation PASSED [ 84%]
tests/unit/apis/models/test_service_args_models.py::TestGetMarketsArgs::test_empty_dict_creation PASSED [ 84%]
tests/unit/apis/models/test_service_args_models.py::TestGetMarketsArgs::test_extra_fields_forbidden PASSED [ 84%]
tests/unit/apis/models/test_service_args_models.py::TestGetMarketsArgs::test_model_consistency PASSED [ 84%]
tests/unit/apis/models/test_service_args_models.py::TestGetMarketsArgs::test_model_serialization PASSED [ 84%]
tests/unit/apis/models/test_service_args_models.py::TestGetMarketsArgs::test_model_deserialization PASSED [ 84%]
tests/unit/apis/models/test_service_args_models.py::TestGetMarketsArgs::test_future_extensibility PASSED [ 84%]
tests/unit/apis/models/test_service_args_models.py::TestGetMarketsArgs::test_model_repr_and_str PASSED [ 84%]
tests/unit/apis/utils/test_response_validation_security.py::TestSecurityValidationScenarios::test_ensure_dict_response_null_injection PASSED [ 84%]
tests/unit/apis/utils/test_response_validation_security.py::TestSecurityValidationScenarios::test_ensure_dict_response_type_confusion_attack PASSED [ 84%]
tests/unit/apis/utils/test_response_validation_security.py::TestSecurityValidationScenarios::test_ensure_list_response_type_confusion_attack PASSED [ 84%]
tests/unit/apis/utils/test_response_validation_security.py::TestSecurityValidationScenarios::test_ensure_string_response_dos_protection PASSED [ 84%]
tests/unit/apis/utils/test_response_validation_security.py::TestSecurityValidationScenarios::test_validate_required_fields_injection_attack PASSED [ 84%]
tests/unit/apis/utils/test_response_validation_security.py::TestSecurityValidationScenarios::test_validate_response_not_empty_edge_cases PASSED [ 84%]
tests/unit/apis/utils/test_response_validation_security.py::TestSecurityValidationScenarios::test_nested_attack_vectors PASSED [ 84%]
tests/unit/apis/utils/test_response_validation_security.py::TestSecurityValidationScenarios::test_unicode_and_encoding_attacks PASSED [ 84%]
tests/unit/apis/utils/test_response_validation_security.py::TestSecurityValidationScenarios::test_security_logging_consistency PASSED [ 84%]
tests/unit/apis/utils/test_response_validation_security.py::TestSecurityValidationScenarios::test_error_message_information_leakage PASSED [ 84%]
tests/unit/apis/utils/test_response_validation_security.py::TestSecurityValidationScenarios::test_concurrent_validation_safety PASSED [ 84%]
tests/unit/apis/utils/test_response_validation_security.py::TestSecurityValidationScenarios::test_malformed_json_like_structures PASSED [ 84%]
tests/unit/apis/utils/test_response_validation_security.py::TestSecurityValidationScenarios::test_special_python_objects PASSED [ 84%]
tests/unit/apis/utils/test_response_validation_security.py::TestValidationPerformance::test_large_response_performance PASSED [ 84%]
tests/unit/apis/utils/test_response_validation_security.py::TestValidationErrorHandling::test_error_http_status_propagation PASSED [ 84%]
tests/unit/apis/utils/test_response_validation_security.py::TestValidationErrorHandling::test_context_preservation_in_errors PASSED [ 84%]
tests/unit/apis/utils/test_response_validation_security.py::TestValidationErrorHandling::test_validate_required_fields_edge_cases PASSED [ 84%]
tests/unit/config/test_test_configs.py::TestTestConfigurationFixtures::test_test_config_file_path_fixture PASSED [ 84%]
tests/unit/config/test_test_configs.py::TestTestConfigurationFixtures::test_test_secrets_file_path_fixture PASSED [ 84%]
tests/unit/config/test_test_configs.py::TestTestConfigurationFixtures::test_test_app_settings_fixture PASSED [ 84%]
tests/unit/config/test_test_configs.py::TestTestConfigurationFixtures::test_test_secrets_config_fixture PASSED [ 85%]
tests/unit/config/test_test_configs.py::TestTestConfigurationFixtures::test_hl_test_environment_from_config_default PASSED [ 85%]
tests/unit/config/test_test_configs.py::TestTestConfigurationFixtures::test_hl_test_environment_from_config_with_env_var PASSED [ 85%]
tests/unit/core/execution/orders/test_market_order.py::TestMarketOrder::test_execute_market_order_success PASSED [ 85%]
tests/unit/core/execution/orders/test_market_order.py::TestMarketOrder::test_execute_market_order_partial_fill PASSED [ 85%]
tests/unit/core/execution/orders/test_market_order.py::TestMarketOrder::test_execute_market_order_cancelled PASSED [ 85%]
tests/unit/core/execution/orders/test_market_order.py::TestMarketOrder::test_execute_market_order_disabled PASSED [ 85%]
tests/unit/core/execution/orders/test_market_order.py::TestMarketOrder::test_execute_market_order_with_slippage PASSED [ 85%]
tests/unit/core/execution/orders/test_market_order.py::TestMarketOrder::test_execute_market_order_with_client_id PASSED [ 85%]
tests/unit/core/execution/orders/test_market_order.py::TestMarketOrder::test_execute_market_order_timeout PASSED [ 85%]
tests/unit/core/execution/orders/test_market_order.py::TestMarketOrder::test_execute_market_order_with_retry SKIPPED [ 85%]
tests/unit/core/execution/orders/test_market_order.py::TestMarketOrder::test_execute_market_order_with_retry_no_fill PASSED [ 85%]
tests/unit/core/execution/orders/test_market_order.py::TestMarketOrder::test_validate_order_parameters PASSED [ 85%]
tests/unit/core/execution/orders/test_market_order.py::TestMarketOrder::test_service_error_propagation PASSED [ 85%]
tests/unit/core/execution/orders/test_market_order.py::TestMarketOrder::test_sell_order_execution PASSED [ 85%]
tests/unit/core/execution/orders/test_market_order_config.py::TestMarketOrderConfig::test_default_config_creation PASSED [ 85%]
tests/unit/core/execution/orders/test_market_order_config.py::TestMarketOrderConfig::test_custom_config_creation PASSED [ 85%]
tests/unit/core/execution/orders/test_market_order_config.py::TestMarketOrderConfig::test_slippage_by_symbol_default PASSED [ 85%]
tests/unit/core/execution/orders/test_market_order_config.py::TestMarketOrderConfig::test_get_slippage_for_symbol PASSED [ 85%]
tests/unit/core/execution/orders/test_market_order_config.py::TestMarketOrderConfig::test_custom_slippage_by_symbol PASSED [ 85%]
tests/unit/core/execution/orders/test_market_order_config.py::TestMarketOrderConfig::test_validate_slippage PASSED [ 85%]
tests/unit/core/execution/orders/test_market_order_config.py::TestMarketOrderConfig::test_percentage_validation PASSED [ 85%]
tests/unit/core/execution/orders/test_market_order_config.py::TestMarketOrderConfig::test_liquidity_ratio_validation PASSED [ 85%]
tests/unit/core/execution/orders/test_market_order_config.py::TestMarketOrderConfig::test_timeout_validation PASSED [ 85%]
tests/unit/core/execution/orders/test_market_order_config.py::TestMarketOrderConfig::test_slippage_map_validation PASSED [ 85%]
tests/unit/core/execution/orders/test_market_order_config.py::TestMarketOrderConfig::test_config_immutability PASSED [ 85%]
tests/unit/core/execution/orders/test_market_order_config.py::TestMarketOrderConfig::test_config_serialization PASSED [ 85%]
tests/unit/core/execution/orders/test_market_order_config.py::TestMarketOrderConfig::test_config_deserialization PASSED [ 85%]
tests/unit/core/execution/orders/test_market_order_service.py::TestMarketOrderService::test_calculate_aggressive_price_buy PASSED [ 85%]
tests/unit/core/execution/orders/test_market_order_service.py::TestMarketOrderService::test_calculate_aggressive_price_sell PASSED [ 85%]
tests/unit/core/execution/orders/test_market_order_service.py::TestMarketOrderService::test_insufficient_liquidity_error PASSED [ 85%]
tests/unit/core/execution/orders/test_market_order_service.py::TestMarketOrderService::test_no_order_book_error PASSED [ 85%]
tests/unit/core/execution/orders/test_market_order_service.py::TestMarketOrderService::test_max_slippage_override PASSED [ 85%]
tests/unit/core/execution/orders/test_market_order_service.py::TestMarketOrderService::test_price_deviation_error PASSED [ 85%]
tests/unit/core/execution/orders/test_market_order_service.py::TestMarketOrderService::test_calculate_liquidity_ratio PASSED [ 85%]
tests/unit/core/execution/orders/test_market_order_service.py::TestMarketOrderService::test_estimate_slippage_fallback PASSED [ 86%]
tests/unit/core/execution/orders/test_market_order_service.py::TestMarketOrderService::test_estimate_slippage_no_generator PASSED [ 86%]
tests/unit/core/execution/orders/test_market_order_service.py::TestMarketOrderService::test_get_reference_price_all_mids PASSED [ 86%]
tests/unit/core/execution/orders/test_market_order_service.py::TestMarketOrderService::test_get_reference_price_all_mids_disabled PASSED [ 86%]
tests/unit/core/execution/orders/test_market_order_service.py::TestMarketOrderService::test_get_reference_price_all_mids_error PASSED [ 86%]
tests/unit/core/execution/orders/test_market_order_service.py::TestMarketOrderService::test_validate_config PASSED [ 86%]
tests/unit/core/execution/orders/test_market_order_service.py::TestMarketOrderService::test_round_to_tick_size PASSED [ 86%]
tests/unit/core/execution/orders/test_market_order_service.py::TestMarketOrderService::test_empty_order_book_levels PASSED [ 86%]
tests/unit/core/models/market/test_candle.py::TestCandle::test_valid_creation PASSED [ 86%]
tests/unit/core/models/market/test_candle.py::TestCandle::test_creation_with_parsable_data PASSED [ 86%]
tests/unit/core/models/market/test_candle.py::TestCandle::test_required_fields[symbol] PASSED [ 86%]
tests/unit/core/models/market/test_candle.py::TestCandle::test_required_fields[interval] PASSED [ 86%]
tests/unit/core/models/market/test_candle.py::TestCandle::test_required_fields[open_time] PASSED [ 86%]
tests/unit/core/models/market/test_candle.py::TestCandle::test_required_fields[open] PASSED [ 86%]
tests/unit/core/models/market/test_candle.py::TestCandle::test_required_fields[high] PASSED [ 86%]
tests/unit/core/models/market/test_candle.py::TestCandle::test_required_fields[low] PASSED [ 86%]
tests/unit/core/models/market/test_candle.py::TestCandle::test_required_fields[close] PASSED [ 86%]
tests/unit/core/models/market/test_candle.py::TestCandle::test_required_fields[volume] PASSED [ 86%]
tests/unit/core/models/market/test_candle.py::TestCandle::test_symbol_validation PASSED [ 86%]
tests/unit/core/models/market/test_candle.py::TestCandle::test_interval_validation PASSED [ 86%]
tests/unit/core/models/market/test_candle.py::TestCandle::test_open_time_validation PASSED [ 86%]
tests/unit/core/models/market/test_candle.py::TestCandle::test_decimal_parsing_finiteness_required[open] PASSED [ 86%]
tests/unit/core/models/market/test_candle.py::TestCandle::test_decimal_parsing_finiteness_required[high] PASSED [ 86%]
tests/unit/core/models/market/test_candle.py::TestCandle::test_decimal_parsing_finiteness_required[low] PASSED [ 86%]
tests/unit/core/models/market/test_candle.py::TestCandle::test_decimal_parsing_finiteness_required[close] PASSED [ 86%]
tests/unit/core/models/market/test_candle.py::TestCandle::test_decimal_parsing_finiteness_required[volume] PASSED [ 86%]
tests/unit/core/models/market/test_candle.py::TestCandle::test_positive_price_validation[open] PASSED [ 86%]
tests/unit/core/models/market/test_candle.py::TestCandle::test_positive_price_validation[high] PASSED [ 86%]
tests/unit/core/models/market/test_candle.py::TestCandle::test_positive_price_validation[low] PASSED [ 86%]
tests/unit/core/models/market/test_candle.py::TestCandle::test_positive_price_validation[close] PASSED [ 86%]
tests/unit/core/models/market/test_candle.py::TestCandle::test_non_negative_volume_validation PASSED [ 86%]
tests/unit/core/models/market/test_candle.py::TestCandle::test_ohlc_consistency_validation PASSED [ 86%]
tests/unit/core/models/market/test_candle.py::TestCandle::test_extra_fields_forbidden PASSED [ 86%]
tests/unit/core/models/market/test_candle.py::TestCandle::test_immutability PASSED [ 86%]
tests/unit/core/models/market/test_funding_rate.py::TestFundingRate::test_core_required_fields PASSED [ 86%]
tests/unit/core/models/market/test_funding_rate.py::TestFundingRate::test_core_minimal_creation PASSED [ 87%]
tests/unit/core/models/market/test_funding_rate.py::TestFundingRate::test_core_complete_creation PASSED [ 87%]
tests/unit/core/models/market/test_funding_rate.py::TestFundingRate::test_core_with_extension_slots_populated PASSED [ 87%]
tests/unit/core/models/market/test_funding_rate.py::TestFundingRate::test_core_with_extension_slots_none PASSED [ 87%]
tests/unit/core/models/market/test_funding_rate.py::TestFundingRate::test_validation_symbol PASSED [ 87%]
tests/unit/core/models/market/test_funding_rate.py::TestFundingRate::test_validation_timestamp_required PASSED [ 87%]
tests/unit/core/models/market/test_funding_rate.py::TestFundingRate::test_validation_timestamp_parsing PASSED [ 87%]
tests/unit/core/models/market/test_funding_rate.py::TestFundingRate::test_validation_price_parsing PASSED [ 87%]
tests/unit/core/models/market/test_funding_rate.py::TestFundingRate::test_validation_price_constraints PASSED [ 87%]
tests/unit/core/models/market/test_funding_rate.py::TestFundingRate::test_validation_finite_decimals PASSED [ 87%]
tests/unit/core/models/market/test_funding_rate.py::TestFundingRate::test_validation_rates_zero_allowed PASSED [ 87%]
tests/unit/core/models/market/test_funding_rate.py::TestFundingRate::test_extra_fields_forbidden PASSED [ 87%]
tests/unit/core/models/market/test_funding_rate.py::TestFundingRate::test_immutability PASSED [ 87%]
tests/unit/core/models/market/test_funding_rate.py::TestHyperliquidFundingDetails::test_creation PASSED [ 87%]
tests/unit/core/models/market/test_funding_rate.py::TestHyperliquidFundingDetails::test_string_parsing PASSED [ 87%]
tests/unit/core/models/market/test_funding_rate.py::TestHyperliquidFundingDetails::test_validation_finite_decimals PASSED [ 87%]
tests/unit/core/models/market/test_funding_rate.py::TestHyperliquidFundingDetails::test_extra_fields_ignored PASSED [ 87%]
tests/unit/core/models/market/test_funding_rate.py::TestHyperliquidFundingDetails::test_immutability PASSED [ 87%]
tests/unit/core/models/market/test_funding_rate.py::TestBackpackFundingDetails::test_creation PASSED [ 87%]
tests/unit/core/models/market/test_funding_rate.py::TestBackpackFundingDetails::test_extra_fields_ignored PASSED [ 87%]
tests/unit/core/models/market/test_funding_rate.py::TestBackpackFundingDetails::test_immutability PASSED [ 87%]
tests/unit/core/models/market/test_market.py::TestMarket::test_minimal_creation_required_fields PASSED [ 87%]
tests/unit/core/models/market/test_market.py::TestMarket::test_full_creation_with_valid_data PASSED [ 87%]
tests/unit/core/models/market/test_market.py::TestMarket::test_creation_with_parsable_data PASSED [ 87%]
tests/unit/core/models/market/test_market.py::TestMarket::test_required_fields_validation PASSED [ 87%]
tests/unit/core/models/market/test_market.py::TestMarket::test_string_field_validation PASSED [ 87%]
tests/unit/core/models/market/test_market.py::TestMarket::test_tick_size_step_size_validation PASSED [ 87%]
tests/unit/core/models/market/test_market.py::TestMarket::test_optional_price_quantity_validation PASSED [ 87%]
tests/unit/core/models/market/test_market.py::TestMarket::test_non_finite_decimal_rejection PASSED [ 87%]
tests/unit/core/models/market/test_market.py::TestMarket::test_created_at_parsing PASSED [ 87%]
tests/unit/core/models/market/test_market.py::TestMarket::test_market_immutability PASSED [ 87%]
tests/unit/core/models/market/test_market.py::TestMarket::test_extra_fields_forbidden PASSED [ 87%]
tests/unit/core/models/market/test_market.py::TestMarket::test_backpack_market_details PASSED [ 87%]
tests/unit/core/models/market/test_market.py::TestMarket::test_hyperliquid_market_details PASSED [ 87%]
tests/unit/core/models/market/test_market.py::TestMarket::test_both_extension_slots PASSED [ 87%]
tests/unit/core/models/market/test_market.py::TestMarket::test_decimal_parsing_edge_cases PASSED [ 88%]
tests/unit/core/models/market/test_market.py::TestMarket::test_decimal_types PASSED [ 88%]
tests/unit/core/models/market/test_order.py::test_order_minimal_valid PASSED [ 88%]
tests/unit/core/models/market/test_order.py::test_order_all_core_fields PASSED [ 88%]
tests/unit/core/models/market/test_order.py::test_order_required_fields_missing PASSED [ 88%]
tests/unit/core/models/market/test_order.py::test_order_invalid_core_field_values[exchange--exchange.*String should not be empty] PASSED [ 88%]
tests/unit/core/models/market/test_order.py::test_order_invalid_core_field_values[symbol-None-symbol.*Value error, symbol: Value cannot be None] PASSED [ 88%]
tests/unit/core/models/market/test_order.py::test_order_invalid_core_field_values[client_order_id-   -client_order_id.*String should not be empty] PASSED [ 88%]
tests/unit/core/models/market/test_order.py::test_order_invalid_core_field_values[exchange_order_id-id-id-id-id-id-id-id-id-id-id-id-id-id-id-id-id-id-id-id-id-id-id-id-id-id-id-id-id-id-id-id-id-id-id-id-id-id-id-id-id-id-id-id-id-id-id-id-id-id-id--exchange_order_id.*ensure this value has at most 128 characters] PASSED [ 88%]
tests/unit/core/models/market/test_order.py::test_order_invalid_core_field_values[side-INVALID-side.*Input should be .*BUY.* or .*SELL] PASSED [ 88%]
tests/unit/core/models/market/test_order.py::test_order_invalid_core_field_values[order_type-None-order_type.*Field required] PASSED [ 88%]
tests/unit/core/models/market/test_order.py::test_order_invalid_core_field_values[status-PENDING-status.*Input should be .*OrderStatus] PASSED [ 88%]
tests/unit/core/models/market/test_order.py::test_order_invalid_core_field_values[time_in_force-GOOD_TIL_FRIDAY-time_in_force.*Input should be .*TimeInForce] PASSED [ 88%]
tests/unit/core/models/market/test_order.py::test_order_invalid_core_field_values[trigger_by-INDEX-trigger_by.*Input should be .*TriggerType] PASSED [ 88%]
tests/unit/core/models/market/test_order.py::test_order_invalid_core_field_values[quantity_requested-0-quantity_requested.*Input should be greater than 0] PASSED [ 88%]
tests/unit/core/models/market/test_order.py::test_order_invalid_core_field_values[quantity_requested--1-quantity_requested.*Input should be greater than 0] PASSED [ 88%]
tests/unit/core/models/market/test_order.py::test_order_invalid_core_field_values[quantity_requested-value11-quantity_requested.*Value must be finite] PASSED [ 88%]
tests/unit/core/models/market/test_order.py::test_order_invalid_core_field_values[quote_quantity_requested-value12-quote_quantity_requested.*Input should be greater than 0] PASSED [ 88%]
tests/unit/core/models/market/test_order.py::test_order_invalid_core_field_values[price-value13-price.*Input should be greater than 0] PASSED [ 88%]
tests/unit/core/models/market/test_order.py::test_order_invalid_core_field_values[stop_price-value14-stop_price.*Value must be finite if provided] PASSED [ 88%]
tests/unit/core/models/market/test_order.py::test_order_invalid_core_field_values[average_fill_price-abc-average_fill_price.*Cannot convert 'abc' to Decimal] PASSED [ 88%]
tests/unit/core/models/market/test_order.py::test_order_invalid_core_field_values[quantity_filled-value16-quantity_filled.*Input should be greater than or equal to 0] PASSED [ 88%]
tests/unit/core/models/market/test_order.py::test_order_invalid_core_field_values[quantity_filled-None-quantity_filled.*Value error, quantity_filled: Value cannot be None] PASSED [ 88%]
tests/unit/core/models/market/test_order.py::test_order_invalid_core_field_values[reduce_only-maybe-reduce_only.*Input should be a valid boolean] PASSED [ 88%]
tests/unit/core/models/market/test_order.py::test_order_invalid_core_field_values[post_only-value19-post_only.*Input should be a valid boolean] PASSED [ 88%]
tests/unit/core/models/market/test_order.py::test_order_invalid_core_field_values[created_at-None-created_at.*Value error, created_at: Required datetime parsed as None or invalid] PASSED [ 88%]
tests/unit/core/models/market/test_order.py::test_order_invalid_core_field_values[updated_at-yesterday-updated_at.*Cannot parse ISO datetime string] PASSED [ 88%]
tests/unit/core/models/market/test_order.py::test_order_model_validation_failures PASSED [ 88%]
tests/unit/core/models/market/test_order.py::test_order_mutability PASSED [ 88%]
tests/unit/core/models/market/test_order.py::test_order_extra_fields_forbidden PASSED [ 88%]
tests/unit/core/models/market/test_order.py::test_hl_details_creation_and_immutability PASSED [ 88%]
tests/unit/core/models/market/test_order.py::test_hl_details_invalid_field_values[remaining_sz-value0-Input should be greater than or equal to 0] PASSED [ 88%]
tests/unit/core/models/market/test_order.py::test_hl_details_invalid_field_values[remaining_sz-value1-must be finite if provided] PASSED [ 88%]
tests/unit/core/models/market/test_order.py::test_hl_details_invalid_field_values[remaining_sz-abc-decimal validation failed.*Cannot convert to Decimal] PASSED [ 88%]
tests/unit/core/models/market/test_order.py::test_hl_details_extra_fields_ignored PASSED [ 88%]
tests/unit/core/models/market/test_order.py::test_bp_details_creation_and_immutability PASSED [ 89%]
tests/unit/core/models/market/test_order.py::test_bp_details_invalid_field_values[executed_quote_quantity-value0-executed_quote_quantity.*Input should be greater than or equal to 0] PASSED [ 89%]
tests/unit/core/models/market/test_order.py::test_bp_details_invalid_field_values[executed_quote_quantity-invalid-executed_quote_quantity.*Cannot convert 'invalid' to Decimal] PASSED [ 89%]
tests/unit/core/models/market/test_order.py::test_bp_details_invalid_field_values[sl_trigger_price-value2-sl_trigger_price.*Input should be greater than 0] PASSED [ 89%]
tests/unit/core/models/market/test_order.py::test_bp_details_invalid_field_values[sl_limit_price-value3-sl_limit_price.*Input should be greater than 0] PASSED [ 89%]
tests/unit/core/models/market/test_order.py::test_bp_details_invalid_field_values[tp_trigger_price-value4-tp_trigger_price.*Value must be finite if provided] PASSED [ 89%]
tests/unit/core/models/market/test_order.py::test_bp_details_invalid_field_values[tp_limit_price-value5-tp_limit_price.*Value must be finite if provided] PASSED [ 89%]
tests/unit/core/models/market/test_order.py::test_bp_details_invalid_field_values[trigger_quantity-value6-trigger_quantity.*Input should be greater than 0] PASSED [ 89%]
tests/unit/core/models/market/test_order.py::test_bp_details_invalid_field_values[self_trade_prevention-REJECT_INVALID-self_trade_prevention.*Input should be .*SelfTradePrevention] PASSED [ 89%]
tests/unit/core/models/market/test_order.py::test_bp_details_invalid_field_values[expiry_reason-999-expiry_reason.*Input should be .*OrderExpiryReason] PASSED [ 89%]
tests/unit/core/models/market/test_order.py::test_bp_details_invalid_field_values[origin-EXTERNAL_SYSTEM-origin.*Input should be .*OrderUpdateOrigin] PASSED [ 89%]
tests/unit/core/models/market/test_order.py::test_bp_details_invalid_field_values[sl_trigger_by-OraclePrice-sl_trigger_by.*Input should be .*TriggerType] PASSED [ 89%]
tests/unit/core/models/market/test_order.py::test_bp_details_invalid_field_values[tp_trigger_by-None-] PASSED [ 89%]
tests/unit/core/models/market/test_order.py::test_bp_details_extra_fields_ignored PASSED [ 89%]
tests/unit/core/models/market/test_order.py::TestOrderModel::test_update_order_status PASSED [ 89%]
tests/unit/core/models/market/test_order_book.py::TestOrderBook::test_minimal_creation PASSED [ 89%]
tests/unit/core/models/market/test_order_book.py::TestOrderBook::test_creation_with_levels PASSED [ 89%]
tests/unit/core/models/market/test_order_book.py::TestOrderBook::test_required_fields PASSED [ 89%]
tests/unit/core/models/market/test_order_book.py::TestOrderBook::test_symbol_validation PASSED [ 89%]
tests/unit/core/models/market/test_order_book.py::TestOrderBook::test_timestamp_validation_required PASSED [ 89%]
tests/unit/core/models/market/test_order_book.py::TestOrderBook::test_timestamp_validation_parsing PASSED [ 89%]
tests/unit/core/models/market/test_order_book.py::TestOrderBook::test_level_validation_and_parsing FAILED [ 89%]
tests/unit/core/models/market/test_order_book.py::TestOrderBook::test_extra_fields_forbidden PASSED [ 89%]
tests/unit/core/models/market/test_order_book.py::TestOrderBook::test_immutability PASSED [ 89%]
tests/unit/core/models/market/test_ticker.py::TestTicker::test_minimal_creation_required_fields PASSED [ 89%]
tests/unit/core/models/market/test_ticker.py::TestTicker::test_full_creation_with_valid_data PASSED [ 89%]
tests/unit/core/models/market/test_ticker.py::TestTicker::test_creation_with_parsable_data PASSED [ 89%]
tests/unit/core/models/market/test_ticker.py::TestTicker::test_required_fields_validation PASSED [ 89%]
tests/unit/core/models/market/test_ticker.py::TestTicker::test_symbol_validation PASSED [ 89%]
tests/unit/core/models/market/test_ticker.py::TestTicker::test_timestamp_validation PASSED [ 89%]
tests/unit/core/models/market/test_ticker.py::TestTicker::test_decimal_fields_parsing_and_validation[price] PASSED [ 89%]
tests/unit/core/models/market/test_ticker.py::TestTicker::test_decimal_fields_parsing_and_validation[bid] PASSED [ 89%]
tests/unit/core/models/market/test_ticker.py::TestTicker::test_decimal_fields_parsing_and_validation[ask] PASSED [ 89%]
tests/unit/core/models/market/test_ticker.py::TestTicker::test_decimal_fields_parsing_and_validation[volume] PASSED [ 89%]
tests/unit/core/models/market/test_ticker.py::TestTicker::test_extra_fields_forbidden PASSED [ 89%]
tests/unit/core/models/market/test_ticker.py::TestTicker::test_immutability PASSED [ 90%]
tests/unit/core/models/market/test_trade.py::test_trade_minimal_valid PASSED [ 90%]
tests/unit/core/models/market/test_trade.py::test_trade_with_all_optionals PASSED [ 90%]
tests/unit/core/models/market/test_trade.py::test_trade_cost_computed PASSED [ 90%]
tests/unit/core/models/market/test_trade.py::test_trade_id_and_order_id_validation PASSED [ 90%]
tests/unit/core/models/market/test_trade.py::test_trade_fee_asset_required PASSED [ 90%]
tests/unit/core/models/market/test_trade.py::test_trade_negative_fee_allowed PASSED [ 90%]
tests/unit/core/models/market/test_trade.py::test_trade_positive_constraints PASSED [ 90%]
tests/unit/core/models/market/test_trade.py::test_trade_decimal_parsing PASSED [ 90%]
tests/unit/core/models/market/test_trade.py::test_trade_optional_string_fields PASSED [ 90%]
tests/unit/core/models/market/test_trade.py::test_trade_optional_decimal_fields PASSED [ 90%]
tests/unit/core/models/market/test_trade.py::test_trade_custom_to_dict_serialization PASSED [ 90%]
tests/unit/core/models/market/test_trade.py::test_trade_model_dump_json_serialization PASSED [ 90%]
tests/unit/core/models/market/test_trade.py::test_hyperliquid_trade_details_validation PASSED [ 90%]
tests/unit/core/models/market/test_trade.py::test_backpack_trade_details_validation PASSED [ 90%]
tests/unit/core/models/market/test_trade.py::test_trade_enrichment_slots_acceptance_and_serialization PASSED [ 90%]
tests/unit/core/models/market/test_trade.py::test_trade_enrichment_slots_none PASSED [ 90%]
tests/unit/core/models/market/test_trade.py::test_trade_enrichment_invalid_details FAILED [ 90%]
tests/unit/core/models/test_derivative_position.py::test_derivative_position_successful_creation PASSED [ 90%]
tests/unit/core/models/test_derivative_position.py::test_derivative_position_flat_creation PASSED [ 90%]
tests/unit/core/models/test_derivative_position.py::test_derivative_position_short_creation PASSED [ 90%]
tests/unit/core/models/test_derivative_position.py::test_derivative_position_with_hl_details PASSED [ 90%]
tests/unit/core/models/test_derivative_position.py::test_derivative_position_with_bp_details PASSED [ 90%]
tests/unit/core/models/test_derivative_position.py::test_derivative_position_mutability PASSED [ 90%]
tests/unit/core/models/test_derivative_position.py::test_derivative_position_invalid_field_inputs[exchange-None-Expected string, got NoneType] FAILED [ 90%]
tests/unit/core/models/test_derivative_position.py::test_derivative_position_invalid_field_inputs[exchange--Field exchange: String cannot be empty] FAILED [ 90%]
tests/unit/core/models/test_derivative_position.py::test_derivative_position_invalid_field_inputs[symbol-None-Expected string, got NoneType] FAILED [ 90%]
tests/unit/core/models/test_derivative_position.py::test_derivative_position_invalid_field_inputs[symbol-   -Field symbol: String cannot be empty] FAILED [ 90%]
tests/unit/core/models/test_derivative_position.py::test_derivative_position_invalid_field_inputs[symbol-SSSSSSSSSSSSSSSSSSSSSSSSSSSSSSSSSSSSSSSSSSSSSSSSSSSSSSSSSSSSSSSSS-String value too long] FAILED [ 90%]
tests/unit/core/models/test_derivative_position.py::test_derivative_position_invalid_field_inputs[side-None-Input should be 'BUY' or 'SELL'] PASSED [ 90%]
tests/unit/core/models/test_derivative_position.py::test_derivative_position_invalid_field_inputs[side-NEUTRAL-Input should be 'BUY' or 'SELL'] PASSED [ 90%]
tests/unit/core/models/test_derivative_position.py::test_derivative_position_invalid_field_inputs[size-None-size: Value cannot be None] FAILED [ 90%]
tests/unit/core/models/test_derivative_position.py::test_derivative_position_invalid_field_inputs[size-not-a-number-Cannot convert 'not-a-number' to Decimal] FAILED [ 90%]
tests/unit/core/models/test_derivative_position.py::test_derivative_position_invalid_field_inputs[size-value9-size: Value must be finite] FAILED [ 90%]
tests/unit/core/models/test_derivative_position.py::test_derivative_position_invalid_field_inputs[size-value10-size: Value must be finite] FAILED [ 90%]
tests/unit/core/models/test_derivative_position.py::test_derivative_position_invalid_field_inputs[timestamp-None-timestamp: Value cannot be None] FAILED [ 90%]
tests/unit/core/models/test_derivative_position.py::test_derivative_position_invalid_field_inputs[timestamp-2023-13-01T00:00:00Z-timestamp: Cannot parse string .* as ISO datetime .* or as numeric timestamp] FAILED [ 91%]
tests/unit/core/models/test_derivative_position.py::test_derivative_position_invalid_field_inputs[entry_price-value13-entry_price: Value must be finite if provided] FAILED [ 91%]
tests/unit/core/models/test_derivative_position.py::test_derivative_position_invalid_field_inputs[mark_price-value14-Input should be greater than or equal to 0] PASSED [ 91%]
tests/unit/core/models/test_derivative_position.py::test_derivative_position_invalid_field_inputs[mark_price-value15-mark_price: Value must be finite if provided] FAILED [ 91%]
tests/unit/core/models/test_derivative_position.py::test_derivative_position_invalid_field_inputs[liquidation_price-value16-Input should be greater than or equal to 0] PASSED [ 91%]
tests/unit/core/models/test_derivative_position.py::test_derivative_position_invalid_field_inputs[unrealized_pnl-value17-unrealized_pnl: Value must be finite if provided] FAILED [ 91%]
tests/unit/core/models/test_derivative_position.py::test_derivative_position_invalid_field_inputs[strategy_name-12345-Expected string, got int] FAILED [ 91%]
tests/unit/core/models/test_derivative_position.py::test_derivative_position_invalid_field_inputs[strategy_name-AAAAAAAAAAAAAAAAAAAAAAAAAAAAAAAAAAAAAAAAAAAAAAAAAAAAAAAAAAAAAAAAAAAAAAAAAAAAAAAAAAAAAAAAAAAAAAAAAAAAAAAAAAAAAAAAAAAAAAAAAAAAAAAAA-String value too long] FAILED [ 91%]
tests/unit/core/models/test_derivative_position.py::test_derivative_position_invalid_field_inputs[signal_id-value20-Expected string, got dict] FAILED [ 91%]
tests/unit/core/models/test_derivative_position.py::test_derivative_position_model_validation_failures PASSED [ 91%]
tests/unit/core/models/test_derivative_position.py::test_derivative_position_extra_fields PASSED [ 91%]
tests/unit/core/models/test_derivative_position.py::test_hyperliquid_details_creation_and_immutability PASSED [ 91%]
tests/unit/core/models/test_derivative_position.py::test_hyperliquid_details_invalid_fields[leverage_type-sideways-Invalid value] FAILED [ 91%]
tests/unit/core/models/test_derivative_position.py::test_hyperliquid_details_invalid_fields[leverage_type-123-Expected string] FAILED [ 91%]
tests/unit/core/models/test_derivative_position.py::test_hyperliquid_details_invalid_fields[leverage_value--1-Must be non-negative] PASSED [ 91%]
tests/unit/core/models/test_derivative_position.py::test_hyperliquid_details_invalid_fields[leverage_value-abc-Expected int, got str] FAILED [ 91%]
tests/unit/core/models/test_derivative_position.py::test_hyperliquid_details_invalid_fields[max_leverage--5-Must be non-negative] PASSED [ 91%]
tests/unit/core/models/test_derivative_position.py::test_hyperliquid_details_invalid_fields[margin_used-value5-Input should be greater than or equal to 0] PASSED [ 91%]
tests/unit/core/models/test_derivative_position.py::test_hyperliquid_details_invalid_fields[margin_used-value6-Value must be finite if provided] FAILED [ 91%]
tests/unit/core/models/test_derivative_position.py::test_hyperliquid_details_extra_fields_ignored PASSED [ 91%]
tests/unit/core/models/test_derivative_position.py::test_backpack_details_creation_and_immutability PASSED [ 91%]
tests/unit/core/models/test_derivative_position.py::test_backpack_details_invalid_fields[imf_base-value0-Value must be finite if provided] FAILED [ 91%]
tests/unit/core/models/test_derivative_position.py::test_backpack_details_invalid_fields[imf_factor-invalid-Cannot convert 'invalid' to Decimal] FAILED [ 91%]
tests/unit/core/models/test_derivative_position.py::test_backpack_details_invalid_fields[cumulative_funding-value2-Value must be finite if provided] FAILED [ 91%]
tests/unit/core/models/test_derivative_position.py::test_backpack_details_extra_fields_ignored PASSED [ 91%]
tests/unit/core/models/test_margin_account.py::test_margin_summary_creation_all_fields PASSED [ 91%]
tests/unit/core/models/test_margin_account.py::test_margin_summary_creation_required_only PASSED [ 91%]
tests/unit/core/models/test_margin_account.py::test_margin_summary_creation_with_strings PASSED [ 91%]
tests/unit/core/models/test_margin_account.py::test_margin_summary_invalid_field_inputs[exchange-None-Expected string, got NoneType] FAILED [ 91%]
tests/unit/core/models/test_margin_account.py::test_margin_summary_invalid_field_inputs[exchange- -Field exchange: String cannot be empty] FAILED [ 91%]
tests/unit/core/models/test_margin_account.py::test_margin_summary_invalid_field_inputs[exchange-xxxxxxxxxxxxxxxxxxxxxxxxxxxxxxxxxxxxxxxxxxxxxxxxxxxxxxxxxxxxxxxxx-String value too long] FAILED [ 91%]
tests/unit/core/models/test_margin_account.py::test_margin_summary_invalid_field_inputs[timestamp-None-Required datetime value parsed as None or was invalid] PASSED [ 91%]
tests/unit/core/models/test_margin_account.py::test_margin_summary_invalid_field_inputs[timestamp-not-a-date-timestamp: Cannot parse string .* as ISO datetime .* or as numeric timestamp] FAILED [ 91%]
tests/unit/core/models/test_margin_account.py::test_margin_summary_invalid_field_inputs[total_equity-None-total_equity: Value cannot be None] FAILED [ 91%]
tests/unit/core/models/test_margin_account.py::test_margin_summary_invalid_field_inputs[total_equity-value6-Input should be greater than or equal to 0] PASSED [ 91%]
tests/unit/core/models/test_margin_account.py::test_margin_summary_invalid_field_inputs[total_equity-value7-total_equity: Value must be finite] FAILED [ 92%]
tests/unit/core/models/test_margin_account.py::test_margin_summary_invalid_field_inputs[available_equity-invalid-Cannot convert 'invalid' to Decimal] FAILED [ 92%]
tests/unit/core/models/test_margin_account.py::test_margin_summary_invalid_field_inputs[available_equity-value9-Input should be greater than or equal to 0] PASSED [ 92%]
tests/unit/core/models/test_margin_account.py::test_margin_summary_invalid_field_inputs[total_initial_margin_required-value10-Input should be greater than or equal to 0] PASSED [ 92%]
tests/unit/core/models/test_margin_account.py::test_margin_summary_invalid_field_inputs[total_maintenance_margin_required-value11-total_maintenance_margin_required: Value must be finite if provided] FAILED [ 92%]
tests/unit/core/models/test_margin_account.py::test_margin_summary_invalid_field_inputs[total_position_notional-value12-Input should be greater than or equal to 0] PASSED [ 92%]
tests/unit/core/models/test_margin_account.py::test_margin_summary_invalid_field_inputs[total_unrealized_pnl-value13-total_unrealized_pnl: Value must be finite if provided] FAILED [ 92%]
tests/unit/core/models/test_margin_account.py::test_margin_summary_missing_required_fields PASSED [ 92%]
tests/unit/core/models/test_margin_account.py::test_margin_summary_extra_fields PASSED [ 92%]
tests/unit/core/models/test_margin_account.py::test_margin_summary_immutability PASSED [ 92%]
tests/unit/core/models/test_margin_account.py::test_hyperliquid_margin_details_creation_and_immutability PASSED [ 92%]
tests/unit/core/models/test_margin_account.py::test_hyperliquid_margin_details_invalid_fields[cross_maintenance_margin_used-value0-Input should be greater than or equal to 0] PASSED [ 92%]
tests/unit/core/models/test_margin_account.py::test_hyperliquid_margin_details_invalid_fields[cross_maintenance_margin_used-value1-Value must be finite] FAILED [ 92%]
tests/unit/core/models/test_margin_account.py::test_hyperliquid_margin_details_invalid_fields[isolated_maintenance_margin_used-abc-Cannot convert 'abc' to Decimal] FAILED [ 92%]
tests/unit/core/models/test_margin_account.py::test_hyperliquid_margin_details_invalid_fields[isolated_maintenance_margin_used-None-Value error, isolated_maintenance_margin_used: Value cannot be None] FAILED [ 92%]
tests/unit/core/models/test_margin_account.py::test_hyperliquid_margin_details_extra_fields_ignored PASSED [ 92%]
tests/unit/core/models/test_margin_account.py::test_backpack_margin_details_creation_and_immutability PASSED [ 92%]
tests/unit/core/models/test_margin_account.py::test_backpack_margin_details_invalid_fields[assets_value-value0-Input should be greater than or equal to 0] PASSED [ 92%]
tests/unit/core/models/test_margin_account.py::test_backpack_margin_details_invalid_fields[borrow_liability-value1-Value must be finite if provided] FAILED [ 92%]
tests/unit/core/models/test_margin_account.py::test_backpack_margin_details_invalid_fields[liabilities_value-bad-decimal-Cannot convert 'bad-decimal' to Decimal] FAILED [ 92%]
tests/unit/core/models/test_margin_account.py::test_backpack_margin_details_invalid_fields[locked_equity-value3-Input should be greater than or equal to 0] PASSED [ 92%]
tests/unit/core/models/test_margin_account.py::test_backpack_margin_details_invalid_fields[margin_fraction-value4-Input should be greater than or equal to 0] PASSED [ 92%]
tests/unit/core/models/test_margin_account.py::test_backpack_margin_details_invalid_fields[imf_raw-123-Expected string, got int] FAILED [ 92%]
tests/unit/core/models/test_margin_account.py::test_backpack_margin_details_invalid_fields[mmf_raw-sssssssssssssssssssssssssssssssssssssssssssssssssssssssssssssssssssssssssssssssssssssssssssssssssssssssssssssssssssssssssssssssssssssssssssssssssssssssssssssssssssssssssssssssssssssssssssssssssssssssssssssssssssssssssssssssssssssssssssssssssssssssssssssssss-String value too long] FAILED [ 92%]
tests/unit/core/models/test_margin_account.py::test_backpack_margin_details_extra_fields_ignored PASSED [ 92%]
tests/unit/core/models/test_spot_balance.py::test_spot_balance_creation_required_only PASSED [ 92%]
tests/unit/core/models/test_spot_balance.py::test_spot_balance_creation_with_bp_details PASSED [ 92%]
tests/unit/core/models/test_spot_balance.py::test_spot_balance_creation_with_hl_details PASSED [ 92%]
tests/unit/core/models/test_spot_balance.py::test_spot_balance_creation_with_strings PASSED [ 92%]
tests/unit/core/models/test_spot_balance.py::test_spot_balance_invalid_core_field_values[exchange-None-Expected string, got NoneType] FAILED [ 92%]
tests/unit/core/models/test_spot_balance.py::test_spot_balance_invalid_core_field_values[exchange--Field exchange: String cannot be empty] FAILED [ 92%]
tests/unit/core/models/test_spot_balance.py::test_spot_balance_invalid_core_field_values[asset-None-Expected string, got NoneType] FAILED [ 92%]
tests/unit/core/models/test_spot_balance.py::test_spot_balance_invalid_core_field_values[asset-   -Field asset: String cannot be empty] FAILED [ 92%]
tests/unit/core/models/test_spot_balance.py::test_spot_balance_invalid_core_field_values[asset-AAAAAAAAAAAAAAAAAAAAAAAAAAAAAAAAAAAAAAAAAAAAAAAAAAAAAAAAAAAAAAAAA-String value too long] FAILED [ 92%]
tests/unit/core/models/test_spot_balance.py::test_spot_balance_invalid_core_field_values[timestamp-None-Required datetime value parsed as None or was invalid] PASSED [ 92%]
tests/unit/core/models/test_spot_balance.py::test_spot_balance_invalid_core_field_values[timestamp-not-a-datetime-timestamp: Cannot parse string .* as ISO datetime .* or as numeric timestamp] FAILED [ 93%]
tests/unit/core/models/test_spot_balance.py::test_spot_balance_invalid_core_field_values[total_quantity-None-total_quantity: Value cannot be None] FAILED [ 93%]
tests/unit/core/models/test_spot_balance.py::test_spot_balance_invalid_core_field_values[total_quantity-abc-Cannot convert 'abc' to Decimal] FAILED [ 93%]
tests/unit/core/models/test_spot_balance.py::test_spot_balance_invalid_core_field_values[total_quantity-value9-total_quantity: Value must be finite] FAILED [ 93%]
tests/unit/core/models/test_spot_balance.py::test_spot_balance_invalid_core_field_values[total_quantity-value10-Input should be greater than or equal to 0] PASSED [ 93%]
tests/unit/core/models/test_spot_balance.py::test_spot_balance_invalid_core_field_values[available_quantity-None-available_quantity: Value cannot be None] FAILED [ 93%]
tests/unit/core/models/test_spot_balance.py::test_spot_balance_invalid_core_field_values[available_quantity-value12-available_quantity: Value must be finite] FAILED [ 93%]
tests/unit/core/models/test_spot_balance.py::test_spot_balance_invalid_core_field_values[available_quantity-value13-Input should be greater than or equal to 0] PASSED [ 93%]
tests/unit/core/models/test_spot_balance.py::test_spot_balance_missing_required_fields PASSED [ 93%]
tests/unit/core/models/test_spot_balance.py::test_spot_balance_extra_fields PASSED [ 93%]
tests/unit/core/models/test_spot_balance.py::test_spot_balance_immutability PASSED [ 93%]
tests/unit/core/models/test_spot_balance.py::test_bp_details_creation_and_immutability PASSED [ 93%]
tests/unit/core/models/test_spot_balance.py::test_bp_details_invalid_field_values[open_order_quantity-value0-Input should be greater than or equal to 0] PASSED [ 93%]
tests/unit/core/models/test_spot_balance.py::test_bp_details_invalid_field_values[open_order_quantity-value1-Value must be finite if provided] FAILED [ 93%]
tests/unit/core/models/test_spot_balance.py::test_bp_details_invalid_field_values[lend_quantity-value2-Input should be greater than or equal to 0] PASSED [ 93%]
tests/unit/core/models/test_spot_balance.py::test_bp_details_invalid_field_values[lend_quantity-invalid-Cannot convert 'invalid' to Decimal] FAILED [ 93%]
tests/unit/core/models/test_spot_balance.py::test_bp_details_invalid_field_values[collateral_weight-value4-Value must be finite if provided] FAILED [ 93%]
tests/unit/core/models/test_spot_balance.py::test_bp_details_extra_fields_ignored PASSED [ 93%]
tests/unit/core/models/test_spot_balance.py::test_hl_details_creation_and_immutability PASSED [ 93%]
tests/unit/core/models/test_spot_balance.py::test_hl_details_extra_fields_ignored PASSED [ 93%]
tests/unit/core/models/test_trade_signal.py::test_tradesignal_minimal_valid PASSED [ 93%]
tests/unit/core/models/test_trade_signal.py::test_tradesignal_full_valid PASSED [ 93%]
tests/unit/core/models/test_trade_signal.py::test_tradesignal_missing_required_fields PASSED [ 93%]
tests/unit/core/models/test_trade_signal.py::test_tradesignal_extra_fields_forbidden PASSED [ 93%]
tests/unit/core/models/test_trade_signal.py::test_tradesignal_invalid_field_values[symbol--symbol.*String should not be empty] FAILED [ 93%]
tests/unit/core/models/test_trade_signal.py::test_tradesignal_invalid_field_values[symbol-None-symbol.*cannot be None] PASSED [ 93%]
tests/unit/core/models/test_trade_signal.py::test_tradesignal_invalid_field_values[source_strategy- -source_strategy.*String should not be empty] FAILED [ 93%]
tests/unit/core/models/test_trade_signal.py::test_tradesignal_invalid_field_values[source_strategy-aaaaaaaaaaaaaaaaaaaaaaaaaaaaaaaaaaaaaaaaaaaaaaaaaaaaaaaaaaaaaaaaaaaaaaaaaaaaaaaaaaaaaaaaaaaaaaaaaaaa-source_strategy.*ensure this value has at most 64 characters] PASSED [ 93%]
tests/unit/core/models/test_trade_signal.py::test_tradesignal_invalid_field_values[exchange--exchange.*String should not be empty] FAILED [ 93%]
tests/unit/core/models/test_trade_signal.py::test_tradesignal_invalid_field_values[exchange-aaaaaaaaaaaaaaaaaaaaaaaaaaaaaaaaaaaaaaaaaaaaaaaaaaaaaaaaaaaaaaaaaaaaaaaaaaaaaaaaaaaaaaaaaaaaaaaaaaaa-exchange.*ensure this value has at most 64 characters] PASSED [ 93%]
tests/unit/core/models/test_trade_signal.py::test_tradesignal_invalid_field_values[price-0-price.*Input should be greater than 0] PASSED [ 93%]
tests/unit/core/models/test_trade_signal.py::test_tradesignal_invalid_field_values[price--1.0-price.*Input should be greater than 0] PASSED [ 93%]
tests/unit/core/models/test_trade_signal.py::test_tradesignal_invalid_field_values[price-value8-price.*Must be finite] PASSED [ 93%]
tests/unit/core/models/test_trade_signal.py::test_tradesignal_invalid_field_values[price-invalid-price.*Cannot convert 'invalid' to Decimal] PASSED [ 93%]
tests/unit/core/models/test_trade_signal.py::test_tradesignal_invalid_field_values[quantity-0-quantity.*Input should be greater than 0] PASSED [ 93%]
tests/unit/core/models/test_trade_signal.py::test_tradesignal_invalid_field_values[quantity-value11-quantity.*Must be finite if provided] PASSED [ 94%]
tests/unit/core/models/test_trade_signal.py::test_tradesignal_invalid_field_values[stop_loss--50000-stop_loss.*Input should be greater than 0] PASSED [ 94%]
tests/unit/core/models/test_trade_signal.py::test_tradesignal_invalid_field_values[take_profit-invalid-take_profit.*Cannot convert 'invalid' to Decimal] PASSED [ 94%]
tests/unit/core/models/test_trade_signal.py::test_tradesignal_invalid_field_values[confidence-not a float-confidence.*Invalid float value] PASSED [ 94%]
tests/unit/core/models/test_trade_signal.py::test_tradesignal_invalid_field_values[confidence-value15-confidence.*Invalid float value] PASSED [ 94%]
tests/unit/core/models/test_trade_signal.py::test_tradesignal_invalid_field_values[expiration-not a datetime-expiration.*Cannot parse ISO datetime string] FAILED [ 94%]
tests/unit/core/models/test_trade_signal.py::test_tradesignal_invalid_field_values[expiration-value17-expiration.*Unsupported datetime type] FAILED [ 94%]
tests/unit/core/models/test_trade_signal.py::test_tradesignal_invalid_field_values[signal_type-UNKNOWN-signal_type.*Input should be .*SignalType] PASSED [ 94%]
tests/unit/core/models/test_trade_signal.py::test_tradesignal_invalid_field_values[side-1-side.*Input should be .*BUY.* or .*SELL] PASSED [ 94%]
tests/unit/core/models/test_trade_signal.py::test_tradesignal_exchange_list_validation FAILED [ 94%]
tests/unit/core/models/test_trade_signal.py::test_tradesignal_decimal_parsing PASSED [ 94%]
tests/unit/core/models/test_trade_signal.py::test_tradesignal_float_parsing PASSED [ 94%]
tests/unit/core/models/test_trade_signal.py::test_tradesignal_datetime_parsing PASSED [ 94%]
tests/unit/core/models/test_trade_signal.py::test_tradesignal_is_valid PASSED [ 94%]
tests/unit/core/models/test_trade_signal.py::test_tradesignal_mutability FAILED [ 94%]
tests/unit/core/services/test_portfolio_orchestrator.py::TestPortfolioOrchestrator::test_init PASSED [ 94%]
tests/unit/core/services/test_portfolio_orchestrator.py::TestPortfolioOrchestrator::test_register_api_client PASSED [ 94%]
tests/unit/core/services/test_portfolio_orchestrator.py::TestPortfolioOrchestrator::test_fetch_and_update_balances_success PASSED [ 94%]
tests/unit/core/services/test_portfolio_orchestrator.py::TestPortfolioOrchestrator::test_fetch_and_update_balances_api_error PASSED [ 94%]
tests/unit/core/services/test_portfolio_orchestrator.py::TestPortfolioOrchestrator::test_fetch_and_update_balances_no_client PASSED [ 94%]
tests/unit/core/services/test_portfolio_orchestrator.py::TestPortfolioOrchestrator::test_fetch_and_update_positions_success PASSED [ 94%]
tests/unit/core/services/test_portfolio_orchestrator.py::TestPortfolioOrchestrator::test_fetch_and_update_orders_success PASSED [ 94%]
tests/unit/core/services/test_portfolio_orchestrator.py::TestPortfolioOrchestrator::test_fetch_and_update_account_summary_success PASSED [ 94%]
tests/unit/core/services/test_portfolio_orchestrator.py::TestPortfolioOrchestrator::test_fetch_ticker_data_success PASSED [ 94%]
tests/unit/core/services/test_portfolio_orchestrator.py::TestPortfolioOrchestrator::test_orchestrate_full_reconciliation PASSED [ 94%]
tests/unit/core/services/test_portfolio_orchestrator.py::TestPortfolioOrchestrator::test_orchestrate_periodic_updates PASSED [ 94%]
tests/unit/core/services/test_portfolio_orchestrator.py::TestPortfolioOrchestrator::test_should_reconcile PASSED [ 94%]
tests/unit/core/services/test_portfolio_orchestrator.py::TestPortfolioOrchestrator::test_shutdown PASSED [ 94%]
tests/unit/core/services/test_price_data_service.py::TestPriceDataService::test_init PASSED [ 94%]
tests/unit/core/services/test_price_data_service.py::TestPriceDataService::test_register_api_client PASSED [ 94%]
tests/unit/core/services/test_price_data_service.py::TestPriceDataService::test_get_ticker_cache_miss_success PASSED [ 94%]
tests/unit/core/services/test_price_data_service.py::TestPriceDataService::test_get_ticker_cache_hit PASSED [ 94%]
tests/unit/core/services/test_price_data_service.py::TestPriceDataService::test_get_ticker_cache_expired PASSED [ 94%]
tests/unit/core/services/test_price_data_service.py::TestPriceDataService::test_get_ticker_no_client PASSED [ 94%]
tests/unit/core/services/test_price_data_service.py::TestPriceDataService::test_get_ticker_api_error PASSED [ 94%]
tests/unit/core/services/test_price_data_service.py::TestPriceDataService::test_get_ticker_api_returns_none PASSED [ 95%]
tests/unit/core/services/test_price_data_service.py::TestPriceDataService::test_cache_ticker PASSED [ 95%]
tests/unit/core/services/test_price_data_service.py::TestPriceDataService::test_get_cached_ticker_behavior PASSED [ 95%]
tests/unit/core/services/test_price_data_service.py::TestPriceDataService::test_cache_cleanup_behavior PASSED [ 95%]
tests/unit/core/services/test_price_data_service.py::TestPriceDataService::test_get_price_in_base_currency_same_asset PASSED [ 95%]
tests/unit/core/services/test_price_data_service.py::TestPriceDataService::test_get_price_in_base_currency_with_mid_price PASSED [ 95%]
tests/unit/core/services/test_price_data_service.py::TestPriceDataService::test_get_price_in_base_currency_with_bid_ask PASSED [ 95%]
tests/unit/core/services/test_price_data_service.py::TestPriceDataService::test_get_price_in_base_currency_bid_only PASSED [ 95%]
tests/unit/core/services/test_price_data_service.py::TestPriceDataService::test_get_price_in_base_currency_ask_only PASSED [ 95%]
tests/unit/core/services/test_price_data_service.py::TestPriceDataService::test_get_price_in_base_currency_try_multiple_formats PASSED [ 95%]
tests/unit/core/services/test_price_data_service.py::TestPriceDataService::test_get_price_in_base_currency_not_found PASSED [ 95%]
tests/unit/core/services/test_price_data_service.py::TestPriceDataService::test_clear_cache_specific_exchange PASSED [ 95%]
tests/unit/core/services/test_price_data_service.py::TestPriceDataService::test_clear_cache_all PASSED [ 95%]
tests/unit/core/services/test_price_data_service.py::TestPriceDataService::test_get_cache_stats PASSED [ 95%]
tests/unit/core/services/test_price_data_service.py::TestPriceDataService::test_cleanup_expired_entries PASSED [ 95%]
tests/unit/core/services/test_price_data_service.py::TestPriceDataService::test_cleanup_expired_entries_empty_cache PASSED [ 95%]
tests/unit/core/services/test_price_data_service.py::TestPriceDataService::test_concurrent_ticker_requests PASSED [ 95%]
tests/unit/core/test_execution_handler.py::test_execution_handler PASSED [ 95%]
tests/unit/core/test_portfolio_tracker.py::TestPortfolioTracker::test_initialize PASSED [ 95%]
tests/unit/core/test_portfolio_tracker.py::TestPortfolioTracker::test_update_basic_state_management PASSED [ 95%]
tests/unit/core/test_portfolio_tracker.py::TestPortfolioTracker::test_update_account_summary_method PASSED [ 95%]
tests/unit/core/test_portfolio_tracker.py::TestPortfolioTracker::test_update_ticker_data_method PASSED [ 95%]
tests/unit/core/test_portfolio_tracker.py::TestPortfolioTracker::test_update_balances_validation PASSED [ 95%]
tests/unit/core/test_portfolio_tracker.py::TestPortfolioTracker::test_update_positions_validation PASSED [ 95%]
tests/unit/core/test_portfolio_tracker.py::TestPortfolioTracker::test_update_orders_validation PASSED [ 95%]
tests/unit/core/test_portfolio_tracker.py::TestPortfolioTracker::test_update_order PASSED [ 95%]
tests/unit/core/test_portfolio_tracker.py::TestPortfolioTracker::test_update_position PASSED [ 95%]
tests/unit/core/test_portfolio_tracker.py::TestPortfolioTracker::test_update_balance PASSED [ 95%]
tests/unit/core/test_portfolio_tracker.py::TestPortfolioTracker::test_get_exchange_balance PASSED [ 95%]
tests/unit/core/test_portfolio_tracker.py::TestPortfolioTracker::test_get_total_capital PASSED [ 95%]
tests/unit/core/test_portfolio_tracker.py::TestPortfolioTracker::test_get_total_capital_different_base_currencies PASSED [ 95%]
tests/unit/core/test_portfolio_tracker.py::TestPortfolioTracker::test_get_position PASSED [ 95%]
tests/unit/core/test_portfolio_tracker.py::TestPortfolioTracker::test_get_positions_by_symbol PASSED [ 95%]
tests/unit/core/test_portfolio_tracker.py::TestPortfolioTracker::test_get_all_positions PASSED [ 95%]
tests/unit/core/test_portfolio_tracker.py::TestPortfolioTracker::test_get_order_by_id PASSED [ 95%]
tests/unit/core/test_portfolio_tracker.py::TestPortfolioTracker::test_get_open_orders PASSED [ 96%]
tests/unit/core/test_portfolio_tracker.py::TestPortfolioTracker::test_get_all_orders PASSED [ 96%]
tests/unit/core/test_portfolio_tracker.py::TestPortfolioTracker::test_calculate_pnl PASSED [ 96%]
tests/unit/core/test_signal_generator.py::TestSignalGenerator::test_init PASSED [ 96%]
tests/unit/core/test_signal_generator.py::TestSignalGenerator::test_update_historical_data PASSED [ 96%]
tests/unit/core/test_signal_generator.py::TestSignalGenerator::test_calculate_basis_volatility PASSED [ 96%]
tests/unit/core/test_signal_generator.py::TestSignalGenerator::test_calculate_funding_rate_volatility PASSED [ 96%]
tests/unit/core/test_signal_generator.py::TestSignalGenerator::test_estimate_slippage PASSED [ 96%]
tests/unit/core/test_signal_generator.py::TestSignalGenerator::test_generate_opportunities PASSED [ 96%]
tests/unit/core/test_signal_generator.py::TestSignalGenerator::test_generate_opportunities_no_eligible PASSED [ 96%]
tests/unit/core/test_signal_generator.py::TestSignalGenerator::test_generate_opportunities_single_exchange PASSED [ 96%]
tests/unit/core/test_signal_generator.py::TestSignalGenerator::test_arbitrage_opportunity_creation PASSED [ 96%]
tests/unit/core/test_signal_queue.py::test_initialization PASSED         [ 96%]
tests/unit/core/test_signal_queue.py::test_add_signal PASSED             [ 96%]
tests/unit/core/test_signal_queue.py::test_add_signal_idempotency PASSED [ 96%]
tests/unit/core/test_signal_queue.py::test_add_signal_full_queue PASSED  [ 96%]
tests/unit/core/test_signal_queue.py::test_add_signal_with_circuit_breaker_open PASSED [ 96%]
tests/unit/core/test_signal_queue.py::test_add_signal_with_circuit_breaker_closed PASSED [ 96%]
tests/unit/core/test_signal_queue.py::test_add_from_opportunity PASSED   [ 96%]
tests/unit/core/test_signal_queue.py::test_get_next_signal PASSED        [ 96%]
tests/unit/core/test_signal_queue.py::test_peek_next_signal PASSED       [ 96%]
tests/unit/core/test_signal_queue.py::test_get_signals PASSED            [ 96%]
tests/unit/core/test_signal_queue.py::test_count PASSED                  [ 96%]
tests/unit/core/test_signal_queue.py::test_clear PASSED                  [ 96%]
tests/unit/core/test_signal_queue.py::test_clean_expired_signals_direct_patch FAILED [ 96%]
tests/unit/core/test_signal_queue.py::test_trim_queue PASSED             [ 96%]
tests/unit/core/test_signal_queue.py::test_signal_expiration_logic PASSED [ 96%]
tests/unit/core/test_signal_queue.py::test_clean_expired_signals_with_helper FAILED [ 96%]
tests/unit/core/test_signal_queue.py::test_signal_creation PASSED        [ 96%]
tests/unit/core/test_signal_queue.py::test_add_signal_different_priorities PASSED [ 96%]
tests/unit/core/test_symbol_mapper.py::test_symbol_mapper_init_success PASSED [ 96%]
tests/unit/core/test_symbol_mapper.py::test_symbol_mapper_init_missing_exchanges_key PASSED [ 96%]
tests/unit/core/test_symbol_mapper.py::test_symbol_mapper_init_exchanges_not_dict PASSED [ 96%]
tests/unit/core/test_symbol_mapper.py::test_symbol_mapper_init_skips_invalid_entries PASSED [ 96%]
tests/unit/core/test_symbol_mapper.py::test_get_exchange_symbol_success PASSED [ 96%]
tests/unit/core/test_symbol_mapper.py::test_get_exchange_symbol_not_found PASSED [ 97%]
tests/unit/core/test_symbol_mapper.py::test_get_internal_symbol_success PASSED [ 97%]
tests/unit/core/test_symbol_mapper.py::test_get_internal_symbol_not_found PASSED [ 97%]
tests/unit/core/test_symbol_mapper.py::test_get_all_internal_symbols PASSED [ 97%]
tests/unit/core/test_symbol_mapper.py::test_get_exchange_symbols_for_internal PASSED [ 97%]
tests/unit/core/test_symbol_mapper.py::test_get_internal_symbols_for_exchange PASSED [ 97%]
tests/unit/core/test_symbol_mapper.py::test_empty_config PASSED          [ 97%]
tests/unit/core/test_symbol_mapper.py::test_config_with_only_empty_symbols PASSED [ 97%]
tests/unit/risk/test_risk_manager_init.py::TestRiskManagerInit::test_init PASSED [ 97%]
tests/unit/risk/test_risk_manager_init.py::TestRiskManagerInit::test_config_error_missing_values PASSED [ 97%]
tests/unit/risk/test_rm_constraints.py::TestRiskManagerConstraints::test_portfolio_constraints_pass_through_size_opportunity PASSED [ 97%]
tests/unit/risk/test_rm_constraints.py::TestRiskManagerConstraints::test_portfolio_constraints_fail_through_size_opportunity PASSED [ 97%]
tests/unit/risk/test_rm_controls.py::TestRiskManagerControls::test_portfolio_level_controls_through_size_opportunity PASSED [ 97%]
tests/unit/risk/test_rm_controls.py::TestRiskManagerControls::test_portfolio_controls_circuit_breaker_rejection FAILED [ 97%]
tests/unit/risk/test_rm_dependencies.py::TestRiskManagerDependencyFailures::test_size_opportunity_bad_total_capital[bad_capital0] FAILED [ 97%]
tests/unit/risk/test_rm_dependencies.py::TestRiskManagerDependencyFailures::test_size_opportunity_bad_total_capital[bad_capital1] FAILED [ 97%]
tests/unit/risk/test_rm_dependencies.py::TestRiskManagerDependencyFailures::test_size_opportunity_bad_total_capital[None] PASSED [ 97%]
tests/unit/risk/test_rm_dependencies.py::TestRiskManagerDependencyFailures::test_size_opportunity_bad_total_capital[invalid_decimal] PASSED [ 97%]
tests/unit/risk/test_rm_dependencies.py::TestRiskManagerDependencyFailures::test_size_opportunity_constraint_check_fail PASSED [ 97%]
tests/unit/risk/test_rm_dependencies.py::TestRiskManagerDependencyFailures::test_size_opportunity_dependency_exception PASSED [ 97%]
tests/unit/risk/test_rm_dependencies.py::TestRiskManagerDependencyFailures::test_size_opportunity_circuit_breaker_tripped[global] FAILED [ 97%]
tests/unit/risk/test_rm_dependencies.py::TestRiskManagerDependencyFailures::test_size_opportunity_circuit_breaker_tripped[long_exchange] FAILED [ 97%]
tests/unit/risk/test_rm_dependencies.py::TestRiskManagerDependencyFailures::test_size_opportunity_circuit_breaker_tripped[short_exchange] FAILED [ 97%]
tests/unit/risk/test_rm_dependencies.py::TestRiskManagerDependencyFailures::test_size_opportunity_circuit_breaker_exception PASSED [ 97%]
tests/unit/risk/test_rm_dependencies.py::TestRiskManagerDependencyFailures::test_size_opportunity_low_funding_validation PASSED [ 97%]
tests/unit/risk/test_rm_dependencies.py::TestRiskManagerDependencyFailures::test_size_opportunity_funding_validation_error_or_none[None] PASSED [ 97%]
tests/unit/risk/test_rm_dependencies.py::TestRiskManagerDependencyFailures::test_size_opportunity_funding_validation_error_or_none[bad_metrics_return1] PASSED [ 97%]
tests/unit/risk/test_rm_sizing_simple.py::TestRiskManagerSizingSimple::test_size_opportunity_simple_path_fixed_fraction PASSED [ 97%]
tests/unit/risk/test_rm_sizing_simple.py::TestRiskManagerSizingSimple::test_size_opportunity_simple_path_fixed_fraction_capped PASSED [ 97%]
tests/unit/risk/test_rm_sizing_simple.py::TestRiskManagerSizingSimple::test_size_opportunity_simple_path_fixed_usd PASSED [ 97%]
tests/unit/risk/test_rm_sizing_simple.py::TestRiskManagerSizingSimple::test_size_opportunity_simple_path_fixed_usd_capped PASSED [ 97%]
tests/unit/risk/test_rm_sizing_simple.py::TestRiskManagerSizingSimple::test_size_opportunity_reject_low_nfd PASSED [ 97%]
tests/unit/risk/test_rm_sizing_simple.py::TestRiskManagerSizingSimple::test_size_opportunity_total_exposure_limit PASSED [ 97%]
tests/unit/risk/test_rm_sizing_simple.py::TestRiskManagerSizingSimple::test_size_opportunity_insufficient_capital PASSED [ 97%]
tests/unit/risk/test_rm_sizing_simple.py::TestRiskManagerSizingSimple::test_size_opportunity_config_change_enforcement PASSED [ 97%]
tests/unit/risk/test_rm_sizing_simple.py::TestRiskManagerSizingSimple::test_size_opportunity_validation_factor_happy_path PASSED [ 98%]
tests/unit/risk/test_rm_sizing_simple.py::TestRiskManagerSizingSimple::test_size_opportunity_validation_factor_safety_path PASSED [ 98%]
tests/unit/risk/test_rm_sizing_simple.py::TestRiskManagerSizingSimple::test_sizing_with_args_kwargs PASSED [ 98%]
tests/unit/risk/test_rm_sizing_standard.py::TestRiskManagerSizingStandard::test_size_opportunity_standard_path PASSED [ 98%]
tests/unit/risk/test_rm_validation.py::TestRiskManagerValidation::test_validate_opportunities PASSED [ 98%]
tests/unit/test_backtest_engine.py::test_initialization PASSED           [ 98%]
tests/unit/test_backtest_engine.py::test_run_backtest PASSED             [ 98%]
tests/unit/test_backtest_engine.py::test_calculate_performance_metrics PASSED [ 98%]
tests/unit/test_backtest_engine.py::test_update_positions PASSED         [ 98%]
tests/unit/test_backtest_engine.py::test_update_positions_existing PASSED [ 98%]
tests/unit/test_signal_queue.py::test_queue_instantiation PASSED         [ 98%]
tests/unit/test_signal_queue.py::test_signal_creation PASSED             [ 98%]
tests/unit/utils/test_parsing.py::TestParseDecimalValue::test_decimal_passthrough PASSED [ 98%]
tests/unit/utils/test_parsing.py::TestParseDecimalValue::test_str_to_decimal PASSED [ 98%]
tests/unit/utils/test_parsing.py::TestParseDecimalValue::test_str_with_commas PASSED [ 98%]
tests/unit/utils/test_parsing.py::TestParseDecimalValue::test_int_and_float PASSED [ 98%]
tests/unit/utils/test_parsing.py::TestParseDecimalValue::test_none_allowed PASSED [ 98%]
tests/unit/utils/test_parsing.py::TestParseDecimalValue::test_none_not_allowed PASSED [ 98%]
tests/unit/utils/test_parsing.py::TestParseDecimalValue::test_invalid_value PASSED [ 98%]
tests/unit/utils/test_parsing.py::TestParseDecimalValue::test_error_context_includes_field PASSED [ 98%]
tests/unit/utils/test_parsing.py::TestParseDecimalValue::test_decimal_scientific_notation PASSED [ 98%]
tests/unit/utils/test_parsing.py::TestParseDecimalValue::test_decimal_leading_trailing_whitespace PASSED [ 98%]
tests/unit/utils/test_parsing.py::TestParseDecimalValue::test_decimal_plus_sign PASSED [ 98%]
tests/unit/utils/test_parsing.py::TestParseDecimalValue::test_decimal_very_large PASSED [ 98%]
tests/unit/utils/test_parsing.py::TestParseDecimalValue::test_decimal_very_small PASSED [ 98%]
tests/unit/utils/test_parsing.py::TestParseDecimalValue::test_decimal_invalid_unicode PASSED [ 98%]
tests/unit/utils/test_parsing.py::TestParseDecimalValue::test_decimal_empty_string PASSED [ 98%]
tests/unit/utils/test_parsing.py::TestParseDatetimeUTC::test_datetime_passthrough PASSED [ 98%]
tests/unit/utils/test_parsing.py::TestParseDatetimeUTC::test_epoch_seconds PASSED [ 98%]
tests/unit/utils/test_parsing.py::TestParseDatetimeUTC::test_epoch_milliseconds PASSED [ 98%]
tests/unit/utils/test_parsing.py::TestParseDatetimeUTC::test_iso_string PASSED [ 98%]
tests/unit/utils/test_parsing.py::TestParseDatetimeUTC::test_none_returns_none PASSED [ 98%]
tests/unit/utils/test_parsing.py::TestParseDatetimeUTC::test_invalid_type FAILED [ 98%]
tests/unit/utils/test_parsing.py::TestParseDatetimeUTC::test_invalid_string FAILED [ 98%]
tests/unit/utils/test_parsing.py::TestParseDatetimeUTC::test_error_context_includes_field FAILED [ 98%]
tests/unit/utils/test_parsing.py::TestParseDatetimeUTC::test_pre_1970_epoch PASSED [ 99%]
tests/unit/utils/test_parsing.py::TestParseDatetimeUTC::test_far_future_epoch PASSED [ 99%]
tests/unit/utils/test_parsing.py::TestParseDatetimeUTC::test_leap_year_feb_29 PASSED [ 99%]
tests/unit/utils/test_parsing.py::TestParseDatetimeUTC::test_non_leap_year_feb_29 FAILED [ 99%]
tests/unit/utils/test_parsing.py::TestParseDatetimeUTC::test_unreadable_date_string FAILED [ 99%]
tests/unit/utils/test_parsing.py::TestParseDatetimeUTC::test_datetime_with_timezone_offset PASSED [ 99%]
tests/unit/utils/test_parsing.py::TestParseDatetimeUTC::test_datetime_trailing_z PASSED [ 99%]
tests/unit/utils/test_parsing.py::TestParseDatetimeUTC::test_datetime_empty_string FAILED [ 99%]
tests/unit/utils/test_secure_transformation_security.py::TestSecureTransformSecurity::test_negative_value_attack_prevention FAILED [ 99%]
tests/unit/utils/test_secure_transformation_security.py::TestSecureTransformSecurity::test_validation_bypass_prevention FAILED [ 99%]
tests/unit/utils/test_secure_transformation_security.py::TestSecureTransformSecurity::test_type_coercion_attacks FAILED [ 99%]
tests/unit/utils/test_secure_transformation_security.py::TestSecureTransformSecurity::test_field_injection_attacks PASSED [ 99%]
tests/unit/utils/test_secure_transformation_security.py::TestSecureTransformSecurity::test_constraint_validation_enforcement FAILED [ 99%]
tests/unit/utils/test_secure_transformation_security.py::TestSecureTransformSecurity::test_decimal_precision_attacks PASSED [ 99%]
tests/unit/utils/test_secure_transformation_security.py::TestSecureTransformSecurity::test_string_length_attacks FAILED [ 99%]
tests/unit/utils/test_secure_transformation_security.py::TestSecureTransformSecurity::test_security_logging FAILED [ 99%]
tests/unit/utils/test_secure_transformation_security.py::TestSecureTransformSecurity::test_secure_transform_with_audit_compliance PASSED [ 99%]
tests/unit/utils/test_secure_transformation_security.py::TestSecureTransformSecurity::test_concurrent_transformation_safety FAILED [ 99%]
tests/unit/utils/test_secure_transformation_security.py::TestSecureTransformSecurity::test_memory_safety_large_objects PASSED [ 99%]
tests/unit/utils/test_secure_transformation_security.py::TestSecureTransformSecurity::test_error_message_safety FAILED [ 99%]
tests/unit/validation/models/test_discrepancy_detail.py::test_discrepancy_detail_happy_path PASSED [ 99%]
tests/unit/validation/models/test_discrepancy_detail.py::test_discrepancy_detail_minimal_required_fields PASSED [ 99%]
tests/unit/validation/models/test_discrepancy_detail.py::test_discrepancy_detail_optional_fields_provided PASSED [ 99%]
tests/unit/validation/models/test_discrepancy_detail.py::test_discrepancy_detail_missing_required_field[symbol] PASSED [ 99%]
tests/unit/validation/models/test_discrepancy_detail.py::test_discrepancy_detail_missing_required_field[discrepancy_type] PASSED [ 99%]
tests/unit/validation/models/test_discrepancy_detail.py::test_discrepancy_detail_invalid_discrepancy_type PASSED [ 99%]
tests/unit/validation/models/test_discrepancy_detail.py::test_discrepancy_detail_frozen PASSED [ 99%]
tests/unit/validation/models/test_discrepancy_detail.py::test_discrepancy_detail_extra_fields_forbidden PASSED [ 99%]
tests/unit/validation/models/test_discrepancy_detail.py::test_historical_record_happy_path PASSED [ 99%]
tests/unit/validation/models/test_discrepancy_detail.py::test_historical_record_default_is_corrected PASSED [ 99%]
tests/unit/validation/models/test_discrepancy_detail.py::test_historical_record_missing_required_field[detail] PASSED [ 99%]
tests/unit/validation/models/test_discrepancy_detail.py::test_historical_record_missing_required_field[exchange_id] PASSED [ 99%]
tests/unit/validation/models/test_discrepancy_detail.py::test_historical_record_missing_required_field[recorded_at] PASSED [ 99%]
tests/unit/validation/models/test_discrepancy_detail.py::test_historical_record_invalid_detail_type PASSED [ 99%]
tests/unit/validation/models/test_discrepancy_detail.py::test_historical_record_validate_assignment_for_is_corrected PASSED [ 99%]
tests/unit/validation/models/test_discrepancy_detail.py::test_historical_record_extra_fields_forbidden PASSED [100%]/workspaces/CyberDeltaEngine/worktrees/integration-unit-tests/.venv/lib/python3.13/site-packages/coverage/inorout.py:509: CoverageWarning:

Module src was never imported. (module-not-imported)


ERROR: Coverage failure: total of 59 is less than fail-under=90


=================================== FAILURES ===================================
_______________ TestOrderBook.test_level_validation_and_parsing ________________
tests/unit/core/models/market/test_order_book.py:190: in test_level_validation_and_parsing
    OrderBook(symbol="T", timestamp=now, bids=invalid_price_parse, asks=[])
E   pydantic_core._pydantic_core.ValidationError: 1 validation error for OrderBook
E   bids
E     Value error, Field 'bids[0].price' decimal validation failed: Field 'decimal' decimal validation failed: Cannot convert to Decimal: [<class 'decimal.ConversionSyntax'>] [type=value_error, input_value=[('not_a_number', '1')], input_type=list]
E       For further information visit https://errors.pydantic.dev/2.11/v/value_error

During handling of the above exception, another exception occurred:
tests/unit/core/models/market/test_order_book.py:185: in test_level_validation_and_parsing
    with pytest.raises(
E   AssertionError: Regex pattern did not match.
E    Regex: 'Value error, Invalid price value.*Cannot convert'
E    Input: "1 validation error for OrderBook\nbids\n  Value error, Field 'bids[0].price' decimal validation failed: Field 'decimal' decimal validation failed: Cannot convert to Decimal: [<class 'decimal.ConversionSyntax'>] [type=value_error, input_value=[('not_a_number', '1')], input_type=list]\n    For further information visit https://errors.pydantic.dev/2.11/v/value_error"
____________________ test_trade_enrichment_invalid_details _____________________
tests/unit/core/models/market/test_trade.py:600: in test_trade_enrichment_invalid_details
    hl_details=HyperliquidTradeDetails(trade_hash=""),
cyberdelta/core/models/market/trade.py:260: in validate_trade_hash
    return validate_str_field(v, field_name="trade_hash", max_length=128)
cyberdelta/utils/parsing.py:262: in validate_str_field
    raise EmptyStringError(field_name or "string")
E   cyberdelta.exceptions.parsing.EmptyStringError: Field trade_hash: String cannot be empty
_ test_derivative_position_invalid_field_inputs[exchange-None-Expected string, got NoneType] _
tests/unit/core/models/test_derivative_position.py:268: in test_derivative_position_invalid_field_inputs
    DerivativePosition(**data)
cyberdelta/core/models/derivative_position.py:122: in validate_required_strings
    return validate_str_field(v, field_name=field_name, max_length=64)
cyberdelta/utils/parsing.py:256: in validate_str_field
    raise TypeFieldError(
E   cyberdelta.exceptions.field_validation.TypeFieldError: Field 'exchange' must be str, got NoneType

During handling of the above exception, another exception occurred:
tests/unit/core/models/test_derivative_position.py:267: in test_derivative_position_invalid_field_inputs
    with pytest.raises((ValidationError, TypeError), match=f".*{error_match}.*"):
E   AssertionError: Regex pattern did not match.
E    Regex: '.*Expected string, got NoneType.*'
E    Input: "Field 'exchange' must be str, got NoneType"
_ test_derivative_position_invalid_field_inputs[exchange--Field exchange: String cannot be empty] _
tests/unit/core/models/test_derivative_position.py:268: in test_derivative_position_invalid_field_inputs
    DerivativePosition(**data)
cyberdelta/core/models/derivative_position.py:122: in validate_required_strings
    return validate_str_field(v, field_name=field_name, max_length=64)
cyberdelta/utils/parsing.py:262: in validate_str_field
    raise EmptyStringError(field_name or "string")
E   cyberdelta.exceptions.parsing.EmptyStringError: Field exchange: String cannot be empty
_ test_derivative_position_invalid_field_inputs[symbol-None-Expected string, got NoneType] _
tests/unit/core/models/test_derivative_position.py:268: in test_derivative_position_invalid_field_inputs
    DerivativePosition(**data)
cyberdelta/core/models/derivative_position.py:122: in validate_required_strings
    return validate_str_field(v, field_name=field_name, max_length=64)
cyberdelta/utils/parsing.py:256: in validate_str_field
    raise TypeFieldError(
E   cyberdelta.exceptions.field_validation.TypeFieldError: Field 'symbol' must be str, got NoneType

During handling of the above exception, another exception occurred:
tests/unit/core/models/test_derivative_position.py:267: in test_derivative_position_invalid_field_inputs
    with pytest.raises((ValidationError, TypeError), match=f".*{error_match}.*"):
E   AssertionError: Regex pattern did not match.
E    Regex: '.*Expected string, got NoneType.*'
E    Input: "Field 'symbol' must be str, got NoneType"
_ test_derivative_position_invalid_field_inputs[symbol-   -Field symbol: String cannot be empty] _
tests/unit/core/models/test_derivative_position.py:268: in test_derivative_position_invalid_field_inputs
    DerivativePosition(**data)
cyberdelta/core/models/derivative_position.py:122: in validate_required_strings
    return validate_str_field(v, field_name=field_name, max_length=64)
cyberdelta/utils/parsing.py:262: in validate_str_field
    raise EmptyStringError(field_name or "string")
E   cyberdelta.exceptions.parsing.EmptyStringError: Field symbol: String cannot be empty
_ test_derivative_position_invalid_field_inputs[symbol-SSSSSSSSSSSSSSSSSSSSSSSSSSSSSSSSSSSSSSSSSSSSSSSSSSSSSSSSSSSSSSSSS-String value too long] _
tests/unit/core/models/test_derivative_position.py:268: in test_derivative_position_invalid_field_inputs
    DerivativePosition(**data)
cyberdelta/core/models/derivative_position.py:122: in validate_required_strings
    return validate_str_field(v, field_name=field_name, max_length=64)
cyberdelta/utils/parsing.py:264: in validate_str_field
    raise TypeFieldError(
E   cyberdelta.exceptions.field_validation.TypeFieldError: Field 'symbol' must be string with max length 64, got string with length 65

During handling of the above exception, another exception occurred:
tests/unit/core/models/test_derivative_position.py:267: in test_derivative_position_invalid_field_inputs
    with pytest.raises((ValidationError, TypeError), match=f".*{error_match}.*"):
E   AssertionError: Regex pattern did not match.
E    Regex: '.*String value too long.*'
E    Input: "Field 'symbol' must be string with max length 64, got string with length 65"
_ test_derivative_position_invalid_field_inputs[size-None-size: Value cannot be None] _
tests/unit/core/models/test_derivative_position.py:268: in test_derivative_position_invalid_field_inputs
    DerivativePosition(**data)
E   pydantic_core._pydantic_core.ValidationError: 1 validation error for DerivativePosition
E   size
E     Value error, size: Required value parsed as None or was invalid [type=value_error, input_value=None, input_type=NoneType]
E       For further information visit https://errors.pydantic.dev/2.11/v/value_error

During handling of the above exception, another exception occurred:
tests/unit/core/models/test_derivative_position.py:267: in test_derivative_position_invalid_field_inputs
    with pytest.raises((ValidationError, TypeError), match=f".*{error_match}.*"):
E   AssertionError: Regex pattern did not match.
E    Regex: '.*size: Value cannot be None.*'
E    Input: '1 validation error for DerivativePosition\nsize\n  Value error, size: Required value parsed as None or was invalid [type=value_error, input_value=None, input_type=NoneType]\n    For further information visit https://errors.pydantic.dev/2.11/v/value_error'
_ test_derivative_position_invalid_field_inputs[size-not-a-number-Cannot convert 'not-a-number' to Decimal] _
tests/unit/core/models/test_derivative_position.py:268: in test_derivative_position_invalid_field_inputs
    DerivativePosition(**data)
E   pydantic_core._pydantic_core.ValidationError: 1 validation error for DerivativePosition
E   size
E     Value error, Field 'size' decimal validation failed: Cannot convert to Decimal: [<class 'decimal.ConversionSyntax'>] [type=value_error, input_value='not-a-number', input_type=str]
E       For further information visit https://errors.pydantic.dev/2.11/v/value_error

During handling of the above exception, another exception occurred:
tests/unit/core/models/test_derivative_position.py:267: in test_derivative_position_invalid_field_inputs
    with pytest.raises((ValidationError, TypeError), match=f".*{error_match}.*"):
E   AssertionError: Regex pattern did not match.
E    Regex: ".*Cannot convert 'not-a-number' to Decimal.*"
E    Input: "1 validation error for DerivativePosition\nsize\n  Value error, Field 'size' decimal validation failed: Cannot convert to Decimal: [<class 'decimal.ConversionSyntax'>] [type=value_error, input_value='not-a-number', input_type=str]\n    For further information visit https://errors.pydantic.dev/2.11/v/value_error"
_ test_derivative_position_invalid_field_inputs[size-value9-size: Value must be finite] _
tests/unit/core/models/test_derivative_position.py:268: in test_derivative_position_invalid_field_inputs
    DerivativePosition(**data)
E   pydantic_core._pydantic_core.ValidationError: 1 validation error for DerivativePosition
E   size
E     Value error, Field 'size' must be finite [type=value_error, input_value=Decimal('NaN'), input_type=Decimal]
E       For further information visit https://errors.pydantic.dev/2.11/v/value_error

During handling of the above exception, another exception occurred:
tests/unit/core/models/test_derivative_position.py:267: in test_derivative_position_invalid_field_inputs
    with pytest.raises((ValidationError, TypeError), match=f".*{error_match}.*"):
E   AssertionError: Regex pattern did not match.
E    Regex: '.*size: Value must be finite.*'
E    Input: "1 validation error for DerivativePosition\nsize\n  Value error, Field 'size' must be finite [type=value_error, input_value=Decimal('NaN'), input_type=Decimal]\n    For further information visit https://errors.pydantic.dev/2.11/v/value_error"
_ test_derivative_position_invalid_field_inputs[size-value10-size: Value must be finite] _
tests/unit/core/models/test_derivative_position.py:268: in test_derivative_position_invalid_field_inputs
    DerivativePosition(**data)
E   pydantic_core._pydantic_core.ValidationError: 1 validation error for DerivativePosition
E   size
E     Value error, Field 'size' must be finite [type=value_error, input_value=Decimal('Infinity'), input_type=Decimal]
E       For further information visit https://errors.pydantic.dev/2.11/v/value_error

During handling of the above exception, another exception occurred:
tests/unit/core/models/test_derivative_position.py:267: in test_derivative_position_invalid_field_inputs
    with pytest.raises((ValidationError, TypeError), match=f".*{error_match}.*"):
E   AssertionError: Regex pattern did not match.
E    Regex: '.*size: Value must be finite.*'
E    Input: "1 validation error for DerivativePosition\nsize\n  Value error, Field 'size' must be finite [type=value_error, input_value=Decimal('Infinity'), input_type=Decimal]\n    For further information visit https://errors.pydantic.dev/2.11/v/value_error"
_ test_derivative_position_invalid_field_inputs[timestamp-None-timestamp: Value cannot be None] _
tests/unit/core/models/test_derivative_position.py:268: in test_derivative_position_invalid_field_inputs
    DerivativePosition(**data)
E   pydantic_core._pydantic_core.ValidationError: 1 validation error for DerivativePosition
E   timestamp
E     Value error, timestamp: Required datetime parsed as None or invalid [type=value_error, input_value=None, input_type=NoneType]
E       For further information visit https://errors.pydantic.dev/2.11/v/value_error

During handling of the above exception, another exception occurred:
tests/unit/core/models/test_derivative_position.py:267: in test_derivative_position_invalid_field_inputs
    with pytest.raises((ValidationError, TypeError), match=f".*{error_match}.*"):
E   AssertionError: Regex pattern did not match.
E    Regex: '.*timestamp: Value cannot be None.*'
E    Input: '1 validation error for DerivativePosition\ntimestamp\n  Value error, timestamp: Required datetime parsed as None or invalid [type=value_error, input_value=None, input_type=NoneType]\n    For further information visit https://errors.pydantic.dev/2.11/v/value_error'
_ test_derivative_position_invalid_field_inputs[timestamp-2023-13-01T00:00:00Z-timestamp: Cannot parse string .* as ISO datetime .* or as numeric timestamp] _
cyberdelta/utils/parsing.py:154: in _parse_string_datetime
    dt = datetime.fromisoformat(value)
E   ValueError: month must be in 1..12

During handling of the above exception, another exception occurred:
cyberdelta/utils/parsing.py:175: in _parse_string_as_numeric_timestamp
    float_val = float(value)
E   ValueError: could not convert string to float: '2023-13-01T00:00:00Z'

The above exception was the direct cause of the following exception:
tests/unit/core/models/test_derivative_position.py:268: in test_derivative_position_invalid_field_inputs
    DerivativePosition(**data)
cyberdelta/core/models/derivative_position.py:210: in parse_required_datetime
    dt = parse_datetime_utc(v, field_name=field_name)
cyberdelta/utils/parsing.py:66: in parse_datetime_utc
    return _parse_string_datetime(value, prefix)
cyberdelta/utils/parsing.py:157: in _parse_string_datetime
    return _parse_string_as_numeric_timestamp(value, prefix, e_iso)
cyberdelta/utils/parsing.py:180: in _parse_string_as_numeric_timestamp
    raise DateTimeParsingError(
E   cyberdelta.exceptions.parsing.DateTimeParsingError: Field timestamp: Cannot parse as ISO datetime (month must be in 1..12) or as numeric timestamp (could not convert string to float: '2023-13-01T00:00:00Z') for '2023-13-01T00:00:00Z'
_ test_derivative_position_invalid_field_inputs[entry_price-value13-entry_price: Value must be finite if provided] _
tests/unit/core/models/test_derivative_position.py:268: in test_derivative_position_invalid_field_inputs
    DerivativePosition(**data)
E   pydantic_core._pydantic_core.ValidationError: 1 validation error for DerivativePosition
E   entry_price
E     Value error, Field 'entry_price' must be finite if provided [type=value_error, input_value=Decimal('NaN'), input_type=Decimal]
E       For further information visit https://errors.pydantic.dev/2.11/v/value_error

During handling of the above exception, another exception occurred:
tests/unit/core/models/test_derivative_position.py:267: in test_derivative_position_invalid_field_inputs
    with pytest.raises((ValidationError, TypeError), match=f".*{error_match}.*"):
E   AssertionError: Regex pattern did not match.
E    Regex: '.*entry_price: Value must be finite if provided.*'
E    Input: "1 validation error for DerivativePosition\nentry_price\n  Value error, Field 'entry_price' must be finite if provided [type=value_error, input_value=Decimal('NaN'), input_type=Decimal]\n    For further information visit https://errors.pydantic.dev/2.11/v/value_error"
_ test_derivative_position_invalid_field_inputs[mark_price-value15-mark_price: Value must be finite if provided] _
tests/unit/core/models/test_derivative_position.py:268: in test_derivative_position_invalid_field_inputs
    DerivativePosition(**data)
E   pydantic_core._pydantic_core.ValidationError: 1 validation error for DerivativePosition
E   mark_price
E     Value error, Field 'mark_price' must be finite if provided [type=value_error, input_value=Decimal('Infinity'), input_type=Decimal]
E       For further information visit https://errors.pydantic.dev/2.11/v/value_error

During handling of the above exception, another exception occurred:
tests/unit/core/models/test_derivative_position.py:267: in test_derivative_position_invalid_field_inputs
    with pytest.raises((ValidationError, TypeError), match=f".*{error_match}.*"):
E   AssertionError: Regex pattern did not match.
E    Regex: '.*mark_price: Value must be finite if provided.*'
E    Input: "1 validation error for DerivativePosition\nmark_price\n  Value error, Field 'mark_price' must be finite if provided [type=value_error, input_value=Decimal('Infinity'), input_type=Decimal]\n    For further information visit https://errors.pydantic.dev/2.11/v/value_error"
_ test_derivative_position_invalid_field_inputs[unrealized_pnl-value17-unrealized_pnl: Value must be finite if provided] _
tests/unit/core/models/test_derivative_position.py:268: in test_derivative_position_invalid_field_inputs
    DerivativePosition(**data)
E   pydantic_core._pydantic_core.ValidationError: 1 validation error for DerivativePosition
E   unrealized_pnl
E     Value error, Field 'unrealized_pnl' must be finite if provided [type=value_error, input_value=Decimal('NaN'), input_type=Decimal]
E       For further information visit https://errors.pydantic.dev/2.11/v/value_error

During handling of the above exception, another exception occurred:
tests/unit/core/models/test_derivative_position.py:267: in test_derivative_position_invalid_field_inputs
    with pytest.raises((ValidationError, TypeError), match=f".*{error_match}.*"):
E   AssertionError: Regex pattern did not match.
E    Regex: '.*unrealized_pnl: Value must be finite if provided.*'
E    Input: "1 validation error for DerivativePosition\nunrealized_pnl\n  Value error, Field 'unrealized_pnl' must be finite if provided [type=value_error, input_value=Decimal('NaN'), input_type=Decimal]\n    For further information visit https://errors.pydantic.dev/2.11/v/value_error"
_ test_derivative_position_invalid_field_inputs[strategy_name-12345-Expected string, got int] _
tests/unit/core/models/test_derivative_position.py:268: in test_derivative_position_invalid_field_inputs
    DerivativePosition(**data)
cyberdelta/core/models/derivative_position.py:150: in validate_optional_strings
    return validate_str_field(v, field_name=field_name, max_length=128)
cyberdelta/utils/parsing.py:256: in validate_str_field
    raise TypeFieldError(
E   cyberdelta.exceptions.field_validation.TypeFieldError: Field 'strategy_name' must be str, got int

During handling of the above exception, another exception occurred:
tests/unit/core/models/test_derivative_position.py:267: in test_derivative_position_invalid_field_inputs
    with pytest.raises((ValidationError, TypeError), match=f".*{error_match}.*"):
E   AssertionError: Regex pattern did not match.
E    Regex: '.*Expected string, got int.*'
E    Input: "Field 'strategy_name' must be str, got int"
_ test_derivative_position_invalid_field_inputs[strategy_name-AAAAAAAAAAAAAAAAAAAAAAAAAAAAAAAAAAAAAAAAAAAAAAAAAAAAAAAAAAAAAAAAAAAAAAAAAAAAAAAAAAAAAAAAAAAAAAAAAAAAAAAAAAAAAAAAAAAAAAAAAAAAAAAAA-String value too long] _
tests/unit/core/models/test_derivative_position.py:268: in test_derivative_position_invalid_field_inputs
    DerivativePosition(**data)
cyberdelta/core/models/derivative_position.py:150: in validate_optional_strings
    return validate_str_field(v, field_name=field_name, max_length=128)
cyberdelta/utils/parsing.py:264: in validate_str_field
    raise TypeFieldError(
E   cyberdelta.exceptions.field_validation.TypeFieldError: Field 'strategy_name' must be string with max length 128, got string with length 129

During handling of the above exception, another exception occurred:
tests/unit/core/models/test_derivative_position.py:267: in test_derivative_position_invalid_field_inputs
    with pytest.raises((ValidationError, TypeError), match=f".*{error_match}.*"):
E   AssertionError: Regex pattern did not match.
E    Regex: '.*String value too long.*'
E    Input: "Field 'strategy_name' must be string with max length 128, got string with length 129"
_ test_derivative_position_invalid_field_inputs[signal_id-value20-Expected string, got dict] _
tests/unit/core/models/test_derivative_position.py:268: in test_derivative_position_invalid_field_inputs
    DerivativePosition(**data)
cyberdelta/core/models/derivative_position.py:150: in validate_optional_strings
    return validate_str_field(v, field_name=field_name, max_length=128)
cyberdelta/utils/parsing.py:256: in validate_str_field
    raise TypeFieldError(
E   cyberdelta.exceptions.field_validation.TypeFieldError: Field 'signal_id' must be str, got dict

During handling of the above exception, another exception occurred:
tests/unit/core/models/test_derivative_position.py:267: in test_derivative_position_invalid_field_inputs
    with pytest.raises((ValidationError, TypeError), match=f".*{error_match}.*"):
E   AssertionError: Regex pattern did not match.
E    Regex: '.*Expected string, got dict.*'
E    Input: "Field 'signal_id' must be str, got dict"
_ test_hyperliquid_details_invalid_fields[leverage_type-sideways-Invalid value] _
tests/unit/core/models/test_derivative_position.py:409: in test_hyperliquid_details_invalid_fields
    HyperliquidPositionDetails(**data)
E   pydantic_core._pydantic_core.ValidationError: 1 validation error for HyperliquidPositionDetails
E   leverage_type
E     Value error, Field name is unexpectedly None during validation [type=value_error, input_value='sideways', input_type=str]
E       For further information visit https://errors.pydantic.dev/2.11/v/value_error

During handling of the above exception, another exception occurred:
tests/unit/core/models/test_derivative_position.py:408: in test_hyperliquid_details_invalid_fields
    with pytest.raises((ValidationError, TypeError), match=error_match):
E   AssertionError: Regex pattern did not match.
E    Regex: 'Invalid value'
E    Input: "1 validation error for HyperliquidPositionDetails\nleverage_type\n  Value error, Field name is unexpectedly None during validation [type=value_error, input_value='sideways', input_type=str]\n    For further information visit https://errors.pydantic.dev/2.11/v/value_error"
__ test_hyperliquid_details_invalid_fields[leverage_type-123-Expected string] __
tests/unit/core/models/test_derivative_position.py:409: in test_hyperliquid_details_invalid_fields
    HyperliquidPositionDetails(**data)
E   pydantic_core._pydantic_core.ValidationError: 1 validation error for HyperliquidPositionDetails
E   leverage_type
E     Value error, Field name is unexpectedly None during validation [type=value_error, input_value=123, input_type=int]
E       For further information visit https://errors.pydantic.dev/2.11/v/value_error

During handling of the above exception, another exception occurred:
tests/unit/core/models/test_derivative_position.py:408: in test_hyperliquid_details_invalid_fields
    with pytest.raises((ValidationError, TypeError), match=error_match):
E   AssertionError: Regex pattern did not match.
E    Regex: 'Expected string'
E    Input: '1 validation error for HyperliquidPositionDetails\nleverage_type\n  Value error, Field name is unexpectedly None during validation [type=value_error, input_value=123, input_type=int]\n    For further information visit https://errors.pydantic.dev/2.11/v/value_error'
_ test_hyperliquid_details_invalid_fields[leverage_value-abc-Expected int, got str] _
tests/unit/core/models/test_derivative_position.py:409: in test_hyperliquid_details_invalid_fields
    HyperliquidPositionDetails(**data)
cyberdelta/core/models/derivative_position.py:344: in validate_leverage_int
    raise TypeFieldError(field_name, "int", type(v).__name__, actual_value=v)
E   cyberdelta.exceptions.field_validation.TypeFieldError: Field 'leverage_value' must be int, got str

During handling of the above exception, another exception occurred:
tests/unit/core/models/test_derivative_position.py:408: in test_hyperliquid_details_invalid_fields
    with pytest.raises((ValidationError, TypeError), match=error_match):
E   AssertionError: Regex pattern did not match.
E    Regex: 'Expected int, got str'
E    Input: "Field 'leverage_value' must be int, got str"
_ test_hyperliquid_details_invalid_fields[margin_used-value6-Value must be finite if provided] _
tests/unit/core/models/test_derivative_position.py:409: in test_hyperliquid_details_invalid_fields
    HyperliquidPositionDetails(**data)
E   pydantic_core._pydantic_core.ValidationError: 1 validation error for HyperliquidPositionDetails
E   margin_used
E     Value error, Field 'margin_used' must be finite if provided [type=value_error, input_value=Decimal('NaN'), input_type=Decimal]
E       For further information visit https://errors.pydantic.dev/2.11/v/value_error

During handling of the above exception, another exception occurred:
tests/unit/core/models/test_derivative_position.py:408: in test_hyperliquid_details_invalid_fields
    with pytest.raises((ValidationError, TypeError), match=error_match):
E   AssertionError: Regex pattern did not match.
E    Regex: 'Value must be finite if provided'
E    Input: "1 validation error for HyperliquidPositionDetails\nmargin_used\n  Value error, Field 'margin_used' must be finite if provided [type=value_error, input_value=Decimal('NaN'), input_type=Decimal]\n    For further information visit https://errors.pydantic.dev/2.11/v/value_error"
_ test_backpack_details_invalid_fields[imf_base-value0-Value must be finite if provided] _
tests/unit/core/models/test_derivative_position.py:452: in test_backpack_details_invalid_fields
    BackpackPositionDetails(**data)
E   pydantic_core._pydantic_core.ValidationError: 1 validation error for BackpackPositionDetails
E   imf_base
E     Value error, Field 'imf_base' must be finite if provided [type=value_error, input_value=Decimal('NaN'), input_type=Decimal]
E       For further information visit https://errors.pydantic.dev/2.11/v/value_error

During handling of the above exception, another exception occurred:
tests/unit/core/models/test_derivative_position.py:451: in test_backpack_details_invalid_fields
    with pytest.raises(ValidationError, match=error_match):
E   AssertionError: Regex pattern did not match.
E    Regex: 'Value must be finite if provided'
E    Input: "1 validation error for BackpackPositionDetails\nimf_base\n  Value error, Field 'imf_base' must be finite if provided [type=value_error, input_value=Decimal('NaN'), input_type=Decimal]\n    For further information visit https://errors.pydantic.dev/2.11/v/value_error"
_ test_backpack_details_invalid_fields[imf_factor-invalid-Cannot convert 'invalid' to Decimal] _
tests/unit/core/models/test_derivative_position.py:452: in test_backpack_details_invalid_fields
    BackpackPositionDetails(**data)
E   pydantic_core._pydantic_core.ValidationError: 1 validation error for BackpackPositionDetails
E   imf_factor
E     Value error, Field 'imf_factor' decimal validation failed: Cannot convert to Decimal: [<class 'decimal.ConversionSyntax'>] [type=value_error, input_value='invalid', input_type=str]
E       For further information visit https://errors.pydantic.dev/2.11/v/value_error

During handling of the above exception, another exception occurred:
tests/unit/core/models/test_derivative_position.py:451: in test_backpack_details_invalid_fields
    with pytest.raises(ValidationError, match=error_match):
E   AssertionError: Regex pattern did not match.
E    Regex: "Cannot convert 'invalid' to Decimal"
E    Input: "1 validation error for BackpackPositionDetails\nimf_factor\n  Value error, Field 'imf_factor' decimal validation failed: Cannot convert to Decimal: [<class 'decimal.ConversionSyntax'>] [type=value_error, input_value='invalid', input_type=str]\n    For further information visit https://errors.pydantic.dev/2.11/v/value_error"
_ test_backpack_details_invalid_fields[cumulative_funding-value2-Value must be finite if provided] _
tests/unit/core/models/test_derivative_position.py:452: in test_backpack_details_invalid_fields
    BackpackPositionDetails(**data)
E   pydantic_core._pydantic_core.ValidationError: 1 validation error for BackpackPositionDetails
E   cumulative_funding
E     Value error, Field 'cumulative_funding' must be finite if provided [type=value_error, input_value=Decimal('Infinity'), input_type=Decimal]
E       For further information visit https://errors.pydantic.dev/2.11/v/value_error

During handling of the above exception, another exception occurred:
tests/unit/core/models/test_derivative_position.py:451: in test_backpack_details_invalid_fields
    with pytest.raises(ValidationError, match=error_match):
E   AssertionError: Regex pattern did not match.
E    Regex: 'Value must be finite if provided'
E    Input: "1 validation error for BackpackPositionDetails\ncumulative_funding\n  Value error, Field 'cumulative_funding' must be finite if provided [type=value_error, input_value=Decimal('Infinity'), input_type=Decimal]\n    For further information visit https://errors.pydantic.dev/2.11/v/value_error"
_ test_margin_summary_invalid_field_inputs[exchange-None-Expected string, got NoneType] _
tests/unit/core/models/test_margin_account.py:195: in test_margin_summary_invalid_field_inputs
    MarginAccountSummary(**data)
cyberdelta/core/models/margin_account.py:82: in validate_required_strings
    return validate_str_field(v, field_name=field_name, max_length=64)
cyberdelta/utils/parsing.py:256: in validate_str_field
    raise TypeFieldError(
E   cyberdelta.exceptions.field_validation.TypeFieldError: Field 'exchange' must be str, got NoneType

During handling of the above exception, another exception occurred:
tests/unit/core/models/test_margin_account.py:194: in test_margin_summary_invalid_field_inputs
    with pytest.raises((ValidationError, TypeError, ValueError), match=f".*{error_match}.*"):
E   AssertionError: Regex pattern did not match.
E    Regex: '.*Expected string, got NoneType.*'
E    Input: "Field 'exchange' must be str, got NoneType"
_ test_margin_summary_invalid_field_inputs[exchange- -Field exchange: String cannot be empty] _
tests/unit/core/models/test_margin_account.py:195: in test_margin_summary_invalid_field_inputs
    MarginAccountSummary(**data)
cyberdelta/core/models/margin_account.py:82: in validate_required_strings
    return validate_str_field(v, field_name=field_name, max_length=64)
cyberdelta/utils/parsing.py:262: in validate_str_field
    raise EmptyStringError(field_name or "string")
E   cyberdelta.exceptions.parsing.EmptyStringError: Field exchange: String cannot be empty
_ test_margin_summary_invalid_field_inputs[exchange-xxxxxxxxxxxxxxxxxxxxxxxxxxxxxxxxxxxxxxxxxxxxxxxxxxxxxxxxxxxxxxxxx-String value too long] _
tests/unit/core/models/test_margin_account.py:195: in test_margin_summary_invalid_field_inputs
    MarginAccountSummary(**data)
cyberdelta/core/models/margin_account.py:82: in validate_required_strings
    return validate_str_field(v, field_name=field_name, max_length=64)
cyberdelta/utils/parsing.py:264: in validate_str_field
    raise TypeFieldError(
E   cyberdelta.exceptions.field_validation.TypeFieldError: Field 'exchange' must be string with max length 64, got string with length 65

During handling of the above exception, another exception occurred:
tests/unit/core/models/test_margin_account.py:194: in test_margin_summary_invalid_field_inputs
    with pytest.raises((ValidationError, TypeError, ValueError), match=f".*{error_match}.*"):
E   AssertionError: Regex pattern did not match.
E    Regex: '.*String value too long.*'
E    Input: "Field 'exchange' must be string with max length 64, got string with length 65"
_ test_margin_summary_invalid_field_inputs[timestamp-not-a-date-timestamp: Cannot parse string .* as ISO datetime .* or as numeric timestamp] _
cyberdelta/utils/parsing.py:154: in _parse_string_datetime
    dt = datetime.fromisoformat(value)
E   ValueError: Invalid isoformat string: 'not-a-date'

During handling of the above exception, another exception occurred:
cyberdelta/utils/parsing.py:175: in _parse_string_as_numeric_timestamp
    float_val = float(value)
E   ValueError: could not convert string to float: 'not-a-date'

The above exception was the direct cause of the following exception:
tests/unit/core/models/test_margin_account.py:195: in test_margin_summary_invalid_field_inputs
    MarginAccountSummary(**data)
cyberdelta/core/models/margin_account.py:96: in parse_required_datetime_utc
    dt = parse_datetime_utc(v, field_name=field_name)  # Removed allow_none
cyberdelta/utils/parsing.py:66: in parse_datetime_utc
    return _parse_string_datetime(value, prefix)
cyberdelta/utils/parsing.py:157: in _parse_string_datetime
    return _parse_string_as_numeric_timestamp(value, prefix, e_iso)
cyberdelta/utils/parsing.py:180: in _parse_string_as_numeric_timestamp
    raise DateTimeParsingError(
E   cyberdelta.exceptions.parsing.DateTimeParsingError: Field timestamp: Cannot parse as ISO datetime (Invalid isoformat string: 'not-a-date') or as numeric timestamp (could not convert string to float: 'not-a-date') for 'not-a-date'
_ test_margin_summary_invalid_field_inputs[total_equity-None-total_equity: Value cannot be None] _
tests/unit/core/models/test_margin_account.py:195: in test_margin_summary_invalid_field_inputs
    MarginAccountSummary(**data)
E   pydantic_core._pydantic_core.ValidationError: 1 validation error for MarginAccountSummary
E   total_equity
E     Value error, Field 'total_equity' decimal validation failed: Value cannot be None [type=value_error, input_value=None, input_type=NoneType]
E       For further information visit https://errors.pydantic.dev/2.11/v/value_error

During handling of the above exception, another exception occurred:
tests/unit/core/models/test_margin_account.py:194: in test_margin_summary_invalid_field_inputs
    with pytest.raises((ValidationError, TypeError, ValueError), match=f".*{error_match}.*"):
E   AssertionError: Regex pattern did not match.
E    Regex: '.*total_equity: Value cannot be None.*'
E    Input: "1 validation error for MarginAccountSummary\ntotal_equity\n  Value error, Field 'total_equity' decimal validation failed: Value cannot be None [type=value_error, input_value=None, input_type=NoneType]\n    For further information visit https://errors.pydantic.dev/2.11/v/value_error"
_ test_margin_summary_invalid_field_inputs[total_equity-value7-total_equity: Value must be finite] _
tests/unit/core/models/test_margin_account.py:195: in test_margin_summary_invalid_field_inputs
    MarginAccountSummary(**data)
E   pydantic_core._pydantic_core.ValidationError: 1 validation error for MarginAccountSummary
E   total_equity
E     Value error, Field 'total_equity' must be finite [type=value_error, input_value=Decimal('NaN'), input_type=Decimal]
E       For further information visit https://errors.pydantic.dev/2.11/v/value_error

During handling of the above exception, another exception occurred:
tests/unit/core/models/test_margin_account.py:194: in test_margin_summary_invalid_field_inputs
    with pytest.raises((ValidationError, TypeError, ValueError), match=f".*{error_match}.*"):
E   AssertionError: Regex pattern did not match.
E    Regex: '.*total_equity: Value must be finite.*'
E    Input: "1 validation error for MarginAccountSummary\ntotal_equity\n  Value error, Field 'total_equity' must be finite [type=value_error, input_value=Decimal('NaN'), input_type=Decimal]\n    For further information visit https://errors.pydantic.dev/2.11/v/value_error"
_ test_margin_summary_invalid_field_inputs[available_equity-invalid-Cannot convert 'invalid' to Decimal] _
tests/unit/core/models/test_margin_account.py:195: in test_margin_summary_invalid_field_inputs
    MarginAccountSummary(**data)
E   pydantic_core._pydantic_core.ValidationError: 1 validation error for MarginAccountSummary
E   available_equity
E     Value error, Field 'available_equity' decimal validation failed: Cannot convert to Decimal: [<class 'decimal.ConversionSyntax'>] [type=value_error, input_value='invalid', input_type=str]
E       For further information visit https://errors.pydantic.dev/2.11/v/value_error

During handling of the above exception, another exception occurred:
tests/unit/core/models/test_margin_account.py:194: in test_margin_summary_invalid_field_inputs
    with pytest.raises((ValidationError, TypeError, ValueError), match=f".*{error_match}.*"):
E   AssertionError: Regex pattern did not match.
E    Regex: ".*Cannot convert 'invalid' to Decimal.*"
E    Input: "1 validation error for MarginAccountSummary\navailable_equity\n  Value error, Field 'available_equity' decimal validation failed: Cannot convert to Decimal: [<class 'decimal.ConversionSyntax'>] [type=value_error, input_value='invalid', input_type=str]\n    For further information visit https://errors.pydantic.dev/2.11/v/value_error"
_ test_margin_summary_invalid_field_inputs[total_maintenance_margin_required-value11-total_maintenance_margin_required: Value must be finite if provided] _
tests/unit/core/models/test_margin_account.py:195: in test_margin_summary_invalid_field_inputs
    MarginAccountSummary(**data)
E   pydantic_core._pydantic_core.ValidationError: 1 validation error for MarginAccountSummary
E   total_maintenance_margin_required
E     Value error, Field 'total_maintenance_margin_required' must be finite if provided [type=value_error, input_value=Decimal('NaN'), input_type=Decimal]
E       For further information visit https://errors.pydantic.dev/2.11/v/value_error

During handling of the above exception, another exception occurred:
tests/unit/core/models/test_margin_account.py:194: in test_margin_summary_invalid_field_inputs
    with pytest.raises((ValidationError, TypeError, ValueError), match=f".*{error_match}.*"):
E   AssertionError: Regex pattern did not match.
E    Regex: '.*total_maintenance_margin_required: Value must be finite if provided.*'
E    Input: "1 validation error for MarginAccountSummary\ntotal_maintenance_margin_required\n  Value error, Field 'total_maintenance_margin_required' must be finite if provided [type=value_error, input_value=Decimal('NaN'), input_type=Decimal]\n    For further information visit https://errors.pydantic.dev/2.11/v/value_error"
_ test_margin_summary_invalid_field_inputs[total_unrealized_pnl-value13-total_unrealized_pnl: Value must be finite if provided] _
tests/unit/core/models/test_margin_account.py:195: in test_margin_summary_invalid_field_inputs
    MarginAccountSummary(**data)
E   pydantic_core._pydantic_core.ValidationError: 1 validation error for MarginAccountSummary
E   total_unrealized_pnl
E     Value error, Field 'total_unrealized_pnl' must be finite if provided [type=value_error, input_value=Decimal('Infinity'), input_type=Decimal]
E       For further information visit https://errors.pydantic.dev/2.11/v/value_error

During handling of the above exception, another exception occurred:
tests/unit/core/models/test_margin_account.py:194: in test_margin_summary_invalid_field_inputs
    with pytest.raises((ValidationError, TypeError, ValueError), match=f".*{error_match}.*"):
E   AssertionError: Regex pattern did not match.
E    Regex: '.*total_unrealized_pnl: Value must be finite if provided.*'
E    Input: "1 validation error for MarginAccountSummary\ntotal_unrealized_pnl\n  Value error, Field 'total_unrealized_pnl' must be finite if provided [type=value_error, input_value=Decimal('Infinity'), input_type=Decimal]\n    For further information visit https://errors.pydantic.dev/2.11/v/value_error"
_ test_hyperliquid_margin_details_invalid_fields[cross_maintenance_margin_used-value1-Value must be finite] _
tests/unit/core/models/test_margin_account.py:295: in test_hyperliquid_margin_details_invalid_fields
    HyperliquidMarginDetails(**data)
E   pydantic_core._pydantic_core.ValidationError: 1 validation error for HyperliquidMarginDetails
E   cross_maintenance_margin_used
E     Value error, Field 'cross_maintenance_margin_used' must be finite [type=value_error, input_value=Decimal('NaN'), input_type=Decimal]
E       For further information visit https://errors.pydantic.dev/2.11/v/value_error

During handling of the above exception, another exception occurred:
tests/unit/core/models/test_margin_account.py:294: in test_hyperliquid_margin_details_invalid_fields
    with pytest.raises(ValidationError, match=error_match):
E   AssertionError: Regex pattern did not match.
E    Regex: 'Value must be finite'
E    Input: "1 validation error for HyperliquidMarginDetails\ncross_maintenance_margin_used\n  Value error, Field 'cross_maintenance_margin_used' must be finite [type=value_error, input_value=Decimal('NaN'), input_type=Decimal]\n    For further information visit https://errors.pydantic.dev/2.11/v/value_error"
_ test_hyperliquid_margin_details_invalid_fields[isolated_maintenance_margin_used-abc-Cannot convert 'abc' to Decimal] _
tests/unit/core/models/test_margin_account.py:295: in test_hyperliquid_margin_details_invalid_fields
    HyperliquidMarginDetails(**data)
E   pydantic_core._pydantic_core.ValidationError: 1 validation error for HyperliquidMarginDetails
E   isolated_maintenance_margin_used
E     Value error, Field 'isolated_maintenance_margin_used' decimal validation failed: Cannot convert to Decimal: [<class 'decimal.ConversionSyntax'>] [type=value_error, input_value='abc', input_type=str]
E       For further information visit https://errors.pydantic.dev/2.11/v/value_error

During handling of the above exception, another exception occurred:
tests/unit/core/models/test_margin_account.py:294: in test_hyperliquid_margin_details_invalid_fields
    with pytest.raises(ValidationError, match=error_match):
E   AssertionError: Regex pattern did not match.
E    Regex: "Cannot convert 'abc' to Decimal"
E    Input: "1 validation error for HyperliquidMarginDetails\nisolated_maintenance_margin_used\n  Value error, Field 'isolated_maintenance_margin_used' decimal validation failed: Cannot convert to Decimal: [<class 'decimal.ConversionSyntax'>] [type=value_error, input_value='abc', input_type=str]\n    For further information visit https://errors.pydantic.dev/2.11/v/value_error"
_ test_hyperliquid_margin_details_invalid_fields[isolated_maintenance_margin_used-None-Value error, isolated_maintenance_margin_used: Value cannot be None] _
tests/unit/core/models/test_margin_account.py:295: in test_hyperliquid_margin_details_invalid_fields
    HyperliquidMarginDetails(**data)
E   pydantic_core._pydantic_core.ValidationError: 1 validation error for HyperliquidMarginDetails
E   isolated_maintenance_margin_used
E     Value error, Field 'isolated_maintenance_margin_used' decimal validation failed: Value cannot be None [type=value_error, input_value=None, input_type=NoneType]
E       For further information visit https://errors.pydantic.dev/2.11/v/value_error

During handling of the above exception, another exception occurred:
tests/unit/core/models/test_margin_account.py:294: in test_hyperliquid_margin_details_invalid_fields
    with pytest.raises(ValidationError, match=error_match):
E   AssertionError: Regex pattern did not match.
E    Regex: 'Value error, isolated_maintenance_margin_used: Value cannot be None'
E    Input: "1 validation error for HyperliquidMarginDetails\nisolated_maintenance_margin_used\n  Value error, Field 'isolated_maintenance_margin_used' decimal validation failed: Value cannot be None [type=value_error, input_value=None, input_type=NoneType]\n    For further information visit https://errors.pydantic.dev/2.11/v/value_error"
_ test_backpack_margin_details_invalid_fields[borrow_liability-value1-Value must be finite if provided] _
tests/unit/core/models/test_margin_account.py:347: in test_backpack_margin_details_invalid_fields
    BackpackMarginDetails(**data)
E   pydantic_core._pydantic_core.ValidationError: 1 validation error for BackpackMarginDetails
E   borrow_liability
E     Value error, Field 'borrow_liability' must be finite if provided [type=value_error, input_value=Decimal('NaN'), input_type=Decimal]
E       For further information visit https://errors.pydantic.dev/2.11/v/value_error

During handling of the above exception, another exception occurred:
tests/unit/core/models/test_margin_account.py:346: in test_backpack_margin_details_invalid_fields
    with pytest.raises((ValidationError, TypeError), match=error_match):
E   AssertionError: Regex pattern did not match.
E    Regex: 'Value must be finite if provided'
E    Input: "1 validation error for BackpackMarginDetails\nborrow_liability\n  Value error, Field 'borrow_liability' must be finite if provided [type=value_error, input_value=Decimal('NaN'), input_type=Decimal]\n    For further information visit https://errors.pydantic.dev/2.11/v/value_error"
_ test_backpack_margin_details_invalid_fields[liabilities_value-bad-decimal-Cannot convert 'bad-decimal' to Decimal] _
tests/unit/core/models/test_margin_account.py:347: in test_backpack_margin_details_invalid_fields
    BackpackMarginDetails(**data)
E   pydantic_core._pydantic_core.ValidationError: 1 validation error for BackpackMarginDetails
E   liabilities_value
E     Value error, Field 'liabilities_value' decimal validation failed: Cannot convert to Decimal: [<class 'decimal.ConversionSyntax'>] [type=value_error, input_value='bad-decimal', input_type=str]
E       For further information visit https://errors.pydantic.dev/2.11/v/value_error

During handling of the above exception, another exception occurred:
tests/unit/core/models/test_margin_account.py:346: in test_backpack_margin_details_invalid_fields
    with pytest.raises((ValidationError, TypeError), match=error_match):
E   AssertionError: Regex pattern did not match.
E    Regex: "Cannot convert 'bad-decimal' to Decimal"
E    Input: "1 validation error for BackpackMarginDetails\nliabilities_value\n  Value error, Field 'liabilities_value' decimal validation failed: Cannot convert to Decimal: [<class 'decimal.ConversionSyntax'>] [type=value_error, input_value='bad-decimal', input_type=str]\n    For further information visit https://errors.pydantic.dev/2.11/v/value_error"
_ test_backpack_margin_details_invalid_fields[imf_raw-123-Expected string, got int] _
tests/unit/core/models/test_margin_account.py:347: in test_backpack_margin_details_invalid_fields
    BackpackMarginDetails(**data)
cyberdelta/core/models/margin_account.py:353: in validate_optional_string
    return validate_str_field(v, field_name=field_name, max_length=256)
cyberdelta/utils/parsing.py:256: in validate_str_field
    raise TypeFieldError(
E   cyberdelta.exceptions.field_validation.TypeFieldError: Field 'imf_raw' must be str, got int

During handling of the above exception, another exception occurred:
tests/unit/core/models/test_margin_account.py:346: in test_backpack_margin_details_invalid_fields
    with pytest.raises((ValidationError, TypeError), match=error_match):
E   AssertionError: Regex pattern did not match.
E    Regex: 'Expected string, got int'
E    Input: "Field 'imf_raw' must be str, got int"
_ test_backpack_margin_details_invalid_fields[mmf_raw-sssssssssssssssssssssssssssssssssssssssssssssssssssssssssssssssssssssssssssssssssssssssssssssssssssssssssssssssssssssssssssssssssssssssssssssssssssssssssssssssssssssssssssssssssssssssssssssssssssssssssssssssssssssssssssssssssssssssssssssssssssssssssssssssss-String value too long] _
tests/unit/core/models/test_margin_account.py:347: in test_backpack_margin_details_invalid_fields
    BackpackMarginDetails(**data)
cyberdelta/core/models/margin_account.py:353: in validate_optional_string
    return validate_str_field(v, field_name=field_name, max_length=256)
cyberdelta/utils/parsing.py:264: in validate_str_field
    raise TypeFieldError(
E   cyberdelta.exceptions.field_validation.TypeFieldError: Field 'mmf_raw' must be string with max length 256, got string with length 257

During handling of the above exception, another exception occurred:
tests/unit/core/models/test_margin_account.py:346: in test_backpack_margin_details_invalid_fields
    with pytest.raises((ValidationError, TypeError), match=error_match):
E   AssertionError: Regex pattern did not match.
E    Regex: 'String value too long'
E    Input: "Field 'mmf_raw' must be string with max length 256, got string with length 257"
_ test_spot_balance_invalid_core_field_values[exchange-None-Expected string, got NoneType] _
tests/unit/core/models/test_spot_balance.py:174: in test_spot_balance_invalid_core_field_values
    SpotBalance(**invalid_data)
cyberdelta/core/models/spot_balance.py:125: in validate_required_strings
    return validate_str_field(v, field_name=field_name, max_length=64)
cyberdelta/utils/parsing.py:256: in validate_str_field
    raise TypeFieldError(
E   cyberdelta.exceptions.field_validation.TypeFieldError: Field 'exchange' must be str, got NoneType

During handling of the above exception, another exception occurred:
tests/unit/core/models/test_spot_balance.py:173: in test_spot_balance_invalid_core_field_values
    with pytest.raises((ValidationError, TypeError, ValueError), match=f".*{error_match}.*"):
E   AssertionError: Regex pattern did not match.
E    Regex: '.*Expected string, got NoneType.*'
E    Input: "Field 'exchange' must be str, got NoneType"
_ test_spot_balance_invalid_core_field_values[exchange--Field exchange: String cannot be empty] _
tests/unit/core/models/test_spot_balance.py:174: in test_spot_balance_invalid_core_field_values
    SpotBalance(**invalid_data)
cyberdelta/core/models/spot_balance.py:125: in validate_required_strings
    return validate_str_field(v, field_name=field_name, max_length=64)
cyberdelta/utils/parsing.py:262: in validate_str_field
    raise EmptyStringError(field_name or "string")
E   cyberdelta.exceptions.parsing.EmptyStringError: Field exchange: String cannot be empty
_ test_spot_balance_invalid_core_field_values[asset-None-Expected string, got NoneType] _
tests/unit/core/models/test_spot_balance.py:174: in test_spot_balance_invalid_core_field_values
    SpotBalance(**invalid_data)
cyberdelta/core/models/spot_balance.py:125: in validate_required_strings
    return validate_str_field(v, field_name=field_name, max_length=64)
cyberdelta/utils/parsing.py:256: in validate_str_field
    raise TypeFieldError(
E   cyberdelta.exceptions.field_validation.TypeFieldError: Field 'asset' must be str, got NoneType

During handling of the above exception, another exception occurred:
tests/unit/core/models/test_spot_balance.py:173: in test_spot_balance_invalid_core_field_values
    with pytest.raises((ValidationError, TypeError, ValueError), match=f".*{error_match}.*"):
E   AssertionError: Regex pattern did not match.
E    Regex: '.*Expected string, got NoneType.*'
E    Input: "Field 'asset' must be str, got NoneType"
_ test_spot_balance_invalid_core_field_values[asset-   -Field asset: String cannot be empty] _
tests/unit/core/models/test_spot_balance.py:174: in test_spot_balance_invalid_core_field_values
    SpotBalance(**invalid_data)
cyberdelta/core/models/spot_balance.py:125: in validate_required_strings
    return validate_str_field(v, field_name=field_name, max_length=64)
cyberdelta/utils/parsing.py:262: in validate_str_field
    raise EmptyStringError(field_name or "string")
E   cyberdelta.exceptions.parsing.EmptyStringError: Field asset: String cannot be empty
_ test_spot_balance_invalid_core_field_values[asset-AAAAAAAAAAAAAAAAAAAAAAAAAAAAAAAAAAAAAAAAAAAAAAAAAAAAAAAAAAAAAAAAA-String value too long] _
tests/unit/core/models/test_spot_balance.py:174: in test_spot_balance_invalid_core_field_values
    SpotBalance(**invalid_data)
cyberdelta/core/models/spot_balance.py:125: in validate_required_strings
    return validate_str_field(v, field_name=field_name, max_length=64)
cyberdelta/utils/parsing.py:264: in validate_str_field
    raise TypeFieldError(
E   cyberdelta.exceptions.field_validation.TypeFieldError: Field 'asset' must be string with max length 64, got string with length 65

During handling of the above exception, another exception occurred:
tests/unit/core/models/test_spot_balance.py:173: in test_spot_balance_invalid_core_field_values
    with pytest.raises((ValidationError, TypeError, ValueError), match=f".*{error_match}.*"):
E   AssertionError: Regex pattern did not match.
E    Regex: '.*String value too long.*'
E    Input: "Field 'asset' must be string with max length 64, got string with length 65"
_ test_spot_balance_invalid_core_field_values[timestamp-not-a-datetime-timestamp: Cannot parse string .* as ISO datetime .* or as numeric timestamp] _
cyberdelta/utils/parsing.py:154: in _parse_string_datetime
    dt = datetime.fromisoformat(value)
E   ValueError: Invalid isoformat string: 'not-a-datetime'

During handling of the above exception, another exception occurred:
cyberdelta/utils/parsing.py:175: in _parse_string_as_numeric_timestamp
    float_val = float(value)
E   ValueError: could not convert string to float: 'not-a-datetime'

The above exception was the direct cause of the following exception:
tests/unit/core/models/test_spot_balance.py:174: in test_spot_balance_invalid_core_field_values
    SpotBalance(**invalid_data)
cyberdelta/core/models/spot_balance.py:138: in parse_required_datetime_utc
    dt = parse_datetime_utc(v, field_name=field_name)
cyberdelta/utils/parsing.py:66: in parse_datetime_utc
    return _parse_string_datetime(value, prefix)
cyberdelta/utils/parsing.py:157: in _parse_string_datetime
    return _parse_string_as_numeric_timestamp(value, prefix, e_iso)
cyberdelta/utils/parsing.py:180: in _parse_string_as_numeric_timestamp
    raise DateTimeParsingError(
E   cyberdelta.exceptions.parsing.DateTimeParsingError: Field timestamp: Cannot parse as ISO datetime (Invalid isoformat string: 'not-a-datetime') or as numeric timestamp (could not convert string to float: 'not-a-datetime') for 'not-a-datetime'
_ test_spot_balance_invalid_core_field_values[total_quantity-None-total_quantity: Value cannot be None] _
tests/unit/core/models/test_spot_balance.py:174: in test_spot_balance_invalid_core_field_values
    SpotBalance(**invalid_data)
E   pydantic_core._pydantic_core.ValidationError: 1 validation error for SpotBalance
E   total_quantity
E     Value error, Field 'total_quantity' decimal validation failed: Value cannot be None [type=value_error, input_value=None, input_type=NoneType]
E       For further information visit https://errors.pydantic.dev/2.11/v/value_error

During handling of the above exception, another exception occurred:
tests/unit/core/models/test_spot_balance.py:173: in test_spot_balance_invalid_core_field_values
    with pytest.raises((ValidationError, TypeError, ValueError), match=f".*{error_match}.*"):
E   AssertionError: Regex pattern did not match.
E    Regex: '.*total_quantity: Value cannot be None.*'
E    Input: "1 validation error for SpotBalance\ntotal_quantity\n  Value error, Field 'total_quantity' decimal validation failed: Value cannot be None [type=value_error, input_value=None, input_type=NoneType]\n    For further information visit https://errors.pydantic.dev/2.11/v/value_error"
_ test_spot_balance_invalid_core_field_values[total_quantity-abc-Cannot convert 'abc' to Decimal] _
tests/unit/core/models/test_spot_balance.py:174: in test_spot_balance_invalid_core_field_values
    SpotBalance(**invalid_data)
E   pydantic_core._pydantic_core.ValidationError: 1 validation error for SpotBalance
E   total_quantity
E     Value error, Field 'total_quantity' decimal validation failed: Cannot convert to Decimal: [<class 'decimal.ConversionSyntax'>] [type=value_error, input_value='abc', input_type=str]
E       For further information visit https://errors.pydantic.dev/2.11/v/value_error

During handling of the above exception, another exception occurred:
tests/unit/core/models/test_spot_balance.py:173: in test_spot_balance_invalid_core_field_values
    with pytest.raises((ValidationError, TypeError, ValueError), match=f".*{error_match}.*"):
E   AssertionError: Regex pattern did not match.
E    Regex: ".*Cannot convert 'abc' to Decimal.*"
E    Input: "1 validation error for SpotBalance\ntotal_quantity\n  Value error, Field 'total_quantity' decimal validation failed: Cannot convert to Decimal: [<class 'decimal.ConversionSyntax'>] [type=value_error, input_value='abc', input_type=str]\n    For further information visit https://errors.pydantic.dev/2.11/v/value_error"
_ test_spot_balance_invalid_core_field_values[total_quantity-value9-total_quantity: Value must be finite] _
tests/unit/core/models/test_spot_balance.py:174: in test_spot_balance_invalid_core_field_values
    SpotBalance(**invalid_data)
E   pydantic_core._pydantic_core.ValidationError: 1 validation error for SpotBalance
E   total_quantity
E     Value error, Field 'total_quantity' must be finite [type=value_error, input_value=Decimal('NaN'), input_type=Decimal]
E       For further information visit https://errors.pydantic.dev/2.11/v/value_error

During handling of the above exception, another exception occurred:
tests/unit/core/models/test_spot_balance.py:173: in test_spot_balance_invalid_core_field_values
    with pytest.raises((ValidationError, TypeError, ValueError), match=f".*{error_match}.*"):
E   AssertionError: Regex pattern did not match.
E    Regex: '.*total_quantity: Value must be finite.*'
E    Input: "1 validation error for SpotBalance\ntotal_quantity\n  Value error, Field 'total_quantity' must be finite [type=value_error, input_value=Decimal('NaN'), input_type=Decimal]\n    For further information visit https://errors.pydantic.dev/2.11/v/value_error"
_ test_spot_balance_invalid_core_field_values[available_quantity-None-available_quantity: Value cannot be None] _
tests/unit/core/models/test_spot_balance.py:174: in test_spot_balance_invalid_core_field_values
    SpotBalance(**invalid_data)
E   pydantic_core._pydantic_core.ValidationError: 1 validation error for SpotBalance
E   available_quantity
E     Value error, Field 'available_quantity' decimal validation failed: Value cannot be None [type=value_error, input_value=None, input_type=NoneType]
E       For further information visit https://errors.pydantic.dev/2.11/v/value_error

During handling of the above exception, another exception occurred:
tests/unit/core/models/test_spot_balance.py:173: in test_spot_balance_invalid_core_field_values
    with pytest.raises((ValidationError, TypeError, ValueError), match=f".*{error_match}.*"):
E   AssertionError: Regex pattern did not match.
E    Regex: '.*available_quantity: Value cannot be None.*'
E    Input: "1 validation error for SpotBalance\navailable_quantity\n  Value error, Field 'available_quantity' decimal validation failed: Value cannot be None [type=value_error, input_value=None, input_type=NoneType]\n    For further information visit https://errors.pydantic.dev/2.11/v/value_error"
_ test_spot_balance_invalid_core_field_values[available_quantity-value12-available_quantity: Value must be finite] _
tests/unit/core/models/test_spot_balance.py:174: in test_spot_balance_invalid_core_field_values
    SpotBalance(**invalid_data)
E   pydantic_core._pydantic_core.ValidationError: 1 validation error for SpotBalance
E   available_quantity
E     Value error, Field 'available_quantity' must be finite [type=value_error, input_value=Decimal('Infinity'), input_type=Decimal]
E       For further information visit https://errors.pydantic.dev/2.11/v/value_error

During handling of the above exception, another exception occurred:
tests/unit/core/models/test_spot_balance.py:173: in test_spot_balance_invalid_core_field_values
    with pytest.raises((ValidationError, TypeError, ValueError), match=f".*{error_match}.*"):
E   AssertionError: Regex pattern did not match.
E    Regex: '.*available_quantity: Value must be finite.*'
E    Input: "1 validation error for SpotBalance\navailable_quantity\n  Value error, Field 'available_quantity' must be finite [type=value_error, input_value=Decimal('Infinity'), input_type=Decimal]\n    For further information visit https://errors.pydantic.dev/2.11/v/value_error"
_ test_bp_details_invalid_field_values[open_order_quantity-value1-Value must be finite if provided] _
tests/unit/core/models/test_spot_balance.py:279: in test_bp_details_invalid_field_values
    BackpackSpotBalanceDetails(**invalid_data)
E   pydantic_core._pydantic_core.ValidationError: 1 validation error for BackpackSpotBalanceDetails
E   open_order_quantity
E     Value error, Field 'open_order_quantity' must be finite [type=value_error, input_value=Decimal('NaN'), input_type=Decimal]
E       For further information visit https://errors.pydantic.dev/2.11/v/value_error

During handling of the above exception, another exception occurred:
tests/unit/core/models/test_spot_balance.py:278: in test_bp_details_invalid_field_values
    with pytest.raises(ValidationError, match=error_match):
E   AssertionError: Regex pattern did not match.
E    Regex: 'Value must be finite if provided'
E    Input: "1 validation error for BackpackSpotBalanceDetails\nopen_order_quantity\n  Value error, Field 'open_order_quantity' must be finite [type=value_error, input_value=Decimal('NaN'), input_type=Decimal]\n    For further information visit https://errors.pydantic.dev/2.11/v/value_error"
_ test_bp_details_invalid_field_values[lend_quantity-invalid-Cannot convert 'invalid' to Decimal] _
tests/unit/core/models/test_spot_balance.py:279: in test_bp_details_invalid_field_values
    BackpackSpotBalanceDetails(**invalid_data)
E   pydantic_core._pydantic_core.ValidationError: 1 validation error for BackpackSpotBalanceDetails
E   lend_quantity
E     Value error, Field 'lend_quantity' decimal validation failed: Cannot convert to Decimal: [<class 'decimal.ConversionSyntax'>] [type=value_error, input_value='invalid', input_type=str]
E       For further information visit https://errors.pydantic.dev/2.11/v/value_error

During handling of the above exception, another exception occurred:
tests/unit/core/models/test_spot_balance.py:278: in test_bp_details_invalid_field_values
    with pytest.raises(ValidationError, match=error_match):
E   AssertionError: Regex pattern did not match.
E    Regex: "Cannot convert 'invalid' to Decimal"
E    Input: "1 validation error for BackpackSpotBalanceDetails\nlend_quantity\n  Value error, Field 'lend_quantity' decimal validation failed: Cannot convert to Decimal: [<class 'decimal.ConversionSyntax'>] [type=value_error, input_value='invalid', input_type=str]\n    For further information visit https://errors.pydantic.dev/2.11/v/value_error"
_ test_bp_details_invalid_field_values[collateral_weight-value4-Value must be finite if provided] _
tests/unit/core/models/test_spot_balance.py:279: in test_bp_details_invalid_field_values
    BackpackSpotBalanceDetails(**invalid_data)
E   pydantic_core._pydantic_core.ValidationError: 1 validation error for BackpackSpotBalanceDetails
E   collateral_weight
E     Value error, Field 'collateral_weight' must be finite [type=value_error, input_value=Decimal('Infinity'), input_type=Decimal]
E       For further information visit https://errors.pydantic.dev/2.11/v/value_error

During handling of the above exception, another exception occurred:
tests/unit/core/models/test_spot_balance.py:278: in test_bp_details_invalid_field_values
    with pytest.raises(ValidationError, match=error_match):
E   AssertionError: Regex pattern did not match.
E    Regex: 'Value must be finite if provided'
E    Input: "1 validation error for BackpackSpotBalanceDetails\ncollateral_weight\n  Value error, Field 'collateral_weight' must be finite [type=value_error, input_value=Decimal('Infinity'), input_type=Decimal]\n    For further information visit https://errors.pydantic.dev/2.11/v/value_error"
_ test_tradesignal_invalid_field_values[symbol--symbol.*String should not be empty] _
tests/unit/core/models/test_trade_signal.py:189: in test_tradesignal_invalid_field_values
    TradeSignal(**invalid_data)
cyberdelta/core/models/trade_signal.py:117: in validate_optional_strings
    return validate_str_field(v, field_name=field_name, max_length=64)
cyberdelta/utils/parsing.py:262: in validate_str_field
    raise EmptyStringError(field_name or "string")
E   cyberdelta.exceptions.parsing.EmptyStringError: Field symbol: String cannot be empty
_ test_tradesignal_invalid_field_values[source_strategy- -source_strategy.*String should not be empty] _
tests/unit/core/models/test_trade_signal.py:189: in test_tradesignal_invalid_field_values
    TradeSignal(**invalid_data)
cyberdelta/core/models/trade_signal.py:117: in validate_optional_strings
    return validate_str_field(v, field_name=field_name, max_length=64)
cyberdelta/utils/parsing.py:262: in validate_str_field
    raise EmptyStringError(field_name or "string")
E   cyberdelta.exceptions.parsing.EmptyStringError: Field source_strategy: String cannot be empty
_ test_tradesignal_invalid_field_values[exchange--exchange.*String should not be empty] _
tests/unit/core/models/test_trade_signal.py:189: in test_tradesignal_invalid_field_values
    TradeSignal(**invalid_data)
cyberdelta/core/models/trade_signal.py:142: in validate_exchange
    return validate_str_field(v, field_name=field_name, max_length=64)
cyberdelta/utils/parsing.py:262: in validate_str_field
    raise EmptyStringError(field_name or "string")
E   cyberdelta.exceptions.parsing.EmptyStringError: Field exchange: String cannot be empty
_ test_tradesignal_invalid_field_values[expiration-not a datetime-expiration.*Cannot parse ISO datetime string] _
cyberdelta/utils/parsing.py:154: in _parse_string_datetime
    dt = datetime.fromisoformat(value)
E   ValueError: Invalid isoformat string: 'not a datetime'

During handling of the above exception, another exception occurred:
cyberdelta/utils/parsing.py:175: in _parse_string_as_numeric_timestamp
    float_val = float(value)
E   ValueError: could not convert string to float: 'not a datetime'

The above exception was the direct cause of the following exception:
tests/unit/core/models/test_trade_signal.py:189: in test_tradesignal_invalid_field_values
    TradeSignal(**invalid_data)
cyberdelta/core/models/trade_signal.py:298: in parse_optional_datetime_utc
    return parse_datetime_utc(v, field_name=field_name)
cyberdelta/utils/parsing.py:66: in parse_datetime_utc
    return _parse_string_datetime(value, prefix)
cyberdelta/utils/parsing.py:157: in _parse_string_datetime
    return _parse_string_as_numeric_timestamp(value, prefix, e_iso)
cyberdelta/utils/parsing.py:180: in _parse_string_as_numeric_timestamp
    raise DateTimeParsingError(
E   cyberdelta.exceptions.parsing.DateTimeParsingError: Field expiration: Cannot parse as ISO datetime (Invalid isoformat string: 'not a datetime') or as numeric timestamp (could not convert string to float: 'not a datetime') for 'not a datetime'
_ test_tradesignal_invalid_field_values[expiration-value17-expiration.*Unsupported datetime type] _
tests/unit/core/models/test_trade_signal.py:189: in test_tradesignal_invalid_field_values
    TradeSignal(**invalid_data)
cyberdelta/core/models/trade_signal.py:298: in parse_optional_datetime_utc
    return parse_datetime_utc(v, field_name=field_name)
cyberdelta/utils/parsing.py:67: in parse_datetime_utc
    raise TimestampFormatError(
E   cyberdelta.exceptions.parsing.TimestampFormatError: Field expiration: Invalid datetime, int, float, or str timestamp value '['a']'. Details: Unsupported datetime type: <class 'list'>
__________________ test_tradesignal_exchange_list_validation ___________________
tests/unit/core/models/test_trade_signal.py:204: in test_tradesignal_exchange_list_validation
    TradeSignal(**invalid_data_empty)
E   pydantic_core._pydantic_core.ValidationError: 1 validation error for TradeSignal
E   exchange
E     Value error, Required field 'exchange' is missing in list cannot be empty [type=value_error, input_value=[], input_type=list]
E       For further information visit https://errors.pydantic.dev/2.11/v/value_error

During handling of the above exception, another exception occurred:
tests/unit/core/models/test_trade_signal.py:203: in test_tradesignal_exchange_list_validation
    with pytest.raises(ValueError, match="exchange list cannot be empty"):
E   AssertionError: Regex pattern did not match.
E    Regex: 'exchange list cannot be empty'
E    Input: "1 validation error for TradeSignal\nexchange\n  Value error, Required field 'exchange' is missing in list cannot be empty [type=value_error, input_value=[], input_type=list]\n    For further information visit https://errors.pydantic.dev/2.11/v/value_error"
_________________________ test_tradesignal_mutability __________________________
tests/unit/core/models/test_trade_signal.py:327: in test_tradesignal_mutability
    signal.price = "not a price"  # type: ignore[assignment]
.venv/lib/python3.13/site-packages/pydantic/main.py:996: in __setattr__
    setattr_handler(self, name, value)  # call here to not memo on possibly unknown fields
.venv/lib/python3.13/site-packages/pydantic/main.py:114: in <lambda>
    'validate_assignment': lambda model, name, val: model.__pydantic_validator__.validate_assignment(model, name, val),  # pyright: ignore[reportAssignmentType]
E   pydantic_core._pydantic_core.ValidationError: 1 validation error for TradeSignal
E   price
E     Value error, Field 'price' decimal validation failed: Cannot convert to Decimal: [<class 'decimal.ConversionSyntax'>] [type=value_error, input_value='not a price', input_type=str]
E       For further information visit https://errors.pydantic.dev/2.11/v/value_error

During handling of the above exception, another exception occurred:
tests/unit/core/models/test_trade_signal.py:326: in test_tradesignal_mutability
    with pytest.raises(ValidationError, match=r"price.*Cannot convert .* to Decimal"):
E   AssertionError: Regex pattern did not match.
E    Regex: 'price.*Cannot convert .* to Decimal'
E    Input: "1 validation error for TradeSignal\nprice\n  Value error, Field 'price' decimal validation failed: Cannot convert to Decimal: [<class 'decimal.ConversionSyntax'>] [type=value_error, input_value='not a price', input_type=str]\n    For further information visit https://errors.pydantic.dev/2.11/v/value_error"
___________________ test_clean_expired_signals_direct_patch ____________________
tests/unit/core/test_signal_queue.py:513: in test_clean_expired_signals_direct_patch
    assert len(current_signals) == 3, "Expected 3 signals after automatic cleanup"
E   AssertionError: Expected 3 signals after automatic cleanup
E   assert 5 == 3
E    +  where 5 = len([TradeSignal(signal_id='6e99c2b0-bd71-4ad3-92f6-599dc43437d3', symbol='EXP_VAL', signal_type=<SignalType.ENTER_LONG: 'ENTER_LONG'>, side=<OrderSide.BUY: 'BUY'>, price=Decimal('4'), quantity=Decimal('1.0'), exchange='mock_exchange', timestamp=FakeDatetime(2024, 1, 15, 12, 0, tzinfo=datetime.timezone.utc), confidence=None, source_strategy='test_strategy', stop_loss=None, take_profit=None, expiration=FakeDatetime(2024, 1, 15, 12, 3, tzinfo=datetime.timezone.utc), metadata={'utility_score': 0.8}), TradeSignal(signal_id='b7020ae5-82ac-401b-a869-556cc7377215', symbol='EXP_EXP', signal_type=<SignalType.ENTER_LONG: 'ENTER_LONG'>, side=<OrderSide.BUY: 'BUY'>, price=Decimal('3'), quantity=Decimal('1.0'), exchange='mock_exchange', timestamp=FakeDatetime(2024, 1, 15, 12, 0, tzinfo=datetime.timezone.utc), confidence=None, source_strategy='test_strategy', stop_loss=None, take_profit=None, expiration=FakeDatetime(2024, 1, 15, 12, 0, tzinfo=datetime.timezone.utc), metadata={'utility_score': 0.7}), TradeSignal(signal_id='d55e6c0d-6ae7-4a41-baf4-d8567f59b1c0', symbol='DEF_VAL', signal_type=<SignalType.ENTER_LONG: 'ENTER_LONG'>, side=<OrderSide.BUY: 'BUY'>, price=Decimal('2'), quantity=Decimal('1.0...=None, source_strategy='test_strategy', stop_loss=None, take_profit=None, expiration=FakeDatetime(2024, 1, 15, 12, 2, tzinfo=datetime.timezone.utc), metadata={'utility_score': 0.6}), TradeSignal(signal_id='7e4bc7df-aee5-445c-b3b0-4c73299d14c9', symbol='DEF_EXP', signal_type=<SignalType.ENTER_LONG: 'ENTER_LONG'>, side=<OrderSide.BUY: 'BUY'>, price=Decimal('1'), quantity=Decimal('1.0'), exchange='mock_exchange', timestamp=FakeDatetime(2024, 1, 15, 12, 0, tzinfo=datetime.timezone.utc), confidence=None, source_strategy='test_strategy', stop_loss=None, take_profit=None, expiration=FakeDatetime(2024, 1, 15, 11, 59, 50, tzinfo=datetime.timezone.utc), metadata={'utility_score': 0.5}), TradeSignal(signal_id='454bf76e-39f0-4ac1-8965-af7c28e267fe', symbol='CLEANUP_TRIGGER', signal_type=<SignalType.ENTER_LONG: 'ENTER_LONG'>, side=<OrderSide.BUY: 'BUY'>, price=Decimal('1'), quantity=Decimal('1.0'), exchange='mock_exchange', timestamp=FakeDatetime(2024, 1, 15, 12, 1, 40, tzinfo=datetime.timezone.utc), confidence=None, source_strategy='test_strategy', stop_loss=None, take_profit=None, expiration=FakeDatetime(2024, 1, 15, 12, 2, 40, tzinfo=datetime.timezone.utc), metadata={'utility_score': 0.1})])
----------------------------- Captured stdout call -----------------------------
2024-01-15 12:00:00 [info     ] Initialized priority signal queue
2024-01-15 12:01:40 [debug    ] all_circuit_breakers_passed    action=circuit_breaker_check_complete message='All circuit breakers passed for signal 7e4bc7df-aee5-445c-b3b0-4c73299d14c9 (DEF_EXP)' signal_id=7e4bc7df-aee5-445c-b3b0-4c73299d14c9 symbol=DEF_EXP
2024-01-15 12:01:40 [debug    ] clean_expired_signals_start    action=cleanup_start message='[_clean_expired] Running at time 2024-01-15 12:01:40+00:00. Current queue size: 0' queue_size=0
2024-01-15 12:01:40 [debug    ] clean_expired_signals_complete action=cleanup_complete message='[_clean_expired] Finished. New queue size: 0' new_queue_size=0
2024-01-15 12:01:40 [debug    ] signal_added_to_queue          action=signal_added message='Added signal for DEF_EXP to queue with score 0.5' queue_trimmed=False symbol=DEF_EXP utility_score=0.5
2024-01-15 12:01:40 [debug    ] all_circuit_breakers_passed    action=circuit_breaker_check_complete message='All circuit breakers passed for signal d55e6c0d-6ae7-4a41-baf4-d8567f59b1c0 (DEF_VAL)' signal_id=d55e6c0d-6ae7-4a41-baf4-d8567f59b1c0 symbol=DEF_VAL
2024-01-15 12:01:40 [debug    ] signal_added_to_queue          action=signal_added message='Added signal for DEF_VAL to queue with score 0.6' queue_trimmed=False symbol=DEF_VAL utility_score=0.6
2024-01-15 12:01:40 [debug    ] all_circuit_breakers_passed    action=circuit_breaker_check_complete message='All circuit breakers passed for signal b7020ae5-82ac-401b-a869-556cc7377215 (EXP_EXP)' signal_id=b7020ae5-82ac-401b-a869-556cc7377215 symbol=EXP_EXP
2024-01-15 12:01:40 [debug    ] signal_added_to_queue          action=signal_added message='Added signal for EXP_EXP to queue with score 0.7' queue_trimmed=False symbol=EXP_EXP utility_score=0.7
2024-01-15 12:01:40 [debug    ] all_circuit_breakers_passed    action=circuit_breaker_check_complete message='All circuit breakers passed for signal 6e99c2b0-bd71-4ad3-92f6-599dc43437d3 (EXP_VAL)' signal_id=6e99c2b0-bd71-4ad3-92f6-599dc43437d3 symbol=EXP_VAL
2024-01-15 12:01:40 [debug    ] signal_added_to_queue          action=signal_added message='Added signal for EXP_VAL to queue with score 0.8' queue_trimmed=False symbol=EXP_VAL utility_score=0.8
2024-01-15 12:01:40 [debug    ] all_circuit_breakers_passed    action=circuit_breaker_check_complete message='All circuit breakers passed for signal 454bf76e-39f0-4ac1-8965-af7c28e267fe (CLEANUP_TRIGGER)' signal_id=454bf76e-39f0-4ac1-8965-af7c28e267fe symbol=CLEANUP_TRIGGER
2024-01-15 12:01:40 [debug    ] signal_added_to_queue          action=signal_added message='Added signal for CLEANUP_TRIGGER to queue with score 0.1' queue_trimmed=False symbol=CLEANUP_TRIGGER utility_score=0.1
____________________ test_clean_expired_signals_with_helper ____________________
tests/unit/core/test_signal_queue.py:709: in test_clean_expired_signals_with_helper
    assert len(current_signals) == 2, (
E   AssertionError: Expected 2 signals after automatic cleanup, found 3
E   assert 3 == 2
E    +  where 3 = len([TradeSignal(signal_id='a5cf2bd1-ec2a-4358-9ca8-291a5460c86d', symbol='VALID/USDT', signal_type=<SignalType.ENTER_LONG: 'ENTER_LONG'>, side=<OrderSide.BUY: 'BUY'>, price=Decimal('100'), quantity=Decimal('1.0'), exchange='mock_exchange', timestamp=FakeDatetime(2024, 1, 15, 12, 0, tzinfo=datetime.timezone.utc), confidence=None, source_strategy='test_strategy', stop_loss=None, take_profit=None, expiration=FakeDatetime(2024, 1, 15, 12, 12, tzinfo=datetime.timezone.utc), metadata={'utility_score': 0.8}), TradeSignal(signal_id='17a353a7-c3bd-4385-8d9e-43b9f89e4388', symbol='EXPIRED/USDT', signal_type=<SignalType.ENTER_LONG: 'ENTER_LONG'>, side=<OrderSide.BUY: 'BUY'>, price=Decimal('200'), quantity=Decimal('1.0'), exchange='mock_exchange', timestamp=FakeDatetime(2024, 1, 15, 12, 0, tzinfo=datetime.timezone.utc), confidence=None, source_strategy='test_strategy', stop_loss=None, take_profit=None, expiration=FakeDatetime(2024, 1, 15, 12, 9, 30, tzinfo=datetime.timezone.utc), metadata={'utility_score': 0.7}), TradeSignal(signal_id='e7b79043-211a-45e4-b47e-cf39d1dcd846', symbol='TRIGGER_CLEANUP', signal_type=<SignalType.ENTER_LONG: 'ENTER_LONG'>, side=<OrderSide.BUY: 'BUY'>, price=Decimal('1'), quantity=Decimal('1.0'), exchange='mock_exchange', timestamp=FakeDatetime(2024, 1, 15, 12, 10, tzinfo=datetime.timezone.utc), confidence=None, source_strategy='test_strategy', stop_loss=None, take_profit=None, expiration=FakeDatetime(2024, 1, 15, 12, 11, tzinfo=datetime.timezone.utc), metadata={'utility_score': 0.1})])
----------------------------- Captured stdout call -----------------------------
2024-01-15 12:00:00 [info     ] Initialized priority signal queue
2024-01-15 12:10:00 [debug    ] all_circuit_breakers_passed    action=circuit_breaker_check_complete message='All circuit breakers passed for signal a5cf2bd1-ec2a-4358-9ca8-291a5460c86d (VALID/USDT)' signal_id=a5cf2bd1-ec2a-4358-9ca8-291a5460c86d symbol=VALID/USDT
2024-01-15 12:10:00 [debug    ] clean_expired_signals_start    action=cleanup_start message='[_clean_expired] Running at time 2024-01-15 12:10:00+00:00. Current queue size: 0' queue_size=0
2024-01-15 12:10:00 [debug    ] clean_expired_signals_complete action=cleanup_complete message='[_clean_expired] Finished. New queue size: 0' new_queue_size=0
2024-01-15 12:10:00 [debug    ] signal_added_to_queue          action=signal_added message='Added signal for VALID/USDT to queue with score 0.8' queue_trimmed=False symbol=VALID/USDT utility_score=0.8
2024-01-15 12:10:00 [debug    ] all_circuit_breakers_passed    action=circuit_breaker_check_complete message='All circuit breakers passed for signal 17a353a7-c3bd-4385-8d9e-43b9f89e4388 (EXPIRED/USDT)' signal_id=17a353a7-c3bd-4385-8d9e-43b9f89e4388 symbol=EXPIRED/USDT
2024-01-15 12:10:00 [debug    ] signal_added_to_queue          action=signal_added message='Added signal for EXPIRED/USDT to queue with score 0.7' queue_trimmed=False symbol=EXPIRED/USDT utility_score=0.7
2024-01-15 12:10:00 [debug    ] all_circuit_breakers_passed    action=circuit_breaker_check_complete message='All circuit breakers passed for signal e7b79043-211a-45e4-b47e-cf39d1dcd846 (TRIGGER_CLEANUP)' signal_id=e7b79043-211a-45e4-b47e-cf39d1dcd846 symbol=TRIGGER_CLEANUP
2024-01-15 12:10:00 [debug    ] signal_added_to_queue          action=signal_added message='Added signal for TRIGGER_CLEANUP to queue with score 0.1' queue_trimmed=False symbol=TRIGGER_CLEANUP utility_score=0.1
__ TestRiskManagerControls.test_portfolio_controls_circuit_breaker_rejection ___
tests/unit/risk/test_rm_controls.py:113: in test_portfolio_controls_circuit_breaker_rejection
    result = await risk_manager.size_opportunity(sample_opportunity)
cyberdelta/core/risk_manager.py:1477: in size_opportunity
    validation_result = await self._validate_and_get_factors(opportunity)
cyberdelta/core/risk_manager.py:1520: in _validate_and_get_factors
    await self._validate_opportunity_pipeline(opportunity)
cyberdelta/core/risk_manager.py:1433: in _validate_opportunity_pipeline
    raise RiskCheckError(
E   cyberdelta.exceptions.risk.RiskCheckError: Validation failed at _check_circuit_breaker for BTC-PERP
---------------------------- Captured stdout setup -----------------------------
2025-07-03 00:36:39 [info     ] risk_manager_config_parsed     component=RM_INIT config_key=use_simple_sizing_path message='RM_INIT: Parsed self.use_simple_sizing_path: False' value=False
2025-07-03 00:36:39 [info     ] risk_manager_kelly_criterion_default component=RM_INIT kelly_enabled=False message='RM_INIT: Kelly criterion not configured, defaulting to False' reason=not_configured
----------------------------- Captured stdout call -----------------------------
2025-07-03 00:36:39 [info     ] risk_manager_sizing_start      long_exchange=exchange_a message='RiskManager: Starting to size opportunity for BTC-PERP on exchange_a/exchange_b' short_exchange=exchange_b symbol=BTC-PERP
2025-07-03 00:36:39 [debug    ] validating_opportunity_pipeline long_exchange=exchange_a message='Validating opportunity pipeline for: BTC-PERP' short_exchange=exchange_b symbol=BTC-PERP
2025-07-03 00:36:39 [warning  ] circuit_breaker_tripped_long_exchange action=rejecting_opportunity exchange=exchange_a message='Rejecting opportunity BTC-PERP: Circuit breaker tripped for long exchange exchange_a: Test circuit breaker rejection' reason='Test circuit breaker rejection' symbol=BTC-PERP
_ TestRiskManagerDependencyFailures.test_size_opportunity_bad_total_capital[bad_capital0] _
tests/unit/risk/test_rm_dependencies.py:62: in test_size_opportunity_bad_total_capital
    sized_opp = await risk_manager.size_opportunity(sample_opportunity)
cyberdelta/core/risk_manager.py:1477: in size_opportunity
    validation_result = await self._validate_and_get_factors(opportunity)
cyberdelta/core/risk_manager.py:1520: in _validate_and_get_factors
    await self._validate_opportunity_pipeline(opportunity)
cyberdelta/core/risk_manager.py:1449: in _validate_opportunity_pipeline
    raise RiskCheckError(opportunity.symbol, "_check_leverage")
E   cyberdelta.exceptions.risk.RiskCheckError: Validation failed at _check_leverage for BTC-PERP
---------------------------- Captured stdout setup -----------------------------
2025-07-03 00:36:39 [info     ] risk_manager_config_parsed     component=RM_INIT config_key=use_simple_sizing_path message='RM_INIT: Parsed self.use_simple_sizing_path: False' value=False
2025-07-03 00:36:39 [info     ] risk_manager_kelly_criterion_default component=RM_INIT kelly_enabled=False message='RM_INIT: Kelly criterion not configured, defaulting to False' reason=not_configured
----------------------------- Captured stdout call -----------------------------
2025-07-03 00:36:39 [info     ] risk_manager_sizing_start      long_exchange=exchange_a message='RiskManager: Starting to size opportunity for BTC-PERP on exchange_a/exchange_b' short_exchange=exchange_b symbol=BTC-PERP
2025-07-03 00:36:39 [debug    ] validating_opportunity_pipeline long_exchange=exchange_a message='Validating opportunity pipeline for: BTC-PERP' short_exchange=exchange_b symbol=BTC-PERP
2025-07-03 00:36:39 [warning  ] leverage_calculation_zero_capital action=cannot_calculate_leverage message='Total capital is zero or negative. Cannot calculate leverage.' total_capital=0.0
_ TestRiskManagerDependencyFailures.test_size_opportunity_bad_total_capital[bad_capital1] _
tests/unit/risk/test_rm_dependencies.py:62: in test_size_opportunity_bad_total_capital
    sized_opp = await risk_manager.size_opportunity(sample_opportunity)
cyberdelta/core/risk_manager.py:1477: in size_opportunity
    validation_result = await self._validate_and_get_factors(opportunity)
cyberdelta/core/risk_manager.py:1520: in _validate_and_get_factors
    await self._validate_opportunity_pipeline(opportunity)
cyberdelta/core/risk_manager.py:1449: in _validate_opportunity_pipeline
    raise RiskCheckError(opportunity.symbol, "_check_leverage")
E   cyberdelta.exceptions.risk.RiskCheckError: Validation failed at _check_leverage for BTC-PERP
---------------------------- Captured stdout setup -----------------------------
2025-07-03 00:36:39 [info     ] risk_manager_config_parsed     component=RM_INIT config_key=use_simple_sizing_path message='RM_INIT: Parsed self.use_simple_sizing_path: False' value=False
2025-07-03 00:36:39 [info     ] risk_manager_kelly_criterion_default component=RM_INIT kelly_enabled=False message='RM_INIT: Kelly criterion not configured, defaulting to False' reason=not_configured
----------------------------- Captured stdout call -----------------------------
2025-07-03 00:36:39 [info     ] risk_manager_sizing_start      long_exchange=exchange_a message='RiskManager: Starting to size opportunity for BTC-PERP on exchange_a/exchange_b' short_exchange=exchange_b symbol=BTC-PERP
2025-07-03 00:36:39 [debug    ] validating_opportunity_pipeline long_exchange=exchange_a message='Validating opportunity pipeline for: BTC-PERP' short_exchange=exchange_b symbol=BTC-PERP
2025-07-03 00:36:39 [warning  ] leverage_calculation_zero_capital action=cannot_calculate_leverage message='Total capital is zero or negative. Cannot calculate leverage.' total_capital=-100.0
_ TestRiskManagerDependencyFailures.test_size_opportunity_circuit_breaker_tripped[global] _
tests/unit/risk/test_rm_dependencies.py:203: in test_size_opportunity_circuit_breaker_tripped
    sized_opp = await risk_manager.size_opportunity(sample_opportunity)
cyberdelta/core/risk_manager.py:1477: in size_opportunity
    validation_result = await self._validate_and_get_factors(opportunity)
cyberdelta/core/risk_manager.py:1520: in _validate_and_get_factors
    await self._validate_opportunity_pipeline(opportunity)
cyberdelta/core/risk_manager.py:1433: in _validate_opportunity_pipeline
    raise RiskCheckError(
E   cyberdelta.exceptions.risk.RiskCheckError: Validation failed at _check_circuit_breaker for BTC-PERP
---------------------------- Captured stdout setup -----------------------------
2025-07-03 00:36:39 [info     ] risk_manager_config_parsed     component=RM_INIT config_key=use_simple_sizing_path message='RM_INIT: Parsed self.use_simple_sizing_path: False' value=False
2025-07-03 00:36:39 [info     ] risk_manager_kelly_criterion_default component=RM_INIT kelly_enabled=False message='RM_INIT: Kelly criterion not configured, defaulting to False' reason=not_configured
----------------------------- Captured stdout call -----------------------------
2025-07-03 00:36:39 [info     ] risk_manager_sizing_start      long_exchange=exchange_a message='RiskManager: Starting to size opportunity for BTC-PERP on exchange_a/exchange_b' short_exchange=exchange_b symbol=BTC-PERP
2025-07-03 00:36:39 [debug    ] validating_opportunity_pipeline long_exchange=exchange_a message='Validating opportunity pipeline for: BTC-PERP' short_exchange=exchange_b symbol=BTC-PERP
2025-07-03 00:36:39 [warning  ] circuit_breaker_tripped_long_exchange action=rejecting_opportunity exchange=exchange_a message='Rejecting opportunity BTC-PERP: Circuit breaker tripped for long exchange exchange_a: Global CB Tripped (simulated for exchange_a)' reason='Global CB Tripped (simulated for exchange_a)' symbol=BTC-PERP
_ TestRiskManagerDependencyFailures.test_size_opportunity_circuit_breaker_tripped[long_exchange] _
tests/unit/risk/test_rm_dependencies.py:203: in test_size_opportunity_circuit_breaker_tripped
    sized_opp = await risk_manager.size_opportunity(sample_opportunity)
cyberdelta/core/risk_manager.py:1477: in size_opportunity
    validation_result = await self._validate_and_get_factors(opportunity)
cyberdelta/core/risk_manager.py:1520: in _validate_and_get_factors
    await self._validate_opportunity_pipeline(opportunity)
cyberdelta/core/risk_manager.py:1433: in _validate_opportunity_pipeline
    raise RiskCheckError(
E   cyberdelta.exceptions.risk.RiskCheckError: Validation failed at _check_circuit_breaker for BTC-PERP
---------------------------- Captured stdout setup -----------------------------
2025-07-03 00:36:39 [info     ] risk_manager_config_parsed     component=RM_INIT config_key=use_simple_sizing_path message='RM_INIT: Parsed self.use_simple_sizing_path: False' value=False
2025-07-03 00:36:39 [info     ] risk_manager_kelly_criterion_default component=RM_INIT kelly_enabled=False message='RM_INIT: Kelly criterion not configured, defaulting to False' reason=not_configured
----------------------------- Captured stdout call -----------------------------
2025-07-03 00:36:39 [info     ] risk_manager_sizing_start      long_exchange=exchange_a message='RiskManager: Starting to size opportunity for BTC-PERP on exchange_a/exchange_b' short_exchange=exchange_b symbol=BTC-PERP
2025-07-03 00:36:39 [debug    ] validating_opportunity_pipeline long_exchange=exchange_a message='Validating opportunity pipeline for: BTC-PERP' short_exchange=exchange_b symbol=BTC-PERP
2025-07-03 00:36:39 [warning  ] circuit_breaker_tripped_long_exchange action=rejecting_opportunity exchange=exchange_a message='Rejecting opportunity BTC-PERP: Circuit breaker tripped for long exchange exchange_a: exchange_a CB Tripped for long leg' reason='exchange_a CB Tripped for long leg' symbol=BTC-PERP
_ TestRiskManagerDependencyFailures.test_size_opportunity_circuit_breaker_tripped[short_exchange] _
tests/unit/risk/test_rm_dependencies.py:203: in test_size_opportunity_circuit_breaker_tripped
    sized_opp = await risk_manager.size_opportunity(sample_opportunity)
cyberdelta/core/risk_manager.py:1477: in size_opportunity
    validation_result = await self._validate_and_get_factors(opportunity)
cyberdelta/core/risk_manager.py:1520: in _validate_and_get_factors
    await self._validate_opportunity_pipeline(opportunity)
cyberdelta/core/risk_manager.py:1433: in _validate_opportunity_pipeline
    raise RiskCheckError(
E   cyberdelta.exceptions.risk.RiskCheckError: Validation failed at _check_circuit_breaker for BTC-PERP
---------------------------- Captured stdout setup -----------------------------
2025-07-03 00:36:39 [info     ] risk_manager_config_parsed     component=RM_INIT config_key=use_simple_sizing_path message='RM_INIT: Parsed self.use_simple_sizing_path: False' value=False
2025-07-03 00:36:39 [info     ] risk_manager_kelly_criterion_default component=RM_INIT kelly_enabled=False message='RM_INIT: Kelly criterion not configured, defaulting to False' reason=not_configured
----------------------------- Captured stdout call -----------------------------
2025-07-03 00:36:39 [info     ] risk_manager_sizing_start      long_exchange=exchange_a message='RiskManager: Starting to size opportunity for BTC-PERP on exchange_a/exchange_b' short_exchange=exchange_b symbol=BTC-PERP
2025-07-03 00:36:39 [debug    ] validating_opportunity_pipeline long_exchange=exchange_a message='Validating opportunity pipeline for: BTC-PERP' short_exchange=exchange_b symbol=BTC-PERP
2025-07-03 00:36:39 [warning  ] circuit_breaker_tripped_short_exchange action=rejecting_opportunity exchange=exchange_b message='Rejecting opportunity BTC-PERP: Circuit breaker tripped for short exchange exchange_b: exchange_b CB Tripped for short leg' reason='exchange_b CB Tripped for short leg' symbol=BTC-PERP
____________________ TestParseDatetimeUTC.test_invalid_type ____________________
tests/unit/utils/test_parsing.py:143: in test_invalid_type
    parse_datetime_utc(invalid_value)
cyberdelta/utils/parsing.py:67: in parse_datetime_utc
    raise TimestampFormatError(
E   cyberdelta.exceptions.parsing.TimestampFormatError: Field timestamp: Invalid datetime, int, float, or str timestamp value '[]'. Details: Unsupported datetime type: <class 'list'>
___________________ TestParseDatetimeUTC.test_invalid_string ___________________
cyberdelta/utils/parsing.py:154: in _parse_string_datetime
    dt = datetime.fromisoformat(value)
E   ValueError: Invalid isoformat string: 'not-a-date'

During handling of the above exception, another exception occurred:
cyberdelta/utils/parsing.py:175: in _parse_string_as_numeric_timestamp
    float_val = float(value)
E   ValueError: could not convert string to float: 'not-a-date'

The above exception was the direct cause of the following exception:
tests/unit/utils/test_parsing.py:151: in test_invalid_string
    parse_datetime_utc("not-a-date")
cyberdelta/utils/parsing.py:66: in parse_datetime_utc
    return _parse_string_datetime(value, prefix)
cyberdelta/utils/parsing.py:157: in _parse_string_datetime
    return _parse_string_as_numeric_timestamp(value, prefix, e_iso)
cyberdelta/utils/parsing.py:180: in _parse_string_as_numeric_timestamp
    raise DateTimeParsingError(
E   cyberdelta.exceptions.parsing.DateTimeParsingError: Field datetime: Cannot parse as ISO datetime (Invalid isoformat string: 'not-a-date') or as numeric timestamp (could not convert string to float: 'not-a-date') for 'not-a-date'
____________ TestParseDatetimeUTC.test_error_context_includes_field ____________
cyberdelta/utils/parsing.py:154: in _parse_string_datetime
    dt = datetime.fromisoformat(value)
E   ValueError: Invalid isoformat string: 'bad'

During handling of the above exception, another exception occurred:
cyberdelta/utils/parsing.py:175: in _parse_string_as_numeric_timestamp
    float_val = float(value)
E   ValueError: could not convert string to float: 'bad'

The above exception was the direct cause of the following exception:
tests/unit/utils/test_parsing.py:156: in test_error_context_includes_field
    parse_datetime_utc("bad", field_name="test_field")
cyberdelta/utils/parsing.py:66: in parse_datetime_utc
    return _parse_string_datetime(value, prefix)
cyberdelta/utils/parsing.py:157: in _parse_string_datetime
    return _parse_string_as_numeric_timestamp(value, prefix, e_iso)
cyberdelta/utils/parsing.py:180: in _parse_string_as_numeric_timestamp
    raise DateTimeParsingError(
E   cyberdelta.exceptions.parsing.DateTimeParsingError: Field test_field: Cannot parse as ISO datetime (Invalid isoformat string: 'bad') or as numeric timestamp (could not convert string to float: 'bad') for 'bad'
________________ TestParseDatetimeUTC.test_non_leap_year_feb_29 ________________
cyberdelta/utils/parsing.py:154: in _parse_string_datetime
    dt = datetime.fromisoformat(value)
E   ValueError: day is out of range for month

During handling of the above exception, another exception occurred:
cyberdelta/utils/parsing.py:175: in _parse_string_as_numeric_timestamp
    float_val = float(value)
E   ValueError: could not convert string to float: '2019-02-29T12:00:00'

The above exception was the direct cause of the following exception:
tests/unit/utils/test_parsing.py:184: in test_non_leap_year_feb_29
    parse_datetime_utc("2019-02-29T12:00:00")
cyberdelta/utils/parsing.py:66: in parse_datetime_utc
    return _parse_string_datetime(value, prefix)
cyberdelta/utils/parsing.py:157: in _parse_string_datetime
    return _parse_string_as_numeric_timestamp(value, prefix, e_iso)
cyberdelta/utils/parsing.py:180: in _parse_string_as_numeric_timestamp
    raise DateTimeParsingError(
E   cyberdelta.exceptions.parsing.DateTimeParsingError: Field datetime: Cannot parse as ISO datetime (day is out of range for month) or as numeric timestamp (could not convert string to float: '2019-02-29T12:00:00') for '2019-02-29T12:00:00'
_______________ TestParseDatetimeUTC.test_unreadable_date_string _______________
cyberdelta/utils/parsing.py:154: in _parse_string_datetime
    dt = datetime.fromisoformat(value)
E   ValueError: Invalid isoformat string: 'yesterday'

During handling of the above exception, another exception occurred:
cyberdelta/utils/parsing.py:175: in _parse_string_as_numeric_timestamp
    float_val = float(value)
E   ValueError: could not convert string to float: 'yesterday'

The above exception was the direct cause of the following exception:
tests/unit/utils/test_parsing.py:189: in test_unreadable_date_string
    parse_datetime_utc("yesterday")
cyberdelta/utils/parsing.py:66: in parse_datetime_utc
    return _parse_string_datetime(value, prefix)
cyberdelta/utils/parsing.py:157: in _parse_string_datetime
    return _parse_string_as_numeric_timestamp(value, prefix, e_iso)
cyberdelta/utils/parsing.py:180: in _parse_string_as_numeric_timestamp
    raise DateTimeParsingError(
E   cyberdelta.exceptions.parsing.DateTimeParsingError: Field datetime: Cannot parse as ISO datetime (Invalid isoformat string: 'yesterday') or as numeric timestamp (could not convert string to float: 'yesterday') for 'yesterday'
_______________ TestParseDatetimeUTC.test_datetime_empty_string ________________
cyberdelta/utils/parsing.py:154: in _parse_string_datetime
    dt = datetime.fromisoformat(value)
E   ValueError: Invalid isoformat string: ''

During handling of the above exception, another exception occurred:
cyberdelta/utils/parsing.py:175: in _parse_string_as_numeric_timestamp
    float_val = float(value)
E   ValueError: could not convert string to float: ''

The above exception was the direct cause of the following exception:
tests/unit/utils/test_parsing.py:212: in test_datetime_empty_string
    parse_datetime_utc("")
cyberdelta/utils/parsing.py:66: in parse_datetime_utc
    return _parse_string_datetime(value, prefix)
cyberdelta/utils/parsing.py:157: in _parse_string_datetime
    return _parse_string_as_numeric_timestamp(value, prefix, e_iso)
cyberdelta/utils/parsing.py:180: in _parse_string_as_numeric_timestamp
    raise DateTimeParsingError(
E   cyberdelta.exceptions.parsing.DateTimeParsingError: Field datetime: Cannot parse as ISO datetime (Invalid isoformat string: '') or as numeric timestamp (could not convert string to float: '') for ''
______ TestSecureTransformSecurity.test_negative_value_attack_prevention _______
cyberdelta/utils/secure_transformation.py:202: in secure_transform
    result = model_class.model_validate(data)
E   pydantic_core._pydantic_core.ValidationError: 1 validation error for MockBalance
E   quantity
E     Input should be greater than or equal to 0 [type=greater_than_equal, input_value='-100.5', input_type=str]
E       For further information visit https://errors.pydantic.dev/2.11/v/greater_than_equal

The above exception was the direct cause of the following exception:
tests/unit/utils/test_secure_transformation_security.py:66: in test_negative_value_attack_prevention
    secure_transform(
cyberdelta/utils/secure_transformation.py:233: in secure_transform
    raise SecurityValidationError(
E   cyberdelta.utils.secure_transformation.SecurityValidationError: Security validation failed for MockBalance in balance_update: 1 validation errors
----------------------------- Captured stdout call -----------------------------
2025-07-03 00:36:40 [info     ] security_validation_summary    failed=2 message='Security validations: 2147 attempts, 2145 successful, 2 failed' success_rate=99.91 successful=2145 top_contexts={'hyperliquid_order_transform': 1089, 'hyperliquid_public_trade_transform': 1001, 'hyperliquid_historical_order_transform': 47, 'hyperliquid_asset_ctx_transform': 5, 'hyperliquid_orderbook_transform': 2} top_exchanges={'hyperliquid': 2146, 'backpack': 1} top_models={'Order': 1136, 'Trade': 1001, 'Ticker': 5, 'OrderBook': 2, 'FundingRate': 2} total_attempts=2147 window_seconds=60
2025-07-03 00:36:40 [error    ] security_validation_failed     action=potential_attack_detected context=balance_update error_count=1 message='SECURITY ALERT: Validation failed - context=balance_update, model=MockBalance, source=backpack' model_class=MockBalance source_exchange=backpack validation_errors=[{'type': 'greater_than_equal', 'loc': ('quantity',), 'msg': 'Input should be greater than or equal to 0', 'input': '-100.5', 'ctx': {'ge': Decimal('0')}, 'url': 'https://errors.pydantic.dev/2.11/v/greater_than_equal'}]
[31m╭─[0m[31m──────────────────────────────[0m[31m [0m[1;31mTraceback [0m[1;2;31m(most recent call last)[0m[31m [0m[31m───────────────────────────────[0m[31m─╮[0m
[31m│[0m [2m/workspaces/CyberDeltaEngine/worktrees/integration-unit-tests/cyberdelta/utils/[0m[1msecure_transforma[0m [31m│[0m
[31m│[0m [1mtion.py[0m:202 in secure_transform                                                                  [31m│[0m
[31m│[0m                                                                                                  [31m│[0m
[31m│[0m   [2m199 [0m[2m│   │   [0m_validation_aggregator.record_attempt(context, model_class.[91m__name__[0m, source_exch   [31m│[0m
[31m│[0m   [2m200 [0m[2m│   │   [0m                                                                                   [31m│[0m
[31m│[0m   [2m201 [0m[2m│   │   [0m[2m# Enforce Pydantic validation - this is the critical security step[0m                 [31m│[0m
[31m│[0m [31m❱ [0m202 [2m│   │   [0mresult = model_class.model_validate(data)                                          [31m│[0m
[31m│[0m   [2m203 [0m[2m│   │   [0m                                                                                   [31m│[0m
[31m│[0m   [2m204 [0m[2m│   │   [0m[2m# Record success for aggregation[0m                                                   [31m│[0m
[31m│[0m   [2m205 [0m[2m│   │   [0m_validation_aggregator.record_success()                                            [31m│[0m
[31m│[0m                                                                                                  [31m│[0m
[31m│[0m [34m╭─[0m[34m──────────────────────────────────────────[0m[34m locals [0m[34m──────────────────────────────────────────[0m[34m─╮[0m [31m│[0m
[31m│[0m [34m│[0m         [3;33mcontext[0m[31m =[0m [32m'balance_update'[0m                                                           [34m│[0m [31m│[0m
[31m│[0m [34m│[0m            [3;33mdata[0m[31m =[0m [1m{[0m                                                                          [34m│[0m [31m│[0m
[31m│[0m [34m│[0m                   [2;32m│   [0m[32m'asset'[0m: [32m'BTC'[0m,                                                        [34m│[0m [31m│[0m
[31m│[0m [34m│[0m                   [2;32m│   [0m[32m'quantity'[0m: [32m'-100.5'[0m,                                                  [34m│[0m [31m│[0m
[31m│[0m [34m│[0m                   [2;32m│   [0m[32m'timestamp'[0m: [32m'2025-07-03T00:36:40.935770+00:00'[0m,                       [34m│[0m [31m│[0m
[31m│[0m [34m│[0m                   [2;32m│   [0m[32m'exchange'[0m: [32m'backpack'[0m                                                 [34m│[0m [31m│[0m
[31m│[0m [34m│[0m                   [1m}[0m                                                                          [34m│[0m [31m│[0m
[31m│[0m [34m│[0m               [3;33me[0m[31m =[0m [1;36m1[0m validation error for MockBalance                                         [34m│[0m [31m│[0m
[31m│[0m [34m│[0m                   quantity                                                                   [34m│[0m [31m│[0m
[31m│[0m [34m│[0m                   [2;32m  [0mInput should be greater than or equal to [1;36m0[0m [1m[[0m[33mtype[0m=[35mgreater_than_equal[0m,     [34m│[0m [31m│[0m
[31m│[0m [34m│[0m                   [33minput_value[0m=[32m'-100.5'[0m, [33minput_type[0m=[35mstr[0m[1m][0m                                      [34m│[0m [31m│[0m
[31m│[0m [34m│[0m                   [2;32m│   [0mFor further information visit                                          [34m│[0m [31m│[0m
[31m│[0m [34m│[0m                   [4;94mhttps://errors.pydantic.dev/2.11/v/greater_than_equal[0m                      [34m│[0m [31m│[0m
[31m│[0m [34m│[0m [3;33msource_exchange[0m[31m =[0m [32m'backpack'[0m                                                                 [34m│[0m [31m│[0m
[31m│[0m [34m╰──────────────────────────────────────────────────────────────────────────────────────────────╯[0m [31m│[0m
[31m│[0m                                                                                                  [31m│[0m
[31m│[0m [2m/workspaces/CyberDeltaEngine/worktrees/integration-unit-tests/.venv/lib/python3.13/site-packages[0m [31m│[0m
[31m│[0m [2m/pydantic/[0m[1mmain.py[0m:703 in model_validate                                                          [31m│[0m
[31m│[0m                                                                                                  [31m│[0m
[31m│[0m   [2m 700 [0m[2m│   │   │   │   [0mcode=[33m'[0m[33mvalidate-by-alias-and-name-false[0m[33m'[0m,                                  [31m│[0m
[31m│[0m   [2m 701 [0m[2m│   │   │   [0m)                                                                             [31m│[0m
[31m│[0m   [2m 702 [0m[2m│   │   [0m                                                                                  [31m│[0m
[31m│[0m [31m❱ [0m 703 [2m│   │   [0m[94mreturn[0m [1;4;96mcls[0m[1;4m.__pydantic_validator__.validate_python([0m                                [31m│[0m
[31m│[0m   [2m 704 [0m[2m│   │   │   [0m[1;4mobj, strict=strict, from_attributes=from_attributes, context=context, by_ali[0m  [31m│[0m
[31m│[0m   [2m 705 [0m[2m│   │   [0m[1;4m)[0m                                                                                 [31m│[0m
[31m│[0m   [2m 706 [0m                                                                                          [31m│[0m
[31m│[0m                                                                                                  [31m│[0m
[31m│[0m [34m╭─[0m[34m───────────────────────────────[0m[34m locals [0m[34m───────────────────────────────[0m[34m─╮[0m                       [31m│[0m
[31m│[0m [34m│[0m        [3;33mby_alias[0m[31m =[0m [3;35mNone[0m                                                 [34m│[0m                       [31m│[0m
[31m│[0m [34m│[0m         [3;33mby_name[0m[31m =[0m [3;35mNone[0m                                                 [34m│[0m                       [31m│[0m
[31m│[0m [34m│[0m         [3;33mcontext[0m[31m =[0m [3;35mNone[0m                                                 [34m│[0m                       [31m│[0m
[31m│[0m [34m│[0m [3;33mfrom_attributes[0m[31m =[0m [3;35mNone[0m                                                 [34m│[0m                       [31m│[0m
[31m│[0m [34m│[0m             [3;33mobj[0m[31m =[0m [1m{[0m                                                    [34m│[0m                       [31m│[0m
[31m│[0m [34m│[0m                   [2;32m│   [0m[32m'asset'[0m: [32m'BTC'[0m,                                  [34m│[0m                       [31m│[0m
[31m│[0m [34m│[0m                   [2;32m│   [0m[32m'quantity'[0m: [32m'-100.5'[0m,                            [34m│[0m                       [31m│[0m
[31m│[0m [34m│[0m                   [2;32m│   [0m[32m'timestamp'[0m: [32m'2025-07-03T00:36:40.935770+00:00'[0m, [34m│[0m                       [31m│[0m
[31m│[0m [34m│[0m                   [2;32m│   [0m[32m'exchange'[0m: [32m'backpack'[0m                           [34m│[0m                       [31m│[0m
[31m│[0m [34m│[0m                   [1m}[0m                                                    [34m│[0m                       [31m│[0m
[31m│[0m [34m│[0m          [3;33mstrict[0m[31m =[0m [3;35mNone[0m                                                 [34m│[0m                       [31m│[0m
[31m│[0m [34m╰────────────────────────────────────────────────────────────────────────╯[0m                       [31m│[0m
[31m╰──────────────────────────────────────────────────────────────────────────────────────────────────╯[0m
[1;91mValidationError: [0m[1;36m1[0m validation error for MockBalance
quantity
  Input should be greater than or equal to [1;36m0[0m [1m[[0m[33mtype[0m=[35mgreater_than_equal[0m, [33minput_value[0m=[32m'-100.5'[0m,
[33minput_type[0m=[35mstr[0m[1m][0m
    For further information visit [4;94mhttps://errors.pydantic.dev/2.11/v/greater_than_equal[0m

________ TestSecureTransformSecurity.test_validation_bypass_prevention _________
cyberdelta/utils/secure_transformation.py:202: in secure_transform
    result = model_class.model_validate(data)
E   pydantic_core._pydantic_core.ValidationError: 1 validation error for MockBalance
E   quantity
E     Input should be greater than or equal to 0 [type=greater_than_equal, input_value='-100', input_type=str]
E       For further information visit https://errors.pydantic.dev/2.11/v/greater_than_equal

The above exception was the direct cause of the following exception:
tests/unit/utils/test_secure_transformation_security.py:92: in test_validation_bypass_prevention
    secure_transform(
cyberdelta/utils/secure_transformation.py:233: in secure_transform
    raise SecurityValidationError(
E   cyberdelta.utils.secure_transformation.SecurityValidationError: Security validation failed for MockBalance in validation_bypass_test: 1 validation errors
----------------------------- Captured stdout call -----------------------------
2025-07-03 00:36:41 [error    ] security_validation_failed     action=potential_attack_detected context=validation_bypass_test error_count=1 message='SECURITY ALERT: Validation failed - context=validation_bypass_test, model=MockBalance, source=test' model_class=MockBalance source_exchange=test validation_errors=[{'type': 'greater_than_equal', 'loc': ('quantity',), 'msg': 'Input should be greater than or equal to 0', 'input': '-100', 'ctx': {'ge': Decimal('0')}, 'url': 'https://errors.pydantic.dev/2.11/v/greater_than_equal'}]
[31m╭─[0m[31m──────────────────────────────[0m[31m [0m[1;31mTraceback [0m[1;2;31m(most recent call last)[0m[31m [0m[31m───────────────────────────────[0m[31m─╮[0m
[31m│[0m [2m/workspaces/CyberDeltaEngine/worktrees/integration-unit-tests/cyberdelta/utils/[0m[1msecure_transforma[0m [31m│[0m
[31m│[0m [1mtion.py[0m:202 in secure_transform                                                                  [31m│[0m
[31m│[0m                                                                                                  [31m│[0m
[31m│[0m   [2m199 [0m[2m│   │   [0m_validation_aggregator.record_attempt(context, model_class.[91m__name__[0m, source_exch   [31m│[0m
[31m│[0m   [2m200 [0m[2m│   │   [0m                                                                                   [31m│[0m
[31m│[0m   [2m201 [0m[2m│   │   [0m[2m# Enforce Pydantic validation - this is the critical security step[0m                 [31m│[0m
[31m│[0m [31m❱ [0m202 [2m│   │   [0mresult = model_class.model_validate(data)                                          [31m│[0m
[31m│[0m   [2m203 [0m[2m│   │   [0m                                                                                   [31m│[0m
[31m│[0m   [2m204 [0m[2m│   │   [0m[2m# Record success for aggregation[0m                                                   [31m│[0m
[31m│[0m   [2m205 [0m[2m│   │   [0m_validation_aggregator.record_success()                                            [31m│[0m
[31m│[0m                                                                                                  [31m│[0m
[31m│[0m [34m╭─[0m[34m──────────────────────────────────────────[0m[34m locals [0m[34m──────────────────────────────────────────[0m[34m─╮[0m [31m│[0m
[31m│[0m [34m│[0m         [3;33mcontext[0m[31m =[0m [32m'validation_bypass_test'[0m                                                   [34m│[0m [31m│[0m
[31m│[0m [34m│[0m            [3;33mdata[0m[31m =[0m [1m{[0m                                                                          [34m│[0m [31m│[0m
[31m│[0m [34m│[0m                   [2;32m│   [0m[32m'asset'[0m: [32m'BTC'[0m,                                                        [34m│[0m [31m│[0m
[31m│[0m [34m│[0m                   [2;32m│   [0m[32m'quantity'[0m: [32m'-100'[0m,                                                    [34m│[0m [31m│[0m
[31m│[0m [34m│[0m                   [2;32m│   [0m[32m'timestamp'[0m: [32m'2025-07-03T00:36:41.065874+00:00'[0m,                       [34m│[0m [31m│[0m
[31m│[0m [34m│[0m                   [2;32m│   [0m[32m'exchange'[0m: [32m'malicious'[0m                                                [34m│[0m [31m│[0m
[31m│[0m [34m│[0m                   [1m}[0m                                                                          [34m│[0m [31m│[0m
[31m│[0m [34m│[0m               [3;33me[0m[31m =[0m [1;36m1[0m validation error for MockBalance                                         [34m│[0m [31m│[0m
[31m│[0m [34m│[0m                   quantity                                                                   [34m│[0m [31m│[0m
[31m│[0m [34m│[0m                   [2;32m  [0mInput should be greater than or equal to [1;36m0[0m [1m[[0m[33mtype[0m=[35mgreater_than_equal[0m,     [34m│[0m [31m│[0m
[31m│[0m [34m│[0m                   [33minput_value[0m=[32m'-100'[0m, [33minput_type[0m=[35mstr[0m[1m][0m                                        [34m│[0m [31m│[0m
[31m│[0m [34m│[0m                   [2;32m│   [0mFor further information visit                                          [34m│[0m [31m│[0m
[31m│[0m [34m│[0m                   [4;94mhttps://errors.pydantic.dev/2.11/v/greater_than_equal[0m                      [34m│[0m [31m│[0m
[31m│[0m [34m│[0m [3;33msource_exchange[0m[31m =[0m [32m'test'[0m                                                                     [34m│[0m [31m│[0m
[31m│[0m [34m╰──────────────────────────────────────────────────────────────────────────────────────────────╯[0m [31m│[0m
[31m│[0m                                                                                                  [31m│[0m
[31m│[0m [2m/workspaces/CyberDeltaEngine/worktrees/integration-unit-tests/.venv/lib/python3.13/site-packages[0m [31m│[0m
[31m│[0m [2m/pydantic/[0m[1mmain.py[0m:703 in model_validate                                                          [31m│[0m
[31m│[0m                                                                                                  [31m│[0m
[31m│[0m   [2m 700 [0m[2m│   │   │   │   [0mcode=[33m'[0m[33mvalidate-by-alias-and-name-false[0m[33m'[0m,                                  [31m│[0m
[31m│[0m   [2m 701 [0m[2m│   │   │   [0m)                                                                             [31m│[0m
[31m│[0m   [2m 702 [0m[2m│   │   [0m                                                                                  [31m│[0m
[31m│[0m [31m❱ [0m 703 [2m│   │   [0m[94mreturn[0m [1;4;96mcls[0m[1;4m.__pydantic_validator__.validate_python([0m                                [31m│[0m
[31m│[0m   [2m 704 [0m[2m│   │   │   [0m[1;4mobj, strict=strict, from_attributes=from_attributes, context=context, by_ali[0m  [31m│[0m
[31m│[0m   [2m 705 [0m[2m│   │   [0m[1;4m)[0m                                                                                 [31m│[0m
[31m│[0m   [2m 706 [0m                                                                                          [31m│[0m
[31m│[0m                                                                                                  [31m│[0m
[31m│[0m [34m╭─[0m[34m───────────────────────────────[0m[34m locals [0m[34m───────────────────────────────[0m[34m─╮[0m                       [31m│[0m
[31m│[0m [34m│[0m        [3;33mby_alias[0m[31m =[0m [3;35mNone[0m                                                 [34m│[0m                       [31m│[0m
[31m│[0m [34m│[0m         [3;33mby_name[0m[31m =[0m [3;35mNone[0m                                                 [34m│[0m                       [31m│[0m
[31m│[0m [34m│[0m         [3;33mcontext[0m[31m =[0m [3;35mNone[0m                                                 [34m│[0m                       [31m│[0m
[31m│[0m [34m│[0m [3;33mfrom_attributes[0m[31m =[0m [3;35mNone[0m                                                 [34m│[0m                       [31m│[0m
[31m│[0m [34m│[0m             [3;33mobj[0m[31m =[0m [1m{[0m                                                    [34m│[0m                       [31m│[0m
[31m│[0m [34m│[0m                   [2;32m│   [0m[32m'asset'[0m: [32m'BTC'[0m,                                  [34m│[0m                       [31m│[0m
[31m│[0m [34m│[0m                   [2;32m│   [0m[32m'quantity'[0m: [32m'-100'[0m,                              [34m│[0m                       [31m│[0m
[31m│[0m [34m│[0m                   [2;32m│   [0m[32m'timestamp'[0m: [32m'2025-07-03T00:36:41.065874+00:00'[0m, [34m│[0m                       [31m│[0m
[31m│[0m [34m│[0m                   [2;32m│   [0m[32m'exchange'[0m: [32m'malicious'[0m                          [34m│[0m                       [31m│[0m
[31m│[0m [34m│[0m                   [1m}[0m                                                    [34m│[0m                       [31m│[0m
[31m│[0m [34m│[0m          [3;33mstrict[0m[31m =[0m [3;35mNone[0m                                                 [34m│[0m                       [31m│[0m
[31m│[0m [34m╰────────────────────────────────────────────────────────────────────────╯[0m                       [31m│[0m
[31m╰──────────────────────────────────────────────────────────────────────────────────────────────────╯[0m
[1;91mValidationError: [0m[1;36m1[0m validation error for MockBalance
quantity
  Input should be greater than or equal to [1;36m0[0m [1m[[0m[33mtype[0m=[35mgreater_than_equal[0m, [33minput_value[0m=[32m'-100'[0m,
[33minput_type[0m=[35mstr[0m[1m][0m
    For further information visit [4;94mhttps://errors.pydantic.dev/2.11/v/greater_than_equal[0m

____________ TestSecureTransformSecurity.test_type_coercion_attacks ____________
cyberdelta/utils/secure_transformation.py:202: in secure_transform
    result = model_class.model_validate(data)
E   pydantic_core._pydantic_core.ValidationError: 1 validation error for MockOrder
E   quantity
E     Input should be a valid decimal [type=decimal_parsing, input_value='10.5; DROP TABLE orders;--', input_type=str]
E       For further information visit https://errors.pydantic.dev/2.11/v/decimal_parsing

The above exception was the direct cause of the following exception:
tests/unit/utils/test_secure_transformation_security.py:111: in test_type_coercion_attacks
    secure_transform(
cyberdelta/utils/secure_transformation.py:233: in secure_transform
    raise SecurityValidationError(
E   cyberdelta.utils.secure_transformation.SecurityValidationError: Security validation failed for MockOrder in order_creation: 1 validation errors
----------------------------- Captured stdout call -----------------------------
2025-07-03 00:36:41 [error    ] security_validation_failed     action=potential_attack_detected context=order_creation error_count=1 message='SECURITY ALERT: Validation failed - context=order_creation, model=MockOrder, source=backpack' model_class=MockOrder source_exchange=backpack validation_errors=[{'type': 'decimal_parsing', 'loc': ('quantity',), 'msg': 'Input should be a valid decimal', 'input': '10.5; DROP TABLE orders;--', 'url': 'https://errors.pydantic.dev/2.11/v/decimal_parsing'}]
[31m╭─[0m[31m──────────────────────────────[0m[31m [0m[1;31mTraceback [0m[1;2;31m(most recent call last)[0m[31m [0m[31m───────────────────────────────[0m[31m─╮[0m
[31m│[0m [2m/workspaces/CyberDeltaEngine/worktrees/integration-unit-tests/cyberdelta/utils/[0m[1msecure_transforma[0m [31m│[0m
[31m│[0m [1mtion.py[0m:202 in secure_transform                                                                  [31m│[0m
[31m│[0m                                                                                                  [31m│[0m
[31m│[0m   [2m199 [0m[2m│   │   [0m_validation_aggregator.record_attempt(context, model_class.[91m__name__[0m, source_exch   [31m│[0m
[31m│[0m   [2m200 [0m[2m│   │   [0m                                                                                   [31m│[0m
[31m│[0m   [2m201 [0m[2m│   │   [0m[2m# Enforce Pydantic validation - this is the critical security step[0m                 [31m│[0m
[31m│[0m [31m❱ [0m202 [2m│   │   [0mresult = model_class.model_validate(data)                                          [31m│[0m
[31m│[0m   [2m203 [0m[2m│   │   [0m                                                                                   [31m│[0m
[31m│[0m   [2m204 [0m[2m│   │   [0m[2m# Record success for aggregation[0m                                                   [31m│[0m
[31m│[0m   [2m205 [0m[2m│   │   [0m_validation_aggregator.record_success()                                            [31m│[0m
[31m│[0m                                                                                                  [31m│[0m
[31m│[0m [34m╭─[0m[34m──────────────────────────────────────────[0m[34m locals [0m[34m──────────────────────────────────────────[0m[34m─╮[0m [31m│[0m
[31m│[0m [34m│[0m         [3;33mcontext[0m[31m =[0m [32m'order_creation'[0m                                                           [34m│[0m [31m│[0m
[31m│[0m [34m│[0m            [3;33mdata[0m[31m =[0m [1m{[0m                                                                          [34m│[0m [31m│[0m
[31m│[0m [34m│[0m                   [2;32m│   [0m[32m'symbol'[0m: [32m'BTC-USD'[0m,                                                   [34m│[0m [31m│[0m
[31m│[0m [34m│[0m                   [2;32m│   [0m[32m'side'[0m: [32m'buy'[0m,                                                         [34m│[0m [31m│[0m
[31m│[0m [34m│[0m                   [2;32m│   [0m[32m'quantity'[0m: [32m'10.5; DROP TABLE orders;--'[0m,                              [34m│[0m [31m│[0m
[31m│[0m [34m│[0m                   [2;32m│   [0m[32m'price'[0m: [32m'50000'[0m,                                                      [34m│[0m [31m│[0m
[31m│[0m [34m│[0m                   [2;32m│   [0m[32m'order_type'[0m: [32m'limit'[0m                                                  [34m│[0m [31m│[0m
[31m│[0m [34m│[0m                   [1m}[0m                                                                          [34m│[0m [31m│[0m
[31m│[0m [34m│[0m               [3;33me[0m[31m =[0m [1;36m1[0m validation error for MockOrder                                           [34m│[0m [31m│[0m
[31m│[0m [34m│[0m                   quantity                                                                   [34m│[0m [31m│[0m
[31m│[0m [34m│[0m                   [2;32m  [0mInput should be a valid decimal [1m[[0m[33mtype[0m=[35mdecimal_parsing[0m,                   [34m│[0m [31m│[0m
[31m│[0m [34m│[0m                   [33minput_value[0m=[32m'10.5; DROP TABLE orders;--'[0m, [33minput_type[0m=[35mstr[0m[1m][0m                  [34m│[0m [31m│[0m
[31m│[0m [34m│[0m                   [2;32m│   [0mFor further information visit                                          [34m│[0m [31m│[0m
[31m│[0m [34m│[0m                   [4;94mhttps://errors.pydantic.dev/2.11/v/decimal_parsing[0m                         [34m│[0m [31m│[0m
[31m│[0m [34m│[0m [3;33msource_exchange[0m[31m =[0m [32m'backpack'[0m                                                                 [34m│[0m [31m│[0m
[31m│[0m [34m╰──────────────────────────────────────────────────────────────────────────────────────────────╯[0m [31m│[0m
[31m│[0m                                                                                                  [31m│[0m
[31m│[0m [2m/workspaces/CyberDeltaEngine/worktrees/integration-unit-tests/.venv/lib/python3.13/site-packages[0m [31m│[0m
[31m│[0m [2m/pydantic/[0m[1mmain.py[0m:703 in model_validate                                                          [31m│[0m
[31m│[0m                                                                                                  [31m│[0m
[31m│[0m   [2m 700 [0m[2m│   │   │   │   [0mcode=[33m'[0m[33mvalidate-by-alias-and-name-false[0m[33m'[0m,                                  [31m│[0m
[31m│[0m   [2m 701 [0m[2m│   │   │   [0m)                                                                             [31m│[0m
[31m│[0m   [2m 702 [0m[2m│   │   [0m                                                                                  [31m│[0m
[31m│[0m [31m❱ [0m 703 [2m│   │   [0m[94mreturn[0m [1;4;96mcls[0m[1;4m.__pydantic_validator__.validate_python([0m                                [31m│[0m
[31m│[0m   [2m 704 [0m[2m│   │   │   [0m[1;4mobj, strict=strict, from_attributes=from_attributes, context=context, by_ali[0m  [31m│[0m
[31m│[0m   [2m 705 [0m[2m│   │   [0m[1;4m)[0m                                                                                 [31m│[0m
[31m│[0m   [2m 706 [0m                                                                                          [31m│[0m
[31m│[0m                                                                                                  [31m│[0m
[31m│[0m [34m╭─[0m[34m───────────────────────────[0m[34m locals [0m[34m────────────────────────────[0m[34m─╮[0m                              [31m│[0m
[31m│[0m [34m│[0m        [3;33mby_alias[0m[31m =[0m [3;35mNone[0m                                          [34m│[0m                              [31m│[0m
[31m│[0m [34m│[0m         [3;33mby_name[0m[31m =[0m [3;35mNone[0m                                          [34m│[0m                              [31m│[0m
[31m│[0m [34m│[0m         [3;33mcontext[0m[31m =[0m [3;35mNone[0m                                          [34m│[0m                              [31m│[0m
[31m│[0m [34m│[0m [3;33mfrom_attributes[0m[31m =[0m [3;35mNone[0m                                          [34m│[0m                              [31m│[0m
[31m│[0m [34m│[0m             [3;33mobj[0m[31m =[0m [1m{[0m                                             [34m│[0m                              [31m│[0m
[31m│[0m [34m│[0m                   [2;32m│   [0m[32m'symbol'[0m: [32m'BTC-USD'[0m,                      [34m│[0m                              [31m│[0m
[31m│[0m [34m│[0m                   [2;32m│   [0m[32m'side'[0m: [32m'buy'[0m,                            [34m│[0m                              [31m│[0m
[31m│[0m [34m│[0m                   [2;32m│   [0m[32m'quantity'[0m: [32m'10.5; DROP TABLE orders;--'[0m, [34m│[0m                              [31m│[0m
[31m│[0m [34m│[0m                   [2;32m│   [0m[32m'price'[0m: [32m'50000'[0m,                         [34m│[0m                              [31m│[0m
[31m│[0m [34m│[0m                   [2;32m│   [0m[32m'order_type'[0m: [32m'limit'[0m                     [34m│[0m                              [31m│[0m
[31m│[0m [34m│[0m                   [1m}[0m                                             [34m│[0m                              [31m│[0m
[31m│[0m [34m│[0m          [3;33mstrict[0m[31m =[0m [3;35mNone[0m                                          [34m│[0m                              [31m│[0m
[31m│[0m [34m╰─────────────────────────────────────────────────────────────────╯[0m                              [31m│[0m
[31m╰──────────────────────────────────────────────────────────────────────────────────────────────────╯[0m
[1;91mValidationError: [0m[1;36m1[0m validation error for MockOrder
quantity
  Input should be a valid decimal [1m[[0m[33mtype[0m=[35mdecimal_parsing[0m, [33minput_value[0m=[32m'10.5; DROP TABLE orders;--'[0m,
[33minput_type[0m=[35mstr[0m[1m][0m
    For further information visit [4;94mhttps://errors.pydantic.dev/2.11/v/decimal_parsing[0m

______ TestSecureTransformSecurity.test_constraint_validation_enforcement ______
cyberdelta/utils/secure_transformation.py:202: in secure_transform
    result = model_class.model_validate(data)
E   pydantic_core._pydantic_core.ValidationError: 1 validation error for MockOrder
E   side
E     String should match pattern '^(buy|sell)$' [type=string_pattern_mismatch, input_value='invalid_side', input_type=str]
E       For further information visit https://errors.pydantic.dev/2.11/v/string_pattern_mismatch

The above exception was the direct cause of the following exception:
tests/unit/utils/test_secure_transformation_security.py:200: in test_constraint_validation_enforcement
    secure_transform(
cyberdelta/utils/secure_transformation.py:233: in secure_transform
    raise SecurityValidationError(
E   cyberdelta.utils.secure_transformation.SecurityValidationError: Security validation failed for MockOrder in constraint_test: 1 validation errors
----------------------------- Captured stdout call -----------------------------
2025-07-03 00:36:41 [error    ] security_validation_failed     action=potential_attack_detected context=constraint_test error_count=1 message='SECURITY ALERT: Validation failed - context=constraint_test, model=MockOrder, source=test' model_class=MockOrder source_exchange=test validation_errors=[{'type': 'string_pattern_mismatch', 'loc': ('side',), 'msg': "String should match pattern '^(buy|sell)$'", 'input': 'invalid_side', 'ctx': {'pattern': '^(buy|sell)$'}, 'url': 'https://errors.pydantic.dev/2.11/v/string_pattern_mismatch'}]
[31m╭─[0m[31m──────────────────────────────[0m[31m [0m[1;31mTraceback [0m[1;2;31m(most recent call last)[0m[31m [0m[31m───────────────────────────────[0m[31m─╮[0m
[31m│[0m [2m/workspaces/CyberDeltaEngine/worktrees/integration-unit-tests/cyberdelta/utils/[0m[1msecure_transforma[0m [31m│[0m
[31m│[0m [1mtion.py[0m:202 in secure_transform                                                                  [31m│[0m
[31m│[0m                                                                                                  [31m│[0m
[31m│[0m   [2m199 [0m[2m│   │   [0m_validation_aggregator.record_attempt(context, model_class.[91m__name__[0m, source_exch   [31m│[0m
[31m│[0m   [2m200 [0m[2m│   │   [0m                                                                                   [31m│[0m
[31m│[0m   [2m201 [0m[2m│   │   [0m[2m# Enforce Pydantic validation - this is the critical security step[0m                 [31m│[0m
[31m│[0m [31m❱ [0m202 [2m│   │   [0mresult = model_class.model_validate(data)                                          [31m│[0m
[31m│[0m   [2m203 [0m[2m│   │   [0m                                                                                   [31m│[0m
[31m│[0m   [2m204 [0m[2m│   │   [0m[2m# Record success for aggregation[0m                                                   [31m│[0m
[31m│[0m   [2m205 [0m[2m│   │   [0m_validation_aggregator.record_success()                                            [31m│[0m
[31m│[0m                                                                                                  [31m│[0m
[31m│[0m [34m╭─[0m[34m──────────────────────────────────────────[0m[34m locals [0m[34m──────────────────────────────────────────[0m[34m─╮[0m [31m│[0m
[31m│[0m [34m│[0m         [3;33mcontext[0m[31m =[0m [32m'constraint_test'[0m                                                          [34m│[0m [31m│[0m
[31m│[0m [34m│[0m            [3;33mdata[0m[31m =[0m [1m{[0m                                                                          [34m│[0m [31m│[0m
[31m│[0m [34m│[0m                   [2;32m│   [0m[32m'symbol'[0m: [32m'BTC-USD'[0m,                                                   [34m│[0m [31m│[0m
[31m│[0m [34m│[0m                   [2;32m│   [0m[32m'side'[0m: [32m'invalid_side'[0m,                                                [34m│[0m [31m│[0m
[31m│[0m [34m│[0m                   [2;32m│   [0m[32m'quantity'[0m: [32m'10'[0m,                                                      [34m│[0m [31m│[0m
[31m│[0m [34m│[0m                   [2;32m│   [0m[32m'price'[0m: [32m'50000'[0m,                                                      [34m│[0m [31m│[0m
[31m│[0m [34m│[0m                   [2;32m│   [0m[32m'order_type'[0m: [32m'limit'[0m                                                  [34m│[0m [31m│[0m
[31m│[0m [34m│[0m                   [1m}[0m                                                                          [34m│[0m [31m│[0m
[31m│[0m [34m│[0m               [3;33me[0m[31m =[0m [1;36m1[0m validation error for MockOrder                                           [34m│[0m [31m│[0m
[31m│[0m [34m│[0m                   side                                                                       [34m│[0m [31m│[0m
[31m│[0m [34m│[0m                   [2;32m  [0mString should match pattern [32m'^[0m[32m([0m[32mbuy|sell[0m[32m)[0m[32m$'[0m                               [34m│[0m [31m│[0m
[31m│[0m [34m│[0m                   [1m[[0m[33mtype[0m=[35mstring_pattern_mismatch[0m, [33minput_value[0m=[32m'invalid_side'[0m, [33minput_type[0m=[35mstr[0m[1m][0m [34m│[0m [31m│[0m
[31m│[0m [34m│[0m                   [2;32m│   [0mFor further information visit                                          [34m│[0m [31m│[0m
[31m│[0m [34m│[0m                   [4;94mhttps://errors.pydantic.dev/2.11/v/string_pattern_mismatch[0m                 [34m│[0m [31m│[0m
[31m│[0m [34m│[0m [3;33msource_exchange[0m[31m =[0m [32m'test'[0m                                                                     [34m│[0m [31m│[0m
[31m│[0m [34m╰──────────────────────────────────────────────────────────────────────────────────────────────╯[0m [31m│[0m
[31m│[0m                                                                                                  [31m│[0m
[31m│[0m [2m/workspaces/CyberDeltaEngine/worktrees/integration-unit-tests/.venv/lib/python3.13/site-packages[0m [31m│[0m
[31m│[0m [2m/pydantic/[0m[1mmain.py[0m:703 in model_validate                                                          [31m│[0m
[31m│[0m                                                                                                  [31m│[0m
[31m│[0m   [2m 700 [0m[2m│   │   │   │   [0mcode=[33m'[0m[33mvalidate-by-alias-and-name-false[0m[33m'[0m,                                  [31m│[0m
[31m│[0m   [2m 701 [0m[2m│   │   │   [0m)                                                                             [31m│[0m
[31m│[0m   [2m 702 [0m[2m│   │   [0m                                                                                  [31m│[0m
[31m│[0m [31m❱ [0m 703 [2m│   │   [0m[94mreturn[0m [1;4;96mcls[0m[1;4m.__pydantic_validator__.validate_python([0m                                [31m│[0m
[31m│[0m   [2m 704 [0m[2m│   │   │   [0m[1;4mobj, strict=strict, from_attributes=from_attributes, context=context, by_ali[0m  [31m│[0m
[31m│[0m   [2m 705 [0m[2m│   │   [0m[1;4m)[0m                                                                                 [31m│[0m
[31m│[0m   [2m 706 [0m                                                                                          [31m│[0m
[31m│[0m                                                                                                  [31m│[0m
[31m│[0m [34m╭─[0m[34m──────────────────[0m[34m locals [0m[34m───────────────────[0m[34m─╮[0m                                                [31m│[0m
[31m│[0m [34m│[0m        [3;33mby_alias[0m[31m =[0m [3;35mNone[0m                        [34m│[0m                                                [31m│[0m
[31m│[0m [34m│[0m         [3;33mby_name[0m[31m =[0m [3;35mNone[0m                        [34m│[0m                                                [31m│[0m
[31m│[0m [34m│[0m         [3;33mcontext[0m[31m =[0m [3;35mNone[0m                        [34m│[0m                                                [31m│[0m
[31m│[0m [34m│[0m [3;33mfrom_attributes[0m[31m =[0m [3;35mNone[0m                        [34m│[0m                                                [31m│[0m
[31m│[0m [34m│[0m             [3;33mobj[0m[31m =[0m [1m{[0m                           [34m│[0m                                                [31m│[0m
[31m│[0m [34m│[0m                   [2;32m│   [0m[32m'symbol'[0m: [32m'BTC-USD'[0m,    [34m│[0m                                                [31m│[0m
[31m│[0m [34m│[0m                   [2;32m│   [0m[32m'side'[0m: [32m'invalid_side'[0m, [34m│[0m                                                [31m│[0m
[31m│[0m [34m│[0m                   [2;32m│   [0m[32m'quantity'[0m: [32m'10'[0m,       [34m│[0m                                                [31m│[0m
[31m│[0m [34m│[0m                   [2;32m│   [0m[32m'price'[0m: [32m'50000'[0m,       [34m│[0m                                                [31m│[0m
[31m│[0m [34m│[0m                   [2;32m│   [0m[32m'order_type'[0m: [32m'limit'[0m   [34m│[0m                                                [31m│[0m
[31m│[0m [34m│[0m                   [1m}[0m                           [34m│[0m                                                [31m│[0m
[31m│[0m [34m│[0m          [3;33mstrict[0m[31m =[0m [3;35mNone[0m                        [34m│[0m                                                [31m│[0m
[31m│[0m [34m╰───────────────────────────────────────────────╯[0m                                                [31m│[0m
[31m╰──────────────────────────────────────────────────────────────────────────────────────────────────╯[0m
[1;91mValidationError: [0m[1;36m1[0m validation error for MockOrder
side
  String should match pattern [32m'^[0m[32m([0m[32mbuy|sell[0m[32m)[0m[32m$'[0m [1m[[0m[33mtype[0m=[35mstring_pattern_mismatch[0m,
[33minput_value[0m=[32m'invalid_side'[0m, [33minput_type[0m=[35mstr[0m[1m][0m
    For further information visit [4;94mhttps://errors.pydantic.dev/2.11/v/string_pattern_mismatch[0m

____________ TestSecureTransformSecurity.test_string_length_attacks ____________
cyberdelta/utils/secure_transformation.py:202: in secure_transform
    result = model_class.model_validate(data)
E   pydantic_core._pydantic_core.ValidationError: 1 validation error for MockBalance
E   asset
E     String should have at most 10 characters [type=string_too_long, input_value='AAAAAAAAAAAAAAAAAAAAAAAA...AAAAAAAAAAAAAAAAAAAAAAA', input_type=str]
E       For further information visit https://errors.pydantic.dev/2.11/v/string_too_long

The above exception was the direct cause of the following exception:
tests/unit/utils/test_secure_transformation_security.py:243: in test_string_length_attacks
    secure_transform(
cyberdelta/utils/secure_transformation.py:233: in secure_transform
    raise SecurityValidationError(
E   cyberdelta.utils.secure_transformation.SecurityValidationError: Security validation failed for MockBalance in string_length_test: 1 validation errors
----------------------------- Captured stdout call -----------------------------
2025-07-03 00:36:41 [error    ] security_validation_failed     action=potential_attack_detected context=string_length_test error_count=1 message='SECURITY ALERT: Validation failed - context=string_length_test, model=MockBalance, source=backpack' model_class=MockBalance source_exchange=backpack validation_errors=[{'type': 'string_too_long', 'loc': ('asset',), 'msg': 'String should have at most 10 characters', 'input': 'AAAAAAAAAAAAAAAAAAAAAAAAAAAAAAAAAAAAAAAAAAAAAAAAAAAAAAAAAAAAAAAAAAAAAAAAAAAAAAAAAAAAAAAAAAAAAAAAAAAA', 'ctx': {'max_length': 10}, 'url': 'https://errors.pydantic.dev/2.11/v/string_too_long'}]
[31m╭─[0m[31m──────────────────────────────[0m[31m [0m[1;31mTraceback [0m[1;2;31m(most recent call last)[0m[31m [0m[31m───────────────────────────────[0m[31m─╮[0m
[31m│[0m [2m/workspaces/CyberDeltaEngine/worktrees/integration-unit-tests/cyberdelta/utils/[0m[1msecure_transforma[0m [31m│[0m
[31m│[0m [1mtion.py[0m:202 in secure_transform                                                                  [31m│[0m
[31m│[0m                                                                                                  [31m│[0m
[31m│[0m   [2m199 [0m[2m│   │   [0m_validation_aggregator.record_attempt(context, model_class.[91m__name__[0m, source_exch   [31m│[0m
[31m│[0m   [2m200 [0m[2m│   │   [0m                                                                                   [31m│[0m
[31m│[0m   [2m201 [0m[2m│   │   [0m[2m# Enforce Pydantic validation - this is the critical security step[0m                 [31m│[0m
[31m│[0m [31m❱ [0m202 [2m│   │   [0mresult = model_class.model_validate(data)                                          [31m│[0m
[31m│[0m   [2m203 [0m[2m│   │   [0m                                                                                   [31m│[0m
[31m│[0m   [2m204 [0m[2m│   │   [0m[2m# Record success for aggregation[0m                                                   [31m│[0m
[31m│[0m   [2m205 [0m[2m│   │   [0m_validation_aggregator.record_success()                                            [31m│[0m
[31m│[0m                                                                                                  [31m│[0m
[31m│[0m [34m╭─[0m[34m──────────────────────────────────────────[0m[34m locals [0m[34m──────────────────────────────────────────[0m[34m─╮[0m [31m│[0m
[31m│[0m [34m│[0m         [3;33mcontext[0m[31m =[0m [32m'string_length_test'[0m                                                       [34m│[0m [31m│[0m
[31m│[0m [34m│[0m            [3;33mdata[0m[31m =[0m [1m{[0m                                                                          [34m│[0m [31m│[0m
[31m│[0m [34m│[0m                   [2;32m│   [0m[32m'asset'[0m:                                                               [34m│[0m [31m│[0m
[31m│[0m [34m│[0m                   [32m'AAAAAAAAAAAAAAAAAAAAAAAAAAAAAAAAAAAAAAAAAAAAAAAAAAAAAAAAAAAAAAAAAAAAAAAA…[0m [34m│[0m [31m│[0m
[31m│[0m [34m│[0m                   [2;32m│   [0m[32m'quantity'[0m: [32m'100'[0m,                                                     [34m│[0m [31m│[0m
[31m│[0m [34m│[0m                   [2;32m│   [0m[32m'timestamp'[0m: [32m'2025-07-03T00:36:41.483703+00:00'[0m,                       [34m│[0m [31m│[0m
[31m│[0m [34m│[0m                   [2;32m│   [0m[32m'exchange'[0m: [32m'backpack'[0m                                                 [34m│[0m [31m│[0m
[31m│[0m [34m│[0m                   [1m}[0m                                                                          [34m│[0m [31m│[0m
[31m│[0m [34m│[0m               [3;33me[0m[31m =[0m [1;36m1[0m validation error for MockBalance                                         [34m│[0m [31m│[0m
[31m│[0m [34m│[0m                   asset                                                                      [34m│[0m [31m│[0m
[31m│[0m [34m│[0m                   [2;32m  [0mString should have at most [1;36m10[0m characters [1m[[0m[33mtype[0m=[35mstring_too_long[0m,          [34m│[0m [31m│[0m
[31m│[0m [34m│[0m                   [33minput_value[0m=[32m'AAAAAAAAAAAAAAAAAAAAAAAA...AAAAAAAAAAAAAAAAAAAAAAA'[0m,          [34m│[0m [31m│[0m
[31m│[0m [34m│[0m                   [33minput_type[0m=[35mstr[0m[1m][0m                                                            [34m│[0m [31m│[0m
[31m│[0m [34m│[0m                   [2;32m│   [0mFor further information visit                                          [34m│[0m [31m│[0m
[31m│[0m [34m│[0m                   [4;94mhttps://errors.pydantic.dev/2.11/v/string_too_long[0m                         [34m│[0m [31m│[0m
[31m│[0m [34m│[0m [3;33msource_exchange[0m[31m =[0m [32m'backpack'[0m                                                                 [34m│[0m [31m│[0m
[31m│[0m [34m╰──────────────────────────────────────────────────────────────────────────────────────────────╯[0m [31m│[0m
[31m│[0m                                                                                                  [31m│[0m
[31m│[0m [2m/workspaces/CyberDeltaEngine/worktrees/integration-unit-tests/.venv/lib/python3.13/site-packages[0m [31m│[0m
[31m│[0m [2m/pydantic/[0m[1mmain.py[0m:703 in model_validate                                                          [31m│[0m
[31m│[0m                                                                                                  [31m│[0m
[31m│[0m   [2m 700 [0m[2m│   │   │   │   [0mcode=[33m'[0m[33mvalidate-by-alias-and-name-false[0m[33m'[0m,                                  [31m│[0m
[31m│[0m   [2m 701 [0m[2m│   │   │   [0m)                                                                             [31m│[0m
[31m│[0m   [2m 702 [0m[2m│   │   [0m                                                                                  [31m│[0m
[31m│[0m [31m❱ [0m 703 [2m│   │   [0m[94mreturn[0m [1;4;96mcls[0m[1;4m.__pydantic_validator__.validate_python([0m                                [31m│[0m
[31m│[0m   [2m 704 [0m[2m│   │   │   [0m[1;4mobj, strict=strict, from_attributes=from_attributes, context=context, by_ali[0m  [31m│[0m
[31m│[0m   [2m 705 [0m[2m│   │   [0m[1;4m)[0m                                                                                 [31m│[0m
[31m│[0m   [2m 706 [0m                                                                                          [31m│[0m
[31m│[0m                                                                                                  [31m│[0m
[31m│[0m [34m╭─[0m[34m──────────────────────────────────────────[0m[34m locals [0m[34m──────────────────────────────────────────[0m[34m─╮[0m [31m│[0m
[31m│[0m [34m│[0m        [3;33mby_alias[0m[31m =[0m [3;35mNone[0m                                                                       [34m│[0m [31m│[0m
[31m│[0m [34m│[0m         [3;33mby_name[0m[31m =[0m [3;35mNone[0m                                                                       [34m│[0m [31m│[0m
[31m│[0m [34m│[0m         [3;33mcontext[0m[31m =[0m [3;35mNone[0m                                                                       [34m│[0m [31m│[0m
[31m│[0m [34m│[0m [3;33mfrom_attributes[0m[31m =[0m [3;35mNone[0m                                                                       [34m│[0m [31m│[0m
[31m│[0m [34m│[0m             [3;33mobj[0m[31m =[0m [1m{[0m                                                                          [34m│[0m [31m│[0m
[31m│[0m [34m│[0m                   [2;32m│   [0m[32m'asset'[0m:                                                               [34m│[0m [31m│[0m
[31m│[0m [34m│[0m                   [32m'AAAAAAAAAAAAAAAAAAAAAAAAAAAAAAAAAAAAAAAAAAAAAAAAAAAAAAAAAAAAAAAAAAAAAAAA…[0m [34m│[0m [31m│[0m
[31m│[0m [34m│[0m                   [2;32m│   [0m[32m'quantity'[0m: [32m'100'[0m,                                                     [34m│[0m [31m│[0m
[31m│[0m [34m│[0m                   [2;32m│   [0m[32m'timestamp'[0m: [32m'2025-07-03T00:36:41.483703+00:00'[0m,                       [34m│[0m [31m│[0m
[31m│[0m [34m│[0m                   [2;32m│   [0m[32m'exchange'[0m: [32m'backpack'[0m                                                 [34m│[0m [31m│[0m
[31m│[0m [34m│[0m                   [1m}[0m                                                                          [34m│[0m [31m│[0m
[31m│[0m [34m│[0m          [3;33mstrict[0m[31m =[0m [3;35mNone[0m                                                                       [34m│[0m [31m│[0m
[31m│[0m [34m╰──────────────────────────────────────────────────────────────────────────────────────────────╯[0m [31m│[0m
[31m╰──────────────────────────────────────────────────────────────────────────────────────────────────╯[0m
[1;91mValidationError: [0m[1;36m1[0m validation error for MockBalance
asset
  String should have at most [1;36m10[0m characters [1m[[0m[33mtype[0m=[35mstring_too_long[0m,
[33minput_value[0m=[32m'AAAAAAAAAAAAAAAAAAAAAAAA...AAAAAAAAAAAAAAAAAAAAAAA'[0m, [33minput_type[0m=[35mstr[0m[1m][0m
    For further information visit [4;94mhttps://errors.pydantic.dev/2.11/v/string_too_long[0m

______________ TestSecureTransformSecurity.test_security_logging _______________
cyberdelta/utils/secure_transformation.py:202: in secure_transform
    result = model_class.model_validate(data)
E   pydantic_core._pydantic_core.ValidationError: 1 validation error for MockBalance
E   quantity
E     Input should be greater than or equal to 0 [type=greater_than_equal, input_value='-100', input_type=str]
E       For further information visit https://errors.pydantic.dev/2.11/v/greater_than_equal

The above exception was the direct cause of the following exception:
tests/unit/utils/test_secure_transformation_security.py:285: in test_security_logging
    secure_transform(
cyberdelta/utils/secure_transformation.py:233: in secure_transform
    raise SecurityValidationError(
E   cyberdelta.utils.secure_transformation.SecurityValidationError: Security validation failed for MockBalance in security_fail_test: 1 validation errors
______ TestSecureTransformSecurity.test_concurrent_transformation_safety _______
tests/unit/utils/test_secure_transformation_security.py:404: in test_concurrent_transformation_safety
    assert len(errors) == 10  # 10 failed transformations
E   assert 0 == 10
E    +  where 0 = len([])
----------------------------- Captured stdout call -----------------------------
2025-07-03 00:36:41 [error    ] security_validation_failed     action=potential_attack_detected context='thread_Thread-12 (transform_concurrently)' error_count=1 message='SECURITY ALERT: Validation failed - context=thread_Thread-12 (transform_concurrently), model=MockBalance, source=test' model_class=MockBalance source_exchange=test validation_errors=[{'type': 'greater_than_equal', 'loc': ('quantity',), 'msg': 'Input should be greater than or equal to 0', 'input': '-10', 'ctx': {'ge': Decimal('0')}, 'url': 'https://errors.pydantic.dev/2.11/v/greater_than_equal'}]
[31m╭─[0m[31m──────────────────────────────[0m[31m [0m[1;31mTraceback [0m[1;2;31m(most recent call last)[0m[31m [0m[31m───────────────────────────────[0m[31m─╮[0m
[31m│[0m [2m/workspaces/CyberDeltaEngine/worktrees/integration-unit-tests/cyberdelta/utils/[0m[1msecure_transforma[0m [31m│[0m
[31m│[0m [1mtion.py[0m:202 in secure_transform                                                                  [31m│[0m
[31m│[0m                                                                                                  [31m│[0m
[31m│[0m   [2m199 [0m[2m│   │   [0m_validation_aggregator.record_attempt(context, model_class.[91m__name__[0m, source_exch   [31m│[0m
[31m│[0m   [2m200 [0m[2m│   │   [0m                                                                                   [31m│[0m
[31m│[0m   [2m201 [0m[2m│   │   [0m[2m# Enforce Pydantic validation - this is the critical security step[0m                 [31m│[0m
[31m│[0m [31m❱ [0m202 [2m│   │   [0mresult = model_class.model_validate(data)                                          [31m│[0m
[31m│[0m   [2m203 [0m[2m│   │   [0m                                                                                   [31m│[0m
[31m│[0m   [2m204 [0m[2m│   │   [0m[2m# Record success for aggregation[0m                                                   [31m│[0m
[31m│[0m   [2m205 [0m[2m│   │   [0m_validation_aggregator.record_success()                                            [31m│[0m
[31m│[0m                                                                                                  [31m│[0m
[31m│[0m [34m╭─[0m[34m──────────────────────────────────────────[0m[34m locals [0m[34m──────────────────────────────────────────[0m[34m─╮[0m [31m│[0m
[31m│[0m [34m│[0m         [3;33mcontext[0m[31m =[0m [32m'thread_Thread-12 [0m[32m([0m[32mtransform_concurrently[0m[32m)[0m[32m'[0m                                [34m│[0m [31m│[0m
[31m│[0m [34m│[0m            [3;33mdata[0m[31m =[0m [1m{[0m                                                                          [34m│[0m [31m│[0m
[31m│[0m [34m│[0m                   [2;32m│   [0m[32m'asset'[0m: [32m'ETH1'[0m,                                                       [34m│[0m [31m│[0m
[31m│[0m [34m│[0m                   [2;32m│   [0m[32m'quantity'[0m: [32m'-10'[0m,                                                     [34m│[0m [31m│[0m
[31m│[0m [34m│[0m                   [2;32m│   [0m[32m'timestamp'[0m: [32m'2025-07-03T00:36:41.681642+00:00'[0m,                       [34m│[0m [31m│[0m
[31m│[0m [34m│[0m                   [2;32m│   [0m[32m'exchange'[0m: [32m'test'[0m                                                     [34m│[0m [31m│[0m
[31m│[0m [34m│[0m                   [1m}[0m                                                                          [34m│[0m [31m│[0m
[31m│[0m [34m│[0m               [3;33me[0m[31m =[0m [1;36m1[0m validation error for MockBalance                                         [34m│[0m [31m│[0m
[31m│[0m [34m│[0m                   quantity                                                                   [34m│[0m [31m│[0m
[31m│[0m [34m│[0m                   [2;32m  [0mInput should be greater than or equal to [1;36m0[0m [1m[[0m[33mtype[0m=[35mgreater_than_equal[0m,     [34m│[0m [31m│[0m
[31m│[0m [34m│[0m                   [33minput_value[0m=[32m'-10'[0m, [33minput_type[0m=[35mstr[0m[1m][0m                                         [34m│[0m [31m│[0m
[31m│[0m [34m│[0m                   [2;32m│   [0mFor further information visit                                          [34m│[0m [31m│[0m
[31m│[0m [34m│[0m                   [4;94mhttps://errors.pydantic.dev/2.11/v/greater_than_equal[0m                      [34m│[0m [31m│[0m
[31m│[0m [34m│[0m [3;33msource_exchange[0m[31m =[0m [32m'test'[0m                                                                     [34m│[0m [31m│[0m
[31m│[0m [34m╰──────────────────────────────────────────────────────────────────────────────────────────────╯[0m [31m│[0m
[31m│[0m                                                                                                  [31m│[0m
[31m│[0m [2m/workspaces/CyberDeltaEngine/worktrees/integration-unit-tests/.venv/lib/python3.13/site-packages[0m [31m│[0m
[31m│[0m [2m/pydantic/[0m[1mmain.py[0m:703 in model_validate                                                          [31m│[0m
[31m│[0m                                                                                                  [31m│[0m
[31m│[0m   [2m 700 [0m[2m│   │   │   │   [0mcode=[33m'[0m[33mvalidate-by-alias-and-name-false[0m[33m'[0m,                                  [31m│[0m
[31m│[0m   [2m 701 [0m[2m│   │   │   [0m)                                                                             [31m│[0m
[31m│[0m   [2m 702 [0m[2m│   │   [0m                                                                                  [31m│[0m
[31m│[0m [31m❱ [0m 703 [2m│   │   [0m[94mreturn[0m [1;4;96mcls[0m[1;4m.__pydantic_validator__.validate_python([0m                                [31m│[0m
[31m│[0m   [2m 704 [0m[2m│   │   │   [0m[1;4mobj, strict=strict, from_attributes=from_attributes, context=context, by_ali[0m  [31m│[0m
[31m│[0m   [2m 705 [0m[2m│   │   [0m[1;4m)[0m                                                                                 [31m│[0m
[31m│[0m   [2m 706 [0m                                                                                          [31m│[0m
[31m│[0m                                                                                                  [31m│[0m
[31m│[0m [34m╭─[0m[34m───────────────────────────────[0m[34m locals [0m[34m───────────────────────────────[0m[34m─╮[0m                       [31m│[0m
[31m│[0m [34m│[0m        [3;33mby_alias[0m[31m =[0m [3;35mNone[0m                                                 [34m│[0m                       [31m│[0m
[31m│[0m [34m│[0m         [3;33mby_name[0m[31m =[0m [3;35mNone[0m                                                 [34m│[0m                       [31m│[0m
[31m│[0m [34m│[0m         [3;33mcontext[0m[31m =[0m [3;35mNone[0m                                                 [34m│[0m                       [31m│[0m
[31m│[0m [34m│[0m [3;33mfrom_attributes[0m[31m =[0m [3;35mNone[0m                                                 [34m│[0m                       [31m│[0m
[31m│[0m [34m│[0m             [3;33mobj[0m[31m =[0m [1m{[0m                                                    [34m│[0m                       [31m│[0m
[31m│[0m [34m│[0m                   [2;32m│   [0m[32m'asset'[0m: [32m'ETH1'[0m,                                 [34m│[0m                       [31m│[0m
[31m│[0m [34m│[0m                   [2;32m│   [0m[32m'quantity'[0m: [32m'-10'[0m,                               [34m│[0m                       [31m│[0m
[31m│[0m [34m│[0m                   [2;32m│   [0m[32m'timestamp'[0m: [32m'2025-07-03T00:36:41.681642+00:00'[0m, [34m│[0m                       [31m│[0m
[31m│[0m [34m│[0m                   [2;32m│   [0m[32m'exchange'[0m: [32m'test'[0m                               [34m│[0m                       [31m│[0m
[31m│[0m [34m│[0m                   [1m}[0m                                                    [34m│[0m                       [31m│[0m
[31m│[0m [34m│[0m          [3;33mstrict[0m[31m =[0m [3;35mNone[0m                                                 [34m│[0m                       [31m│[0m
[31m│[0m [34m╰────────────────────────────────────────────────────────────────────────╯[0m                       [31m│[0m
[31m╰──────────────────────────────────────────────────────────────────────────────────────────────────╯[0m
[1;91mValidationError: [0m[1;36m1[0m validation error for MockBalance
quantity
  Input should be greater than or equal to [1;36m0[0m [1m[[0m[33mtype[0m=[35mgreater_than_equal[0m, [33minput_value[0m=[32m'-10'[0m,
[33minput_type[0m=[35mstr[0m[1m][0m
    For further information visit [4;94mhttps://errors.pydantic.dev/2.11/v/greater_than_equal[0m

2025-07-03 00:36:41 [error    ] security_validation_failed     action=potential_attack_detected context='thread_Thread-16 (transform_concurrently)' error_count=1 message='SECURITY ALERT: Validation failed - context=thread_Thread-16 (transform_concurrently), model=MockBalance, source=test' model_class=MockBalance source_exchange=test validation_errors=[{'type': 'greater_than_equal', 'loc': ('quantity',), 'msg': 'Input should be greater than or equal to 0', 'input': '-50', 'ctx': {'ge': Decimal('0')}, 'url': 'https://errors.pydantic.dev/2.11/v/greater_than_equal'}]
[31m╭─[0m[31m──────────────────────────────[0m[31m [0m[1;31mTraceback [0m[1;2;31m(most recent call last)[0m[31m [0m[31m───────────────────────────────[0m[31m─╮[0m
[31m│[0m [2m/workspaces/CyberDeltaEngine/worktrees/integration-unit-tests/cyberdelta/utils/[0m[1msecure_transforma[0m [31m│[0m
[31m│[0m [1mtion.py[0m:202 in secure_transform                                                                  [31m│[0m
[31m│[0m                                                                                                  [31m│[0m
[31m│[0m   [2m199 [0m[2m│   │   [0m_validation_aggregator.record_attempt(context, model_class.[91m__name__[0m, source_exch   [31m│[0m
[31m│[0m   [2m200 [0m[2m│   │   [0m                                                                                   [31m│[0m
[31m│[0m   [2m201 [0m[2m│   │   [0m[2m# Enforce Pydantic validation - this is the critical security step[0m                 [31m│[0m
[31m│[0m [31m❱ [0m202 [2m│   │   [0mresult = model_class.model_validate(data)                                          [31m│[0m
[31m│[0m   [2m203 [0m[2m│   │   [0m                                                                                   [31m│[0m
[31m│[0m   [2m204 [0m[2m│   │   [0m[2m# Record success for aggregation[0m                                                   [31m│[0m
[31m│[0m   [2m205 [0m[2m│   │   [0m_validation_aggregator.record_success()                                            [31m│[0m
[31m│[0m                                                                                                  [31m│[0m
[31m│[0m [34m╭─[0m[34m──────────────────────────────────────────[0m[34m locals [0m[34m──────────────────────────────────────────[0m[34m─╮[0m [31m│[0m
[31m│[0m [34m│[0m         [3;33mcontext[0m[31m =[0m [32m'thread_Thread-16 [0m[32m([0m[32mtransform_concurrently[0m[32m)[0m[32m'[0m                                [34m│[0m [31m│[0m
[31m│[0m [34m│[0m            [3;33mdata[0m[31m =[0m [1m{[0m                                                                          [34m│[0m [31m│[0m
[31m│[0m [34m│[0m                   [2;32m│   [0m[32m'asset'[0m: [32m'ETH5'[0m,                                                       [34m│[0m [31m│[0m
[31m│[0m [34m│[0m                   [2;32m│   [0m[32m'quantity'[0m: [32m'-50'[0m,                                                     [34m│[0m [31m│[0m
[31m│[0m [34m│[0m                   [2;32m│   [0m[32m'timestamp'[0m: [32m'2025-07-03T00:36:41.681700+00:00'[0m,                       [34m│[0m [31m│[0m
[31m│[0m [34m│[0m                   [2;32m│   [0m[32m'exchange'[0m: [32m'test'[0m                                                     [34m│[0m [31m│[0m
[31m│[0m [34m│[0m                   [1m}[0m                                                                          [34m│[0m [31m│[0m
[31m│[0m [34m│[0m               [3;33me[0m[31m =[0m [1;36m1[0m validation error for MockBalance                                         [34m│[0m [31m│[0m
[31m│[0m [34m│[0m                   quantity                                                                   [34m│[0m [31m│[0m
[31m│[0m [34m│[0m                   [2;32m  [0mInput should be greater than or equal to [1;36m0[0m [1m[[0m[33mtype[0m=[35mgreater_than_equal[0m,     [34m│[0m [31m│[0m
[31m│[0m [34m│[0m                   [33minput_value[0m=[32m'-50'[0m, [33minput_type[0m=[35mstr[0m[1m][0m                                         [34m│[0m [31m│[0m
[31m│[0m [34m│[0m                   [2;32m│   [0mFor further information visit                                          [34m│[0m [31m│[0m
[31m│[0m [34m│[0m                   [4;94mhttps://errors.pydantic.dev/2.11/v/greater_than_equal[0m                      [34m│[0m [31m│[0m
[31m│[0m [34m│[0m [3;33msource_exchange[0m[31m =[0m [32m'test'[0m                                                                     [34m│[0m [31m│[0m
[31m│[0m [34m╰──────────────────────────────────────────────────────────────────────────────────────────────╯[0m [31m│[0m
[31m│[0m                                                                                                  [31m│[0m
[31m│[0m [2m/workspaces/CyberDeltaEngine/worktrees/integration-unit-tests/.venv/lib/python3.13/site-packages[0m [31m│[0m
[31m│[0m [2m/pydantic/[0m[1mmain.py[0m:703 in model_validate                                                          [31m│[0m
[31m│[0m                                                                                                  [31m│[0m
[31m│[0m   [2m 700 [0m[2m│   │   │   │   [0mcode=[33m'[0m[33mvalidate-by-alias-and-name-false[0m[33m'[0m,                                  [31m│[0m
[31m│[0m   [2m 701 [0m[2m│   │   │   [0m)                                                                             [31m│[0m
[31m│[0m   [2m 702 [0m[2m│   │   [0m                                                                                  [31m│[0m
[31m│[0m [31m❱ [0m 703 [2m│   │   [0m[94mreturn[0m [1;4;96mcls[0m[1;4m.__pydantic_validator__.validate_python([0m                                [31m│[0m
[31m│[0m   [2m 704 [0m[2m│   │   │   [0m[1;4mobj, strict=strict, from_attributes=from_attributes, context=context, by_ali[0m  [31m│[0m
[31m│[0m   [2m 705 [0m[2m│   │   [0m[1;4m)[0m                                                                                 [31m│[0m
[31m│[0m   [2m 706 [0m                                                                                          [31m│[0m
[31m│[0m                                                                                                  [31m│[0m
[31m│[0m [34m╭─[0m[34m───────────────────────────────[0m[34m locals [0m[34m───────────────────────────────[0m[34m─╮[0m                       [31m│[0m
[31m│[0m [34m│[0m        [3;33mby_alias[0m[31m =[0m [3;35mNone[0m                                                 [34m│[0m                       [31m│[0m
[31m│[0m [34m│[0m         [3;33mby_name[0m[31m =[0m [3;35mNone[0m                                                 [34m│[0m                       [31m│[0m
[31m│[0m [34m│[0m         [3;33mcontext[0m[31m =[0m [3;35mNone[0m                                                 [34m│[0m                       [31m│[0m
[31m│[0m [34m│[0m [3;33mfrom_attributes[0m[31m =[0m [3;35mNone[0m                                                 [34m│[0m                       [31m│[0m
[31m│[0m [34m│[0m             [3;33mobj[0m[31m =[0m [1m{[0m                                                    [34m│[0m                       [31m│[0m
[31m│[0m [34m│[0m                   [2;32m│   [0m[32m'asset'[0m: [32m'ETH5'[0m,                                 [34m│[0m                       [31m│[0m
[31m│[0m [34m│[0m                   [2;32m│   [0m[32m'quantity'[0m: [32m'-50'[0m,                               [34m│[0m                       [31m│[0m
[31m│[0m [34m│[0m                   [2;32m│   [0m[32m'timestamp'[0m: [32m'2025-07-03T00:36:41.681700+00:00'[0m, [34m│[0m                       [31m│[0m
[31m│[0m [34m│[0m                   [2;32m│   [0m[32m'exchange'[0m: [32m'test'[0m                               [34m│[0m                       [31m│[0m
[31m│[0m [34m│[0m                   [1m}[0m                                                    [34m│[0m                       [31m│[0m
[31m│[0m [34m│[0m          [3;33mstrict[0m[31m =[0m [3;35mNone[0m                                                 [34m│[0m                       [31m│[0m
[31m│[0m [34m╰────────────────────────────────────────────────────────────────────────╯[0m                       [31m│[0m
[31m╰──────────────────────────────────────────────────────────────────────────────────────────────────╯[0m
[1;91mValidationError: [0m[1;36m1[0m validation error for MockBalance
quantity
  Input should be greater than or equal to [1;36m0[0m [1m[[0m[33mtype[0m=[35mgreater_than_equal[0m, [33minput_value[0m=[32m'-50'[0m,
[33minput_type[0m=[35mstr[0m[1m][0m
    For further information visit [4;94mhttps://errors.pydantic.dev/2.11/v/greater_than_equal[0m

2025-07-03 00:36:41 [error    ] security_validation_failed     action=potential_attack_detected context='thread_Thread-14 (transform_concurrently)' error_count=1 message='SECURITY ALERT: Validation failed - context=thread_Thread-14 (transform_concurrently), model=MockBalance, source=test' model_class=MockBalance source_exchange=test validation_errors=[{'type': 'greater_than_equal', 'loc': ('quantity',), 'msg': 'Input should be greater than or equal to 0', 'input': '-30', 'ctx': {'ge': Decimal('0')}, 'url': 'https://errors.pydantic.dev/2.11/v/greater_than_equal'}]
[31m╭─[0m[31m──────────────────────────────[0m[31m [0m[1;31mTraceback [0m[1;2;31m(most recent call last)[0m[31m [0m[31m───────────────────────────────[0m[31m─╮[0m
[31m│[0m [2m/workspaces/CyberDeltaEngine/worktrees/integration-unit-tests/cyberdelta/utils/[0m[1msecure_transforma[0m [31m│[0m
[31m│[0m [1mtion.py[0m:202 in secure_transform                                                                  [31m│[0m
[31m│[0m                                                                                                  [31m│[0m
[31m│[0m   [2m199 [0m[2m│   │   [0m_validation_aggregator.record_attempt(context, model_class.[91m__name__[0m, source_exch   [31m│[0m
[31m│[0m   [2m200 [0m[2m│   │   [0m                                                                                   [31m│[0m
[31m│[0m   [2m201 [0m[2m│   │   [0m[2m# Enforce Pydantic validation - this is the critical security step[0m                 [31m│[0m
[31m│[0m [31m❱ [0m202 [2m│   │   [0mresult = model_class.model_validate(data)                                          [31m│[0m
[31m│[0m   [2m203 [0m[2m│   │   [0m                                                                                   [31m│[0m
[31m│[0m   [2m204 [0m[2m│   │   [0m[2m# Record success for aggregation[0m                                                   [31m│[0m
[31m│[0m   [2m205 [0m[2m│   │   [0m_validation_aggregator.record_success()                                            [31m│[0m
[31m│[0m                                                                                                  [31m│[0m
[31m│[0m [34m╭─[0m[34m──────────────────────────────────────────[0m[34m locals [0m[34m──────────────────────────────────────────[0m[34m─╮[0m [31m│[0m
[31m│[0m [34m│[0m         [3;33mcontext[0m[31m =[0m [32m'thread_Thread-14 [0m[32m([0m[32mtransform_concurrently[0m[32m)[0m[32m'[0m                                [34m│[0m [31m│[0m
[31m│[0m [34m│[0m            [3;33mdata[0m[31m =[0m [1m{[0m                                                                          [34m│[0m [31m│[0m
[31m│[0m [34m│[0m                   [2;32m│   [0m[32m'asset'[0m: [32m'ETH3'[0m,                                                       [34m│[0m [31m│[0m
[31m│[0m [34m│[0m                   [2;32m│   [0m[32m'quantity'[0m: [32m'-30'[0m,                                                     [34m│[0m [31m│[0m
[31m│[0m [34m│[0m                   [2;32m│   [0m[32m'timestamp'[0m: [32m'2025-07-03T00:36:41.681673+00:00'[0m,                       [34m│[0m [31m│[0m
[31m│[0m [34m│[0m                   [2;32m│   [0m[32m'exchange'[0m: [32m'test'[0m                                                     [34m│[0m [31m│[0m
[31m│[0m [34m│[0m                   [1m}[0m                                                                          [34m│[0m [31m│[0m
[31m│[0m [34m│[0m               [3;33me[0m[31m =[0m [1;36m1[0m validation error for MockBalance                                         [34m│[0m [31m│[0m
[31m│[0m [34m│[0m                   quantity                                                                   [34m│[0m [31m│[0m
[31m│[0m [34m│[0m                   [2;32m  [0mInput should be greater than or equal to [1;36m0[0m [1m[[0m[33mtype[0m=[35mgreater_than_equal[0m,     [34m│[0m [31m│[0m
[31m│[0m [34m│[0m                   [33minput_value[0m=[32m'-30'[0m, [33minput_type[0m=[35mstr[0m[1m][0m                                         [34m│[0m [31m│[0m
[31m│[0m [34m│[0m                   [2;32m│   [0mFor further information visit                                          [34m│[0m [31m│[0m
[31m│[0m [34m│[0m                   [4;94mhttps://errors.pydantic.dev/2.11/v/greater_than_equal[0m                      [34m│[0m [31m│[0m
[31m│[0m [34m│[0m [3;33msource_exchange[0m[31m =[0m [32m'test'[0m                                                                     [34m│[0m [31m│[0m
[31m│[0m [34m╰──────────────────────────────────────────────────────────────────────────────────────────────╯[0m [31m│[0m
[31m│[0m                                                                                                  [31m│[0m
[31m│[0m [2m/workspaces/CyberDeltaEngine/worktrees/integration-unit-tests/.venv/lib/python3.13/site-packages[0m [31m│[0m
[31m│[0m [2m/pydantic/[0m[1mmain.py[0m:703 in model_validate                                                          [31m│[0m
[31m│[0m                                                                                                  [31m│[0m
[31m│[0m   [2m 700 [0m[2m│   │   │   │   [0mcode=[33m'[0m[33mvalidate-by-alias-and-name-false[0m[33m'[0m,                                  [31m│[0m
[31m│[0m   [2m 701 [0m[2m│   │   │   [0m)                                                                             [31m│[0m
[31m│[0m   [2m 702 [0m[2m│   │   [0m                                                                                  [31m│[0m
[31m│[0m [31m❱ [0m 703 [2m│   │   [0m[94mreturn[0m [1;4;96mcls[0m[1;4m.__pydantic_validator__.validate_python([0m                                [31m│[0m
[31m│[0m   [2m 704 [0m[2m│   │   │   [0m[1;4mobj, strict=strict, from_attributes=from_attributes, context=context, by_ali[0m  [31m│[0m
[31m│[0m   [2m 705 [0m[2m│   │   [0m[1;4m)[0m                                                                                 [31m│[0m
[31m│[0m   [2m 706 [0m                                                                                          [31m│[0m
[31m│[0m                                                                                                  [31m│[0m
[31m│[0m [34m╭─[0m[34m───────────────────────────────[0m[34m locals [0m[34m───────────────────────────────[0m[34m─╮[0m                       [31m│[0m
[31m│[0m [34m│[0m        [3;33mby_alias[0m[31m =[0m [3;35mNone[0m                                                 [34m│[0m                       [31m│[0m
[31m│[0m [34m│[0m         [3;33mby_name[0m[31m =[0m [3;35mNone[0m                                                 [34m│[0m                       [31m│[0m
[31m│[0m [34m│[0m         [3;33mcontext[0m[31m =[0m [3;35mNone[0m                                                 [34m│[0m                       [31m│[0m
[31m│[0m [34m│[0m [3;33mfrom_attributes[0m[31m =[0m [3;35mNone[0m                                                 [34m│[0m                       [31m│[0m
[31m│[0m [34m│[0m             [3;33mobj[0m[31m =[0m [1m{[0m                                                    [34m│[0m                       [31m│[0m
[31m│[0m [34m│[0m                   [2;32m│   [0m[32m'asset'[0m: [32m'ETH3'[0m,                                 [34m│[0m                       [31m│[0m
[31m│[0m [34m│[0m                   [2;32m│   [0m[32m'quantity'[0m: [32m'-30'[0m,                               [34m│[0m                       [31m│[0m
[31m│[0m [34m│[0m                   [2;32m│   [0m[32m'timestamp'[0m: [32m'2025-07-03T00:36:41.681673+00:00'[0m, [34m│[0m                       [31m│[0m
[31m│[0m [34m│[0m                   [2;32m│   [0m[32m'exchange'[0m: [32m'test'[0m                               [34m│[0m                       [31m│[0m
[31m│[0m [34m│[0m                   [1m}[0m                                                    [34m│[0m                       [31m│[0m
[31m│[0m [34m│[0m          [3;33mstrict[0m[31m =[0m [3;35mNone[0m                                                 [34m│[0m                       [31m│[0m
[31m│[0m [34m╰────────────────────────────────────────────────────────────────────────╯[0m                       [31m│[0m
[31m╰──────────────────────────────────────────────────────────────────────────────────────────────────╯[0m
[1;91mValidationError: [0m[1;36m1[0m validation error for MockBalance
quantity
  Input should be greater than or equal to [1;36m0[0m [1m[[0m[33mtype[0m=[35mgreater_than_equal[0m, [33minput_value[0m=[32m'-30'[0m,
[33minput_type[0m=[35mstr[0m[1m][0m
    For further information visit [4;94mhttps://errors.pydantic.dev/2.11/v/greater_than_equal[0m

2025-07-03 00:36:41 [error    ] security_validation_failed     action=potential_attack_detected context='thread_Thread-18 (transform_concurrently)' error_count=1 message='SECURITY ALERT: Validation failed - context=thread_Thread-18 (transform_concurrently), model=MockBalance, source=test' model_class=MockBalance source_exchange=test validation_errors=[{'type': 'greater_than_equal', 'loc': ('quantity',), 'msg': 'Input should be greater than or equal to 0', 'input': '-70', 'ctx': {'ge': Decimal('0')}, 'url': 'https://errors.pydantic.dev/2.11/v/greater_than_equal'}]
[31m╭─[0m[31m──────────────────────────────[0m[31m [0m[1;31mTraceback [0m[1;2;31m(most recent call last)[0m[31m [0m[31m───────────────────────────────[0m[31m─╮[0m
[31m│[0m [2m/workspaces/CyberDeltaEngine/worktrees/integration-unit-tests/cyberdelta/utils/[0m[1msecure_transforma[0m [31m│[0m
[31m│[0m [1mtion.py[0m:202 in secure_transform                                                                  [31m│[0m
[31m│[0m                                                                                                  [31m│[0m
[31m│[0m   [2m199 [0m[2m│   │   [0m_validation_aggregator.record_attempt(context, model_class.[91m__name__[0m, source_exch   [31m│[0m
[31m│[0m   [2m200 [0m[2m│   │   [0m                                                                                   [31m│[0m
[31m│[0m   [2m201 [0m[2m│   │   [0m[2m# Enforce Pydantic validation - this is the critical security step[0m                 [31m│[0m
[31m│[0m [31m❱ [0m202 [2m│   │   [0mresult = model_class.model_validate(data)                                          [31m│[0m
[31m│[0m   [2m203 [0m[2m│   │   [0m                                                                                   [31m│[0m
[31m│[0m   [2m204 [0m[2m│   │   [0m[2m# Record success for aggregation[0m                                                   [31m│[0m
[31m│[0m   [2m205 [0m[2m│   │   [0m_validation_aggregator.record_success()                                            [31m│[0m
[31m│[0m                                                                                                  [31m│[0m
[31m│[0m [34m╭─[0m[34m──────────────────────────────────────────[0m[34m locals [0m[34m──────────────────────────────────────────[0m[34m─╮[0m [31m│[0m
[31m│[0m [34m│[0m         [3;33mcontext[0m[31m =[0m [32m'thread_Thread-18 [0m[32m([0m[32mtransform_concurrently[0m[32m)[0m[32m'[0m                                [34m│[0m [31m│[0m
[31m│[0m [34m│[0m            [3;33mdata[0m[31m =[0m [1m{[0m                                                                          [34m│[0m [31m│[0m
[31m│[0m [34m│[0m                   [2;32m│   [0m[32m'asset'[0m: [32m'ETH7'[0m,                                                       [34m│[0m [31m│[0m
[31m│[0m [34m│[0m                   [2;32m│   [0m[32m'quantity'[0m: [32m'-70'[0m,                                                     [34m│[0m [31m│[0m
[31m│[0m [34m│[0m                   [2;32m│   [0m[32m'timestamp'[0m: [32m'2025-07-03T00:36:41.681725+00:00'[0m,                       [34m│[0m [31m│[0m
[31m│[0m [34m│[0m                   [2;32m│   [0m[32m'exchange'[0m: [32m'test'[0m                                                     [34m│[0m [31m│[0m
[31m│[0m [34m│[0m                   [1m}[0m                                                                          [34m│[0m [31m│[0m
[31m│[0m [34m│[0m               [3;33me[0m[31m =[0m [1;36m1[0m validation error for MockBalance                                         [34m│[0m [31m│[0m
[31m│[0m [34m│[0m                   quantity                                                                   [34m│[0m [31m│[0m
[31m│[0m [34m│[0m                   [2;32m  [0mInput should be greater than or equal to [1;36m0[0m [1m[[0m[33mtype[0m=[35mgreater_than_equal[0m,     [34m│[0m [31m│[0m
[31m│[0m [34m│[0m                   [33minput_value[0m=[32m'-70'[0m, [33minput_type[0m=[35mstr[0m[1m][0m                                         [34m│[0m [31m│[0m
[31m│[0m [34m│[0m                   [2;32m│   [0mFor further information visit                                          [34m│[0m [31m│[0m
[31m│[0m [34m│[0m                   [4;94mhttps://errors.pydantic.dev/2.11/v/greater_than_equal[0m                      [34m│[0m [31m│[0m
[31m│[0m [34m│[0m [3;33msource_exchange[0m[31m =[0m [32m'test'[0m                                                                     [34m│[0m [31m│[0m
[31m│[0m [34m╰──────────────────────────────────────────────────────────────────────────────────────────────╯[0m [31m│[0m
[31m│[0m                                                                                                  [31m│[0m
[31m│[0m [2m/workspaces/CyberDeltaEngine/worktrees/integration-unit-tests/.venv/lib/python3.13/site-packages[0m [31m│[0m
[31m│[0m [2m/pydantic/[0m[1mmain.py[0m:703 in model_validate                                                          [31m│[0m
[31m│[0m                                                                                                  [31m│[0m
[31m│[0m   [2m 700 [0m[2m│   │   │   │   [0mcode=[33m'[0m[33mvalidate-by-alias-and-name-false[0m[33m'[0m,                                  [31m│[0m
[31m│[0m   [2m 701 [0m[2m│   │   │   [0m)                                                                             [31m│[0m
[31m│[0m   [2m 702 [0m[2m│   │   [0m                                                                                  [31m│[0m
[31m│[0m [31m❱ [0m 703 [2m│   │   [0m[94mreturn[0m [1;4;96mcls[0m[1;4m.__pydantic_validator__.validate_python([0m                                [31m│[0m
[31m│[0m   [2m 704 [0m[2m│   │   │   [0m[1;4mobj, strict=strict, from_attributes=from_attributes, context=context, by_ali[0m  [31m│[0m
[31m│[0m   [2m 705 [0m[2m│   │   [0m[1;4m)[0m                                                                                 [31m│[0m
[31m│[0m   [2m 706 [0m                                                                                          [31m│[0m
[31m│[0m                                                                                                  [31m│[0m
[31m│[0m [34m╭─[0m[34m───────────────────────────────[0m[34m locals [0m[34m───────────────────────────────[0m[34m─╮[0m                       [31m│[0m
[31m│[0m [34m│[0m        [3;33mby_alias[0m[31m =[0m [3;35mNone[0m                                                 [34m│[0m                       [31m│[0m
[31m│[0m [34m│[0m         [3;33mby_name[0m[31m =[0m [3;35mNone[0m                                                 [34m│[0m                       [31m│[0m
[31m│[0m [34m│[0m         [3;33mcontext[0m[31m =[0m [3;35mNone[0m                                                 [34m│[0m                       [31m│[0m
[31m│[0m [34m│[0m [3;33mfrom_attributes[0m[31m =[0m [3;35mNone[0m                                                 [34m│[0m                       [31m│[0m
[31m│[0m [34m│[0m             [3;33mobj[0m[31m =[0m [1m{[0m                                                    [34m│[0m                       [31m│[0m
[31m│[0m [34m│[0m                   [2;32m│   [0m[32m'asset'[0m: [32m'ETH7'[0m,                                 [34m│[0m                       [31m│[0m
[31m│[0m [34m│[0m                   [2;32m│   [0m[32m'quantity'[0m: [32m'-70'[0m,                               [34m│[0m                       [31m│[0m
[31m│[0m [34m│[0m                   [2;32m│   [0m[32m'timestamp'[0m: [32m'2025-07-03T00:36:41.681725+00:00'[0m, [34m│[0m                       [31m│[0m
[31m│[0m [34m│[0m                   [2;32m│   [0m[32m'exchange'[0m: [32m'test'[0m                               [34m│[0m                       [31m│[0m
[31m│[0m [34m│[0m                   [1m}[0m                                                    [34m│[0m                       [31m│[0m
[31m│[0m [34m│[0m          [3;33mstrict[0m[31m =[0m [3;35mNone[0m                                                 [34m│[0m                       [31m│[0m
[31m│[0m [34m╰────────────────────────────────────────────────────────────────────────╯[0m                       [31m│[0m
[31m╰──────────────────────────────────────────────────────────────────────────────────────────────────╯[0m
[1;91mValidationError: [0m[1;36m1[0m validation error for MockBalance
quantity
  Input should be greater than or equal to [1;36m0[0m [1m[[0m[33mtype[0m=[35mgreater_than_equal[0m, [33minput_value[0m=[32m'-70'[0m,
[33minput_type[0m=[35mstr[0m[1m][0m
    For further information visit [4;94mhttps://errors.pydantic.dev/2.11/v/greater_than_equal[0m

2025-07-03 00:36:42 [error    ] security_validation_failed     action=potential_attack_detected context='thread_Thread-20 (transform_concurrently)' error_count=1 message='SECURITY ALERT: Validation failed - context=thread_Thread-20 (transform_concurrently), model=MockBalance, source=test' model_class=MockBalance source_exchange=test validation_errors=[{'type': 'greater_than_equal', 'loc': ('quantity',), 'msg': 'Input should be greater than or equal to 0', 'input': '-90', 'ctx': {'ge': Decimal('0')}, 'url': 'https://errors.pydantic.dev/2.11/v/greater_than_equal'}]
[31m╭─[0m[31m──────────────────────────────[0m[31m [0m[1;31mTraceback [0m[1;2;31m(most recent call last)[0m[31m [0m[31m───────────────────────────────[0m[31m─╮[0m
[31m│[0m [2m/workspaces/CyberDeltaEngine/worktrees/integration-unit-tests/cyberdelta/utils/[0m[1msecure_transforma[0m [31m│[0m
[31m│[0m [1mtion.py[0m:202 in secure_transform                                                                  [31m│[0m
[31m│[0m                                                                                                  [31m│[0m
[31m│[0m   [2m199 [0m[2m│   │   [0m_validation_aggregator.record_attempt(context, model_class.[91m__name__[0m, source_exch   [31m│[0m
[31m│[0m   [2m200 [0m[2m│   │   [0m                                                                                   [31m│[0m
[31m│[0m   [2m201 [0m[2m│   │   [0m[2m# Enforce Pydantic validation - this is the critical security step[0m                 [31m│[0m
[31m│[0m [31m❱ [0m202 [2m│   │   [0mresult = model_class.model_validate(data)                                          [31m│[0m
[31m│[0m   [2m203 [0m[2m│   │   [0m                                                                                   [31m│[0m
[31m│[0m   [2m204 [0m[2m│   │   [0m[2m# Record success for aggregation[0m                                                   [31m│[0m
[31m│[0m   [2m205 [0m[2m│   │   [0m_validation_aggregator.record_success()                                            [31m│[0m
[31m│[0m                                                                                                  [31m│[0m
[31m│[0m [34m╭─[0m[34m──────────────────────────────────────────[0m[34m locals [0m[34m──────────────────────────────────────────[0m[34m─╮[0m [31m│[0m
[31m│[0m [34m│[0m         [3;33mcontext[0m[31m =[0m [32m'thread_Thread-20 [0m[32m([0m[32mtransform_concurrently[0m[32m)[0m[32m'[0m                                [34m│[0m [31m│[0m
[31m│[0m [34m│[0m            [3;33mdata[0m[31m =[0m [1m{[0m                                                                          [34m│[0m [31m│[0m
[31m│[0m [34m│[0m                   [2;32m│   [0m[32m'asset'[0m: [32m'ETH9'[0m,                                                       [34m│[0m [31m│[0m
[31m│[0m [34m│[0m                   [2;32m│   [0m[32m'quantity'[0m: [32m'-90'[0m,                                                     [34m│[0m [31m│[0m
[31m│[0m [34m│[0m                   [2;32m│   [0m[32m'timestamp'[0m: [32m'2025-07-03T00:36:41.681755+00:00'[0m,                       [34m│[0m [31m│[0m
[31m│[0m [34m│[0m                   [2;32m│   [0m[32m'exchange'[0m: [32m'test'[0m                                                     [34m│[0m [31m│[0m
[31m│[0m [34m│[0m                   [1m}[0m                                                                          [34m│[0m [31m│[0m
[31m│[0m [34m│[0m               [3;33me[0m[31m =[0m [1;36m1[0m validation error for MockBalance                                         [34m│[0m [31m│[0m
[31m│[0m [34m│[0m                   quantity                                                                   [34m│[0m [31m│[0m
[31m│[0m [34m│[0m                   [2;32m  [0mInput should be greater than or equal to [1;36m0[0m [1m[[0m[33mtype[0m=[35mgreater_than_equal[0m,     [34m│[0m [31m│[0m
[31m│[0m [34m│[0m                   [33minput_value[0m=[32m'-90'[0m, [33minput_type[0m=[35mstr[0m[1m][0m                                         [34m│[0m [31m│[0m
[31m│[0m [34m│[0m                   [2;32m│   [0mFor further information visit                                          [34m│[0m [31m│[0m
[31m│[0m [34m│[0m                   [4;94mhttps://errors.pydantic.dev/2.11/v/greater_than_equal[0m                      [34m│[0m [31m│[0m
[31m│[0m [34m│[0m [3;33msource_exchange[0m[31m =[0m [32m'test'[0m                                                                     [34m│[0m [31m│[0m
[31m│[0m [34m╰──────────────────────────────────────────────────────────────────────────────────────────────╯[0m [31m│[0m
[31m│[0m                                                                                                  [31m│[0m
[31m│[0m [2m/workspaces/CyberDeltaEngine/worktrees/integration-unit-tests/.venv/lib/python3.13/site-packages[0m [31m│[0m
[31m│[0m [2m/pydantic/[0m[1mmain.py[0m:703 in model_validate                                                          [31m│[0m
[31m│[0m                                                                                                  [31m│[0m
[31m│[0m   [2m 700 [0m[2m│   │   │   │   [0mcode=[33m'[0m[33mvalidate-by-alias-and-name-false[0m[33m'[0m,                                  [31m│[0m
[31m│[0m   [2m 701 [0m[2m│   │   │   [0m)                                                                             [31m│[0m
[31m│[0m   [2m 702 [0m[2m│   │   [0m                                                                                  [31m│[0m
[31m│[0m [31m❱ [0m 703 [2m│   │   [0m[94mreturn[0m [1;4;96mcls[0m[1;4m.__pydantic_validator__.validate_python([0m                                [31m│[0m
[31m│[0m   [2m 704 [0m[2m│   │   │   [0m[1;4mobj, strict=strict, from_attributes=from_attributes, context=context, by_ali[0m  [31m│[0m
[31m│[0m   [2m 705 [0m[2m│   │   [0m[1;4m)[0m                                                                                 [31m│[0m
[31m│[0m   [2m 706 [0m                                                                                          [31m│[0m
[31m│[0m                                                                                                  [31m│[0m
[31m│[0m [34m╭─[0m[34m───────────────────────────────[0m[34m locals [0m[34m───────────────────────────────[0m[34m─╮[0m                       [31m│[0m
[31m│[0m [34m│[0m        [3;33mby_alias[0m[31m =[0m [3;35mNone[0m                                                 [34m│[0m                       [31m│[0m
[31m│[0m [34m│[0m         [3;33mby_name[0m[31m =[0m [3;35mNone[0m                                                 [34m│[0m                       [31m│[0m
[31m│[0m [34m│[0m         [3;33mcontext[0m[31m =[0m [3;35mNone[0m                                                 [34m│[0m                       [31m│[0m
[31m│[0m [34m│[0m [3;33mfrom_attributes[0m[31m =[0m [3;35mNone[0m                                                 [34m│[0m                       [31m│[0m
[31m│[0m [34m│[0m             [3;33mobj[0m[31m =[0m [1m{[0m                                                    [34m│[0m                       [31m│[0m
[31m│[0m [34m│[0m                   [2;32m│   [0m[32m'asset'[0m: [32m'ETH9'[0m,                                 [34m│[0m                       [31m│[0m
[31m│[0m [34m│[0m                   [2;32m│   [0m[32m'quantity'[0m: [32m'-90'[0m,                               [34m│[0m                       [31m│[0m
[31m│[0m [34m│[0m                   [2;32m│   [0m[32m'timestamp'[0m: [32m'2025-07-03T00:36:41.681755+00:00'[0m, [34m│[0m                       [31m│[0m
[31m│[0m [34m│[0m                   [2;32m│   [0m[32m'exchange'[0m: [32m'test'[0m                               [34m│[0m                       [31m│[0m
[31m│[0m [34m│[0m                   [1m}[0m                                                    [34m│[0m                       [31m│[0m
[31m│[0m [34m│[0m          [3;33mstrict[0m[31m =[0m [3;35mNone[0m                                                 [34m│[0m                       [31m│[0m
[31m│[0m [34m╰────────────────────────────────────────────────────────────────────────╯[0m                       [31m│[0m
[31m╰──────────────────────────────────────────────────────────────────────────────────────────────────╯[0m
[1;91mValidationError: [0m[1;36m1[0m validation error for MockBalance
quantity
  Input should be greater than or equal to [1;36m0[0m [1m[[0m[33mtype[0m=[35mgreater_than_equal[0m, [33minput_value[0m=[32m'-90'[0m,
[33minput_type[0m=[35mstr[0m[1m][0m
    For further information visit [4;94mhttps://errors.pydantic.dev/2.11/v/greater_than_equal[0m

2025-07-03 00:36:42 [error    ] security_validation_failed     action=potential_attack_detected context='thread_Thread-22 (transform_concurrently)' error_count=1 message='SECURITY ALERT: Validation failed - context=thread_Thread-22 (transform_concurrently), model=MockBalance, source=test' model_class=MockBalance source_exchange=test validation_errors=[{'type': 'greater_than_equal', 'loc': ('quantity',), 'msg': 'Input should be greater than or equal to 0', 'input': '-110', 'ctx': {'ge': Decimal('0')}, 'url': 'https://errors.pydantic.dev/2.11/v/greater_than_equal'}]
[31m╭─[0m[31m──────────────────────────────[0m[31m [0m[1;31mTraceback [0m[1;2;31m(most recent call last)[0m[31m [0m[31m───────────────────────────────[0m[31m─╮[0m
[31m│[0m [2m/workspaces/CyberDeltaEngine/worktrees/integration-unit-tests/cyberdelta/utils/[0m[1msecure_transforma[0m [31m│[0m
[31m│[0m [1mtion.py[0m:202 in secure_transform                                                                  [31m│[0m
[31m│[0m                                                                                                  [31m│[0m
[31m│[0m   [2m199 [0m[2m│   │   [0m_validation_aggregator.record_attempt(context, model_class.[91m__name__[0m, source_exch   [31m│[0m
[31m│[0m   [2m200 [0m[2m│   │   [0m                                                                                   [31m│[0m
[31m│[0m   [2m201 [0m[2m│   │   [0m[2m# Enforce Pydantic validation - this is the critical security step[0m                 [31m│[0m
[31m│[0m [31m❱ [0m202 [2m│   │   [0mresult = model_class.model_validate(data)                                          [31m│[0m
[31m│[0m   [2m203 [0m[2m│   │   [0m                                                                                   [31m│[0m
[31m│[0m   [2m204 [0m[2m│   │   [0m[2m# Record success for aggregation[0m                                                   [31m│[0m
[31m│[0m   [2m205 [0m[2m│   │   [0m_validation_aggregator.record_success()                                            [31m│[0m
[31m│[0m                                                                                                  [31m│[0m
[31m│[0m [34m╭─[0m[34m──────────────────────────────────────────[0m[34m locals [0m[34m──────────────────────────────────────────[0m[34m─╮[0m [31m│[0m
[31m│[0m [34m│[0m         [3;33mcontext[0m[31m =[0m [32m'thread_Thread-22 [0m[32m([0m[32mtransform_concurrently[0m[32m)[0m[32m'[0m                                [34m│[0m [31m│[0m
[31m│[0m [34m│[0m            [3;33mdata[0m[31m =[0m [1m{[0m                                                                          [34m│[0m [31m│[0m
[31m│[0m [34m│[0m                   [2;32m│   [0m[32m'asset'[0m: [32m'ETH11'[0m,                                                      [34m│[0m [31m│[0m
[31m│[0m [34m│[0m                   [2;32m│   [0m[32m'quantity'[0m: [32m'-110'[0m,                                                    [34m│[0m [31m│[0m
[31m│[0m [34m│[0m                   [2;32m│   [0m[32m'timestamp'[0m: [32m'2025-07-03T00:36:41.681780+00:00'[0m,                       [34m│[0m [31m│[0m
[31m│[0m [34m│[0m                   [2;32m│   [0m[32m'exchange'[0m: [32m'test'[0m                                                     [34m│[0m [31m│[0m
[31m│[0m [34m│[0m                   [1m}[0m                                                                          [34m│[0m [31m│[0m
[31m│[0m [34m│[0m               [3;33me[0m[31m =[0m [1;36m1[0m validation error for MockBalance                                         [34m│[0m [31m│[0m
[31m│[0m [34m│[0m                   quantity                                                                   [34m│[0m [31m│[0m
[31m│[0m [34m│[0m                   [2;32m  [0mInput should be greater than or equal to [1;36m0[0m [1m[[0m[33mtype[0m=[35mgreater_than_equal[0m,     [34m│[0m [31m│[0m
[31m│[0m [34m│[0m                   [33minput_value[0m=[32m'-110'[0m, [33minput_type[0m=[35mstr[0m[1m][0m                                        [34m│[0m [31m│[0m
[31m│[0m [34m│[0m                   [2;32m│   [0mFor further information visit                                          [34m│[0m [31m│[0m
[31m│[0m [34m│[0m                   [4;94mhttps://errors.pydantic.dev/2.11/v/greater_than_equal[0m                      [34m│[0m [31m│[0m
[31m│[0m [34m│[0m [3;33msource_exchange[0m[31m =[0m [32m'test'[0m                                                                     [34m│[0m [31m│[0m
[31m│[0m [34m╰──────────────────────────────────────────────────────────────────────────────────────────────╯[0m [31m│[0m
[31m│[0m                                                                                                  [31m│[0m
[31m│[0m [2m/workspaces/CyberDeltaEngine/worktrees/integration-unit-tests/.venv/lib/python3.13/site-packages[0m [31m│[0m
[31m│[0m [2m/pydantic/[0m[1mmain.py[0m:703 in model_validate                                                          [31m│[0m
[31m│[0m                                                                                                  [31m│[0m
[31m│[0m   [2m 700 [0m[2m│   │   │   │   [0mcode=[33m'[0m[33mvalidate-by-alias-and-name-false[0m[33m'[0m,                                  [31m│[0m
[31m│[0m   [2m 701 [0m[2m│   │   │   [0m)                                                                             [31m│[0m
[31m│[0m   [2m 702 [0m[2m│   │   [0m                                                                                  [31m│[0m
[31m│[0m [31m❱ [0m 703 [2m│   │   [0m[94mreturn[0m [1;4;96mcls[0m[1;4m.__pydantic_validator__.validate_python([0m                                [31m│[0m
[31m│[0m   [2m 704 [0m[2m│   │   │   [0m[1;4mobj, strict=strict, from_attributes=from_attributes, context=context, by_ali[0m  [31m│[0m
[31m│[0m   [2m 705 [0m[2m│   │   [0m[1;4m)[0m                                                                                 [31m│[0m
[31m│[0m   [2m 706 [0m                                                                                          [31m│[0m
[31m│[0m                                                                                                  [31m│[0m
[31m│[0m [34m╭─[0m[34m───────────────────────────────[0m[34m locals [0m[34m───────────────────────────────[0m[34m─╮[0m                       [31m│[0m
[31m│[0m [34m│[0m        [3;33mby_alias[0m[31m =[0m [3;35mNone[0m                                                 [34m│[0m                       [31m│[0m
[31m│[0m [34m│[0m         [3;33mby_name[0m[31m =[0m [3;35mNone[0m                                                 [34m│[0m                       [31m│[0m
[31m│[0m [34m│[0m         [3;33mcontext[0m[31m =[0m [3;35mNone[0m                                                 [34m│[0m                       [31m│[0m
[31m│[0m [34m│[0m [3;33mfrom_attributes[0m[31m =[0m [3;35mNone[0m                                                 [34m│[0m                       [31m│[0m
[31m│[0m [34m│[0m             [3;33mobj[0m[31m =[0m [1m{[0m                                                    [34m│[0m                       [31m│[0m
[31m│[0m [34m│[0m                   [2;32m│   [0m[32m'asset'[0m: [32m'ETH11'[0m,                                [34m│[0m                       [31m│[0m
[31m│[0m [34m│[0m                   [2;32m│   [0m[32m'quantity'[0m: [32m'-110'[0m,                              [34m│[0m                       [31m│[0m
[31m│[0m [34m│[0m                   [2;32m│   [0m[32m'timestamp'[0m: [32m'2025-07-03T00:36:41.681780+00:00'[0m, [34m│[0m                       [31m│[0m
[31m│[0m [34m│[0m                   [2;32m│   [0m[32m'exchange'[0m: [32m'test'[0m                               [34m│[0m                       [31m│[0m
[31m│[0m [34m│[0m                   [1m}[0m                                                    [34m│[0m                       [31m│[0m
[31m│[0m [34m│[0m          [3;33mstrict[0m[31m =[0m [3;35mNone[0m                                                 [34m│[0m                       [31m│[0m
[31m│[0m [34m╰────────────────────────────────────────────────────────────────────────╯[0m                       [31m│[0m
[31m╰──────────────────────────────────────────────────────────────────────────────────────────────────╯[0m
[1;91mValidationError: [0m[1;36m1[0m validation error for MockBalance
quantity
  Input should be greater than or equal to [1;36m0[0m [1m[[0m[33mtype[0m=[35mgreater_than_equal[0m, [33minput_value[0m=[32m'-110'[0m,
[33minput_type[0m=[35mstr[0m[1m][0m
    For further information visit [4;94mhttps://errors.pydantic.dev/2.11/v/greater_than_equal[0m

2025-07-03 00:36:42 [error    ] security_validation_failed     action=potential_attack_detected context='thread_Thread-24 (transform_concurrently)' error_count=1 message='SECURITY ALERT: Validation failed - context=thread_Thread-24 (transform_concurrently), model=MockBalance, source=test' model_class=MockBalance source_exchange=test validation_errors=[{'type': 'greater_than_equal', 'loc': ('quantity',), 'msg': 'Input should be greater than or equal to 0', 'input': '-130', 'ctx': {'ge': Decimal('0')}, 'url': 'https://errors.pydantic.dev/2.11/v/greater_than_equal'}]
[31m╭─[0m[31m──────────────────────────────[0m[31m [0m[1;31mTraceback [0m[1;2;31m(most recent call last)[0m[31m [0m[31m───────────────────────────────[0m[31m─╮[0m
[31m│[0m [2m/workspaces/CyberDeltaEngine/worktrees/integration-unit-tests/cyberdelta/utils/[0m[1msecure_transforma[0m [31m│[0m
[31m│[0m [1mtion.py[0m:202 in secure_transform                                                                  [31m│[0m
[31m│[0m                                                                                                  [31m│[0m
[31m│[0m   [2m199 [0m[2m│   │   [0m_validation_aggregator.record_attempt(context, model_class.[91m__name__[0m, source_exch   [31m│[0m
[31m│[0m   [2m200 [0m[2m│   │   [0m                                                                                   [31m│[0m
[31m│[0m   [2m201 [0m[2m│   │   [0m[2m# Enforce Pydantic validation - this is the critical security step[0m                 [31m│[0m
[31m│[0m [31m❱ [0m202 [2m│   │   [0mresult = model_class.model_validate(data)                                          [31m│[0m
[31m│[0m   [2m203 [0m[2m│   │   [0m                                                                                   [31m│[0m
[31m│[0m   [2m204 [0m[2m│   │   [0m[2m# Record success for aggregation[0m                                                   [31m│[0m
[31m│[0m   [2m205 [0m[2m│   │   [0m_validation_aggregator.record_success()                                            [31m│[0m
[31m│[0m                                                                                                  [31m│[0m
[31m│[0m [34m╭─[0m[34m──────────────────────────────────────────[0m[34m locals [0m[34m──────────────────────────────────────────[0m[34m─╮[0m [31m│[0m
[31m│[0m [34m│[0m         [3;33mcontext[0m[31m =[0m [32m'thread_Thread-24 [0m[32m([0m[32mtransform_concurrently[0m[32m)[0m[32m'[0m                                [34m│[0m [31m│[0m
[31m│[0m [34m│[0m            [3;33mdata[0m[31m =[0m [1m{[0m                                                                          [34m│[0m [31m│[0m
[31m│[0m [34m│[0m                   [2;32m│   [0m[32m'asset'[0m: [32m'ETH13'[0m,                                                      [34m│[0m [31m│[0m
[31m│[0m [34m│[0m                   [2;32m│   [0m[32m'quantity'[0m: [32m'-130'[0m,                                                    [34m│[0m [31m│[0m
[31m│[0m [34m│[0m                   [2;32m│   [0m[32m'timestamp'[0m: [32m'2025-07-03T00:36:41.681808+00:00'[0m,                       [34m│[0m [31m│[0m
[31m│[0m [34m│[0m                   [2;32m│   [0m[32m'exchange'[0m: [32m'test'[0m                                                     [34m│[0m [31m│[0m
[31m│[0m [34m│[0m                   [1m}[0m                                                                          [34m│[0m [31m│[0m
[31m│[0m [34m│[0m               [3;33me[0m[31m =[0m [1;36m1[0m validation error for MockBalance                                         [34m│[0m [31m│[0m
[31m│[0m [34m│[0m                   quantity                                                                   [34m│[0m [31m│[0m
[31m│[0m [34m│[0m                   [2;32m  [0mInput should be greater than or equal to [1;36m0[0m [1m[[0m[33mtype[0m=[35mgreater_than_equal[0m,     [34m│[0m [31m│[0m
[31m│[0m [34m│[0m                   [33minput_value[0m=[32m'-130'[0m, [33minput_type[0m=[35mstr[0m[1m][0m                                        [34m│[0m [31m│[0m
[31m│[0m [34m│[0m                   [2;32m│   [0mFor further information visit                                          [34m│[0m [31m│[0m
[31m│[0m [34m│[0m                   [4;94mhttps://errors.pydantic.dev/2.11/v/greater_than_equal[0m                      [34m│[0m [31m│[0m
[31m│[0m [34m│[0m [3;33msource_exchange[0m[31m =[0m [32m'test'[0m                                                                     [34m│[0m [31m│[0m
[31m│[0m [34m╰──────────────────────────────────────────────────────────────────────────────────────────────╯[0m [31m│[0m
[31m│[0m                                                                                                  [31m│[0m
[31m│[0m [2m/workspaces/CyberDeltaEngine/worktrees/integration-unit-tests/.venv/lib/python3.13/site-packages[0m [31m│[0m
[31m│[0m [2m/pydantic/[0m[1mmain.py[0m:703 in model_validate                                                          [31m│[0m
[31m│[0m                                                                                                  [31m│[0m
[31m│[0m   [2m 700 [0m[2m│   │   │   │   [0mcode=[33m'[0m[33mvalidate-by-alias-and-name-false[0m[33m'[0m,                                  [31m│[0m
[31m│[0m   [2m 701 [0m[2m│   │   │   [0m)                                                                             [31m│[0m
[31m│[0m   [2m 702 [0m[2m│   │   [0m                                                                                  [31m│[0m
[31m│[0m [31m❱ [0m 703 [2m│   │   [0m[94mreturn[0m [1;4;96mcls[0m[1;4m.__pydantic_validator__.validate_python([0m                                [31m│[0m
[31m│[0m   [2m 704 [0m[2m│   │   │   [0m[1;4mobj, strict=strict, from_attributes=from_attributes, context=context, by_ali[0m  [31m│[0m
[31m│[0m   [2m 705 [0m[2m│   │   [0m[1;4m)[0m                                                                                 [31m│[0m
[31m│[0m   [2m 706 [0m                                                                                          [31m│[0m
[31m│[0m                                                                                                  [31m│[0m
[31m│[0m [34m╭─[0m[34m───────────────────────────────[0m[34m locals [0m[34m───────────────────────────────[0m[34m─╮[0m                       [31m│[0m
[31m│[0m [34m│[0m        [3;33mby_alias[0m[31m =[0m [3;35mNone[0m                                                 [34m│[0m                       [31m│[0m
[31m│[0m [34m│[0m         [3;33mby_name[0m[31m =[0m [3;35mNone[0m                                                 [34m│[0m                       [31m│[0m
[31m│[0m [34m│[0m         [3;33mcontext[0m[31m =[0m [3;35mNone[0m                                                 [34m│[0m                       [31m│[0m
[31m│[0m [34m│[0m [3;33mfrom_attributes[0m[31m =[0m [3;35mNone[0m                                                 [34m│[0m                       [31m│[0m
[31m│[0m [34m│[0m             [3;33mobj[0m[31m =[0m [1m{[0m                                                    [34m│[0m                       [31m│[0m
[31m│[0m [34m│[0m                   [2;32m│   [0m[32m'asset'[0m: [32m'ETH13'[0m,                                [34m│[0m                       [31m│[0m
[31m│[0m [34m│[0m                   [2;32m│   [0m[32m'quantity'[0m: [32m'-130'[0m,                              [34m│[0m                       [31m│[0m
[31m│[0m [34m│[0m                   [2;32m│   [0m[32m'timestamp'[0m: [32m'2025-07-03T00:36:41.681808+00:00'[0m, [34m│[0m                       [31m│[0m
[31m│[0m [34m│[0m                   [2;32m│   [0m[32m'exchange'[0m: [32m'test'[0m                               [34m│[0m                       [31m│[0m
[31m│[0m [34m│[0m                   [1m}[0m                                                    [34m│[0m                       [31m│[0m
[31m│[0m [34m│[0m          [3;33mstrict[0m[31m =[0m [3;35mNone[0m                                                 [34m│[0m                       [31m│[0m
[31m│[0m [34m╰────────────────────────────────────────────────────────────────────────╯[0m                       [31m│[0m
[31m╰──────────────────────────────────────────────────────────────────────────────────────────────────╯[0m
[1;91mValidationError: [0m[1;36m1[0m validation error for MockBalance
quantity
  Input should be greater than or equal to [1;36m0[0m [1m[[0m[33mtype[0m=[35mgreater_than_equal[0m, [33minput_value[0m=[32m'-130'[0m,
[33minput_type[0m=[35mstr[0m[1m][0m
    For further information visit [4;94mhttps://errors.pydantic.dev/2.11/v/greater_than_equal[0m

2025-07-03 00:36:42 [error    ] security_validation_failed     action=potential_attack_detected context='thread_Thread-26 (transform_concurrently)' error_count=1 message='SECURITY ALERT: Validation failed - context=thread_Thread-26 (transform_concurrently), model=MockBalance, source=test' model_class=MockBalance source_exchange=test validation_errors=[{'type': 'greater_than_equal', 'loc': ('quantity',), 'msg': 'Input should be greater than or equal to 0', 'input': '-150', 'ctx': {'ge': Decimal('0')}, 'url': 'https://errors.pydantic.dev/2.11/v/greater_than_equal'}]
[31m╭─[0m[31m──────────────────────────────[0m[31m [0m[1;31mTraceback [0m[1;2;31m(most recent call last)[0m[31m [0m[31m───────────────────────────────[0m[31m─╮[0m
[31m│[0m [2m/workspaces/CyberDeltaEngine/worktrees/integration-unit-tests/cyberdelta/utils/[0m[1msecure_transforma[0m [31m│[0m
[31m│[0m [1mtion.py[0m:202 in secure_transform                                                                  [31m│[0m
[31m│[0m                                                                                                  [31m│[0m
[31m│[0m   [2m199 [0m[2m│   │   [0m_validation_aggregator.record_attempt(context, model_class.[91m__name__[0m, source_exch   [31m│[0m
[31m│[0m   [2m200 [0m[2m│   │   [0m                                                                                   [31m│[0m
[31m│[0m   [2m201 [0m[2m│   │   [0m[2m# Enforce Pydantic validation - this is the critical security step[0m                 [31m│[0m
[31m│[0m [31m❱ [0m202 [2m│   │   [0mresult = model_class.model_validate(data)                                          [31m│[0m
[31m│[0m   [2m203 [0m[2m│   │   [0m                                                                                   [31m│[0m
[31m│[0m   [2m204 [0m[2m│   │   [0m[2m# Record success for aggregation[0m                                                   [31m│[0m
[31m│[0m   [2m205 [0m[2m│   │   [0m_validation_aggregator.record_success()                                            [31m│[0m
[31m│[0m                                                                                                  [31m│[0m
[31m│[0m [34m╭─[0m[34m──────────────────────────────────────────[0m[34m locals [0m[34m──────────────────────────────────────────[0m[34m─╮[0m [31m│[0m
[31m│[0m [34m│[0m         [3;33mcontext[0m[31m =[0m [32m'thread_Thread-26 [0m[32m([0m[32mtransform_concurrently[0m[32m)[0m[32m'[0m                                [34m│[0m [31m│[0m
[31m│[0m [34m│[0m            [3;33mdata[0m[31m =[0m [1m{[0m                                                                          [34m│[0m [31m│[0m
[31m│[0m [34m│[0m                   [2;32m│   [0m[32m'asset'[0m: [32m'ETH15'[0m,                                                      [34m│[0m [31m│[0m
[31m│[0m [34m│[0m                   [2;32m│   [0m[32m'quantity'[0m: [32m'-150'[0m,                                                    [34m│[0m [31m│[0m
[31m│[0m [34m│[0m                   [2;32m│   [0m[32m'timestamp'[0m: [32m'2025-07-03T00:36:41.681833+00:00'[0m,                       [34m│[0m [31m│[0m
[31m│[0m [34m│[0m                   [2;32m│   [0m[32m'exchange'[0m: [32m'test'[0m                                                     [34m│[0m [31m│[0m
[31m│[0m [34m│[0m                   [1m}[0m                                                                          [34m│[0m [31m│[0m
[31m│[0m [34m│[0m               [3;33me[0m[31m =[0m [1;36m1[0m validation error for MockBalance                                         [34m│[0m [31m│[0m
[31m│[0m [34m│[0m                   quantity                                                                   [34m│[0m [31m│[0m
[31m│[0m [34m│[0m                   [2;32m  [0mInput should be greater than or equal to [1;36m0[0m [1m[[0m[33mtype[0m=[35mgreater_than_equal[0m,     [34m│[0m [31m│[0m
[31m│[0m [34m│[0m                   [33minput_value[0m=[32m'-150'[0m, [33minput_type[0m=[35mstr[0m[1m][0m                                        [34m│[0m [31m│[0m
[31m│[0m [34m│[0m                   [2;32m│   [0mFor further information visit                                          [34m│[0m [31m│[0m
[31m│[0m [34m│[0m                   [4;94mhttps://errors.pydantic.dev/2.11/v/greater_than_equal[0m                      [34m│[0m [31m│[0m
[31m│[0m [34m│[0m [3;33msource_exchange[0m[31m =[0m [32m'test'[0m                                                                     [34m│[0m [31m│[0m
[31m│[0m [34m╰──────────────────────────────────────────────────────────────────────────────────────────────╯[0m [31m│[0m
[31m│[0m                                                                                                  [31m│[0m
[31m│[0m [2m/workspaces/CyberDeltaEngine/worktrees/integration-unit-tests/.venv/lib/python3.13/site-packages[0m [31m│[0m
[31m│[0m [2m/pydantic/[0m[1mmain.py[0m:703 in model_validate                                                          [31m│[0m
[31m│[0m                                                                                                  [31m│[0m
[31m│[0m   [2m 700 [0m[2m│   │   │   │   [0mcode=[33m'[0m[33mvalidate-by-alias-and-name-false[0m[33m'[0m,                                  [31m│[0m
[31m│[0m   [2m 701 [0m[2m│   │   │   [0m)                                                                             [31m│[0m
[31m│[0m   [2m 702 [0m[2m│   │   [0m                                                                                  [31m│[0m
[31m│[0m [31m❱ [0m 703 [2m│   │   [0m[94mreturn[0m [1;4;96mcls[0m[1;4m.__pydantic_validator__.validate_python([0m                                [31m│[0m
[31m│[0m   [2m 704 [0m[2m│   │   │   [0m[1;4mobj, strict=strict, from_attributes=from_attributes, context=context, by_ali[0m  [31m│[0m
[31m│[0m   [2m 705 [0m[2m│   │   [0m[1;4m)[0m                                                                                 [31m│[0m
[31m│[0m   [2m 706 [0m                                                                                          [31m│[0m
[31m│[0m                                                                                                  [31m│[0m
[31m│[0m [34m╭─[0m[34m───────────────────────────────[0m[34m locals [0m[34m───────────────────────────────[0m[34m─╮[0m                       [31m│[0m
[31m│[0m [34m│[0m        [3;33mby_alias[0m[31m =[0m [3;35mNone[0m                                                 [34m│[0m                       [31m│[0m
[31m│[0m [34m│[0m         [3;33mby_name[0m[31m =[0m [3;35mNone[0m                                                 [34m│[0m                       [31m│[0m
[31m│[0m [34m│[0m         [3;33mcontext[0m[31m =[0m [3;35mNone[0m                                                 [34m│[0m                       [31m│[0m
[31m│[0m [34m│[0m [3;33mfrom_attributes[0m[31m =[0m [3;35mNone[0m                                                 [34m│[0m                       [31m│[0m
[31m│[0m [34m│[0m             [3;33mobj[0m[31m =[0m [1m{[0m                                                    [34m│[0m                       [31m│[0m
[31m│[0m [34m│[0m                   [2;32m│   [0m[32m'asset'[0m: [32m'ETH15'[0m,                                [34m│[0m                       [31m│[0m
[31m│[0m [34m│[0m                   [2;32m│   [0m[32m'quantity'[0m: [32m'-150'[0m,                              [34m│[0m                       [31m│[0m
[31m│[0m [34m│[0m                   [2;32m│   [0m[32m'timestamp'[0m: [32m'2025-07-03T00:36:41.681833+00:00'[0m, [34m│[0m                       [31m│[0m
[31m│[0m [34m│[0m                   [2;32m│   [0m[32m'exchange'[0m: [32m'test'[0m                               [34m│[0m                       [31m│[0m
[31m│[0m [34m│[0m                   [1m}[0m                                                    [34m│[0m                       [31m│[0m
[31m│[0m [34m│[0m          [3;33mstrict[0m[31m =[0m [3;35mNone[0m                                                 [34m│[0m                       [31m│[0m
[31m│[0m [34m╰────────────────────────────────────────────────────────────────────────╯[0m                       [31m│[0m
[31m╰──────────────────────────────────────────────────────────────────────────────────────────────────╯[0m
[1;91mValidationError: [0m[1;36m1[0m validation error for MockBalance
quantity
  Input should be greater than or equal to [1;36m0[0m [1m[[0m[33mtype[0m=[35mgreater_than_equal[0m, [33minput_value[0m=[32m'-150'[0m,
[33minput_type[0m=[35mstr[0m[1m][0m
    For further information visit [4;94mhttps://errors.pydantic.dev/2.11/v/greater_than_equal[0m

2025-07-03 00:36:42 [error    ] security_validation_failed     action=potential_attack_detected context='thread_Thread-28 (transform_concurrently)' error_count=1 message='SECURITY ALERT: Validation failed - context=thread_Thread-28 (transform_concurrently), model=MockBalance, source=test' model_class=MockBalance source_exchange=test validation_errors=[{'type': 'greater_than_equal', 'loc': ('quantity',), 'msg': 'Input should be greater than or equal to 0', 'input': '-170', 'ctx': {'ge': Decimal('0')}, 'url': 'https://errors.pydantic.dev/2.11/v/greater_than_equal'}]
[31m╭─[0m[31m──────────────────────────────[0m[31m [0m[1;31mTraceback [0m[1;2;31m(most recent call last)[0m[31m [0m[31m───────────────────────────────[0m[31m─╮[0m
[31m│[0m [2m/workspaces/CyberDeltaEngine/worktrees/integration-unit-tests/cyberdelta/utils/[0m[1msecure_transforma[0m [31m│[0m
[31m│[0m [1mtion.py[0m:202 in secure_transform                                                                  [31m│[0m
[31m│[0m                                                                                                  [31m│[0m
[31m│[0m   [2m199 [0m[2m│   │   [0m_validation_aggregator.record_attempt(context, model_class.[91m__name__[0m, source_exch   [31m│[0m
[31m│[0m   [2m200 [0m[2m│   │   [0m                                                                                   [31m│[0m
[31m│[0m   [2m201 [0m[2m│   │   [0m[2m# Enforce Pydantic validation - this is the critical security step[0m                 [31m│[0m
[31m│[0m [31m❱ [0m202 [2m│   │   [0mresult = model_class.model_validate(data)                                          [31m│[0m
[31m│[0m   [2m203 [0m[2m│   │   [0m                                                                                   [31m│[0m
[31m│[0m   [2m204 [0m[2m│   │   [0m[2m# Record success for aggregation[0m                                                   [31m│[0m
[31m│[0m   [2m205 [0m[2m│   │   [0m_validation_aggregator.record_success()                                            [31m│[0m
[31m│[0m                                                                                                  [31m│[0m
[31m│[0m [34m╭─[0m[34m──────────────────────────────────────────[0m[34m locals [0m[34m──────────────────────────────────────────[0m[34m─╮[0m [31m│[0m
[31m│[0m [34m│[0m         [3;33mcontext[0m[31m =[0m [32m'thread_Thread-28 [0m[32m([0m[32mtransform_concurrently[0m[32m)[0m[32m'[0m                                [34m│[0m [31m│[0m
[31m│[0m [34m│[0m            [3;33mdata[0m[31m =[0m [1m{[0m                                                                          [34m│[0m [31m│[0m
[31m│[0m [34m│[0m                   [2;32m│   [0m[32m'asset'[0m: [32m'ETH17'[0m,                                                      [34m│[0m [31m│[0m
[31m│[0m [34m│[0m                   [2;32m│   [0m[32m'quantity'[0m: [32m'-170'[0m,                                                    [34m│[0m [31m│[0m
[31m│[0m [34m│[0m                   [2;32m│   [0m[32m'timestamp'[0m: [32m'2025-07-03T00:36:41.681859+00:00'[0m,                       [34m│[0m [31m│[0m
[31m│[0m [34m│[0m                   [2;32m│   [0m[32m'exchange'[0m: [32m'test'[0m                                                     [34m│[0m [31m│[0m
[31m│[0m [34m│[0m                   [1m}[0m                                                                          [34m│[0m [31m│[0m
[31m│[0m [34m│[0m               [3;33me[0m[31m =[0m [1;36m1[0m validation error for MockBalance                                         [34m│[0m [31m│[0m
[31m│[0m [34m│[0m                   quantity                                                                   [34m│[0m [31m│[0m
[31m│[0m [34m│[0m                   [2;32m  [0mInput should be greater than or equal to [1;36m0[0m [1m[[0m[33mtype[0m=[35mgreater_than_equal[0m,     [34m│[0m [31m│[0m
[31m│[0m [34m│[0m                   [33minput_value[0m=[32m'-170'[0m, [33minput_type[0m=[35mstr[0m[1m][0m                                        [34m│[0m [31m│[0m
[31m│[0m [34m│[0m                   [2;32m│   [0mFor further information visit                                          [34m│[0m [31m│[0m
[31m│[0m [34m│[0m                   [4;94mhttps://errors.pydantic.dev/2.11/v/greater_than_equal[0m                      [34m│[0m [31m│[0m
[31m│[0m [34m│[0m [3;33msource_exchange[0m[31m =[0m [32m'test'[0m                                                                     [34m│[0m [31m│[0m
[31m│[0m [34m╰──────────────────────────────────────────────────────────────────────────────────────────────╯[0m [31m│[0m
[31m│[0m                                                                                                  [31m│[0m
[31m│[0m [2m/workspaces/CyberDeltaEngine/worktrees/integration-unit-tests/.venv/lib/python3.13/site-packages[0m [31m│[0m
[31m│[0m [2m/pydantic/[0m[1mmain.py[0m:703 in model_validate                                                          [31m│[0m
[31m│[0m                                                                                                  [31m│[0m
[31m│[0m   [2m 700 [0m[2m│   │   │   │   [0mcode=[33m'[0m[33mvalidate-by-alias-and-name-false[0m[33m'[0m,                                  [31m│[0m
[31m│[0m   [2m 701 [0m[2m│   │   │   [0m)                                                                             [31m│[0m
[31m│[0m   [2m 702 [0m[2m│   │   [0m                                                                                  [31m│[0m
[31m│[0m [31m❱ [0m 703 [2m│   │   [0m[94mreturn[0m [1;4;96mcls[0m[1;4m.__pydantic_validator__.validate_python([0m                                [31m│[0m
[31m│[0m   [2m 704 [0m[2m│   │   │   [0m[1;4mobj, strict=strict, from_attributes=from_attributes, context=context, by_ali[0m  [31m│[0m
[31m│[0m   [2m 705 [0m[2m│   │   [0m[1;4m)[0m                                                                                 [31m│[0m
[31m│[0m   [2m 706 [0m                                                                                          [31m│[0m
[31m│[0m                                                                                                  [31m│[0m
[31m│[0m [34m╭─[0m[34m───────────────────────────────[0m[34m locals [0m[34m───────────────────────────────[0m[34m─╮[0m                       [31m│[0m
[31m│[0m [34m│[0m        [3;33mby_alias[0m[31m =[0m [3;35mNone[0m                                                 [34m│[0m                       [31m│[0m
[31m│[0m [34m│[0m         [3;33mby_name[0m[31m =[0m [3;35mNone[0m                                                 [34m│[0m                       [31m│[0m
[31m│[0m [34m│[0m         [3;33mcontext[0m[31m =[0m [3;35mNone[0m                                                 [34m│[0m                       [31m│[0m
[31m│[0m [34m│[0m [3;33mfrom_attributes[0m[31m =[0m [3;35mNone[0m                                                 [34m│[0m                       [31m│[0m
[31m│[0m [34m│[0m             [3;33mobj[0m[31m =[0m [1m{[0m                                                    [34m│[0m                       [31m│[0m
[31m│[0m [34m│[0m                   [2;32m│   [0m[32m'asset'[0m: [32m'ETH17'[0m,                                [34m│[0m                       [31m│[0m
[31m│[0m [34m│[0m                   [2;32m│   [0m[32m'quantity'[0m: [32m'-170'[0m,                              [34m│[0m                       [31m│[0m
[31m│[0m [34m│[0m                   [2;32m│   [0m[32m'timestamp'[0m: [32m'2025-07-03T00:36:41.681859+00:00'[0m, [34m│[0m                       [31m│[0m
[31m│[0m [34m│[0m                   [2;32m│   [0m[32m'exchange'[0m: [32m'test'[0m                               [34m│[0m                       [31m│[0m
[31m│[0m [34m│[0m                   [1m}[0m                                                    [34m│[0m                       [31m│[0m
[31m│[0m [34m│[0m          [3;33mstrict[0m[31m =[0m [3;35mNone[0m                                                 [34m│[0m                       [31m│[0m
[31m│[0m [34m╰────────────────────────────────────────────────────────────────────────╯[0m                       [31m│[0m
[31m╰──────────────────────────────────────────────────────────────────────────────────────────────────╯[0m
[1;91mValidationError: [0m[1;36m1[0m validation error for MockBalance
quantity
  Input should be greater than or equal to [1;36m0[0m [1m[[0m[33mtype[0m=[35mgreater_than_equal[0m, [33minput_value[0m=[32m'-170'[0m,
[33minput_type[0m=[35mstr[0m[1m][0m
    For further information visit [4;94mhttps://errors.pydantic.dev/2.11/v/greater_than_equal[0m

2025-07-03 00:36:42 [error    ] security_validation_failed     action=potential_attack_detected context='thread_Thread-30 (transform_concurrently)' error_count=1 message='SECURITY ALERT: Validation failed - context=thread_Thread-30 (transform_concurrently), model=MockBalance, source=test' model_class=MockBalance source_exchange=test validation_errors=[{'type': 'greater_than_equal', 'loc': ('quantity',), 'msg': 'Input should be greater than or equal to 0', 'input': '-190', 'ctx': {'ge': Decimal('0')}, 'url': 'https://errors.pydantic.dev/2.11/v/greater_than_equal'}]
[31m╭─[0m[31m──────────────────────────────[0m[31m [0m[1;31mTraceback [0m[1;2;31m(most recent call last)[0m[31m [0m[31m───────────────────────────────[0m[31m─╮[0m
[31m│[0m [2m/workspaces/CyberDeltaEngine/worktrees/integration-unit-tests/cyberdelta/utils/[0m[1msecure_transforma[0m [31m│[0m
[31m│[0m [1mtion.py[0m:202 in secure_transform                                                                  [31m│[0m
[31m│[0m                                                                                                  [31m│[0m
[31m│[0m   [2m199 [0m[2m│   │   [0m_validation_aggregator.record_attempt(context, model_class.[91m__name__[0m, source_exch   [31m│[0m
[31m│[0m   [2m200 [0m[2m│   │   [0m                                                                                   [31m│[0m
[31m│[0m   [2m201 [0m[2m│   │   [0m[2m# Enforce Pydantic validation - this is the critical security step[0m                 [31m│[0m
[31m│[0m [31m❱ [0m202 [2m│   │   [0mresult = model_class.model_validate(data)                                          [31m│[0m
[31m│[0m   [2m203 [0m[2m│   │   [0m                                                                                   [31m│[0m
[31m│[0m   [2m204 [0m[2m│   │   [0m[2m# Record success for aggregation[0m                                                   [31m│[0m
[31m│[0m   [2m205 [0m[2m│   │   [0m_validation_aggregator.record_success()                                            [31m│[0m
[31m│[0m                                                                                                  [31m│[0m
[31m│[0m [34m╭─[0m[34m──────────────────────────────────────────[0m[34m locals [0m[34m──────────────────────────────────────────[0m[34m─╮[0m [31m│[0m
[31m│[0m [34m│[0m         [3;33mcontext[0m[31m =[0m [32m'thread_Thread-30 [0m[32m([0m[32mtransform_concurrently[0m[32m)[0m[32m'[0m                                [34m│[0m [31m│[0m
[31m│[0m [34m│[0m            [3;33mdata[0m[31m =[0m [1m{[0m                                                                          [34m│[0m [31m│[0m
[31m│[0m [34m│[0m                   [2;32m│   [0m[32m'asset'[0m: [32m'ETH19'[0m,                                                      [34m│[0m [31m│[0m
[31m│[0m [34m│[0m                   [2;32m│   [0m[32m'quantity'[0m: [32m'-190'[0m,                                                    [34m│[0m [31m│[0m
[31m│[0m [34m│[0m                   [2;32m│   [0m[32m'timestamp'[0m: [32m'2025-07-03T00:36:41.681885+00:00'[0m,                       [34m│[0m [31m│[0m
[31m│[0m [34m│[0m                   [2;32m│   [0m[32m'exchange'[0m: [32m'test'[0m                                                     [34m│[0m [31m│[0m
[31m│[0m [34m│[0m                   [1m}[0m                                                                          [34m│[0m [31m│[0m
[31m│[0m [34m│[0m               [3;33me[0m[31m =[0m [1;36m1[0m validation error for MockBalance                                         [34m│[0m [31m│[0m
[31m│[0m [34m│[0m                   quantity                                                                   [34m│[0m [31m│[0m
[31m│[0m [34m│[0m                   [2;32m  [0mInput should be greater than or equal to [1;36m0[0m [1m[[0m[33mtype[0m=[35mgreater_than_equal[0m,     [34m│[0m [31m│[0m
[31m│[0m [34m│[0m                   [33minput_value[0m=[32m'-190'[0m, [33minput_type[0m=[35mstr[0m[1m][0m                                        [34m│[0m [31m│[0m
[31m│[0m [34m│[0m                   [2;32m│   [0mFor further information visit                                          [34m│[0m [31m│[0m
[31m│[0m [34m│[0m                   [4;94mhttps://errors.pydantic.dev/2.11/v/greater_than_equal[0m                      [34m│[0m [31m│[0m
[31m│[0m [34m│[0m [3;33msource_exchange[0m[31m =[0m [32m'test'[0m                                                                     [34m│[0m [31m│[0m
[31m│[0m [34m╰──────────────────────────────────────────────────────────────────────────────────────────────╯[0m [31m│[0m
[31m│[0m                                                                                                  [31m│[0m
[31m│[0m [2m/workspaces/CyberDeltaEngine/worktrees/integration-unit-tests/.venv/lib/python3.13/site-packages[0m [31m│[0m
[31m│[0m [2m/pydantic/[0m[1mmain.py[0m:703 in model_validate                                                          [31m│[0m
[31m│[0m                                                                                                  [31m│[0m
[31m│[0m   [2m 700 [0m[2m│   │   │   │   [0mcode=[33m'[0m[33mvalidate-by-alias-and-name-false[0m[33m'[0m,                                  [31m│[0m
[31m│[0m   [2m 701 [0m[2m│   │   │   [0m)                                                                             [31m│[0m
[31m│[0m   [2m 702 [0m[2m│   │   [0m                                                                                  [31m│[0m
[31m│[0m [31m❱ [0m 703 [2m│   │   [0m[94mreturn[0m [1;4;96mcls[0m[1;4m.__pydantic_validator__.validate_python([0m                                [31m│[0m
[31m│[0m   [2m 704 [0m[2m│   │   │   [0m[1;4mobj, strict=strict, from_attributes=from_attributes, context=context, by_ali[0m  [31m│[0m
[31m│[0m   [2m 705 [0m[2m│   │   [0m[1;4m)[0m                                                                                 [31m│[0m
[31m│[0m   [2m 706 [0m                                                                                          [31m│[0m
[31m│[0m                                                                                                  [31m│[0m
[31m│[0m [34m╭─[0m[34m───────────────────────────────[0m[34m locals [0m[34m───────────────────────────────[0m[34m─╮[0m                       [31m│[0m
[31m│[0m [34m│[0m        [3;33mby_alias[0m[31m =[0m [3;35mNone[0m                                                 [34m│[0m                       [31m│[0m
[31m│[0m [34m│[0m         [3;33mby_name[0m[31m =[0m [3;35mNone[0m                                                 [34m│[0m                       [31m│[0m
[31m│[0m [34m│[0m         [3;33mcontext[0m[31m =[0m [3;35mNone[0m                                                 [34m│[0m                       [31m│[0m
[31m│[0m [34m│[0m [3;33mfrom_attributes[0m[31m =[0m [3;35mNone[0m                                                 [34m│[0m                       [31m│[0m
[31m│[0m [34m│[0m             [3;33mobj[0m[31m =[0m [1m{[0m                                                    [34m│[0m                       [31m│[0m
[31m│[0m [34m│[0m                   [2;32m│   [0m[32m'asset'[0m: [32m'ETH19'[0m,                                [34m│[0m                       [31m│[0m
[31m│[0m [34m│[0m                   [2;32m│   [0m[32m'quantity'[0m: [32m'-190'[0m,                              [34m│[0m                       [31m│[0m
[31m│[0m [34m│[0m                   [2;32m│   [0m[32m'timestamp'[0m: [32m'2025-07-03T00:36:41.681885+00:00'[0m, [34m│[0m                       [31m│[0m
[31m│[0m [34m│[0m                   [2;32m│   [0m[32m'exchange'[0m: [32m'test'[0m                               [34m│[0m                       [31m│[0m
[31m│[0m [34m│[0m                   [1m}[0m                                                    [34m│[0m                       [31m│[0m
[31m│[0m [34m│[0m          [3;33mstrict[0m[31m =[0m [3;35mNone[0m                                                 [34m│[0m                       [31m│[0m
[31m│[0m [34m╰────────────────────────────────────────────────────────────────────────╯[0m                       [31m│[0m
[31m╰──────────────────────────────────────────────────────────────────────────────────────────────────╯[0m
[1;91mValidationError: [0m[1;36m1[0m validation error for MockBalance
quantity
  Input should be greater than or equal to [1;36m0[0m [1m[[0m[33mtype[0m=[35mgreater_than_equal[0m, [33minput_value[0m=[32m'-190'[0m,
[33minput_type[0m=[35mstr[0m[1m][0m
    For further information visit [4;94mhttps://errors.pydantic.dev/2.11/v/greater_than_equal[0m

____________ TestSecureTransformSecurity.test_error_message_safety _____________
cyberdelta/utils/secure_transformation.py:202: in secure_transform
    result = model_class.model_validate(data)
E   pydantic_core._pydantic_core.ValidationError: 1 validation error for MockBalance
E   quantity
E     Input should be greater than or equal to 0 [type=greater_than_equal, input_value='-100', input_type=str]
E       For further information visit https://errors.pydantic.dev/2.11/v/greater_than_equal

The above exception was the direct cause of the following exception:
tests/unit/utils/test_secure_transformation_security.py:446: in test_error_message_safety
    secure_transform(
cyberdelta/utils/secure_transformation.py:233: in secure_transform
    raise SecurityValidationError(
E   cyberdelta.utils.secure_transformation.SecurityValidationError: Security validation failed for MockBalance in sensitive_test: 1 validation errors
----------------------------- Captured stdout call -----------------------------
2025-07-03 00:36:42 [error    ] security_validation_failed     action=potential_attack_detected context=sensitive_test error_count=1 message='SECURITY ALERT: Validation failed - context=sensitive_test, model=MockBalance, source=backpack' model_class=MockBalance source_exchange=backpack validation_errors=[{'type': 'greater_than_equal', 'loc': ('quantity',), 'msg': 'Input should be greater than or equal to 0', 'input': '-100', 'ctx': {'ge': Decimal('0')}, 'url': 'https://errors.pydantic.dev/2.11/v/greater_than_equal'}]
[31m╭─[0m[31m──────────────────────────────[0m[31m [0m[1;31mTraceback [0m[1;2;31m(most recent call last)[0m[31m [0m[31m───────────────────────────────[0m[31m─╮[0m
[31m│[0m [2m/workspaces/CyberDeltaEngine/worktrees/integration-unit-tests/cyberdelta/utils/[0m[1msecure_transforma[0m [31m│[0m
[31m│[0m [1mtion.py[0m:202 in secure_transform                                                                  [31m│[0m
[31m│[0m                                                                                                  [31m│[0m
[31m│[0m   [2m199 [0m[2m│   │   [0m_validation_aggregator.record_attempt(context, model_class.[91m__name__[0m, source_exch   [31m│[0m
[31m│[0m   [2m200 [0m[2m│   │   [0m                                                                                   [31m│[0m
[31m│[0m   [2m201 [0m[2m│   │   [0m[2m# Enforce Pydantic validation - this is the critical security step[0m                 [31m│[0m
[31m│[0m [31m❱ [0m202 [2m│   │   [0mresult = model_class.model_validate(data)                                          [31m│[0m
[31m│[0m   [2m203 [0m[2m│   │   [0m                                                                                   [31m│[0m
[31m│[0m   [2m204 [0m[2m│   │   [0m[2m# Record success for aggregation[0m                                                   [31m│[0m
[31m│[0m   [2m205 [0m[2m│   │   [0m_validation_aggregator.record_success()                                            [31m│[0m
[31m│[0m                                                                                                  [31m│[0m
[31m│[0m [34m╭─[0m[34m──────────────────────────────────────────[0m[34m locals [0m[34m──────────────────────────────────────────[0m[34m─╮[0m [31m│[0m
[31m│[0m [34m│[0m         [3;33mcontext[0m[31m =[0m [32m'sensitive_test'[0m                                                           [34m│[0m [31m│[0m
[31m│[0m [34m│[0m            [3;33mdata[0m[31m =[0m [1m{[0m                                                                          [34m│[0m [31m│[0m
[31m│[0m [34m│[0m                   [2;32m│   [0m[32m'asset'[0m: [32m'BTC'[0m,                                                        [34m│[0m [31m│[0m
[31m│[0m [34m│[0m                   [2;32m│   [0m[32m'quantity'[0m: [32m'-100'[0m,                                                    [34m│[0m [31m│[0m
[31m│[0m [34m│[0m                   [2;32m│   [0m[32m'timestamp'[0m: [32m'2025-07-03T00:36:42.899058+00:00'[0m,                       [34m│[0m [31m│[0m
[31m│[0m [34m│[0m                   [2;32m│   [0m[32m'exchange'[0m: [32m'backpack'[0m,                                                [34m│[0m [31m│[0m
[31m│[0m [34m│[0m                   [2;32m│   [0m[32m'api_key'[0m: [32m'secret_key_12345'[0m,                                         [34m│[0m [31m│[0m
[31m│[0m [34m│[0m                   [2;32m│   [0m[32m'user_id'[0m: [32m'user_123'[0m                                                  [34m│[0m [31m│[0m
[31m│[0m [34m│[0m                   [1m}[0m                                                                          [34m│[0m [31m│[0m
[31m│[0m [34m│[0m               [3;33me[0m[31m =[0m [1;36m1[0m validation error for MockBalance                                         [34m│[0m [31m│[0m
[31m│[0m [34m│[0m                   quantity                                                                   [34m│[0m [31m│[0m
[31m│[0m [34m│[0m                   [2;32m  [0mInput should be greater than or equal to [1;36m0[0m [1m[[0m[33mtype[0m=[35mgreater_than_equal[0m,     [34m│[0m [31m│[0m
[31m│[0m [34m│[0m                   [33minput_value[0m=[32m'-100'[0m, [33minput_type[0m=[35mstr[0m[1m][0m                                        [34m│[0m [31m│[0m
[31m│[0m [34m│[0m                   [2;32m│   [0mFor further information visit                                          [34m│[0m [31m│[0m
[31m│[0m [34m│[0m                   [4;94mhttps://errors.pydantic.dev/2.11/v/greater_than_equal[0m                      [34m│[0m [31m│[0m
[31m│[0m [34m│[0m [3;33msource_exchange[0m[31m =[0m [32m'backpack'[0m                                                                 [34m│[0m [31m│[0m
[31m│[0m [34m╰──────────────────────────────────────────────────────────────────────────────────────────────╯[0m [31m│[0m
[31m│[0m                                                                                                  [31m│[0m
[31m│[0m [2m/workspaces/CyberDeltaEngine/worktrees/integration-unit-tests/.venv/lib/python3.13/site-packages[0m [31m│[0m
[31m│[0m [2m/pydantic/[0m[1mmain.py[0m:703 in model_validate                                                          [31m│[0m
[31m│[0m                                                                                                  [31m│[0m
[31m│[0m   [2m 700 [0m[2m│   │   │   │   [0mcode=[33m'[0m[33mvalidate-by-alias-and-name-false[0m[33m'[0m,                                  [31m│[0m
[31m│[0m   [2m 701 [0m[2m│   │   │   [0m)                                                                             [31m│[0m
[31m│[0m   [2m 702 [0m[2m│   │   [0m                                                                                  [31m│[0m
[31m│[0m [31m❱ [0m 703 [2m│   │   [0m[94mreturn[0m [1;4;96mcls[0m[1;4m.__pydantic_validator__.validate_python([0m                                [31m│[0m
[31m│[0m   [2m 704 [0m[2m│   │   │   [0m[1;4mobj, strict=strict, from_attributes=from_attributes, context=context, by_ali[0m  [31m│[0m
[31m│[0m   [2m 705 [0m[2m│   │   [0m[1;4m)[0m                                                                                 [31m│[0m
[31m│[0m   [2m 706 [0m                                                                                          [31m│[0m
[31m│[0m                                                                                                  [31m│[0m
[31m│[0m [34m╭─[0m[34m───────────────────────────────[0m[34m locals [0m[34m───────────────────────────────[0m[34m─╮[0m                       [31m│[0m
[31m│[0m [34m│[0m        [3;33mby_alias[0m[31m =[0m [3;35mNone[0m                                                 [34m│[0m                       [31m│[0m
[31m│[0m [34m│[0m         [3;33mby_name[0m[31m =[0m [3;35mNone[0m                                                 [34m│[0m                       [31m│[0m
[31m│[0m [34m│[0m         [3;33mcontext[0m[31m =[0m [3;35mNone[0m                                                 [34m│[0m                       [31m│[0m
[31m│[0m [34m│[0m [3;33mfrom_attributes[0m[31m =[0m [3;35mNone[0m                                                 [34m│[0m                       [31m│[0m
[31m│[0m [34m│[0m             [3;33mobj[0m[31m =[0m [1m{[0m                                                    [34m│[0m                       [31m│[0m
[31m│[0m [34m│[0m                   [2;32m│   [0m[32m'asset'[0m: [32m'BTC'[0m,                                  [34m│[0m                       [31m│[0m
[31m│[0m [34m│[0m                   [2;32m│   [0m[32m'quantity'[0m: [32m'-100'[0m,                              [34m│[0m                       [31m│[0m
[31m│[0m [34m│[0m                   [2;32m│   [0m[32m'timestamp'[0m: [32m'2025-07-03T00:36:42.899058+00:00'[0m, [34m│[0m                       [31m│[0m
[31m│[0m [34m│[0m                   [2;32m│   [0m[32m'exchange'[0m: [32m'backpack'[0m,                          [34m│[0m                       [31m│[0m
[31m│[0m [34m│[0m                   [2;32m│   [0m[32m'api_key'[0m: [32m'secret_key_12345'[0m,                   [34m│[0m                       [31m│[0m
[31m│[0m [34m│[0m                   [2;32m│   [0m[32m'user_id'[0m: [32m'user_123'[0m                            [34m│[0m                       [31m│[0m
[31m│[0m [34m│[0m                   [1m}[0m                                                    [34m│[0m                       [31m│[0m
[31m│[0m [34m│[0m          [3;33mstrict[0m[31m =[0m [3;35mNone[0m                                                 [34m│[0m                       [31m│[0m
[31m│[0m [34m╰────────────────────────────────────────────────────────────────────────╯[0m                       [31m│[0m
[31m╰──────────────────────────────────────────────────────────────────────────────────────────────────╯[0m
[1;91mValidationError: [0m[1;36m1[0m validation error for MockBalance
quantity
  Input should be greater than or equal to [1;36m0[0m [1m[[0m[33mtype[0m=[35mgreater_than_equal[0m, [33minput_value[0m=[32m'-100'[0m,
[33minput_type[0m=[35mstr[0m[1m][0m
    For further information visit [4;94mhttps://errors.pydantic.dev/2.11/v/greater_than_equal[0m

=============================== warnings summary ===============================
tests/unit/apis/connectivity/test_ws_manager_pydantic.py:18
  /workspaces/CyberDeltaEngine/worktrees/integration-unit-tests/tests/unit/apis/connectivity/test_ws_manager_pydantic.py:18: PytestCollectionWarning: cannot collect test class 'TestableWebSocketManager' because it has a __init__ constructor (from: tests/unit/apis/connectivity/test_ws_manager_pydantic.py)
    class TestableWebSocketManager(WebSocketManager):

tests/unit/utils/test_secure_transformation_security.py::TestSecureTransformSecurity::test_concurrent_transformation_safety
  /workspaces/CyberDeltaEngine/worktrees/integration-unit-tests/.venv/lib/python3.13/site-packages/_pytest/threadexception.py:82: PytestUnhandledThreadExceptionWarning:

  Exception in thread Thread-30 (transform_concurrently)

  Traceback (most recent call last):
    File "/workspaces/CyberDeltaEngine/worktrees/integration-unit-tests/cyberdelta/utils/secure_transformation.py", line 202, in secure_transform
      result = model_class.model_validate(data)
    File "/workspaces/CyberDeltaEngine/worktrees/integration-unit-tests/.venv/lib/python3.13/site-packages/pydantic/main.py", line 703, in model_validate
      return cls.__pydantic_validator__.validate_python(
             ~~~~~~~~~~~~~~~~~~~~~~~~~~~~~~~~~~~~~~~~~~^
          obj, strict=strict, from_attributes=from_attributes, context=context, by_alias=by_alias, by_name=by_name
          ^^^^^^^^^^^^^^^^^^^^^^^^^^^^^^^^^^^^^^^^^^^^^^^^^^^^^^^^^^^^^^^^^^^^^^^^^^^^^^^^^^^^^^^^^^^^^^^^^^^^^^^^
      )
      ^
  pydantic_core._pydantic_core.ValidationError: 1 validation error for MockBalance
  quantity
    Input should be greater than or equal to 0 [type=greater_than_equal, input_value='-190', input_type=str]
      For further information visit https://errors.pydantic.dev/2.11/v/greater_than_equal

  The above exception was the direct cause of the following exception:

  Traceback (most recent call last):
    File "/usr/local/lib/python3.13/threading.py", line 1043, in _bootstrap_inner
      self.run()
      ~~~~~~~~^^
    File "/usr/local/lib/python3.13/threading.py", line 994, in run
      self._target(*self._args, **self._kwargs)
      ~~~~~~~~~~~~^^^^^^^^^^^^^^^^^^^^^^^^^^^^^
    File "/workspaces/CyberDeltaEngine/worktrees/integration-unit-tests/tests/unit/utils/test_secure_transformation_security.py", line 360, in transform_concurrently
      result = secure_transform(
          data=data,
      ...<2 lines>...
          source_exchange="test",
      )
    File "/workspaces/CyberDeltaEngine/worktrees/integration-unit-tests/cyberdelta/utils/secure_transformation.py", line 233, in secure_transform
      raise SecurityValidationError(
      ...<4 lines>...
      ) from e
  cyberdelta.utils.secure_transformation.SecurityValidationError: Security validation failed for MockBalance in thread_Thread-30 (transform_concurrently): 1 validation errors

-- Docs: https://docs.pytest.org/en/stable/how-to/capture-warnings.html
================================ tests coverage ================================
_______________ coverage: platform linux, python 3.13.5-final-0 ________________

Name                                                                    Stmts   Miss  Cover   Missing
-----------------------------------------------------------------------------------------------------
cyberdelta/__init__.py                                                      1      0   100%
cyberdelta/apis/__init__.py                                                 4      0   100%
cyberdelta/apis/backpack/__init__.py                                        6      0   100%
cyberdelta/apis/backpack/bp_api.py                                        168     28    83%   168-171, 177, 213, 224, 236, 269-295, 304, 308, 499, 667, 699-707, 711-717, 757, 781
cyberdelta/apis/backpack/bp_api_components_factory.py                      60      9    85%   64, 83-91, 104-123
cyberdelta/apis/backpack/bp_api_errors.py                                  33      0   100%
cyberdelta/apis/backpack/bp_auth.py                                       114     18    84%   160-161, 168-178, 198, 351-362, 409-416
cyberdelta/apis/backpack/bp_error_mapper.py                               121     16    87%   108, 202, 204, 207-210, 279, 325-332, 358, 360, 362, 419, 433
cyberdelta/apis/backpack/bp_rate_limit_strategy.py                         12      0   100%
cyberdelta/apis/backpack/bp_request_builder.py                            261     72    72%   86-91, 99-101, 231, 269, 271, 282, 284, 286, 297, 299, 301, 468, 525-528, 638, 640, 871-874, 897-902, 925-938, 969-986, 1012-1023, 1037-1041, 1054-1057, 1076-1085, 1101, 1119, 1136-1139, 1163
cyberdelta/apis/backpack/bp_response_handler.py                           327    101    69%   75-79, 319, 338-347, 366-378, 450, 464, 596-605, 705-727, 773-801, 888-936, 954-1002, 1016-1026, 1046-1070, 1086-1095, 1119-1128, 1151-1160, 1182-1191
cyberdelta/apis/backpack/bp_ws_message_router.py                          110      8    93%   101, 115, 129-131, 282-294
cyberdelta/apis/backpack/bp_ws_raw_message_handler.py                      36      1    97%   95
cyberdelta/apis/backpack/mappers/__init__.py                                4      0   100%
cyberdelta/apis/backpack/mappers/bp_account_data_mapper.py                473     87    82%   108, 204, 229, 246, 257-264, 282-293, 303, 311-318, 329-343, 362, 792-799, 829-961, 1020-1026, 1141-1150, 1196-1197, 1213, 1237-1248, 1258, 1283, 1291, 1311-1313, 1411-1412, 1499, 1666-1694
cyberdelta/apis/backpack/mappers/bp_market_data_mapper.py                 255     42    84%   93-99, 169-170, 407, 415, 449-461, 540-581, 604, 622, 640, 676, 780-781, 897, 971, 1023
cyberdelta/apis/backpack/mappers/bp_trading_data_mapper.py                157     34    78%   126-129, 133, 135, 288, 356-364, 579-665
cyberdelta/apis/backpack/models/__init__.py                                13      0   100%
cyberdelta/apis/backpack/models/bp_common_raw_types.py                    617    104    83%   108, 119, 139-148, 176, 216, 225, 271, 380, 418, 437-441, 455-458, 467-468, 482-491, 502-503, 525, 533, 548, 570, 607, 624, 636-642, 654-655, 669-685, 701-702, 720, 754, 756, 758, 887-903, 916-920, 1089, 1208, 1257-1259, 1314-1323, 1372-1395, 1458, 1476, 1491, 1520-1523, 1582, 1595, 1620, 1633, 1651, 1665, 1711, 1760, 1810, 1861, 1898, 1909, 1935, 1946, 1972, 1983, 1991
cyberdelta/apis/backpack/models/bp_raw_account.py                          39      0   100%
cyberdelta/apis/backpack/models/bp_raw_account_summary.py                  18      0   100%
cyberdelta/apis/backpack/models/bp_raw_api_request_payloads.py             97      0   100%
cyberdelta/apis/backpack/models/bp_raw_collateral.py                       37      1    97%   91
cyberdelta/apis/backpack/models/bp_raw_error.py                             6      0   100%
cyberdelta/apis/backpack/models/bp_raw_fills.py                            27      2    93%   108, 112
cyberdelta/apis/backpack/models/bp_raw_funding.py                          19      0   100%
cyberdelta/apis/backpack/models/bp_raw_kline.py                            29      1    97%   104
cyberdelta/apis/backpack/models/bp_raw_limits.py                           23      0   100%
cyberdelta/apis/backpack/models/bp_raw_margin_functions.py                 24      0   100%
cyberdelta/apis/backpack/models/bp_raw_market.py                          100      1    99%   195
cyberdelta/apis/backpack/models/bp_raw_order.py                            72      1    99%   294
cyberdelta/apis/backpack/models/bp_raw_position.py                         40      0   100%
cyberdelta/apis/backpack/models/bp_raw_query_params.py                     85      0   100%
cyberdelta/apis/backpack/models/bp_raw_trade.py                            33      0   100%
cyberdelta/apis/backpack/models/bp_raw_transfer.py                         39      0   100%
cyberdelta/apis/backpack/models/bp_raw_withdrawal.py                       40      0   100%
cyberdelta/apis/backpack/models/bp_ws_payloads.py                          14      0   100%
cyberdelta/apis/backpack/services/__init__.py                               4      0   100%
cyberdelta/apis/backpack/services/bp_account_service.py                   596    212    64%   72, 256-263, 327, 334-340, 408-409, 425-426, 446-467, 483-530, 552-656, 691-697, 745-746, 774, 783, 824-836, 853-891, 922, 938-943, 954-974, 1017-1023, 1044-1073, 1092, 1126-1173, 1254-1308, 1325-1380, 1400-1453, 1459, 1466, 1567-1573, 1581-1587, 1599, 1613-1619, 1644, 1654, 1677, 1692, 1771-1777, 1801, 1815-1821, 1846, 1922, 1939-1990, 2065-2066, 2092-2098, 2120-2129, 2176, 2195-2252
cyberdelta/apis/backpack/services/bp_market_data_service.py               461     92    80%   238-245, 268-275, 339-397, 480-487, 510-517, 622-628, 655-662, 685-692, 741, 759, 764, 814, 865-869, 873-892, 902-952, 966-989, 1031, 1051, 1080, 1087, 1092, 1098, 1194-1195, 1256, 1276, 1303-1319, 1425-1426, 1461, 1555-1562, 1674-1680, 1702-1708
cyberdelta/apis/backpack/services/bp_trading_service.py                   335     96    71%   107-108, 142, 163-170, 202, 213-214, 226-227, 233, 306, 369, 392-399, 429, 437, 452, 497, 543, 593-600, 626-638, 677, 699, 727, 749, 751, 769, 828-834, 848-855, 920-977, 988, 1005-1039, 1053, 1058, 1073, 1117-1124, 1172-1173, 1203-1210, 1237-1295
cyberdelta/apis/base/__init__.py                                            8      0   100%
cyberdelta/apis/base/authenticator_interface.py                            13      0   100%
cyberdelta/apis/base/exchange_api.py                                      346    137    60%   63, 173, 204-212, 221, 249-256, 264, 281-285, 295, 297, 308-309, 314, 325-329, 332-340, 372, 374, 376, 390-406, 453-488, 496-500, 516-525, 538-553, 561-585, 595-607, 622-635, 662, 674-689, 717, 734, 755, 771-772, 793, 813, 817-824, 828-883, 900, 907, 912, 917, 938, 949, 967, 985, 992, 997, 1002, 1020, 1041, 1046, 1063, 1090, 1119, 1124, 1135, 1145, 1162, 1179, 1185-1193, 1201-1212, 1216-1219, 1230-1242, 1261, 1281, 1299
cyberdelta/apis/base/payload_serialization_strategy.py                      8      2    75%   30, 50
cyberdelta/apis/base/rate_limit_models.py                                  10      0   100%
cyberdelta/apis/base/rate_limit_strategy_interface.py                       9      0   100%
cyberdelta/apis/base/simple_rate_limit_strategy.py                         19      5    74%   66-83
cyberdelta/apis/common/__init__.py                                          7      0   100%
cyberdelta/apis/common/api_error.py                                        47      5    89%   75, 104-120
cyberdelta/apis/common/api_error_codes.py                                  33      0   100%
cyberdelta/apis/common/api_error_response.py                               31      4    87%   76, 81-83
cyberdelta/apis/common/error_mapper_interface.py                            8      0   100%
cyberdelta/apis/common/types.py                                             4      0   100%
cyberdelta/apis/connectivity/__init__.py                                    5      0   100%
cyberdelta/apis/connectivity/connectivity_models.py                        30      0   100%
cyberdelta/apis/connectivity/http_client.py                               211      7    97%   316, 346, 624, 736-737, 823, 831
cyberdelta/apis/connectivity/ws_manager.py                                404     84    79%   33, 182-207, 225, 233-238, 241-246, 435-446, 490, 537-543, 568, 610-618, 646, 648-649, 651-652, 676, 685-688, 697, 722, 755-757, 779-780, 804-822, 834-841, 852-857, 866-889, 905-936, 974, 1006-1011, 1013-1024, 1073-1080, 1149-1161, 1227-1235
cyberdelta/apis/decorators/__init__.py                                      4      4     0%   28-55
cyberdelta/apis/decorators/rate_limiting_decorators.py                    117    117     0%   7-285
cyberdelta/apis/decorators/security_decorators.py                         253    253     0%   7-695
cyberdelta/apis/decorators/typed_responses.py                             166    166     0%   7-504
cyberdelta/apis/exceptions/__init__.py                                     14      0   100%
cyberdelta/apis/exceptions/authentication.py                               34      9    74%   87-90, 110-112, 155-159
cyberdelta/apis/exceptions/configuration.py                                25     12    52%   20-25, 47-50, 98-104
cyberdelta/apis/exceptions/connectivity.py                                 29     17    41%   47-52, 74-80, 98-106
cyberdelta/apis/exceptions/data_transformation.py                         154     26    83%   29, 71, 92, 167-176, 198-208, 269, 344, 385-390, 432, 471-474
cyberdelta/apis/exceptions/field_validation.py                             30      8    73%   45, 90-97
cyberdelta/apis/exceptions/market_data_service.py                          62     17    73%   99-104, 120, 136-140, 156, 178-185, 204, 237-238
cyberdelta/apis/exceptions/parsing.py                                      72     14    81%   59, 84-85, 104, 132-133, 164, 264-265, 283-284, 306, 346, 352
cyberdelta/apis/exceptions/request_validation.py                           41     16    61%   29-33, 66, 68, 72, 109-116, 174-176, 206-212
cyberdelta/apis/exceptions/response_validation.py                          24      9    62%   66-73, 101-105, 125
cyberdelta/apis/exceptions/security.py                                     47     33    30%   26-29, 48-53, 72-76, 97-109, 124-126, 143-147
cyberdelta/apis/exceptions/service.py                                      23     19    17%   39-60
cyberdelta/apis/exceptions/trading.py                                      37     17    54%   39-41, 164-183
cyberdelta/apis/exceptions/trading_transformation.py                       31      2    94%   50, 52
cyberdelta/apis/exceptions/websocket.py                                    34      3    91%   120-123
cyberdelta/apis/hyperliquid/__init__.py                                     2      0   100%
cyberdelta/apis/hyperliquid/hl_api.py                                     197     59    70%   149-179, 189, 253, 350-405, 417, 430, 458, 467, 471, 475, 479, 483, 499, 503, 507, 511, 515, 519, 523, 535, 539, 543, 582, 617, 621, 625, 629, 633, 642, 650-656, 660, 664, 695, 756-765, 769-777, 786
cyberdelta/apis/hyperliquid/hl_api_components_factory.py                   76     18    76%   75, 97-107, 120-145, 155-169
cyberdelta/apis/hyperliquid/hl_api_error.py                                19      0   100%
cyberdelta/apis/hyperliquid/hl_asset_indexer.py                            82     10    88%   169-181, 232-247
cyberdelta/apis/hyperliquid/hl_auth.py                                    326     63    81%   69, 74, 79, 208-215, 312-314, 379, 478, 502-520, 524-544, 549-550, 596-598, 612-620, 653, 660, 672-680, 705, 720-723, 768-776, 797, 883-891, 924, 964, 970, 1008-1016, 1033-1039, 1050-1058
cyberdelta/apis/hyperliquid/hl_errors_mapper.py                           206     37    82%   62, 102, 104, 109, 111, 118, 120, 134, 136, 140, 156, 158, 161, 200, 208, 220, 250, 256-265, 413, 435-436, 443-444, 452-457, 516, 518-521
cyberdelta/apis/hyperliquid/hl_payload_serialization_strategy.py            7      3    57%   31-40
cyberdelta/apis/hyperliquid/hl_rate_limit_strategy.py                      53      8    85%   45, 47, 50, 58, 79, 165, 186-192
cyberdelta/apis/hyperliquid/hl_request_builder.py                         171     24    86%   116, 119, 126, 137-138, 145, 158, 170-171, 197, 229, 243, 259, 405, 422, 428, 444, 579, 601, 620, 639-643, 765
cyberdelta/apis/hyperliquid/hl_request_weighter.py                         52      0   100%
cyberdelta/apis/hyperliquid/hl_response_handler.py                        155     28    82%   232-240, 355-365, 378-396, 481-490, 498-507, 535-541
cyberdelta/apis/hyperliquid/hl_ws_message_router.py                       234     28    88%   117-119, 170, 248, 352, 374-377, 454-455, 500-508, 520-529, 567-568, 597-598, 627-628, 645-654, 676-688, 698-713
cyberdelta/apis/hyperliquid/hl_ws_raw_message_handler.py                   48      2    96%   281-288
cyberdelta/apis/hyperliquid/mappers/__init__.py                             4      0   100%
cyberdelta/apis/hyperliquid/mappers/hl_account_data_mapper.py             342    128    63%   86, 113-121, 148-158, 174, 194, 196, 250, 311-321, 345, 355, 357, 364, 373, 379, 385, 427-428, 535, 538, 566, 568, 571, 594, 596, 599, 618, 640-647, 802-873, 899, 901, 904, 936, 986-987, 1009-1059, 1081-1083, 1105-1211, 1234-1250, 1277-1306
cyberdelta/apis/hyperliquid/mappers/hl_market_data_mapper.py              341    137    60%   96, 116, 118, 120, 146, 153, 174-176, 240, 290, 307-318, 348, 361-365, 391, 393, 446, 540-541, 587-594, 613-617, 635-678, 705-728, 742-757, 770-823, 834-847, 861-872, 893-943, 965-1005, 1138, 1228-1229, 1271-1300
cyberdelta/apis/hyperliquid/mappers/hl_trading_data_mapper.py             299     57    81%   152, 175-179, 214-233, 300-310, 353-364, 410, 477-485, 510-590, 665, 669-676, 940, 953, 1000-1007, 1087
cyberdelta/apis/hyperliquid/models/__init__.py                              5      0   100%
cyberdelta/apis/hyperliquid/models/hl_common_raw_types.py                 263     33    87%   96, 218, 347, 396-426, 436-446, 683-684, 722, 730-731, 813-814, 846-847, 1031, 1039, 1063
cyberdelta/apis/hyperliquid/models/hl_eip712_models.py                     15      0   100%
cyberdelta/apis/hyperliquid/models/hl_processed_exchange_responses.py      12      0   100%
cyberdelta/apis/hyperliquid/models/hl_raw_all_mids.py                      22      1    95%   72
cyberdelta/apis/hyperliquid/models/hl_raw_api_error.py                      5      0   100%
cyberdelta/apis/hyperliquid/models/hl_raw_api_request_payloads.py          31      0   100%
cyberdelta/apis/hyperliquid/models/hl_raw_builder_fee.py                    4      0   100%
cyberdelta/apis/hyperliquid/models/hl_raw_candles.py                       42      2    95%   109, 126
cyberdelta/apis/hyperliquid/models/hl_raw_exchange_actions.py              33      0   100%
cyberdelta/apis/hyperliquid/models/hl_raw_exchange_response.py             47      3    94%   159, 162, 168
cyberdelta/apis/hyperliquid/models/hl_raw_fill.py                          20      0   100%
cyberdelta/apis/hyperliquid/models/hl_raw_frontend_orders.py               17      0   100%
cyberdelta/apis/hyperliquid/models/hl_raw_funding_history_info.py          35      0   100%
cyberdelta/apis/hyperliquid/models/hl_raw_historical_order.py             121      8    93%   156, 212, 229-231, 243-246
cyberdelta/apis/hyperliquid/models/hl_raw_meta_and_asset_ctxs.py          111      8    93%   211, 238, 241, 258, 261, 273-275
cyberdelta/apis/hyperliquid/models/hl_raw_open_orders.py                  107     13    88%   226, 299-302, 309-325
cyberdelta/apis/hyperliquid/models/hl_raw_order.py                         33      2    94%   77-80
cyberdelta/apis/hyperliquid/models/hl_raw_order_status.py                   9      0   100%
cyberdelta/apis/hyperliquid/models/hl_raw_orderbook.py                     49      7    86%   65, 117-121, 175, 181
cyberdelta/apis/hyperliquid/models/hl_raw_portfolio.py                     60      3    95%   74, 97, 167
cyberdelta/apis/hyperliquid/models/hl_raw_public_trades.py                 40      0   100%
cyberdelta/apis/hyperliquid/models/hl_raw_referral.py                      45      0   100%
cyberdelta/apis/hyperliquid/models/hl_raw_staking.py                       81      5    94%   88, 171, 182, 234, 245
cyberdelta/apis/hyperliquid/models/hl_raw_subaccounts.py                   14      0   100%
cyberdelta/apis/hyperliquid/models/hl_raw_transfer_withdrawal.py           15      0   100%
cyberdelta/apis/hyperliquid/models/hl_raw_user_fills.py                    43      0   100%
cyberdelta/apis/hyperliquid/models/hl_raw_user_role.py                     10      0   100%
cyberdelta/apis/hyperliquid/models/hl_raw_user_state.py                    46      0   100%
cyberdelta/apis/hyperliquid/models/hl_raw_user_vault_equity.py              6      0   100%
cyberdelta/apis/hyperliquid/models/hl_raw_vault_details.py                 56      1    98%   132
cyberdelta/apis/hyperliquid/models/hl_raw_ws_events.py                     86     17    80%   120, 125, 134-152, 194, 208, 214, 271
cyberdelta/apis/hyperliquid/models/hl_ws_payloads.py                       27      0   100%
cyberdelta/apis/hyperliquid/models/signing_validators.py                   65     34    48%   51, 72-75, 79, 83-93, 97-104, 108-117, 130-136, 156
cyberdelta/apis/hyperliquid/services/__init__.py                            3      0   100%
cyberdelta/apis/hyperliquid/services/hl_account_service.py                465    197    58%   93, 212, 221, 240-271, 310-363, 380, 403-414, 463-470, 486-493, 506-518, 532-539, 580-587, 595-602, 622-630, 653, 670, 677, 685-701, 717, 733, 797, 837-843, 885-892, 908-915, 950-957, 1028, 1070, 1082, 1117-1119, 1127-1133, 1144-1157, 1198-1223, 1231-1298, 1312-1378, 1396-1401, 1409-1436, 1454-1567, 1593, 1603, 1611, 1630-1637
cyberdelta/apis/hyperliquid/services/hl_market_data_service.py            547    210    62%   259-266, 288-307, 378-383, 404-412, 470-495, 597-646, 711-717, 719-725, 728-736, 762-763, 776-781, 789-794, 802-810, 873-920, 943-966, 982-983, 993-994, 997-998, 1000-1001, 1097-1109, 1126-1138, 1153-1159, 1172-1184, 1239-1245, 1247-1253, 1256-1264, 1287-1294, 1297-1298, 1300-1301, 1303-1304, 1394-1400, 1416-1422, 1456-1462, 1472-1476, 1484-1486, 1495-1530, 1539-1544, 1559-1564, 1574-1579, 1592-1597, 1689, 1704-1709, 1725-1730, 1763-1768, 1824-1830, 1870-1876, 1903-1980
cyberdelta/apis/hyperliquid/services/hl_trading_service.py                730    341    53%   145-148, 157-158, 180-186, 232-240, 248-256, 269-292, 328-337, 362-371, 382-386, 422-431, 449-453, 508, 522-531, 572, 584-589, 597-602, 617-633, 670-671, 692-696, 701-705, 713, 717-733, 750, 757, 785, 809, 828-832, 836-840, 844-847, 854-857, 875-879, 895-899, 914-920, 932-949, 967-973, 986-1002, 1017-1026, 1045-1048, 1055, 1070-1074, 1101-1105, 1110-1119, 1144-1183, 1200-1225, 1253-1257, 1271-1297, 1305-1315, 1331-1355, 1369-1392, 1401-1403, 1462, 1468, 1495-1535, 1591-1592, 1621-1622, 1642-1691, 1752, 1763-1769, 1772-1776, 1801, 1814, 1818-1819, 1859-1860, 1869, 1959-1965, 1992-2031, 2085-2088, 2115, 2120-2127, 2135-2140, 2168-2178, 2193-2197, 2209-2220, 2234, 2252-2282, 2300-2305, 2326-2336, 2361-2371, 2400-2444, 2461-2507, 2524-2544, 2556-2573
cyberdelta/apis/models/__init__.py                                          6      0   100%
cyberdelta/apis/models/exchange_api_config.py                               8      0   100%
cyberdelta/apis/models/service_args_models.py                             407     45    89%   89, 98, 157, 182, 264, 332, 334-335, 344-346, 352, 392-393, 402-404, 411, 413-414, 423-427, 471, 514, 518, 563, 565-566, 575-577, 596, 628, 698, 706, 708, 716-717, 901, 922-929
cyberdelta/apis/rate_limiter.py                                            52     14    73%   58-79, 111-113
cyberdelta/apis/utils/__init__.py                                           2      0   100%
cyberdelta/apis/utils/response_validation.py                               44      4    91%   169-176, 183-194
cyberdelta/config/__init__.py                                              71     50    30%   30-46, 51-56, 70-141, 146-149, 154-157, 162-165, 170-173
cyberdelta/config/config_manager.py                                        52     38    27%   44-48, 59-126, 138-154, 163-165
cyberdelta/config/logging_config.py                                        76     76     0%   3-201
cyberdelta/config/models/__init__.py                                        4      0   100%
cyberdelta/config/models/config_models.py                                 267     47    82%   93-119, 262, 265, 277-279, 313, 321, 333-339, 350-355, 362-367, 461-463, 486, 515, 534-536, 589-591, 612, 620, 635, 654, 677, 686
cyberdelta/config/models/config_types.py                                   21      5    76%   28-29, 31-32, 38
cyberdelta/config/models/funding_strategy_models.py                        73     16    78%   39-40, 48-49, 57-58, 60-61, 70-71, 78-79, 86-90, 93-97
cyberdelta/config/secrets_manager.py                                       52     23    56%   69-75, 84-108, 123-135, 145-167, 176-178
cyberdelta/config/secrets_models.py                                        63      5    92%   174, 181, 192, 200, 206
cyberdelta/config/structlog_config.py                                      83     38    54%   31-32, 37-51, 56-69, 79-123, 142-179, 230, 234, 238, 264
cyberdelta/core/__init__.py                                                 9      0   100%
cyberdelta/core/balance_monitor.py                                        117     74    37%   60, 85-108, 113-124, 136-211, 231-267, 271, 275, 288-319, 324-345, 356-368
cyberdelta/core/data_handler.py                                           544    473    13%   16, 29, 81-128, 134-165, 172-204, 220-221, 231-293, 307-382, 391-416, 427-451, 466-488, 498-521, 530-534, 546, 555-592, 608-636, 656-681, 697-717, 730-769, 779, 796-837, 854-867, 883-900, 926, 937-945, 949-957, 961-969, 975-986, 990-1007, 1016-1105, 1110, 1120-1153, 1157-1192, 1200-1235, 1240-1251, 1264-1284, 1296, 1308-1361, 1371-1380, 1384-1401, 1405-1421, 1430-1441, 1449-1466, 1470-1481, 1489-1556, 1566-1671, 1682-1683, 1694
cyberdelta/core/data_manager.py                                             0      0   100%
cyberdelta/core/engine.py                                                 211    179    15%   15-16, 33-34, 58-69, 84-99, 118-131, 140-163, 172-194, 210-213, 230-238, 242-250, 254-262, 266-269, 273-290, 302-304, 312-330, 345-452, 465-508, 521-568, 578-579, 598-604
cyberdelta/core/execution/__init__.py                                       0      0   100%
cyberdelta/core/execution/orders/__init__.py                                5      0   100%
cyberdelta/core/execution/orders/market_order.py                           70      6    91%   224, 245-246, 249, 256, 259
cyberdelta/core/execution/orders/market_order_config.py                    38      2    95%   95, 97
cyberdelta/core/execution/orders/market_order_errors.py                    66      6    91%   25, 30, 142, 147, 167, 172
cyberdelta/core/execution/orders/market_order_metrics.py                   83     83     0%   7-305
cyberdelta/core/execution/orders/market_order_service.py                  113     27    76%   201, 219-228, 232-245, 268-305, 332, 372, 375
cyberdelta/core/execution/synchronized_order_submission.py                572    572     0%   7-2041
cyberdelta/core/execution_handler.py                                      572    572     0%   7-2233
cyberdelta/core/models/__init__.py                                         10      0   100%
cyberdelta/core/models/account_settings.py                                 49     16    67%   79-101, 183-188
cyberdelta/core/models/derivative_position.py                             159      9    94%   120, 142, 149, 163, 191, 209, 342, 359, 397
cyberdelta/core/models/enums.py                                           111      2    98%   116, 130
cyberdelta/core/models/margin_account.py                                  116     11    91%   81, 94, 115, 119, 145, 151, 196, 201, 325, 332, 349
cyberdelta/core/models/market/__init__.py                                   9      0   100%
cyberdelta/core/models/market/candle.py                                    57      2    96%   139, 183
cyberdelta/core/models/market/funding_rate.py                              57      0   100%
cyberdelta/core/models/market/market.py                                    55      0   100%
cyberdelta/core/models/market/mid_prices.py                                15      3    80%   38, 46, 57
cyberdelta/core/models/market/order.py                                    202     20    90%   168, 174, 195, 211, 217, 219, 238, 243, 259, 262, 278, 281, 284, 297, 314, 408, 410, 413, 456, 461
cyberdelta/core/models/market/order_book.py                                92     10    89%   191, 257, 264, 283-284, 292-293, 301, 308, 314
cyberdelta/core/models/market/ticker.py                                    63      5    92%   147-164
cyberdelta/core/models/market/trade.py                                    111      3    97%   112, 144, 149
cyberdelta/core/models/operations.py                                       57      0   100%
cyberdelta/core/models/spot_balance.py                                     66      6    91%   64, 69, 124, 137, 157, 160
cyberdelta/core/models/trade_signal.py                                    106     12    89%   109, 115, 154, 167, 194, 197, 226, 228, 231, 261, 263, 295
cyberdelta/core/order_manager.py                                           43     43     0%   17-194
cyberdelta/core/portfolio_tracker.py                                      838    545    35%   41, 191-196, 238, 270-275, 290, 303-308, 317, 358-363, 379, 381, 383, 386-395, 399, 432-437, 440-445, 471-477, 480-486, 515-521, 527, 605, 625-680, 690-712, 720-732, 744-752, 783-793, 816-836, 848-859, 864-881, 891-916, 928-944, 954-972, 981-1016, 1031-1044, 1054-1075, 1084-1116, 1125, 1137-1147, 1165, 1192-1202, 1231, 1238, 1252-1253, 1320-1390, 1394-1412, 1437-1456, 1483-1532, 1545-1589, 1600-1640, 1644-1648, 1660-1683, 1691, 1706-1729, 1741-1763, 1813, 1825-1829, 1847-1857, 1862-1874, 1885-1908, 1913-1924, 1935-1960, 1965-1976, 1987-2012, 2017, 2022-2028, 2044-2063, 2076-2077, 2082-2084, 2094-2096, 2106, 2110-2123, 2128-2129, 2133-2134, 2137-2139, 2146-2156, 2160-2189, 2196-2214, 2223-2241, 2250-2253, 2257-2269, 2278-2288, 2297-2308, 2355-2388, 2423-2439, 2452-2463, 2471-2491, 2502, 2528-2552, 2556-2579, 2583-2596, 2600-2613, 2617-2633, 2642-2671, 2680-2701
cyberdelta/core/portfolio_tracker_async_save.py                            82     82     0%   6-265
cyberdelta/core/risk_manager.py                                           665    276    58%   66, 117, 130, 168, 172, 176, 180, 184, 192, 196, 287-298, 354-363, 377-387, 395-405, 409-421, 424-444, 447-456, 462-470, 493-504, 555, 559, 564, 599-635, 672-687, 694, 708, 740-764, 823, 857, 866, 884-916, 942-1007, 1026-1035, 1117-1123, 1145-1157, 1198, 1247-1254, 1341-1356, 1364-1371, 1388, 1426, 1486-1496, 1567-1577, 1579-1587, 1626-1638, 1648, 1677-1697, 1753-1763, 1771, 1807, 1840-1847, 1853-1862, 1865-1871, 1884-1912, 1919-1934, 1951-1953, 1967-2014, 2020-2039, 2044, 2055-2122, 2127-2129, 2144-2178, 2199-2281, 2302-2352, 2360-2392
cyberdelta/core/services/__init__.py                                        3      0   100%
cyberdelta/core/services/portfolio_orchestrator.py                        156     35    78%   23-24, 223-230, 250-258, 273-280, 300-308, 323-330, 359-367, 383-391, 396-405, 422-429, 438-443, 494-495, 511-516, 546-551, 601-602, 606
cyberdelta/core/services/price_data_service.py                            110      4    96%   20, 220, 289, 296
cyberdelta/core/signal_generator.py                                       310     59    81%   243-254, 262, 267, 277, 351-352, 393, 405-412, 416, 443-469, 474-481, 508-534, 557, 629-639, 643, 659-668, 676-681, 803-812, 819-831, 836, 851, 878-887, 896-907, 911-918, 939, 954-965, 1025, 1087
cyberdelta/core/signal_queue.py                                           476    213    55%   28, 101, 121, 125-132, 137-150, 182, 210-218, 227-230, 309-311, 346, 360, 371-382, 389-398, 411-422, 435-436, 439-440, 456-467, 481-482, 499-501, 585, 607, 631-638, 648, 652-663, 677, 688-697, 701, 723, 726, 750, 765, 797, 804, 812, 821-835, 839-853, 860, 866-880, 891, 897, 909-914, 918-923, 927-932, 936-941, 945-961, 976-1001, 1006-1017, 1022-1029, 1037-1042, 1068-1116, 1134-1146, 1150-1175, 1179-1210, 1223-1257, 1275-1286, 1300-1310, 1318-1323
cyberdelta/core/strategy.py                                                47     25    47%   23, 44-52, 81-88, 92-93, 102-103, 112, 121, 140, 150-151, 167, 183
cyberdelta/core/strategy_manager.py                                       171    171     0%   7-487
cyberdelta/core/symbol_mapper.py                                           73      4    95%   97-103, 166, 182
cyberdelta/core/trade_executor.py                                           2      2     0%   7-10
cyberdelta/enums/__init__.py                                                0      0   100%
cyberdelta/enums/exchange_names.py                                          5      0   100%
cyberdelta/exceptions/__init__.py                                           6      0   100%
cyberdelta/exceptions/base.py                                              87     48    45%   76-80, 93-97, 111-116, 128-131, 143-146, 162-166, 182-185, 202-205, 225-233, 249-257, 269-271, 284-289
cyberdelta/exceptions/configuration.py                                      7      7     0%   7-50
cyberdelta/exceptions/field_validation.py                                 190     30    84%   67-81, 340, 383-392, 481, 529-556, 578, 621, 719-722
cyberdelta/exceptions/funding.py                                           41     20    51%   40-42, 54-55, 69-72, 85-87, 101-104, 112, 124, 140, 156
cyberdelta/exceptions/parsing.py                                           34     10    71%   37-46
cyberdelta/exceptions/reconciliation.py                                    34     24    29%   29-32, 56-68, 90, 126-153
cyberdelta/exceptions/risk.py                                              28     15    46%   22-29, 49, 71-81
cyberdelta/exceptions/service_validation.py                                75     24    68%   77, 81, 84, 86, 237-241, 269, 291-295, 321-325, 348-352, 377-381
cyberdelta/logging/__init__.py                                              0      0   100%
cyberdelta/logging/logging_helpers.py                                      18     18     0%   3-90
cyberdelta/monitoring/__init__.py                                           2      2     0%   7-10
cyberdelta/monitoring/performance_metrics.py                               92     92     0%   3-263
cyberdelta/monitoring/performance_tracker.py                              226    226     0%   7-715
cyberdelta/monitoring/persistence.py                                      167    167     0%   3-409
cyberdelta/strategies/__init__.py                                           0      0   100%
cyberdelta/strategies/factory/__init__.py                                   2      2     0%   3-6
cyberdelta/strategies/factory/strategy_factory.py                          61     61     0%   7-236
cyberdelta/strategies/funding_rate_arbitrage.py                           422    422     0%   14-1440
cyberdelta/utils/__init__.py                                                0      0   100%
cyberdelta/utils/async_state_manager.py                                   176    176     0%   7-471
cyberdelta/utils/constants.py                                              57     57     0%   6-116
cyberdelta/utils/logging_utilities.py                                      89     53    40%   20, 24, 28, 32, 55-58, 81-84, 95-110, 134-137, 154-184, 219, 223-245, 249-250
cyberdelta/utils/parsing.py                                               110     30    73%   103-104, 127, 177-178, 328-350, 381, 387-402
cyberdelta/utils/secure_transformation.py                                 106     17    84%   330-345, 369-405
cyberdelta/utils/serialization.py                                          29     29     0%   7-133
cyberdelta/utils/state_manager.py                                         131    131     0%   7-439
cyberdelta/utils/typing.py                                                 21      1    95%   163
cyberdelta/validation/__init__.py                                          10      2    80%   18-20
cyberdelta/validation/circuit_breaker.py                                  501    429    14%   51-57, 67-96, 110-132, 141-176, 190-201, 231, 261-264, 273-277, 288-315, 327-338, 358-361, 372-397, 408-412, 434-440, 450-461, 469-481, 503-524, 538-586, 606-608, 619-636, 647-650, 666-675, 680-749, 763-764, 781, 798-800, 814-823, 827-863, 871-882, 890-901, 909-953, 963-1005, 1029-1133, 1150-1193, 1207-1210, 1220-1222, 1233-1235, 1247-1281, 1293-1363, 1377-1420, 1429-1457, 1461-1472, 1483-1535, 1545-1584, 1594-1613, 1622-1628, 1637-1641, 1650-1655, 1664-1669
cyberdelta/validation/funding_data.py                                     150     13    91%   28, 71-72, 77, 104, 116, 161-169, 311, 324, 344, 346, 348
cyberdelta/validation/funding_rate_validator.py                           111     79    29%   65-70, 90-103, 136-149, 182-308, 320-341, 361-375, 395-409, 429-454, 474-483, 498
cyberdelta/validation/models/__init__.py                                    2      0   100%
cyberdelta/validation/models/discrepancy_detail.py                         17      0   100%
cyberdelta/validation/multi_tier_funding_provider.py                      274    248     9%   39, 62-159, 186-195, 222-344, 357-401, 414-457, 470-513, 529-596, 620-699, 734-748, 766-800, 804-805, 818-837, 846-870, 874-898
cyberdelta/validation/position_reconciliation.py                          446    384    14%   64-107, 116, 130-204, 243-282, 298-309, 318-331, 342-364, 372-398, 408-434, 451-455, 466-492, 502, 531-543, 562-597, 607-651, 662, 683-684, 693, 697-757, 775-877, 881-901, 925-989, 993, 1010-1037, 1048-1123, 1133-1136, 1157-1172, 1181-1206, 1216-1238, 1248-1269, 1278-1303, 1318-1335, 1344-1382, 1393-1418, 1428-1462, 1472-1509, 1517, 1529, 1539-1572, 1582-1602, 1608-1621, 1625-1639, 1655-1667, 1676-1696, 1706-1725, 1735-1757, 1761
-----------------------------------------------------------------------------------------------------
TOTAL                                                                   24953  10129    59%
Coverage HTML written to dir htmlcov
Coverage XML written to file coverage.xml
FAIL Required test coverage of 90% not reached. Total coverage: 59.41%
=========================== short test summary info ============================
FAILED tests/unit/core/models/market/test_order_book.py::TestOrderBook::test_level_validation_and_parsing
FAILED tests/unit/core/models/market/test_trade.py::test_trade_enrichment_invalid_details
FAILED tests/unit/core/models/test_derivative_position.py::test_derivative_position_invalid_field_inputs[exchange-None-Expected string, got NoneType]
FAILED tests/unit/core/models/test_derivative_position.py::test_derivative_position_invalid_field_inputs[exchange--Field exchange: String cannot be empty]
FAILED tests/unit/core/models/test_derivative_position.py::test_derivative_position_invalid_field_inputs[symbol-None-Expected string, got NoneType]
FAILED tests/unit/core/models/test_derivative_position.py::test_derivative_position_invalid_field_inputs[symbol-   -Field symbol: String cannot be empty]
FAILED tests/unit/core/models/test_derivative_position.py::test_derivative_position_invalid_field_inputs[symbol-SSSSSSSSSSSSSSSSSSSSSSSSSSSSSSSSSSSSSSSSSSSSSSSSSSSSSSSSSSSSSSSSS-String value too long]
FAILED tests/unit/core/models/test_derivative_position.py::test_derivative_position_invalid_field_inputs[size-None-size: Value cannot be None]
FAILED tests/unit/core/models/test_derivative_position.py::test_derivative_position_invalid_field_inputs[size-not-a-number-Cannot convert 'not-a-number' to Decimal]
FAILED tests/unit/core/models/test_derivative_position.py::test_derivative_position_invalid_field_inputs[size-value9-size: Value must be finite]
FAILED tests/unit/core/models/test_derivative_position.py::test_derivative_position_invalid_field_inputs[size-value10-size: Value must be finite]
FAILED tests/unit/core/models/test_derivative_position.py::test_derivative_position_invalid_field_inputs[timestamp-None-timestamp: Value cannot be None]
FAILED tests/unit/core/models/test_derivative_position.py::test_derivative_position_invalid_field_inputs[timestamp-2023-13-01T00:00:00Z-timestamp: Cannot parse string .* as ISO datetime .* or as numeric timestamp]
FAILED tests/unit/core/models/test_derivative_position.py::test_derivative_position_invalid_field_inputs[entry_price-value13-entry_price: Value must be finite if provided]
FAILED tests/unit/core/models/test_derivative_position.py::test_derivative_position_invalid_field_inputs[mark_price-value15-mark_price: Value must be finite if provided]
FAILED tests/unit/core/models/test_derivative_position.py::test_derivative_position_invalid_field_inputs[unrealized_pnl-value17-unrealized_pnl: Value must be finite if provided]
FAILED tests/unit/core/models/test_derivative_position.py::test_derivative_position_invalid_field_inputs[strategy_name-12345-Expected string, got int]
FAILED tests/unit/core/models/test_derivative_position.py::test_derivative_position_invalid_field_inputs[strategy_name-AAAAAAAAAAAAAAAAAAAAAAAAAAAAAAAAAAAAAAAAAAAAAAAAAAAAAAAAAAAAAAAAAAAAAAAAAAAAAAAAAAAAAAAAAAAAAAAAAAAAAAAAAAAAAAAAAAAAAAAAAAAAAAAAA-String value too long]
FAILED tests/unit/core/models/test_derivative_position.py::test_derivative_position_invalid_field_inputs[signal_id-value20-Expected string, got dict]
FAILED tests/unit/core/models/test_derivative_position.py::test_hyperliquid_details_invalid_fields[leverage_type-sideways-Invalid value]
FAILED tests/unit/core/models/test_derivative_position.py::test_hyperliquid_details_invalid_fields[leverage_type-123-Expected string]
FAILED tests/unit/core/models/test_derivative_position.py::test_hyperliquid_details_invalid_fields[leverage_value-abc-Expected int, got str]
FAILED tests/unit/core/models/test_derivative_position.py::test_hyperliquid_details_invalid_fields[margin_used-value6-Value must be finite if provided]
FAILED tests/unit/core/models/test_derivative_position.py::test_backpack_details_invalid_fields[imf_base-value0-Value must be finite if provided]
FAILED tests/unit/core/models/test_derivative_position.py::test_backpack_details_invalid_fields[imf_factor-invalid-Cannot convert 'invalid' to Decimal]
FAILED tests/unit/core/models/test_derivative_position.py::test_backpack_details_invalid_fields[cumulative_funding-value2-Value must be finite if provided]
FAILED tests/unit/core/models/test_margin_account.py::test_margin_summary_invalid_field_inputs[exchange-None-Expected string, got NoneType]
FAILED tests/unit/core/models/test_margin_account.py::test_margin_summary_invalid_field_inputs[exchange- -Field exchange: String cannot be empty]
FAILED tests/unit/core/models/test_margin_account.py::test_margin_summary_invalid_field_inputs[exchange-xxxxxxxxxxxxxxxxxxxxxxxxxxxxxxxxxxxxxxxxxxxxxxxxxxxxxxxxxxxxxxxxx-String value too long]
FAILED tests/unit/core/models/test_margin_account.py::test_margin_summary_invalid_field_inputs[timestamp-not-a-date-timestamp: Cannot parse string .* as ISO datetime .* or as numeric timestamp]
FAILED tests/unit/core/models/test_margin_account.py::test_margin_summary_invalid_field_inputs[total_equity-None-total_equity: Value cannot be None]
FAILED tests/unit/core/models/test_margin_account.py::test_margin_summary_invalid_field_inputs[total_equity-value7-total_equity: Value must be finite]
FAILED tests/unit/core/models/test_margin_account.py::test_margin_summary_invalid_field_inputs[available_equity-invalid-Cannot convert 'invalid' to Decimal]
FAILED tests/unit/core/models/test_margin_account.py::test_margin_summary_invalid_field_inputs[total_maintenance_margin_required-value11-total_maintenance_margin_required: Value must be finite if provided]
FAILED tests/unit/core/models/test_margin_account.py::test_margin_summary_invalid_field_inputs[total_unrealized_pnl-value13-total_unrealized_pnl: Value must be finite if provided]
FAILED tests/unit/core/models/test_margin_account.py::test_hyperliquid_margin_details_invalid_fields[cross_maintenance_margin_used-value1-Value must be finite]
FAILED tests/unit/core/models/test_margin_account.py::test_hyperliquid_margin_details_invalid_fields[isolated_maintenance_margin_used-abc-Cannot convert 'abc' to Decimal]
FAILED tests/unit/core/models/test_margin_account.py::test_hyperliquid_margin_details_invalid_fields[isolated_maintenance_margin_used-None-Value error, isolated_maintenance_margin_used: Value cannot be None]
FAILED tests/unit/core/models/test_margin_account.py::test_backpack_margin_details_invalid_fields[borrow_liability-value1-Value must be finite if provided]
FAILED tests/unit/core/models/test_margin_account.py::test_backpack_margin_details_invalid_fields[liabilities_value-bad-decimal-Cannot convert 'bad-decimal' to Decimal]
FAILED tests/unit/core/models/test_margin_account.py::test_backpack_margin_details_invalid_fields[imf_raw-123-Expected string, got int]
FAILED tests/unit/core/models/test_margin_account.py::test_backpack_margin_details_invalid_fields[mmf_raw-sssssssssssssssssssssssssssssssssssssssssssssssssssssssssssssssssssssssssssssssssssssssssssssssssssssssssssssssssssssssssssssssssssssssssssssssssssssssssssssssssssssssssssssssssssssssssssssssssssssssssssssssssssssssssssssssssssssssssssssssssssssssssssssssss-String value too long]
FAILED tests/unit/core/models/test_spot_balance.py::test_spot_balance_invalid_core_field_values[exchange-None-Expected string, got NoneType]
FAILED tests/unit/core/models/test_spot_balance.py::test_spot_balance_invalid_core_field_values[exchange--Field exchange: String cannot be empty]
FAILED tests/unit/core/models/test_spot_balance.py::test_spot_balance_invalid_core_field_values[asset-None-Expected string, got NoneType]
FAILED tests/unit/core/models/test_spot_balance.py::test_spot_balance_invalid_core_field_values[asset-   -Field asset: String cannot be empty]
FAILED tests/unit/core/models/test_spot_balance.py::test_spot_balance_invalid_core_field_values[asset-AAAAAAAAAAAAAAAAAAAAAAAAAAAAAAAAAAAAAAAAAAAAAAAAAAAAAAAAAAAAAAAAA-String value too long]
FAILED tests/unit/core/models/test_spot_balance.py::test_spot_balance_invalid_core_field_values[timestamp-not-a-datetime-timestamp: Cannot parse string .* as ISO datetime .* or as numeric timestamp]
FAILED tests/unit/core/models/test_spot_balance.py::test_spot_balance_invalid_core_field_values[total_quantity-None-total_quantity: Value cannot be None]
FAILED tests/unit/core/models/test_spot_balance.py::test_spot_balance_invalid_core_field_values[total_quantity-abc-Cannot convert 'abc' to Decimal]
FAILED tests/unit/core/models/test_spot_balance.py::test_spot_balance_invalid_core_field_values[total_quantity-value9-total_quantity: Value must be finite]
FAILED tests/unit/core/models/test_spot_balance.py::test_spot_balance_invalid_core_field_values[available_quantity-None-available_quantity: Value cannot be None]
FAILED tests/unit/core/models/test_spot_balance.py::test_spot_balance_invalid_core_field_values[available_quantity-value12-available_quantity: Value must be finite]
FAILED tests/unit/core/models/test_spot_balance.py::test_bp_details_invalid_field_values[open_order_quantity-value1-Value must be finite if provided]
FAILED tests/unit/core/models/test_spot_balance.py::test_bp_details_invalid_field_values[lend_quantity-invalid-Cannot convert 'invalid' to Decimal]
FAILED tests/unit/core/models/test_spot_balance.py::test_bp_details_invalid_field_values[collateral_weight-value4-Value must be finite if provided]
FAILED tests/unit/core/models/test_trade_signal.py::test_tradesignal_invalid_field_values[symbol--symbol.*String should not be empty]
FAILED tests/unit/core/models/test_trade_signal.py::test_tradesignal_invalid_field_values[source_strategy- -source_strategy.*String should not be empty]
FAILED tests/unit/core/models/test_trade_signal.py::test_tradesignal_invalid_field_values[exchange--exchange.*String should not be empty]
FAILED tests/unit/core/models/test_trade_signal.py::test_tradesignal_invalid_field_values[expiration-not a datetime-expiration.*Cannot parse ISO datetime string]
FAILED tests/unit/core/models/test_trade_signal.py::test_tradesignal_invalid_field_values[expiration-value17-expiration.*Unsupported datetime type]
FAILED tests/unit/core/models/test_trade_signal.py::test_tradesignal_exchange_list_validation
FAILED tests/unit/core/models/test_trade_signal.py::test_tradesignal_mutability
FAILED tests/unit/core/test_signal_queue.py::test_clean_expired_signals_direct_patch
FAILED tests/unit/core/test_signal_queue.py::test_clean_expired_signals_with_helper
FAILED tests/unit/risk/test_rm_controls.py::TestRiskManagerControls::test_portfolio_controls_circuit_breaker_rejection
FAILED tests/unit/risk/test_rm_dependencies.py::TestRiskManagerDependencyFailures::test_size_opportunity_bad_total_capital[bad_capital0]
FAILED tests/unit/risk/test_rm_dependencies.py::TestRiskManagerDependencyFailures::test_size_opportunity_bad_total_capital[bad_capital1]
FAILED tests/unit/risk/test_rm_dependencies.py::TestRiskManagerDependencyFailures::test_size_opportunity_circuit_breaker_tripped[global]
FAILED tests/unit/risk/test_rm_dependencies.py::TestRiskManagerDependencyFailures::test_size_opportunity_circuit_breaker_tripped[long_exchange]
FAILED tests/unit/risk/test_rm_dependencies.py::TestRiskManagerDependencyFailures::test_size_opportunity_circuit_breaker_tripped[short_exchange]
FAILED tests/unit/utils/test_parsing.py::TestParseDatetimeUTC::test_invalid_type
FAILED tests/unit/utils/test_parsing.py::TestParseDatetimeUTC::test_invalid_string
FAILED tests/unit/utils/test_parsing.py::TestParseDatetimeUTC::test_error_context_includes_field
FAILED tests/unit/utils/test_parsing.py::TestParseDatetimeUTC::test_non_leap_year_feb_29
FAILED tests/unit/utils/test_parsing.py::TestParseDatetimeUTC::test_unreadable_date_string
FAILED tests/unit/utils/test_parsing.py::TestParseDatetimeUTC::test_datetime_empty_string
FAILED tests/unit/utils/test_secure_transformation_security.py::TestSecureTransformSecurity::test_negative_value_attack_prevention
FAILED tests/unit/utils/test_secure_transformation_security.py::TestSecureTransformSecurity::test_validation_bypass_prevention
FAILED tests/unit/utils/test_secure_transformation_security.py::TestSecureTransformSecurity::test_type_coercion_attacks
FAILED tests/unit/utils/test_secure_transformation_security.py::TestSecureTransformSecurity::test_constraint_validation_enforcement
FAILED tests/unit/utils/test_secure_transformation_security.py::TestSecureTransformSecurity::test_string_length_attacks
FAILED tests/unit/utils/test_secure_transformation_security.py::TestSecureTransformSecurity::test_security_logging
FAILED tests/unit/utils/test_secure_transformation_security.py::TestSecureTransformSecurity::test_concurrent_transformation_safety
FAILED tests/unit/utils/test_secure_transformation_security.py::TestSecureTransformSecurity::test_error_message_safety
====== 85 failed, 3424 passed, 1 skipped, 2 warnings in 137.24s (0:02:17) ======
